[ +247 ms] Artifact Instance of 'MaterialFonts' is not required, skipping update.
[   +4 ms] Artifact Instance of 'GradleWrapper' is not required, skipping update.
[        ] Artifact Instance of 'AndroidGenSnapshotArtifacts' is not required, skipping update.
[        ] Artifact Instance of 'AndroidInternalBuildArtifacts' is not required, skipping update.
[        ] Artifact Instance of 'IOSEngineArtifacts' is not required, skipping update.
[        ] Artifact Instance of 'FlutterWebSdk' is not required, skipping update.
[   +1 ms] Artifact Instance of 'LegacyCanvasKitRemover' is not required, skipping update.
[        ] Artifact Instance of 'FlutterSdk' is not required, skipping update.
[        ] Artifact Instance of 'WindowsEngineArtifacts' is not required, skipping update.
[        ] Artifact Instance of 'MacOSEngineArtifacts' is not required, skipping update.
[        ] Artifact Instance of 'LinuxEngineArtifacts' is not required, skipping update.
[        ] Artifact Instance of 'LinuxFuchsiaSDKArtifacts' is not required, skipping update.
[        ] Artifact Instance of 'MacOSFuchsiaSDKArtifacts' is not required, skipping update.
[        ] Artifact Instance of 'FlutterRunnerSDKArtifacts' is not required, skipping update.
[        ] Artifact Instance of 'FlutterRunnerDebugSymbols' is not required, skipping update.
[        ] Artifact Instance of 'IosUsbArtifacts' is not required, skipping update.
[        ] Artifact Instance of 'IosUsbArtifacts' is not required, skipping update.
[        ] Artifact Instance of 'IosUsbArtifacts' is not required, skipping update.
[        ] Artifact Instance of 'IosUsbArtifacts' is not required, skipping update.
[        ] Artifact Instance of 'IosUsbArtifacts' is not required, skipping update.
[        ] Artifact Instance of 'IosUsbArtifacts' is not required, skipping update.
[        ] Artifact Instance of 'FontSubsetArtifacts' is not required, skipping update.
[        ] Artifact Instance of 'PubDependencies' is not required, skipping update.
[   +1 ms] executing: [C:\Users\bhavy\develop\flutter/] git -c log.showSignature=false log HEAD -n 1 --pretty=format:%ad --date=iso
[  +89 ms] Exit code 0 from: git -c log.showSignature=false log HEAD -n 1 --pretty=format:%ad --date=iso
[        ] 2026-02-18 13:54:59 -0800
[  +21 ms] Artifact Instance of 'AndroidGenSnapshotArtifacts' is not required, skipping update.
[        ] Artifact Instance of 'AndroidInternalBuildArtifacts' is not required, skipping update.
[        ] Artifact Instance of 'IOSEngineArtifacts' is not required, skipping update.
[        ] Artifact Instance of 'FlutterWebSdk' is not required, skipping update.
[        ] Artifact Instance of 'FlutterEngineStamp' is not required, skipping update.
[        ] Artifact Instance of 'LegacyCanvasKitRemover' is not required, skipping update.
[   +2 ms] Artifact Instance of 'WindowsEngineArtifacts' is not required, skipping update.
[        ] Artifact Instance of 'MacOSEngineArtifacts' is not required, skipping update.
[        ] Artifact Instance of 'LinuxEngineArtifacts' is not required, skipping update.
[        ] Artifact Instance of 'LinuxFuchsiaSDKArtifacts' is not required, skipping update.
[        ] Artifact Instance of 'MacOSFuchsiaSDKArtifacts' is not required, skipping update.
[        ] Artifact Instance of 'FlutterRunnerSDKArtifacts' is not required, skipping update.
[        ] Artifact Instance of 'FlutterRunnerDebugSymbols' is not required, skipping update.
[  +64 ms] Artifact Instance of 'MaterialFonts' is not required, skipping update.
[        ] Artifact Instance of 'GradleWrapper' is not required, skipping update.
[   +2 ms] Artifact Instance of 'AndroidInternalBuildArtifacts' is not required, skipping update.
[        ] Artifact Instance of 'IOSEngineArtifacts' is not required, skipping update.
[        ] Artifact Instance of 'FlutterWebSdk' is not required, skipping update.
[        ] Artifact Instance of 'FlutterEngineStamp' is not required, skipping update.
[        ] Artifact Instance of 'LegacyCanvasKitRemover' is not required, skipping update.
[        ] Artifact Instance of 'FlutterSdk' is not required, skipping update.
[        ] Artifact Instance of 'WindowsEngineArtifacts' is not required, skipping update.
[        ] Artifact Instance of 'MacOSEngineArtifacts' is not required, skipping update.
[        ] Artifact Instance of 'LinuxEngineArtifacts' is not required, skipping update.
[        ] Artifact Instance of 'LinuxFuchsiaSDKArtifacts' is not required, skipping update.
[        ] Artifact Instance of 'MacOSFuchsiaSDKArtifacts' is not required, skipping update.
[        ] Artifact Instance of 'FlutterRunnerSDKArtifacts' is not required, skipping update.
[        ] Artifact Instance of 'FlutterRunnerDebugSymbols' is not required, skipping update.
[        ] Artifact Instance of 'IosUsbArtifacts' is not required, skipping update.
[        ] Artifact Instance of 'IosUsbArtifacts' is not required, skipping update.
[        ] Artifact Instance of 'IosUsbArtifacts' is not required, skipping update.
[        ] Artifact Instance of 'IosUsbArtifacts' is not required, skipping update.
[        ] Artifact Instance of 'IosUsbArtifacts' is not required, skipping update.
[        ] Artifact Instance of 'IosUsbArtifacts' is not required, skipping update.
[        ] Artifact Instance of 'FontSubsetArtifacts' is not required, skipping update.
[        ] Artifact Instance of 'PubDependencies' is not required, skipping update.
[ +113 ms] Skipping pub get: version match.
[ +114 ms] Found plugin url_launcher at C:\Users\bhavy\AppData\Local\Pub\Cache\hosted\pub.dev\url_launcher-6.3.2\
[   +7 ms] Found plugin url_launcher_windows at C:\Users\bhavy\AppData\Local\Pub\Cache\hosted\pub.dev\url_launcher_windows-3.1.5\
[   +9 ms] Found plugin url_launcher_web at C:\Users\bhavy\AppData\Local\Pub\Cache\hosted\pub.dev\url_launcher_web-2.4.2\
[   +7 ms] Found plugin url_launcher_macos at C:\Users\bhavy\AppData\Local\Pub\Cache\hosted\pub.dev\url_launcher_macos-3.2.5\
[   +4 ms] Found plugin url_launcher_linux at C:\Users\bhavy\AppData\Local\Pub\Cache\hosted\pub.dev\url_launcher_linux-3.2.2\
[   +3 ms] Found plugin url_launcher_ios at C:\Users\bhavy\AppData\Local\Pub\Cache\hosted\pub.dev\url_launcher_ios-6.3.6\
[   +3 ms] Found plugin url_launcher_android at C:\Users\bhavy\AppData\Local\Pub\Cache\hosted\pub.dev\url_launcher_android-6.3.28\
[  +10 ms] Found plugin shared_preferences at C:\Users\bhavy\AppData\Local\Pub\Cache\hosted\pub.dev\shared_preferences-2.5.4\
[   +4 ms] Found plugin shared_preferences_windows at C:\Users\bhavy\AppData\Local\Pub\Cache\hosted\pub.dev\shared_preferences_windows-2.4.1\
[   +4 ms] Found plugin path_provider_windows at C:\Users\bhavy\AppData\Local\Pub\Cache\hosted\pub.dev\path_provider_windows-2.3.0\
[  +17 ms] Found plugin shared_preferences_web at C:\Users\bhavy\AppData\Local\Pub\Cache\hosted\pub.dev\shared_preferences_web-2.4.3\
[   +2 ms] Found plugin shared_preferences_linux at C:\Users\bhavy\AppData\Local\Pub\Cache\hosted\pub.dev\shared_preferences_linux-2.4.1\
[   +3 ms] Found plugin path_provider_linux at C:\Users\bhavy\AppData\Local\Pub\Cache\hosted\pub.dev\path_provider_linux-2.2.1\
[   +4 ms] Found plugin shared_preferences_foundation at C:\Users\bhavy\AppData\Local\Pub\Cache\hosted\pub.dev\shared_preferences_foundation-2.5.6\
[   +2 ms] Found plugin shared_preferences_android at C:\Users\bhavy\AppData\Local\Pub\Cache\hosted\pub.dev\shared_preferences_android-2.4.20\
[  +22 ms] Found plugin google_sign_in at C:\Users\bhavy\AppData\Local\Pub\Cache\hosted\pub.dev\google_sign_in-6.3.0\
[   +2 ms] Found plugin google_sign_in_web at C:\Users\bhavy\AppData\Local\Pub\Cache\hosted\pub.dev\google_sign_in_web-0.12.4+4\
[   +6 ms] Found plugin google_sign_in_ios at C:\Users\bhavy\AppData\Local\Pub\Cache\hosted\pub.dev\google_sign_in_ios-5.9.0\
[   +2 ms] Found plugin google_sign_in_android at C:\Users\bhavy\AppData\Local\Pub\Cache\hosted\pub.dev\google_sign_in_android-6.2.1\
[   +4 ms] Found plugin path_provider at C:\Users\bhavy\AppData\Local\Pub\Cache\hosted\pub.dev\path_provider-2.1.5\
[   +2 ms] Found plugin path_provider_foundation at C:\Users\bhavy\AppData\Local\Pub\Cache\hosted\pub.dev\path_provider_foundation-2.6.0\
[  +19 ms] Found plugin path_provider_android at C:\Users\bhavy\AppData\Local\Pub\Cache\hosted\pub.dev\path_provider_android-2.2.22\
[   +7 ms] Found plugin flutter_tts at C:\Users\bhavy\AppData\Local\Pub\Cache\hosted\pub.dev\flutter_tts-4.2.5\
[   +4 ms] Found plugin flutter_local_notifications at C:\Users\bhavy\AppData\Local\Pub\Cache\hosted\pub.dev\flutter_local_notifications-17.2.4\
[   +3 ms] Found plugin flutter_local_notifications_linux at C:\Users\bhavy\AppData\Local\Pub\Cache\hosted\pub.dev\flutter_local_notifications_linux-4.0.1\
[  +25 ms] Found plugin twitter_login at C:\Users\bhavy\AppData\Local\Pub\Cache\hosted\pub.dev\twitter_login-4.4.2\
[  +20 ms] Found plugin firebase_core at C:\Users\bhavy\AppData\Local\Pub\Cache\hosted\pub.dev\firebase_core-4.6.0\
[   +2 ms] Found plugin firebase_core_web at C:\Users\bhavy\AppData\Local\Pub\Cache\hosted\pub.dev\firebase_core_web-3.5.1\
[   +4 ms] Found plugin firebase_auth at C:\Users\bhavy\AppData\Local\Pub\Cache\hosted\pub.dev\firebase_auth-6.1.4\
[   +2 ms] Found plugin firebase_auth_web at C:\Users\bhavy\AppData\Local\Pub\Cache\hosted\pub.dev\firebase_auth_web-6.1.2\
[   +6 ms] Found plugin app_links at C:\Users\bhavy\AppData\Local\Pub\Cache\hosted\pub.dev\app_links-6.4.1\
[   +2 ms] Found plugin app_links_web at C:\Users\bhavy\AppData\Local\Pub\Cache\hosted\pub.dev\app_links_web-1.0.4\
[   +3 ms] Found plugin app_links_linux at C:\Users\bhavy\AppData\Local\Pub\Cache\hosted\pub.dev\app_links_linux-1.0.3\
[   +2 ms] Found plugin gtk at C:\Users\bhavy\AppData\Local\Pub\Cache\hosted\pub.dev\gtk-2.1.0\
[   +1 ms] Found plugin desktop_webview_auth at C:\Users\bhavy\AppData\Local\Pub\Cache\hosted\pub.dev\desktop_webview_auth-0.0.16\
[   +2 ms] Found plugin firebase_messaging at C:\Users\bhavy\AppData\Local\Pub\Cache\hosted\pub.dev\firebase_messaging-16.1.3\
[   +2 ms] Found plugin firebase_messaging_web at C:\Users\bhavy\AppData\Local\Pub\Cache\hosted\pub.dev\firebase_messaging_web-4.1.4\
[   +5 ms] Found plugin cloud_firestore at C:\Users\bhavy\AppData\Local\Pub\Cache\hosted\pub.dev\cloud_firestore-6.1.2\
[   +2 ms] Found plugin cloud_firestore_web at C:\Users\bhavy\AppData\Local\Pub\Cache\hosted\pub.dev\cloud_firestore_web-5.1.2\
[  +85 ms] Found plugin url_launcher at C:\Users\bhavy\AppData\Local\Pub\Cache\hosted\pub.dev\url_launcher-6.3.2\
[   +2 ms] Found plugin url_launcher_windows at C:\Users\bhavy\AppData\Local\Pub\Cache\hosted\pub.dev\url_launcher_windows-3.1.5\
[   +4 ms] Found plugin url_launcher_web at C:\Users\bhavy\AppData\Local\Pub\Cache\hosted\pub.dev\url_launcher_web-2.4.2\
[   +4 ms] Found plugin url_launcher_macos at C:\Users\bhavy\AppData\Local\Pub\Cache\hosted\pub.dev\url_launcher_macos-3.2.5\
[   +1 ms] Found plugin url_launcher_linux at C:\Users\bhavy\AppData\Local\Pub\Cache\hosted\pub.dev\url_launcher_linux-3.2.2\
[   +1 ms] Found plugin url_launcher_ios at C:\Users\bhavy\AppData\Local\Pub\Cache\hosted\pub.dev\url_launcher_ios-6.3.6\
[   +1 ms] Found plugin url_launcher_android at C:\Users\bhavy\AppData\Local\Pub\Cache\hosted\pub.dev\url_launcher_android-6.3.28\
[   +6 ms] Found plugin shared_preferences at C:\Users\bhavy\AppData\Local\Pub\Cache\hosted\pub.dev\shared_preferences-2.5.4\
[   +1 ms] Found plugin shared_preferences_windows at C:\Users\bhavy\AppData\Local\Pub\Cache\hosted\pub.dev\shared_preferences_windows-2.4.1\
[   +2 ms] Found plugin path_provider_windows at C:\Users\bhavy\AppData\Local\Pub\Cache\hosted\pub.dev\path_provider_windows-2.3.0\
[   +7 ms] Found plugin shared_preferences_web at C:\Users\bhavy\AppData\Local\Pub\Cache\hosted\pub.dev\shared_preferences_web-2.4.3\
[   +2 ms] Found plugin shared_preferences_linux at C:\Users\bhavy\AppData\Local\Pub\Cache\hosted\pub.dev\shared_preferences_linux-2.4.1\
[   +1 ms] Found plugin path_provider_linux at C:\Users\bhavy\AppData\Local\Pub\Cache\hosted\pub.dev\path_provider_linux-2.2.1\
[   +2 ms] Found plugin shared_preferences_foundation at C:\Users\bhavy\AppData\Local\Pub\Cache\hosted\pub.dev\shared_preferences_foundation-2.5.6\
[   +1 ms] Found plugin shared_preferences_android at C:\Users\bhavy\AppData\Local\Pub\Cache\hosted\pub.dev\shared_preferences_android-2.4.20\
[  +12 ms] Found plugin google_sign_in at C:\Users\bhavy\AppData\Local\Pub\Cache\hosted\pub.dev\google_sign_in-6.3.0\
[   +1 ms] Found plugin google_sign_in_web at C:\Users\bhavy\AppData\Local\Pub\Cache\hosted\pub.dev\google_sign_in_web-0.12.4+4\
[   +4 ms] Found plugin google_sign_in_ios at C:\Users\bhavy\AppData\Local\Pub\Cache\hosted\pub.dev\google_sign_in_ios-5.9.0\
[   +1 ms] Found plugin google_sign_in_android at C:\Users\bhavy\AppData\Local\Pub\Cache\hosted\pub.dev\google_sign_in_android-6.2.1\
[   +3 ms] Found plugin path_provider at C:\Users\bhavy\AppData\Local\Pub\Cache\hosted\pub.dev\path_provider-2.1.5\
[   +1 ms] Found plugin path_provider_foundation at C:\Users\bhavy\AppData\Local\Pub\Cache\hosted\pub.dev\path_provider_foundation-2.6.0\
[  +13 ms] Found plugin path_provider_android at C:\Users\bhavy\AppData\Local\Pub\Cache\hosted\pub.dev\path_provider_android-2.2.22\
[   +6 ms] Found plugin flutter_tts at C:\Users\bhavy\AppData\Local\Pub\Cache\hosted\pub.dev\flutter_tts-4.2.5\
[   +3 ms] Found plugin flutter_local_notifications at C:\Users\bhavy\AppData\Local\Pub\Cache\hosted\pub.dev\flutter_local_notifications-17.2.4\
[   +3 ms] Found plugin flutter_local_notifications_linux at C:\Users\bhavy\AppData\Local\Pub\Cache\hosted\pub.dev\flutter_local_notifications_linux-4.0.1\
[  +18 ms] Found plugin twitter_login at C:\Users\bhavy\AppData\Local\Pub\Cache\hosted\pub.dev\twitter_login-4.4.2\
[  +17 ms] Found plugin firebase_core at C:\Users\bhavy\AppData\Local\Pub\Cache\hosted\pub.dev\firebase_core-4.6.0\
[   +2 ms] Found plugin firebase_core_web at C:\Users\bhavy\AppData\Local\Pub\Cache\hosted\pub.dev\firebase_core_web-3.5.1\
[   +3 ms] Found plugin firebase_auth at C:\Users\bhavy\AppData\Local\Pub\Cache\hosted\pub.dev\firebase_auth-6.1.4\
[   +1 ms] Found plugin firebase_auth_web at C:\Users\bhavy\AppData\Local\Pub\Cache\hosted\pub.dev\firebase_auth_web-6.1.2\
[   +6 ms] Found plugin app_links at C:\Users\bhavy\AppData\Local\Pub\Cache\hosted\pub.dev\app_links-6.4.1\
[   +1 ms] Found plugin app_links_web at C:\Users\bhavy\AppData\Local\Pub\Cache\hosted\pub.dev\app_links_web-1.0.4\
[   +2 ms] Found plugin app_links_linux at C:\Users\bhavy\AppData\Local\Pub\Cache\hosted\pub.dev\app_links_linux-1.0.3\
[   +1 ms] Found plugin gtk at C:\Users\bhavy\AppData\Local\Pub\Cache\hosted\pub.dev\gtk-2.1.0\
[   +1 ms] Found plugin desktop_webview_auth at C:\Users\bhavy\AppData\Local\Pub\Cache\hosted\pub.dev\desktop_webview_auth-0.0.16\
[   +2 ms] Found plugin firebase_messaging at C:\Users\bhavy\AppData\Local\Pub\Cache\hosted\pub.dev\firebase_messaging-16.1.3\
[   +1 ms] Found plugin firebase_messaging_web at C:\Users\bhavy\AppData\Local\Pub\Cache\hosted\pub.dev\firebase_messaging_web-4.1.4\
[   +4 ms] Found plugin cloud_firestore at C:\Users\bhavy\AppData\Local\Pub\Cache\hosted\pub.dev\cloud_firestore-6.1.2\
[   +2 ms] Found plugin cloud_firestore_web at C:\Users\bhavy\AppData\Local\Pub\Cache\hosted\pub.dev\cloud_firestore_web-5.1.2\
[  +22 ms] Skipping generating web_plugin_registrant.dart because it is up-to-date.
[  +44 ms] Found plugin url_launcher at C:\Users\bhavy\AppData\Local\Pub\Cache\hosted\pub.dev\url_launcher-6.3.2\
[   +1 ms] Found plugin url_launcher_windows at C:\Users\bhavy\AppData\Local\Pub\Cache\hosted\pub.dev\url_launcher_windows-3.1.5\
[   +3 ms] Found plugin url_launcher_web at C:\Users\bhavy\AppData\Local\Pub\Cache\hosted\pub.dev\url_launcher_web-2.4.2\
[   +3 ms] Found plugin url_launcher_macos at C:\Users\bhavy\AppData\Local\Pub\Cache\hosted\pub.dev\url_launcher_macos-3.2.5\
[   +1 ms] Found plugin url_launcher_linux at C:\Users\bhavy\AppData\Local\Pub\Cache\hosted\pub.dev\url_launcher_linux-3.2.2\
[   +1 ms] Found plugin url_launcher_ios at C:\Users\bhavy\AppData\Local\Pub\Cache\hosted\pub.dev\url_launcher_ios-6.3.6\
[   +1 ms] Found plugin url_launcher_android at C:\Users\bhavy\AppData\Local\Pub\Cache\hosted\pub.dev\url_launcher_android-6.3.28\
[   +5 ms] Found plugin shared_preferences at C:\Users\bhavy\AppData\Local\Pub\Cache\hosted\pub.dev\shared_preferences-2.5.4\
[   +1 ms] Found plugin shared_preferences_windows at C:\Users\bhavy\AppData\Local\Pub\Cache\hosted\pub.dev\shared_preferences_windows-2.4.1\
[   +2 ms] Found plugin path_provider_windows at C:\Users\bhavy\AppData\Local\Pub\Cache\hosted\pub.dev\path_provider_windows-2.3.0\
[   +6 ms] Found plugin shared_preferences_web at C:\Users\bhavy\AppData\Local\Pub\Cache\hosted\pub.dev\shared_preferences_web-2.4.3\
[   +1 ms] Found plugin shared_preferences_linux at C:\Users\bhavy\AppData\Local\Pub\Cache\hosted\pub.dev\shared_preferences_linux-2.4.1\
[   +1 ms] Found plugin path_provider_linux at C:\Users\bhavy\AppData\Local\Pub\Cache\hosted\pub.dev\path_provider_linux-2.2.1\
[   +2 ms] Found plugin shared_preferences_foundation at C:\Users\bhavy\AppData\Local\Pub\Cache\hosted\pub.dev\shared_preferences_foundation-2.5.6\
[   +1 ms] Found plugin shared_preferences_android at C:\Users\bhavy\AppData\Local\Pub\Cache\hosted\pub.dev\shared_preferences_android-2.4.20\
[  +12 ms] Found plugin google_sign_in at C:\Users\bhavy\AppData\Local\Pub\Cache\hosted\pub.dev\google_sign_in-6.3.0\
[   +2 ms] Found plugin google_sign_in_web at C:\Users\bhavy\AppData\Local\Pub\Cache\hosted\pub.dev\google_sign_in_web-0.12.4+4\
[   +3 ms] Found plugin google_sign_in_ios at C:\Users\bhavy\AppData\Local\Pub\Cache\hosted\pub.dev\google_sign_in_ios-5.9.0\
[   +1 ms] Found plugin google_sign_in_android at C:\Users\bhavy\AppData\Local\Pub\Cache\hosted\pub.dev\google_sign_in_android-6.2.1\
[   +3 ms] Found plugin path_provider at C:\Users\bhavy\AppData\Local\Pub\Cache\hosted\pub.dev\path_provider-2.1.5\
[   +1 ms] Found plugin path_provider_foundation at C:\Users\bhavy\AppData\Local\Pub\Cache\hosted\pub.dev\path_provider_foundation-2.6.0\
[  +13 ms] Found plugin path_provider_android at C:\Users\bhavy\AppData\Local\Pub\Cache\hosted\pub.dev\path_provider_android-2.2.22\
[   +6 ms] Found plugin flutter_tts at C:\Users\bhavy\AppData\Local\Pub\Cache\hosted\pub.dev\flutter_tts-4.2.5\
[   +2 ms] Found plugin flutter_local_notifications at C:\Users\bhavy\AppData\Local\Pub\Cache\hosted\pub.dev\flutter_local_notifications-17.2.4\
[   +2 ms] Found plugin flutter_local_notifications_linux at C:\Users\bhavy\AppData\Local\Pub\Cache\hosted\pub.dev\flutter_local_notifications_linux-4.0.1\
[  +17 ms] Found plugin twitter_login at C:\Users\bhavy\AppData\Local\Pub\Cache\hosted\pub.dev\twitter_login-4.4.2\
[  +15 ms] Found plugin firebase_core at C:\Users\bhavy\AppData\Local\Pub\Cache\hosted\pub.dev\firebase_core-4.6.0\
[   +1 ms] Found plugin firebase_core_web at C:\Users\bhavy\AppData\Local\Pub\Cache\hosted\pub.dev\firebase_core_web-3.5.1\
[   +3 ms] Found plugin firebase_auth at C:\Users\bhavy\AppData\Local\Pub\Cache\hosted\pub.dev\firebase_auth-6.1.4\
[   +1 ms] Found plugin firebase_auth_web at C:\Users\bhavy\AppData\Local\Pub\Cache\hosted\pub.dev\firebase_auth_web-6.1.2\
[   +5 ms] Found plugin app_links at C:\Users\bhavy\AppData\Local\Pub\Cache\hosted\pub.dev\app_links-6.4.1\
[   +1 ms] Found plugin app_links_web at C:\Users\bhavy\AppData\Local\Pub\Cache\hosted\pub.dev\app_links_web-1.0.4\
[   +2 ms] Found plugin app_links_linux at C:\Users\bhavy\AppData\Local\Pub\Cache\hosted\pub.dev\app_links_linux-1.0.3\
[   +1 ms] Found plugin gtk at C:\Users\bhavy\AppData\Local\Pub\Cache\hosted\pub.dev\gtk-2.1.0\
[   +1 ms] Found plugin desktop_webview_auth at C:\Users\bhavy\AppData\Local\Pub\Cache\hosted\pub.dev\desktop_webview_auth-0.0.16\
[   +1 ms] Found plugin firebase_messaging at C:\Users\bhavy\AppData\Local\Pub\Cache\hosted\pub.dev\firebase_messaging-16.1.3\
[   +1 ms] Found plugin firebase_messaging_web at C:\Users\bhavy\AppData\Local\Pub\Cache\hosted\pub.dev\firebase_messaging_web-4.1.4\
[   +4 ms] Found plugin cloud_firestore at C:\Users\bhavy\AppData\Local\Pub\Cache\hosted\pub.dev\cloud_firestore-6.1.2\
[   +1 ms] Found plugin cloud_firestore_web at C:\Users\bhavy\AppData\Local\Pub\Cache\hosted\pub.dev\cloud_firestore_web-5.1.2\
[  +15 ms] Generating D:\Projects\govunity_connect3-master\android\app\src\main\java\io\flutter\plugins\GeneratedPluginRegistrant.java
[   +2 ms] Skipping generating GeneratedPluginRegistrant.java because it is up-to-date.
[   +8 ms] Skipping generating generated_plugin_registrant.h because it is up-to-date.
[   +1 ms] Skipping generating generated_plugin_registrant.cc because it is up-to-date.
[   +2 ms] Skipping generating generated_plugins.cmake because it is up-to-date.
[   +3 ms] Skipping generating generated_plugin_registrant.h because it is up-to-date.
[   +2 ms] Skipping generating generated_plugin_registrant.cc because it is up-to-date.
[   +2 ms] Skipping generating generated_plugins.cmake because it is up-to-date.
[   +3 ms] Skipping generating GeneratedPluginRegistrant.h because it is up-to-date.
[   +1 ms] Skipping generating GeneratedPluginRegistrant.m because it is up-to-date.
[   +2 ms] Skipping generating GeneratedPluginRegistrant.swift because it is up-to-date.
[ +167 ms] executing: C:\Program Files\Android\Android Studio\jbr\bin\java -version
[ +165 ms] Exit code 0 from: C:\Program Files\Android\Android Studio\jbr\bin\java -version
[        ] openjdk version "21.0.9" 2025-10-21
           OpenJDK Runtime Environment (build 21.0.9+-14649483-b1163.86)
           OpenJDK 64-Bit Server VM (build 21.0.9+-14649483-b1163.86, mixed mode)
[  +15 ms] executing: C:\Program Files\Android\Android Studio\jbr\bin\java --version
[ +159 ms] Exit code 0 from: C:\Program Files\Android\Android Studio\jbr\bin\java --version
[        ] openjdk 21.0.9 2025-10-21
           OpenJDK Runtime Environment (build 21.0.9+-14649483-b1163.86)
           OpenJDK 64-Bit Server VM (build 21.0.9+-14649483-b1163.86, mixed mode)
[   +2 ms] Version of Java is different than impacted version, no migration attempted.
[  +35 ms] CMake project not found, skipping support Android 15 16k page size migration.
[   +5 ms] Using gradle from D:\Projects\govunity_connect3-master\android\gradlew.bat.
[  +14 ms] LocalFile: 'D:\Projects\govunity_connect3-master\android\build.gradle' provides AGP version from classpath: 8.9.1
[  +27 ms] Running Gradle task 'assembleDebug'...
[   +1 ms] executing: [D:\Projects\govunity_connect3-master\android/] D:\Projects\govunity_connect3-master\android\gradlew.bat --full-stacktrace --info -Pverbose=true -Ptarget-platform=android-arm,android-arm64,android-x64 -Ptarget=lib\main.dart -Pbase-application-name=android.app.Application -Pdart-defines=RkxVVFRFUl9WRVJTSU9OPTMuNDEuMg==,RkxVVFRFUl9DSEFOTkVMPXN0YWJsZQ==,RkxVVFRFUl9HSVRfVVJMPWh0dHBzOi8vZ2l0aHViLmNvbS9mbHV0dGVyL2ZsdXR0ZXIuZ2l0,RkxVVFRFUl9GUkFNRVdPUktfUkVWSVNJT049OTA2NzNhNGVlZg==,RkxVVFRFUl9FTkdJTkVfUkVWSVNJT049NmMwYmFhZWJmNw==,RkxVVFRFUl9EQVJUX1ZFUlNJT049My4xMS4w -Pdart-obfuscation=false -Ptrack-widget-creation=true -Ptree-shake-icons=false assembleDebug
[+1164 ms] Initialized native services in: C:\Users\bhavy\.gradle\native
[   +1 ms] Initialized jansi services in: C:\Users\bhavy\.gradle\native
[ +411 ms] Found daemon DaemonInfo{pid=11060, address=[1a083bf2-20dc-43b4-a34c-06d35396b274 port:49687, addresses:[/127.0.0.1]], state=Idle, lastBusy=1771439448316, context=DefaultDaemonContext[uid=fab73662-feea-4163-af15-b8f216dcedbd,javaHome=C:\Program Files\Android\Android Studio\jbr,javaVersion=21,javaVendor=JetBrains s.r.o.,daemonRegistryDir=C:\Users\bhavy\.gradle\daemon,pid=11060,idleTimeout=10800000,priority=NORMAL,applyInstrumentationAgent=true,nativeServicesMode=ENABLED,daemonOpts=-XX:MaxMetaspaceSize=4G,-XX:ReservedCodeCacheSize=512m,-XX:+HeapDumpOnOutOfMemoryError,-Xmx8G,-Dfile.encoding=UTF-8,-Duser.country=IN,-Duser.language=en,-Duser.variant]} however its context does not match the desired criteria.
[        ] At least one daemon option is different.
[        ] Wanted: DaemonRequestContext{jvmCriteria=C:\Program Files\Android\Android Studio\jbr (from org.gradle.java.home), daemonOpts=[-XX:MaxMetaspaceSize=512m, -Xmx4g, -Dfile.encoding=UTF-8, -Duser.country=IN, -Duser.language=en, -Duser.variant], applyInstrumentationAgent=true, nativeServicesMode=ENABLED, priority=NORMAL}
[        ] Actual: DefaultDaemonContext[uid=fab73662-feea-4163-af15-b8f216dcedbd,javaHome=C:\Program Files\Android\Android Studio\jbr,javaVersion=21,javaVendor=JetBrains s.r.o.,daemonRegistryDir=C:\Users\bhavy\.gradle\daemon,pid=11060,idleTimeout=10800000,priority=NORMAL,applyInstrumentationAgent=true,nativeServicesMode=ENABLED,daemonOpts=-XX:MaxMetaspaceSize=4G,-XX:ReservedCodeCacheSize=512m,-XX:+HeapDumpOnOutOfMemoryError,-Xmx8G,-Dfile.encoding=UTF-8,-Duser.country=IN,-Duser.language=en,-Duser.variant]
[        ]   Looking for a different daemon...
[        ] Found daemon DaemonInfo{pid=4292, address=[2d372dc6-865f-4ca7-9f0e-0de888780fde port:60759, addresses:[/127.0.0.1]], state=Idle, lastBusy=1772869884569, context=DefaultDaemonContext[uid=a61ac247-19d8-4858-bb3e-49e5dc370323,javaHome=C:\Program Files\Java\jdk-25.0.2,javaVersion=25,javaVendor=Oracle Corporation,daemonRegistryDir=C:\Users\bhavy\.gradle\daemon,pid=4292,idleTimeout=10800000,priority=NORMAL,applyInstrumentationAgent=true,nativeServicesMode=ENABLED,daemonOpts=-XX:MaxMetaspaceSize=512m,-Xmx4g,-Dfile.encoding=UTF-8,-Duser.country=IN,-Duser.language=en,-Duser.variant]} however its context does not match the desired criteria.
[        ] JVM is incompatible.
[        ] Wanted: DaemonRequestContext{jvmCriteria=C:\Program Files\Android\Android Studio\jbr (from org.gradle.java.home), daemonOpts=[-XX:MaxMetaspaceSize=512m, -Xmx4g, -Dfile.encoding=UTF-8, -Duser.country=IN, -Duser.language=en, -Duser.variant], applyInstrumentationAgent=true, nativeServicesMode=ENABLED, priority=NORMAL}
[        ] Actual: DefaultDaemonContext[uid=a61ac247-19d8-4858-bb3e-49e5dc370323,javaHome=C:\Program Files\Java\jdk-25.0.2,javaVersion=25,javaVendor=Oracle Corporation,daemonRegistryDir=C:\Users\bhavy\.gradle\daemon,pid=4292,idleTimeout=10800000,priority=NORMAL,applyInstrumentationAgent=true,nativeServicesMode=ENABLED,daemonOpts=-XX:MaxMetaspaceSize=512m,-Xmx4g,-Dfile.encoding=UTF-8,-Duser.country=IN,-Duser.language=en,-Duser.variant]
[        ]   Looking for a different daemon...
[ +106 ms] The client will now receive all logging from the daemon (pid: 22336). The daemon log file: C:\Users\bhavy\.gradle\daemon\8.11.1\daemon-22336.out.log
[        ] Starting 3rd build in daemon [uptime: 28 mins 15.161 secs, performance: 100%, GC rate: 0.00/s, heap usage: 0% of 4 GiB, non-heap usage: 34% of 512 MiB]
[        ] Using 16 worker leases.
[        ] Now considering [D:\Projects\govunity_connect3-master\android, C:\Users\bhavy\develop\flutter\packages\flutter_tools\gradle] as hierarchies to watch
[        ] Watching the file system is configured to be enabled if available
[        ] File system watching is active
[        ] Starting Build
[        ] Now considering [C:\Users\bhavy\develop\flutter\packages\flutter_tools\gradle, D:\Projects\govunity_connect3-master\android] as hierarchies to watch
[ +299 ms] > Configure project :gradle
[        ] Evaluating project ':gradle' using build file 'C:\Users\bhavy\develop\flutter\packages\flutter_tools\gradle\build.gradle.kts'.
[        ] Transforming gradle-kotlin-dsl-plugins-5.1.1.jar (org.gradle.kotlin:gradle-kotlin-dsl-plugins:5.1.1) with InstrumentationAnalysisTransform
[        ] Transforming kotlin-stdlib-2.0.20.jar (org.jetbrains.kotlin:kotlin-stdlib:2.0.20) with InstrumentationAnalysisTransform
[        ] Transforming annotations-13.0.jar (org.jetbrains:annotations:13.0) with InstrumentationAnalysisTransform
[        ] Transforming kotlin-sam-with-receiver-2.0.20-gradle85.jar (org.jetbrains.kotlin:kotlin-sam-with-receiver:2.0.20) with InstrumentationAnalysisTransform
[        ] Transforming kotlin-assignment-2.0.20-gradle85.jar (org.jetbrains.kotlin:kotlin-assignment:2.0.20) with InstrumentationAnalysisTransform
[        ] Transforming kotlin-gradle-plugin-model-2.0.20.jar (org.jetbrains.kotlin:kotlin-gradle-plugin-model:2.0.20) with InstrumentationAnalysisTransform
[        ] Transforming kotlin-gradle-plugin-api-2.0.20.jar (org.jetbrains.kotlin:kotlin-gradle-plugin-api:2.0.20) with InstrumentationAnalysisTransform
[        ] Transforming kotlin-gradle-plugin-api-2.0.20-gradle85.jar (org.jetbrains.kotlin:kotlin-gradle-plugin-api:2.0.20) with InstrumentationAnalysisTransform
[        ] Transforming kotlin-gradle-plugin-2.0.20-gradle85.jar (org.jetbrains.kotlin:kotlin-gradle-plugin:2.0.20) with InstrumentationAnalysisTransform
[        ] Transforming kotlin-gradle-plugin-idea-proto-2.0.20.jar (org.jetbrains.kotlin:kotlin-gradle-plugin-idea-proto:2.0.20) with InstrumentationAnalysisTransform
[        ] Transforming kotlin-gradle-plugin-idea-2.0.20.jar (org.jetbrains.kotlin:kotlin-gradle-plugin-idea:2.0.20) with InstrumentationAnalysisTransform
[        ] Transforming kotlin-klib-commonizer-api-2.0.20.jar (org.jetbrains.kotlin:kotlin-klib-commonizer-api:2.0.20) with InstrumentationAnalysisTransform
[        ] Transforming kotlin-build-statistics-2.0.20.jar (org.jetbrains.kotlin:kotlin-build-statistics:2.0.20) with InstrumentationAnalysisTransform
[        ] Transforming kotlin-build-tools-api-2.0.20.jar (org.jetbrains.kotlin:kotlin-build-tools-api:2.0.20) with InstrumentationAnalysisTransform
[        ] Transforming kotlin-compiler-runner-2.0.20.jar (org.jetbrains.kotlin:kotlin-compiler-runner:2.0.20) with InstrumentationAnalysisTransform
[        ] Transforming kotlin-native-utils-2.0.20.jar (org.jetbrains.kotlin:kotlin-native-utils:2.0.20) with InstrumentationAnalysisTransform
[        ] Transforming kotlin-util-klib-2.0.20.jar (org.jetbrains.kotlin:kotlin-util-klib:2.0.20) with InstrumentationAnalysisTransform
[        ] Transforming kotlin-compiler-embeddable-2.0.20.jar (org.jetbrains.kotlin:kotlin-compiler-embeddable:2.0.20) with InstrumentationAnalysisTransform
[        ] Transforming kotlin-gradle-plugin-annotations-2.0.20.jar (org.jetbrains.kotlin:kotlin-gradle-plugin-annotations:2.0.20) with InstrumentationAnalysisTransform
[        ] Transforming kotlin-tooling-core-2.0.20.jar (org.jetbrains.kotlin:kotlin-tooling-core:2.0.20) with InstrumentationAnalysisTransform
[        ] Transforming gson-2.8.9.jar (com.google.code.gson:gson:2.8.9) with InstrumentationAnalysisTransform
[        ] Transforming kotlin-daemon-client-2.0.20.jar (org.jetbrains.kotlin:kotlin-daemon-client:2.0.20) with InstrumentationAnalysisTransform
[        ] Transforming kotlinx-coroutines-core-jvm-1.6.4.jar (org.jetbrains.kotlinx:kotlinx-coroutines-core-jvm:1.6.4) with InstrumentationAnalysisTransform
[        ] Transforming kotlin-util-io-2.0.20.jar (org.jetbrains.kotlin:kotlin-util-io:2.0.20) with InstrumentationAnalysisTransform
[        ] Transforming kotlin-daemon-embeddable-2.0.20.jar (org.jetbrains.kotlin:kotlin-daemon-embeddable:2.0.20) with InstrumentationAnalysisTransform
[        ] Transforming trove4j-1.0.20200330.jar (org.jetbrains.intellij.deps:trove4j:1.0.20200330) with InstrumentationAnalysisTransform
[        ] Transforming gradle-kotlin-dsl-plugins-5.1.1.jar (org.gradle.kotlin:gradle-kotlin-dsl-plugins:5.1.1) with InstrumentationAnalysisTransform
[        ] Transforming gradle-kotlin-dsl-plugins-5.1.1.jar (org.gradle.kotlin:gradle-kotlin-dsl-plugins:5.1.1) with MergeInstrumentationAnalysisTransform
[        ] Transforming kotlin-stdlib-2.0.20.jar (org.jetbrains.kotlin:kotlin-stdlib:2.0.20) with InstrumentationAnalysisTransform
[        ] Transforming kotlin-stdlib-2.0.20.jar (org.jetbrains.kotlin:kotlin-stdlib:2.0.20) with MergeInstrumentationAnalysisTransform
[        ] Transforming annotations-13.0.jar (org.jetbrains:annotations:13.0) with InstrumentationAnalysisTransform
[        ] Transforming annotations-13.0.jar (org.jetbrains:annotations:13.0) with MergeInstrumentationAnalysisTransform
[        ] Transforming kotlin-sam-with-receiver-2.0.20-gradle85.jar (org.jetbrains.kotlin:kotlin-sam-with-receiver:2.0.20) with InstrumentationAnalysisTransform
[        ] Transforming gradle-kotlin-dsl-plugins-5.1.1.jar (org.gradle.kotlin:gradle-kotlin-dsl-plugins:5.1.1) with ExternalDependencyInstrumentingArtifactTransform
[        ] Transforming kotlin-stdlib-2.0.20.jar (org.jetbrains.kotlin:kotlin-stdlib:2.0.20) with ExternalDependencyInstrumentingArtifactTransform
[        ] Transforming kotlin-sam-with-receiver-2.0.20-gradle85.jar (org.jetbrains.kotlin:kotlin-sam-with-receiver:2.0.20) with MergeInstrumentationAnalysisTransform
[        ] Transforming kotlin-assignment-2.0.20-gradle85.jar (org.jetbrains.kotlin:kotlin-assignment:2.0.20) with InstrumentationAnalysisTransform
[        ] Transforming annotations-13.0.jar (org.jetbrains:annotations:13.0) with ExternalDependencyInstrumentingArtifactTransform
[        ] Transforming kotlin-assignment-2.0.20-gradle85.jar (org.jetbrains.kotlin:kotlin-assignment:2.0.20) with MergeInstrumentationAnalysisTransform
[        ] Transforming kotlin-sam-with-receiver-2.0.20-gradle85.jar (org.jetbrains.kotlin:kotlin-sam-with-receiver:2.0.20) with ExternalDependencyInstrumentingArtifactTransform
[        ] Transforming kotlin-gradle-plugin-model-2.0.20.jar (org.jetbrains.kotlin:kotlin-gradle-plugin-model:2.0.20) with InstrumentationAnalysisTransform
[        ] Transforming kotlin-gradle-plugin-model-2.0.20.jar (org.jetbrains.kotlin:kotlin-gradle-plugin-model:2.0.20) with MergeInstrumentationAnalysisTransform
[        ] Transforming kotlin-assignment-2.0.20-gradle85.jar (org.jetbrains.kotlin:kotlin-assignment:2.0.20) with ExternalDependencyInstrumentingArtifactTransform
[        ] Transforming kotlin-gradle-plugin-api-2.0.20.jar (org.jetbrains.kotlin:kotlin-gradle-plugin-api:2.0.20) with InstrumentationAnalysisTransform
[        ] Transforming kotlin-gradle-plugin-api-2.0.20.jar (org.jetbrains.kotlin:kotlin-gradle-plugin-api:2.0.20) with MergeInstrumentationAnalysisTransform
[        ] Transforming kotlin-gradle-plugin-model-2.0.20.jar (org.jetbrains.kotlin:kotlin-gradle-plugin-model:2.0.20) with ExternalDependencyInstrumentingArtifactTransform
[        ] Transforming kotlin-gradle-plugin-api-2.0.20-gradle85.jar (org.jetbrains.kotlin:kotlin-gradle-plugin-api:2.0.20) with InstrumentationAnalysisTransform
[        ] Transforming kotlin-gradle-plugin-api-2.0.20-gradle85.jar (org.jetbrains.kotlin:kotlin-gradle-plugin-api:2.0.20) with MergeInstrumentationAnalysisTransform
[        ] Transforming kotlin-gradle-plugin-api-2.0.20.jar (org.jetbrains.kotlin:kotlin-gradle-plugin-api:2.0.20) with ExternalDependencyInstrumentingArtifactTransform
[        ] Transforming kotlin-gradle-plugin-2.0.20-gradle85.jar (org.jetbrains.kotlin:kotlin-gradle-plugin:2.0.20) with InstrumentationAnalysisTransform
[        ] Transforming kotlin-gradle-plugin-2.0.20-gradle85.jar (org.jetbrains.kotlin:kotlin-gradle-plugin:2.0.20) with MergeInstrumentationAnalysisTransform
[        ] Transforming kotlin-gradle-plugin-api-2.0.20-gradle85.jar (org.jetbrains.kotlin:kotlin-gradle-plugin-api:2.0.20) with ExternalDependencyInstrumentingArtifactTransform
[        ] Transforming kotlin-gradle-plugin-idea-proto-2.0.20.jar (org.jetbrains.kotlin:kotlin-gradle-plugin-idea-proto:2.0.20) with InstrumentationAnalysisTransform
[        ] Transforming kotlin-gradle-plugin-2.0.20-gradle85.jar (org.jetbrains.kotlin:kotlin-gradle-plugin:2.0.20) with ExternalDependencyInstrumentingArtifactTransform
[        ] Transforming kotlin-gradle-plugin-idea-proto-2.0.20.jar (org.jetbrains.kotlin:kotlin-gradle-plugin-idea-proto:2.0.20) with MergeInstrumentationAnalysisTransform
[        ] Transforming kotlin-gradle-plugin-idea-2.0.20.jar (org.jetbrains.kotlin:kotlin-gradle-plugin-idea:2.0.20) with InstrumentationAnalysisTransform
[        ] Transforming kotlin-gradle-plugin-idea-2.0.20.jar (org.jetbrains.kotlin:kotlin-gradle-plugin-idea:2.0.20) with MergeInstrumentationAnalysisTransform
[        ] Transforming kotlin-gradle-plugin-idea-proto-2.0.20.jar (org.jetbrains.kotlin:kotlin-gradle-plugin-idea-proto:2.0.20) with ExternalDependencyInstrumentingArtifactTransform
[        ] Transforming kotlin-klib-commonizer-api-2.0.20.jar (org.jetbrains.kotlin:kotlin-klib-commonizer-api:2.0.20) with InstrumentationAnalysisTransform
[        ] Transforming kotlin-klib-commonizer-api-2.0.20.jar (org.jetbrains.kotlin:kotlin-klib-commonizer-api:2.0.20) with MergeInstrumentationAnalysisTransform
[        ] Transforming kotlin-gradle-plugin-idea-2.0.20.jar (org.jetbrains.kotlin:kotlin-gradle-plugin-idea:2.0.20) with ExternalDependencyInstrumentingArtifactTransform
[        ] Transforming kotlin-build-statistics-2.0.20.jar (org.jetbrains.kotlin:kotlin-build-statistics:2.0.20) with InstrumentationAnalysisTransform
[        ] Transforming kotlin-build-statistics-2.0.20.jar (org.jetbrains.kotlin:kotlin-build-statistics:2.0.20) with MergeInstrumentationAnalysisTransform
[        ] Transforming kotlin-klib-commonizer-api-2.0.20.jar (org.jetbrains.kotlin:kotlin-klib-commonizer-api:2.0.20) with ExternalDependencyInstrumentingArtifactTransform
[        ] Transforming kotlin-build-tools-api-2.0.20.jar (org.jetbrains.kotlin:kotlin-build-tools-api:2.0.20) with InstrumentationAnalysisTransform
[        ] Transforming kotlin-build-tools-api-2.0.20.jar (org.jetbrains.kotlin:kotlin-build-tools-api:2.0.20) with MergeInstrumentationAnalysisTransform
[        ] Transforming kotlin-build-statistics-2.0.20.jar (org.jetbrains.kotlin:kotlin-build-statistics:2.0.20) with ExternalDependencyInstrumentingArtifactTransform
[        ] Transforming kotlin-compiler-runner-2.0.20.jar (org.jetbrains.kotlin:kotlin-compiler-runner:2.0.20) with InstrumentationAnalysisTransform
[        ] Transforming kotlin-compiler-runner-2.0.20.jar (org.jetbrains.kotlin:kotlin-compiler-runner:2.0.20) with MergeInstrumentationAnalysisTransform
[        ] Transforming kotlin-build-tools-api-2.0.20.jar (org.jetbrains.kotlin:kotlin-build-tools-api:2.0.20) with ExternalDependencyInstrumentingArtifactTransform
[        ] Transforming kotlin-native-utils-2.0.20.jar (org.jetbrains.kotlin:kotlin-native-utils:2.0.20) with InstrumentationAnalysisTransform
[        ] Transforming kotlin-native-utils-2.0.20.jar (org.jetbrains.kotlin:kotlin-native-utils:2.0.20) with MergeInstrumentationAnalysisTransform
[        ] Transforming kotlin-util-klib-2.0.20.jar (org.jetbrains.kotlin:kotlin-util-klib:2.0.20) with InstrumentationAnalysisTransform
[        ] Transforming kotlin-util-klib-2.0.20.jar (org.jetbrains.kotlin:kotlin-util-klib:2.0.20) with MergeInstrumentationAnalysisTransform
[        ] Transforming kotlin-compiler-runner-2.0.20.jar (org.jetbrains.kotlin:kotlin-compiler-runner:2.0.20) with ExternalDependencyInstrumentingArtifactTransform
[        ] Transforming kotlin-compiler-embeddable-2.0.20.jar (org.jetbrains.kotlin:kotlin-compiler-embeddable:2.0.20) with InstrumentationAnalysisTransform
[        ] Transforming kotlin-native-utils-2.0.20.jar (org.jetbrains.kotlin:kotlin-native-utils:2.0.20) with ExternalDependencyInstrumentingArtifactTransform
[        ] Transforming kotlin-compiler-embeddable-2.0.20.jar (org.jetbrains.kotlin:kotlin-compiler-embeddable:2.0.20) with MergeInstrumentationAnalysisTransform
[        ] Transforming kotlin-gradle-plugin-annotations-2.0.20.jar (org.jetbrains.kotlin:kotlin-gradle-plugin-annotations:2.0.20) with InstrumentationAnalysisTransform
[        ] Transforming kotlin-gradle-plugin-annotations-2.0.20.jar (org.jetbrains.kotlin:kotlin-gradle-plugin-annotations:2.0.20) with MergeInstrumentationAnalysisTransform
[        ] Transforming kotlin-util-klib-2.0.20.jar (org.jetbrains.kotlin:kotlin-util-klib:2.0.20) with ExternalDependencyInstrumentingArtifactTransform
[        ] Transforming kotlin-tooling-core-2.0.20.jar (org.jetbrains.kotlin:kotlin-tooling-core:2.0.20) with InstrumentationAnalysisTransform
[        ] Transforming kotlin-gradle-plugin-annotations-2.0.20.jar (org.jetbrains.kotlin:kotlin-gradle-plugin-annotations:2.0.20) with ExternalDependencyInstrumentingArtifactTransform
[        ] Transforming kotlin-compiler-embeddable-2.0.20.jar (org.jetbrains.kotlin:kotlin-compiler-embeddable:2.0.20) with ExternalDependencyInstrumentingArtifactTransform
[        ] Transforming kotlin-tooling-core-2.0.20.jar (org.jetbrains.kotlin:kotlin-tooling-core:2.0.20) with MergeInstrumentationAnalysisTransform
[        ] Transforming gson-2.8.9.jar (com.google.code.gson:gson:2.8.9) with InstrumentationAnalysisTransform
[        ] Transforming gson-2.8.9.jar (com.google.code.gson:gson:2.8.9) with MergeInstrumentationAnalysisTransform
[        ] Transforming kotlin-daemon-client-2.0.20.jar (org.jetbrains.kotlin:kotlin-daemon-client:2.0.20) with InstrumentationAnalysisTransform
[        ] Transforming kotlin-tooling-core-2.0.20.jar (org.jetbrains.kotlin:kotlin-tooling-core:2.0.20) with ExternalDependencyInstrumentingArtifactTransform
[        ] Transforming kotlin-daemon-client-2.0.20.jar (org.jetbrains.kotlin:kotlin-daemon-client:2.0.20) with MergeInstrumentationAnalysisTransform
[        ] Transforming gson-2.8.9.jar (com.google.code.gson:gson:2.8.9) with ExternalDependencyInstrumentingArtifactTransform
[        ] Transforming kotlinx-coroutines-core-jvm-1.6.4.jar (org.jetbrains.kotlinx:kotlinx-coroutines-core-jvm:1.6.4) with InstrumentationAnalysisTransform
[        ] Transforming kotlin-daemon-client-2.0.20.jar (org.jetbrains.kotlin:kotlin-daemon-client:2.0.20) with ExternalDependencyInstrumentingArtifactTransform
[        ] Transforming kotlinx-coroutines-core-jvm-1.6.4.jar (org.jetbrains.kotlinx:kotlinx-coroutines-core-jvm:1.6.4) with MergeInstrumentationAnalysisTransform
[        ] Transforming kotlin-util-io-2.0.20.jar (org.jetbrains.kotlin:kotlin-util-io:2.0.20) with InstrumentationAnalysisTransform
[        ] Transforming kotlin-util-io-2.0.20.jar (org.jetbrains.kotlin:kotlin-util-io:2.0.20) with MergeInstrumentationAnalysisTransform
[        ] Transforming kotlin-daemon-embeddable-2.0.20.jar (org.jetbrains.kotlin:kotlin-daemon-embeddable:2.0.20) with InstrumentationAnalysisTransform
[        ] Transforming kotlinx-coroutines-core-jvm-1.6.4.jar (org.jetbrains.kotlinx:kotlinx-coroutines-core-jvm:1.6.4) with ExternalDependencyInstrumentingArtifactTransform
[        ] Transforming kotlin-daemon-embeddable-2.0.20.jar (org.jetbrains.kotlin:kotlin-daemon-embeddable:2.0.20) with MergeInstrumentationAnalysisTransform
[        ] Transforming trove4j-1.0.20200330.jar (org.jetbrains.intellij.deps:trove4j:1.0.20200330) with InstrumentationAnalysisTransform
[        ] Transforming kotlin-util-io-2.0.20.jar (org.jetbrains.kotlin:kotlin-util-io:2.0.20) with ExternalDependencyInstrumentingArtifactTransform
[        ] Transforming trove4j-1.0.20200330.jar (org.jetbrains.intellij.deps:trove4j:1.0.20200330) with MergeInstrumentationAnalysisTransform
[        ] Transforming kotlin-daemon-embeddable-2.0.20.jar (org.jetbrains.kotlin:kotlin-daemon-embeddable:2.0.20) with ExternalDependencyInstrumentingArtifactTransform
[        ] Transforming trove4j-1.0.20200330.jar (org.jetbrains.intellij.deps:trove4j:1.0.20200330) with ExternalDependencyInstrumentingArtifactTransform
[        ] Using Kotlin Gradle Plugin gradle85 variant
[        ] kotlin scripting plugin: created the scripting discovery configuration: kotlinScriptDef
[        ] kotlin scripting plugin: created the scripting discovery configuration: testKotlinScriptDef
[        ] file or directory 'C:\Users\bhavy\develop\flutter\packages\flutter_tools\gradle\src\main\java', not found
[  +64 ms] Resolve mutations for :gradle:checkKotlinGradlePluginConfigurationErrors (Thread[#552,Execution worker,5,main]) started.
[        ] :gradle:checkKotlinGradlePluginConfigurationErrors (Thread[#560,Execution worker Thread 9,5,main]) started.
[        ] > Task :gradle:checkKotlinGradlePluginConfigurationErrors SKIPPED
[        ] Skipping task ':gradle:checkKotlinGradlePluginConfigurationErrors' as task onlyIf 'errorDiagnostics are present' is false.
[        ] Resolve mutations for :gradle:compileKotlin (Thread[#560,Execution worker Thread 9,5,main]) started.
[        ] :gradle:compileKotlin (Thread[#560,Execution worker Thread 9,5,main]) started.
[  +94 ms] > Task :gradle:compileKotlin UP-TO-DATE
[        ] Transforming gradle-api-8.11.1.jar with BuildToolsApiClasspathEntrySnapshotTransform
[        ] Transforming groovy-3.0.22.jar with BuildToolsApiClasspathEntrySnapshotTransform
[        ] Transforming groovy-ant-3.0.22.jar with BuildToolsApiClasspathEntrySnapshotTransform
[        ] Transforming groovy-astbuilder-3.0.22.jar with BuildToolsApiClasspathEntrySnapshotTransform
[        ] Transforming groovy-console-3.0.22.jar with BuildToolsApiClasspathEntrySnapshotTransform
[        ] Transforming groovy-datetime-3.0.22.jar with BuildToolsApiClasspathEntrySnapshotTransform
[        ] Transforming groovy-dateutil-3.0.22.jar with BuildToolsApiClasspathEntrySnapshotTransform
[        ] Transforming groovy-groovydoc-3.0.22.jar with BuildToolsApiClasspathEntrySnapshotTransform
[        ] Transforming groovy-json-3.0.22.jar with BuildToolsApiClasspathEntrySnapshotTransform
[        ] Transforming groovy-nio-3.0.22.jar with BuildToolsApiClasspathEntrySnapshotTransform
[        ] Transforming groovy-sql-3.0.22.jar with BuildToolsApiClasspathEntrySnapshotTransform
[        ] Transforming groovy-templates-3.0.22.jar with BuildToolsApiClasspathEntrySnapshotTransform
[        ] Transforming groovy-test-3.0.22.jar with BuildToolsApiClasspathEntrySnapshotTransform
[        ] Transforming groovy-xml-3.0.22.jar with BuildToolsApiClasspathEntrySnapshotTransform
[        ] Transforming javaparser-core-3.17.0.jar with BuildToolsApiClasspathEntrySnapshotTransform
[        ] Transforming kotlin-stdlib-2.0.20.jar with BuildToolsApiClasspathEntrySnapshotTransform
[        ] Transforming kotlin-reflect-2.0.20.jar with BuildToolsApiClasspathEntrySnapshotTransform
[        ] Transforming gradle-installation-beacon-8.11.1.jar with BuildToolsApiClasspathEntrySnapshotTransform
[        ] Transforming gradle-kotlin-dsl-extensions-8.11.1.jar with BuildToolsApiClasspathEntrySnapshotTransform
[        ] Transforming gradle-kotlin-dsl-8.11.1.jar with BuildToolsApiClasspathEntrySnapshotTransform
[        ] Transforming gradle-kotlin-dsl-shared-runtime-8.11.1.jar with BuildToolsApiClasspathEntrySnapshotTransform
[        ] Transforming gradle-kotlin-dsl-tooling-models-8.11.1.jar with BuildToolsApiClasspathEntrySnapshotTransform
[        ] Transforming annotation-jvm-1.9.1.jar with BuildToolsApiClasspathEntrySnapshotTransform
[        ] Transforming gradle-8.11.1.jar with BuildToolsApiClasspathEntrySnapshotTransform
[        ] Transforming kotlin-reflect-2.0.20.jar with BuildToolsApiClasspathEntrySnapshotTransform
[        ] Transforming kotlinx-serialization-json-jvm-1.4.0.jar with BuildToolsApiClasspathEntrySnapshotTransform
[        ] Transforming kotlinx-serialization-core-jvm-1.4.0.jar with BuildToolsApiClasspathEntrySnapshotTransform
[        ] Transforming kotlin-stdlib-jdk8-1.8.0.jar with BuildToolsApiClasspathEntrySnapshotTransform
[        ] Transforming kotlin-stdlib-jdk7-1.8.0.jar with BuildToolsApiClasspathEntrySnapshotTransform
[        ] Transforming kotlin-stdlib-2.0.20.jar with BuildToolsApiClasspathEntrySnapshotTransform
[        ] Transforming kotlin-gradle-plugin-1.8.0-gradle76.jar with BuildToolsApiClasspathEntrySnapshotTransform
[        ] Transforming builder-8.11.1.jar with BuildToolsApiClasspathEntrySnapshotTransform
[        ] Transforming builder-model-8.11.1.jar with BuildToolsApiClasspathEntrySnapshotTransform
[        ] Transforming gradle-api-8.11.1.jar with BuildToolsApiClasspathEntrySnapshotTransform
[        ] Transforming annotations-13.0.jar with BuildToolsApiClasspathEntrySnapshotTransform
[        ] Transforming kotlin-gradle-plugin-model-1.8.0.jar with BuildToolsApiClasspathEntrySnapshotTransform
[        ] Transforming kotlin-gradle-plugin-api-1.8.0-gradle76.jar with BuildToolsApiClasspathEntrySnapshotTransform
[        ] Transforming kotlin-gradle-plugin-api-1.8.0.jar with BuildToolsApiClasspathEntrySnapshotTransform
[        ] Transforming kotlin-tooling-core-1.8.0.jar with BuildToolsApiClasspathEntrySnapshotTransform
[        ] Transforming manifest-merger-31.11.1.jar with BuildToolsApiClasspathEntrySnapshotTransform
[        ] Transforming zipflinger-8.11.1.jar with BuildToolsApiClasspathEntrySnapshotTransform
[        ] Transforming apksig-8.11.1.jar with BuildToolsApiClasspathEntrySnapshotTransform
[        ] Transforming apkzlib-8.11.1.jar with BuildToolsApiClasspathEntrySnapshotTransform
[        ] Transforming javawriter-2.5.0.jar with BuildToolsApiClasspathEntrySnapshotTransform
[        ] Transforming asm-9.7.1.jar with BuildToolsApiClasspathEntrySnapshotTransform
[        ] Transforming kotlin-native-utils-1.8.0.jar with BuildToolsApiClasspathEntrySnapshotTransform
[        ] Transforming kotlin-project-model-1.8.0.jar with BuildToolsApiClasspathEntrySnapshotTransform
[        ] Transforming kotlin-util-io-1.8.0.jar with BuildToolsApiClasspathEntrySnapshotTransform
[        ] Caching disabled for task ':gradle:compileKotlin' because:
[        ]   Build cache is disabled
[        ] Skipping task ':gradle:compileKotlin' as it is up-to-date.
[        ] Resolve mutations for :gradle:compileJava (Thread[#560,Execution worker Thread 9,5,main]) started.
[        ] :gradle:compileJava (Thread[#560,Execution worker Thread 9,5,main]) started.
[        ] > Task :gradle:compileJava NO-SOURCE
[        ] Skipping task ':gradle:compileJava' as it has no source files and no previous output files.
[        ] Resolve mutations for :gradle:compileGroovy (Thread[#560,Execution worker Thread 9,5,main]) started.
[        ] :gradle:compileGroovy (Thread[#560,Execution worker Thread 9,5,main]) started.
[        ] > Task :gradle:compileGroovy NO-SOURCE
[        ] Skipping task ':gradle:compileGroovy' as it has no source files and no previous output files.
[        ] Resolve mutations for :gradle:pluginDescriptors (Thread[#560,Execution worker Thread 9,5,main]) started.
[        ] :gradle:pluginDescriptors (Thread[#560,Execution worker Thread 9,5,main]) started.
[        ] > Task :gradle:pluginDescriptors UP-TO-DATE
[        ] Caching disabled for task ':gradle:pluginDescriptors' because:
[        ]   Build cache is disabled
[        ]   Not worth caching
[        ] Skipping task ':gradle:pluginDescriptors' as it is up-to-date.
[        ] Resolve mutations for :gradle:processResources (Thread[#560,Execution worker Thread 9,5,main]) started.
[        ] :gradle:processResources (Thread[#560,Execution worker Thread 9,5,main]) started.
[        ] > Task :gradle:processResources UP-TO-DATE
[        ] Caching disabled for task ':gradle:processResources' because:
[        ]   Build cache is disabled
[        ]   Not worth caching
[        ] Skipping task ':gradle:processResources' as it is up-to-date.
[        ] Resolve mutations for :gradle:classes (Thread[#560,Execution worker Thread 9,5,main]) started.
[        ] :gradle:classes (Thread[#560,Execution worker Thread 9,5,main]) started.
[        ] > Task :gradle:classes UP-TO-DATE
[        ] Skipping task ':gradle:classes' as it has no actions.
[        ] Resolve mutations for :gradle:jar (Thread[#560,Execution worker Thread 9,5,main]) started.
[        ] :gradle:jar (Thread[#560,Execution worker Thread 9,5,main]) started.
[        ] > Task :gradle:jar UP-TO-DATE
[        ] Caching disabled for task ':gradle:jar' because:
[        ]   Build cache is disabled
[        ]   Not worth caching
[        ] Skipping task ':gradle:jar' as it is up-to-date.
[ +183 ms] Transforming kotlin-gradle-plugin-model-2.1.0.jar (org.jetbrains.kotlin:kotlin-gradle-plugin-model:2.1.0) with InstrumentationAnalysisTransform
[        ] Transforming kotlin-gradle-plugin-api-2.1.0.jar (org.jetbrains.kotlin:kotlin-gradle-plugin-api:2.1.0) with InstrumentationAnalysisTransform
[        ] Transforming kotlin-gradle-plugin-2.1.0-gradle85.jar (org.jetbrains.kotlin:kotlin-gradle-plugin:2.1.0) with InstrumentationAnalysisTransform
[        ] Transforming gradle-8.9.1.jar (com.android.tools.build:gradle:8.9.1) with InstrumentationAnalysisTransform
[        ] Transforming kotlinx-serialization-json-jvm-1.4.0.jar (org.jetbrains.kotlinx:kotlinx-serialization-json-jvm:1.4.0) with InstrumentationAnalysisTransform
[        ] Transforming gradle-settings-api-8.9.1.jar (com.android.tools.build:gradle-settings-api:8.9.1) with InstrumentationAnalysisTransform
[        ] Transforming lint-model-31.9.1.jar (com.android.tools.lint:lint-model:31.9.1) with InstrumentationAnalysisTransform
[        ] Transforming builder-8.9.1.jar (com.android.tools.build:builder:8.9.1) with InstrumentationAnalysisTransform
[        ] Transforming manifest-merger-31.9.1.jar (com.android.tools.build:manifest-merger:31.9.1) with InstrumentationAnalysisTransform
[        ] Transforming sdk-common-31.9.1.jar (com.android.tools:sdk-common:31.9.1) with InstrumentationAnalysisTransform
[        ] Transforming sdklib-31.9.1.jar (com.android.tools:sdklib:31.9.1) with InstrumentationAnalysisTransform
[        ] Transforming repository-31.9.1.jar (com.android.tools:repository:31.9.1) with InstrumentationAnalysisTransform
[        ] Transforming gradle-api-8.9.1.jar (com.android.tools.build:gradle-api:8.9.1) with InstrumentationAnalysisTransform
[        ] Transforming builder-test-api-8.9.1.jar (com.android.tools.build:builder-test-api:8.9.1) with InstrumentationAnalysisTransform
[        ] Transforming ddmlib-31.9.1.jar (com.android.tools.ddms:ddmlib:31.9.1) with InstrumentationAnalysisTransform
[        ] Transforming aaptcompiler-8.9.1.jar (com.android.tools.build:aaptcompiler:8.9.1) with InstrumentationAnalysisTransform
[        ] Transforming bundletool-1.17.2.jar (com.android.tools.build:bundletool:1.17.2) with InstrumentationAnalysisTransform
[        ] Transforming aapt2-proto-8.9.1-12782657.jar (com.android.tools.build:aapt2-proto:8.9.1-12782657) with InstrumentationAnalysisTransform
[        ] Transforming crash-31.9.1.jar (com.android.tools.analytics-library:crash:31.9.1) with InstrumentationAnalysisTransform
[        ] Transforming tracker-31.9.1.jar (com.android.tools.analytics-library:tracker:31.9.1) with InstrumentationAnalysisTransform
[        ] Transforming shared-31.9.1.jar (com.android.tools.analytics-library:shared:31.9.1) with InstrumentationAnalysisTransform
[        ] Transforming lint-typedef-remover-31.9.1.jar (com.android.tools.lint:lint-typedef-remover:31.9.1) with InstrumentationAnalysisTransform
[        ] Transforming databinding-compiler-common-8.9.1.jar (androidx.databinding:databinding-compiler-common:8.9.1) with InstrumentationAnalysisTransform
[        ] Transforming databinding-common-8.9.1.jar (androidx.databinding:databinding-common:8.9.1) with InstrumentationAnalysisTransform
[        ] Transforming baseLibrary-8.9.1.jar (com.android.databinding:baseLibrary:8.9.1) with InstrumentationAnalysisTransform
[        ] Transforming layoutlib-api-31.9.1.jar (com.android.tools.layoutlib:layoutlib-api:31.9.1) with InstrumentationAnalysisTransform
[        ] Transforming android-device-provider-ddmlib-proto-31.9.1.jar (com.android.tools.utp:android-device-provider-ddmlib-proto:31.9.1) with InstrumentationAnalysisTransform
[        ] Transforming android-device-provider-gradle-proto-31.9.1.jar (com.android.tools.utp:android-device-provider-gradle-proto:31.9.1) with InstrumentationAnalysisTransform
[        ] Transforming android-device-provider-profile-proto-31.9.1.jar (com.android.tools.utp:android-device-provider-profile-proto:31.9.1) with InstrumentationAnalysisTransform
[        ] Transforming android-test-plugin-host-additional-test-output-proto-31.9.1.jar (com.android.tools.utp:android-test-plugin-host-additional-test-output-proto:31.9.1) with InstrumentationAnalysisTransform
[        ] Transforming android-test-plugin-host-coverage-proto-31.9.1.jar (com.android.tools.utp:android-test-plugin-host-coverage-proto:31.9.1) with InstrumentationAnalysisTransform
[        ] Transforming android-test-plugin-host-emulator-control-proto-31.9.1.jar (com.android.tools.utp:android-test-plugin-host-emulator-control-proto:31.9.1) with InstrumentationAnalysisTransform
[        ] Transforming android-test-plugin-host-logcat-proto-31.9.1.jar (com.android.tools.utp:android-test-plugin-host-logcat-proto:31.9.1) with InstrumentationAnalysisTransform
[        ] Transforming android-test-plugin-host-apk-installer-proto-31.9.1.jar (com.android.tools.utp:android-test-plugin-host-apk-installer-proto:31.9.1) with InstrumentationAnalysisTransform
[        ] Transforming android-test-plugin-host-retention-proto-31.9.1.jar (com.android.tools.utp:android-test-plugin-host-retention-proto:31.9.1) with InstrumentationAnalysisTransform
[        ] Transforming android-test-plugin-result-listener-gradle-proto-31.9.1.jar (com.android.tools.utp:android-test-plugin-result-listener-gradle-proto:31.9.1) with InstrumentationAnalysisTransform
[        ] Transforming builder-model-8.9.1.jar (com.android.tools.build:builder-model:8.9.1) with InstrumentationAnalysisTransform
[        ] Transforming dvlib-31.9.1.jar (com.android.tools:dvlib:31.9.1) with InstrumentationAnalysisTransform
[        ] Transforming common-31.9.1.jar (com.android.tools:common:31.9.1) with InstrumentationAnalysisTransform
[        ] Transforming jetifier-processor-1.0.0-beta10.jar (com.android.tools.build.jetifier:jetifier-processor:1.0.0-beta10) with InstrumentationAnalysisTransform
[        ] Transforming jetifier-core-1.0.0-beta10.jar (com.android.tools.build.jetifier:jetifier-core:1.0.0-beta10) with InstrumentationAnalysisTransform
[        ] Transforming kotlin-reflect-2.1.0.jar (org.jetbrains.kotlin:kotlin-reflect:2.1.0) with InstrumentationAnalysisTransform
[        ] Transforming kotlin-stdlib-jdk7-2.1.0.jar (org.jetbrains.kotlin:kotlin-stdlib-jdk7:2.1.0) with InstrumentationAnalysisTransform
[        ] Transforming kotlinx-serialization-core-jvm-1.4.0.jar (org.jetbrains.kotlinx:kotlinx-serialization-core-jvm:1.4.0) with InstrumentationAnalysisTransform
[        ] Transforming kotlin-stdlib-2.1.0.jar (org.jetbrains.kotlin:kotlin-stdlib:2.1.0) with InstrumentationAnalysisTransform
[        ] Transforming kotlin-stdlib-jdk8-2.1.0.jar (org.jetbrains.kotlin:kotlin-stdlib-jdk8:2.1.0) with InstrumentationAnalysisTransform
[        ] Transforming transform-api-2.0.0-deprecated-use-gradle-api.jar (com.android.tools.build:transform-api:2.0.0-deprecated-use-gradle-api) with InstrumentationAnalysisTransform
[        ] Transforming httpmime-4.5.6.jar (org.apache.httpcomponents:httpmime:4.5.6) with InstrumentationAnalysisTransform
[        ] Transforming commons-io-2.16.1.jar (commons-io:commons-io:2.16.1) with InstrumentationAnalysisTransform
[        ] Transforming asm-commons-9.7.jar (org.ow2.asm:asm-commons:9.7) with InstrumentationAnalysisTransform
[        ] Transforming asm-util-9.7.jar (org.ow2.asm:asm-util:9.7) with InstrumentationAnalysisTransform
[        ] Transforming asm-analysis-9.7.jar (org.ow2.asm:asm-analysis:9.7) with InstrumentationAnalysisTransform
[        ] Transforming asm-tree-9.7.jar (org.ow2.asm:asm-tree:9.7) with InstrumentationAnalysisTransform
[        ] Transforming asm-9.7.jar (org.ow2.asm:asm:9.7) with InstrumentationAnalysisTransform
[        ] Transforming apkzlib-8.9.1.jar (com.android.tools.build:apkzlib:8.9.1) with InstrumentationAnalysisTransform
[        ] Transforming bcpkix-jdk18on-1.79.jar (org.bouncycastle:bcpkix-jdk18on:1.79) with InstrumentationAnalysisTransform
[        ] Transforming jaxb-runtime-2.3.2.jar (org.glassfish.jaxb:jaxb-runtime:2.3.2) with InstrumentationAnalysisTransform
[        ] Transforming jopt-simple-4.9.jar (net.sf.jopt-simple:jopt-simple:4.9) with InstrumentationAnalysisTransform
[        ] Transforming javapoet-1.10.0.jar (com.squareup:javapoet:1.10.0) with InstrumentationAnalysisTransform
[        ] Transforming protobuf-java-util-3.22.3.jar (com.google.protobuf:protobuf-java-util:3.22.3) with InstrumentationAnalysisTransform
[        ] Transforming tink-1.7.0.jar (com.google.crypto.tink:tink:1.7.0) with InstrumentationAnalysisTransform
[        ] Transforming core-proto-0.0.9-alpha03.jar (com.google.testing.platform:core-proto:0.0.9-alpha03) with InstrumentationAnalysisTransform
[        ] Transforming protos-31.9.1.jar (com.android.tools.analytics-library:protos:31.9.1) with InstrumentationAnalysisTransform
[        ] Transforming grpc-protobuf-1.57.2.jar (io.grpc:grpc-protobuf:1.57.2) with InstrumentationAnalysisTransform
[        ] Transforming proto-google-common-protos-2.17.0.jar (com.google.api.grpc:proto-google-common-protos:2.17.0) with InstrumentationAnalysisTransform
[        ] Transforming protobuf-java-3.24.4.jar (com.google.protobuf:protobuf-java:3.24.4) with InstrumentationAnalysisTransform
[        ] Transforming kotlin-build-statistics-2.1.0.jar (org.jetbrains.kotlin:kotlin-build-statistics:2.1.0) with InstrumentationAnalysisTransform
[        ] Transforming grpc-netty-1.57.2.jar (io.grpc:grpc-netty:1.57.2) with InstrumentationAnalysisTransform
[        ] Transforming grpc-core-1.57.2.jar (io.grpc:grpc-core:1.57.2) with InstrumentationAnalysisTransform
[        ] Transforming gson-2.10.1.jar (com.google.code.gson:gson:2.10.1) with InstrumentationAnalysisTransform
[        ] Transforming grpc-stub-1.57.2.jar (io.grpc:grpc-stub:1.57.2) with InstrumentationAnalysisTransform
[        ] Transforming tensorflow-lite-metadata-0.2.0.jar (org.tensorflow:tensorflow-lite-metadata:0.2.0) with InstrumentationAnalysisTransform
[        ] Transforming flatbuffers-java-1.12.0.jar (com.google.flatbuffers:flatbuffers-java:1.12.0) with InstrumentationAnalysisTransform
[        ] Transforming kotlin-gradle-plugin-idea-proto-2.1.0.jar (org.jetbrains.kotlin:kotlin-gradle-plugin-idea-proto:2.1.0) with InstrumentationAnalysisTransform
[        ] Transforming kotlin-gradle-plugin-idea-2.1.0.jar (org.jetbrains.kotlin:kotlin-gradle-plugin-idea:2.1.0) with InstrumentationAnalysisTransform
[        ] Transforming kotlin-klib-commonizer-api-2.1.0.jar (org.jetbrains.kotlin:kotlin-klib-commonizer-api:2.1.0) with InstrumentationAnalysisTransform
[        ] Transforming kotlin-util-klib-metadata-2.1.0.jar (org.jetbrains.kotlin:kotlin-util-klib-metadata:2.1.0) with InstrumentationAnalysisTransform
[        ] Transforming kotlin-compiler-runner-2.1.0.jar (org.jetbrains.kotlin:kotlin-compiler-runner:2.1.0) with InstrumentationAnalysisTransform
[        ] Transforming jimfs-1.1.jar (com.google.jimfs:jimfs:1.1) with InstrumentationAnalysisTransform
[        ] Transforming grpc-context-1.57.2.jar (io.grpc:grpc-context:1.57.2) with InstrumentationAnalysisTransform
[        ] Transforming grpc-protobuf-lite-1.57.2.jar (io.grpc:grpc-protobuf-lite:1.57.2) with InstrumentationAnalysisTransform
[        ] Transforming grpc-api-1.57.2.jar (io.grpc:grpc-api:1.57.2) with InstrumentationAnalysisTransform
[        ] Transforming guava-32.0.1-jre.jar (com.google.guava:guava:32.0.1-jre) with InstrumentationAnalysisTransform
[        ] Transforming dagger-2.28.3.jar (com.google.dagger:dagger:2.28.3) with InstrumentationAnalysisTransform
[        ] Transforming javax.inject-1.jar (javax.inject:javax.inject:1) with InstrumentationAnalysisTransform
[        ] Transforming kxml2-2.3.0.jar (net.sf.kxml:kxml2:2.3.0) with InstrumentationAnalysisTransform
[        ] Transforming bcutil-jdk18on-1.79.jar (org.bouncycastle:bcutil-jdk18on:1.79) with InstrumentationAnalysisTransform
[        ] Transforming bcprov-jdk18on-1.79.jar (org.bouncycastle:bcprov-jdk18on:1.79) with InstrumentationAnalysisTransform
[        ] Transforming commons-compress-1.21.jar (org.apache.commons:commons-compress:1.21) with InstrumentationAnalysisTransform
[        ] Transforming httpclient-4.5.14.jar (org.apache.httpcomponents:httpclient:4.5.14) with InstrumentationAnalysisTransform
[        ] Transforming httpcore-4.4.16.jar (org.apache.httpcomponents:httpcore:4.4.16) with InstrumentationAnalysisTransform
[        ] Transforming javax.activation-1.2.0.jar (com.sun.activation:javax.activation:1.2.0) with InstrumentationAnalysisTransform
[        ] Transforming annotations-23.0.0.jar (org.jetbrains:annotations:23.0.0) with InstrumentationAnalysisTransform
[        ] Transforming signflinger-8.9.1.jar (com.android:signflinger:8.9.1) with InstrumentationAnalysisTransform
[        ] Transforming zipflinger-8.9.1.jar (com.android:zipflinger:8.9.1) with InstrumentationAnalysisTransform
[        ] Transforming annotations-31.9.1.jar (com.android.tools:annotations:31.9.1) with InstrumentationAnalysisTransform
[        ] Transforming jna-platform-5.6.0.jar (net.java.dev.jna:jna-platform:5.6.0) with InstrumentationAnalysisTransform
[        ] Transforming juniversalchardet-1.0.3.jar (com.googlecode.juniversalchardet:juniversalchardet:1.0.3) with InstrumentationAnalysisTransform
[        ] Transforming javax.annotation-api-1.3.2.jar (javax.annotation:javax.annotation-api:1.3.2) with InstrumentationAnalysisTransform
[        ] Transforming stax-ex-1.8.1.jar (org.jvnet.staxex:stax-ex:1.8.1) with InstrumentationAnalysisTransform
[        ] Transforming jakarta.xml.bind-api-2.3.2.jar (jakarta.xml.bind:jakarta.xml.bind-api:2.3.2) with InstrumentationAnalysisTransform
[        ] Transforming txw2-2.3.2.jar (org.glassfish.jaxb:txw2:2.3.2) with InstrumentationAnalysisTransform
[        ] Transforming istack-commons-runtime-3.0.8.jar (com.sun.istack:istack-commons-runtime:3.0.8) with InstrumentationAnalysisTransform
[        ] Transforming FastInfoset-1.2.16.jar (com.sun.xml.fastinfoset:FastInfoset:1.2.16) with InstrumentationAnalysisTransform
[        ] Transforming jakarta.activation-api-1.2.1.jar (jakarta.activation:jakarta.activation-api:1.2.1) with InstrumentationAnalysisTransform
[        ] Transforming auto-value-annotations-1.6.2.jar (com.google.auto.value:auto-value-annotations:1.6.2) with InstrumentationAnalysisTransform
[        ] Transforming error_prone_annotations-2.18.0.jar (com.google.errorprone:error_prone_annotations:2.18.0) with InstrumentationAnalysisTransform
[        ] Transforming jose4j-0.9.5.jar (org.bitbucket.b_c:jose4j:0.9.5) with InstrumentationAnalysisTransform
[        ] Transforming slf4j-api-1.7.30.jar (org.slf4j:slf4j-api:1.7.30) with InstrumentationAnalysisTransform
[        ] Transforming jdom2-2.0.6.jar (org.jdom:jdom2:2.0.6) with InstrumentationAnalysisTransform
[        ] Transforming jsr305-3.0.2.jar (com.google.code.findbugs:jsr305:3.0.2) with InstrumentationAnalysisTransform
[        ] Transforming j2objc-annotations-2.8.jar (com.google.j2objc:j2objc-annotations:2.8) with InstrumentationAnalysisTransform
[        ] Transforming checker-qual-3.33.0.jar (org.checkerframework:checker-qual:3.33.0) with InstrumentationAnalysisTransform
[        ] Transforming apksig-8.9.1.jar (com.android.tools.build:apksig:8.9.1) with InstrumentationAnalysisTransform
[        ] Transforming javawriter-2.5.0.jar (com.squareup:javawriter:2.5.0) with InstrumentationAnalysisTransform
[        ] Transforming kotlin-gradle-plugin-annotations-2.1.0.jar (org.jetbrains.kotlin:kotlin-gradle-plugin-annotations:2.1.0) with InstrumentationAnalysisTransform
[        ] Transforming kotlin-native-utils-2.1.0.jar (org.jetbrains.kotlin:kotlin-native-utils:2.1.0) with InstrumentationAnalysisTransform
[        ] Transforming kotlin-tooling-core-2.1.0.jar (org.jetbrains.kotlin:kotlin-tooling-core:2.1.0) with InstrumentationAnalysisTransform
[        ] Transforming kotlin-build-tools-api-2.1.0.jar (org.jetbrains.kotlin:kotlin-build-tools-api:2.1.0) with InstrumentationAnalysisTransform
[        ] Transforming kotlin-util-klib-2.1.0.jar (org.jetbrains.kotlin:kotlin-util-klib:2.1.0) with InstrumentationAnalysisTransform
[        ] Transforming kotlin-util-io-2.1.0.jar (org.jetbrains.kotlin:kotlin-util-io:2.1.0) with InstrumentationAnalysisTransform
[        ] Transforming kotlin-daemon-client-2.1.0.jar (org.jetbrains.kotlin:kotlin-daemon-client:2.1.0) with InstrumentationAnalysisTransform
[        ] Transforming kotlinx-coroutines-core-jvm-1.6.4.jar (org.jetbrains.kotlinx:kotlinx-coroutines-core-jvm:1.6.4) with InstrumentationAnalysisTransform
[        ] Transforming failureaccess-1.0.1.jar (com.google.guava:failureaccess:1.0.1) with InstrumentationAnalysisTransform
[        ] Transforming listenablefuture-9999.0-empty-to-avoid-conflict-with-guava.jar (com.google.guava:listenablefuture:9999.0-empty-to-avoid-conflict-with-guava) with InstrumentationAnalysisTransform
[        ] Transforming commons-logging-1.2.jar (commons-logging:commons-logging:1.2) with InstrumentationAnalysisTransform
[        ] Transforming commons-codec-1.11.jar (commons-codec:commons-codec:1.11) with InstrumentationAnalysisTransform
[        ] Transforming jna-5.6.0.jar (net.java.dev.jna:jna:5.6.0) with InstrumentationAnalysisTransform
[        ] Transforming annotations-4.1.1.4.jar (com.google.android:annotations:4.1.1.4) with InstrumentationAnalysisTransform
[        ] Transforming animal-sniffer-annotations-1.23.jar (org.codehaus.mojo:animal-sniffer-annotations:1.23) with InstrumentationAnalysisTransform
[        ] Transforming perfmark-api-0.26.0.jar (io.perfmark:perfmark-api:0.26.0) with InstrumentationAnalysisTransform
[        ] Transforming netty-codec-http2-4.1.93.Final.jar (io.netty:netty-codec-http2:4.1.93.Final) with InstrumentationAnalysisTransform
[        ] Transforming netty-handler-proxy-4.1.93.Final.jar (io.netty:netty-handler-proxy:4.1.93.Final) with InstrumentationAnalysisTransform
[        ] Transforming netty-codec-http-4.1.93.Final.jar (io.netty:netty-codec-http:4.1.93.Final) with InstrumentationAnalysisTransform
[        ] Transforming netty-handler-4.1.93.Final.jar (io.netty:netty-handler:4.1.93.Final) with InstrumentationAnalysisTransform
[        ] Transforming netty-transport-native-unix-common-4.1.93.Final.jar (io.netty:netty-transport-native-unix-common:4.1.93.Final) with InstrumentationAnalysisTransform
[        ] Transforming netty-codec-socks-4.1.93.Final.jar (io.netty:netty-codec-socks:4.1.93.Final) with InstrumentationAnalysisTransform
[        ] Transforming netty-codec-4.1.93.Final.jar (io.netty:netty-codec:4.1.93.Final) with InstrumentationAnalysisTransform
[        ] Transforming netty-transport-4.1.93.Final.jar (io.netty:netty-transport:4.1.93.Final) with InstrumentationAnalysisTransform
[        ] Transforming netty-buffer-4.1.93.Final.jar (io.netty:netty-buffer:4.1.93.Final) with InstrumentationAnalysisTransform
[        ] Transforming netty-resolver-4.1.93.Final.jar (io.netty:netty-resolver:4.1.93.Final) with InstrumentationAnalysisTransform
[        ] Transforming netty-common-4.1.93.Final.jar (io.netty:netty-common:4.1.93.Final) with InstrumentationAnalysisTransform
[        ] Transforming main (project :gradle) with InstrumentationAnalysisTransform
[        ] Transforming main (project :gradle) with InstrumentationAnalysisTransform
[        ] Transforming main (project :gradle) with InstrumentationAnalysisTransform
[        ] Transforming kotlin-gradle-plugin-model-2.1.0.jar (org.jetbrains.kotlin:kotlin-gradle-plugin-model:2.1.0) with InstrumentationAnalysisTransform
[        ] Transforming kotlin-gradle-plugin-model-2.1.0.jar (org.jetbrains.kotlin:kotlin-gradle-plugin-model:2.1.0) with MergeInstrumentationAnalysisTransform
[        ] Transforming kotlin-gradle-plugin-api-2.1.0.jar (org.jetbrains.kotlin:kotlin-gradle-plugin-api:2.1.0) with InstrumentationAnalysisTransform
[        ] Transforming kotlin-gradle-plugin-api-2.1.0.jar (org.jetbrains.kotlin:kotlin-gradle-plugin-api:2.1.0) with MergeInstrumentationAnalysisTransform
[        ] Transforming kotlin-gradle-plugin-2.1.0-gradle85.jar (org.jetbrains.kotlin:kotlin-gradle-plugin:2.1.0) with InstrumentationAnalysisTransform
[        ] Transforming kotlin-gradle-plugin-2.1.0-gradle85.jar (org.jetbrains.kotlin:kotlin-gradle-plugin:2.1.0) with MergeInstrumentationAnalysisTransform
[        ] Transforming gradle-8.9.1.jar (com.android.tools.build:gradle:8.9.1) with InstrumentationAnalysisTransform
[        ] Transforming kotlin-gradle-plugin-model-2.1.0.jar (org.jetbrains.kotlin:kotlin-gradle-plugin-model:2.1.0) with ExternalDependencyInstrumentingArtifactTransform
[        ] Transforming gradle-8.9.1.jar (com.android.tools.build:gradle:8.9.1) with MergeInstrumentationAnalysisTransform
[        ] Transforming kotlin-gradle-plugin-api-2.1.0.jar (org.jetbrains.kotlin:kotlin-gradle-plugin-api:2.1.0) with ExternalDependencyInstrumentingArtifactTransform
[        ] Transforming kotlin-gradle-plugin-2.1.0-gradle85.jar (org.jetbrains.kotlin:kotlin-gradle-plugin:2.1.0) with ExternalDependencyInstrumentingArtifactTransform
[        ] Transforming kotlinx-serialization-json-jvm-1.4.0.jar (org.jetbrains.kotlinx:kotlinx-serialization-json-jvm:1.4.0) with InstrumentationAnalysisTransform
[        ] Transforming kotlinx-serialization-json-jvm-1.4.0.jar (org.jetbrains.kotlinx:kotlinx-serialization-json-jvm:1.4.0) with MergeInstrumentationAnalysisTransform
[        ] Transforming gradle-8.9.1.jar (com.android.tools.build:gradle:8.9.1) with ExternalDependencyInstrumentingArtifactTransform
[        ] Transforming gradle-settings-api-8.9.1.jar (com.android.tools.build:gradle-settings-api:8.9.1) with InstrumentationAnalysisTransform
[        ] Transforming gradle-settings-api-8.9.1.jar (com.android.tools.build:gradle-settings-api:8.9.1) with MergeInstrumentationAnalysisTransform
[        ] Transforming kotlinx-serialization-json-jvm-1.4.0.jar (org.jetbrains.kotlinx:kotlinx-serialization-json-jvm:1.4.0) with ExternalDependencyInstrumentingArtifactTransform
[        ] Transforming lint-model-31.9.1.jar (com.android.tools.lint:lint-model:31.9.1) with InstrumentationAnalysisTransform
[        ] Transforming lint-model-31.9.1.jar (com.android.tools.lint:lint-model:31.9.1) with MergeInstrumentationAnalysisTransform
[        ] Transforming gradle-settings-api-8.9.1.jar (com.android.tools.build:gradle-settings-api:8.9.1) with ExternalDependencyInstrumentingArtifactTransform
[        ] Transforming builder-8.9.1.jar (com.android.tools.build:builder:8.9.1) with InstrumentationAnalysisTransform
[        ] Transforming builder-8.9.1.jar (com.android.tools.build:builder:8.9.1) with MergeInstrumentationAnalysisTransform
[        ] Transforming manifest-merger-31.9.1.jar (com.android.tools.build:manifest-merger:31.9.1) with InstrumentationAnalysisTransform
[        ] Transforming manifest-merger-31.9.1.jar (com.android.tools.build:manifest-merger:31.9.1) with MergeInstrumentationAnalysisTransform
[        ] Transforming sdk-common-31.9.1.jar (com.android.tools:sdk-common:31.9.1) with InstrumentationAnalysisTransform
[        ] Transforming sdk-common-31.9.1.jar (com.android.tools:sdk-common:31.9.1) with MergeInstrumentationAnalysisTransform
[        ] Transforming lint-model-31.9.1.jar (com.android.tools.lint:lint-model:31.9.1) with ExternalDependencyInstrumentingArtifactTransform
[        ] Transforming sdklib-31.9.1.jar (com.android.tools:sdklib:31.9.1) with InstrumentationAnalysisTransform
[        ] Transforming sdklib-31.9.1.jar (com.android.tools:sdklib:31.9.1) with MergeInstrumentationAnalysisTransform
[        ] Transforming repository-31.9.1.jar (com.android.tools:repository:31.9.1) with InstrumentationAnalysisTransform
[        ] Transforming repository-31.9.1.jar (com.android.tools:repository:31.9.1) with MergeInstrumentationAnalysisTransform
[        ] Transforming builder-8.9.1.jar (com.android.tools.build:builder:8.9.1) with ExternalDependencyInstrumentingArtifactTransform
[        ] Transforming sdklib-31.9.1.jar (com.android.tools:sdklib:31.9.1) with ExternalDependencyInstrumentingArtifactTransform
[        ] Transforming gradle-api-8.9.1.jar (com.android.tools.build:gradle-api:8.9.1) with InstrumentationAnalysisTransform
[        ] Transforming repository-31.9.1.jar (com.android.tools:repository:31.9.1) with ExternalDependencyInstrumentingArtifactTransform
[        ] Transforming manifest-merger-31.9.1.jar (com.android.tools.build:manifest-merger:31.9.1) with ExternalDependencyInstrumentingArtifactTransform
[        ] Transforming sdk-common-31.9.1.jar (com.android.tools:sdk-common:31.9.1) with ExternalDependencyInstrumentingArtifactTransform
[        ] Transforming gradle-api-8.9.1.jar (com.android.tools.build:gradle-api:8.9.1) with MergeInstrumentationAnalysisTransform
[        ] Transforming builder-test-api-8.9.1.jar (com.android.tools.build:builder-test-api:8.9.1) with InstrumentationAnalysisTransform
[   +2 ms] Transforming builder-test-api-8.9.1.jar (com.android.tools.build:builder-test-api:8.9.1) with MergeInstrumentationAnalysisTransform
[        ] Transforming gradle-api-8.9.1.jar (com.android.tools.build:gradle-api:8.9.1) with ExternalDependencyInstrumentingArtifactTransform
[        ] Transforming ddmlib-31.9.1.jar (com.android.tools.ddms:ddmlib:31.9.1) with InstrumentationAnalysisTransform
[        ] Transforming ddmlib-31.9.1.jar (com.android.tools.ddms:ddmlib:31.9.1) with MergeInstrumentationAnalysisTransform
[        ] Transforming builder-test-api-8.9.1.jar (com.android.tools.build:builder-test-api:8.9.1) with ExternalDependencyInstrumentingArtifactTransform
[        ] Transforming aaptcompiler-8.9.1.jar (com.android.tools.build:aaptcompiler:8.9.1) with InstrumentationAnalysisTransform
[        ] Transforming aaptcompiler-8.9.1.jar (com.android.tools.build:aaptcompiler:8.9.1) with MergeInstrumentationAnalysisTransform
[        ] Transforming ddmlib-31.9.1.jar (com.android.tools.ddms:ddmlib:31.9.1) with ExternalDependencyInstrumentingArtifactTransform
[        ] Transforming bundletool-1.17.2.jar (com.android.tools.build:bundletool:1.17.2) with InstrumentationAnalysisTransform
[        ] Transforming bundletool-1.17.2.jar (com.android.tools.build:bundletool:1.17.2) with MergeInstrumentationAnalysisTransform
[        ] Transforming aaptcompiler-8.9.1.jar (com.android.tools.build:aaptcompiler:8.9.1) with ExternalDependencyInstrumentingArtifactTransform
[        ] Transforming aapt2-proto-8.9.1-12782657.jar (com.android.tools.build:aapt2-proto:8.9.1-12782657) with InstrumentationAnalysisTransform
[        ] Transforming bundletool-1.17.2.jar (com.android.tools.build:bundletool:1.17.2) with ExternalDependencyInstrumentingArtifactTransform
[        ] Transforming aapt2-proto-8.9.1-12782657.jar (com.android.tools.build:aapt2-proto:8.9.1-12782657) with MergeInstrumentationAnalysisTransform
[        ] Transforming crash-31.9.1.jar (com.android.tools.analytics-library:crash:31.9.1) with InstrumentationAnalysisTransform
[        ] Transforming crash-31.9.1.jar (com.android.tools.analytics-library:crash:31.9.1) with MergeInstrumentationAnalysisTransform
[        ] Transforming tracker-31.9.1.jar (com.android.tools.analytics-library:tracker:31.9.1) with InstrumentationAnalysisTransform
[        ] Transforming tracker-31.9.1.jar (com.android.tools.analytics-library:tracker:31.9.1) with MergeInstrumentationAnalysisTransform
[        ] Transforming shared-31.9.1.jar (com.android.tools.analytics-library:shared:31.9.1) with InstrumentationAnalysisTransform
[        ] Transforming crash-31.9.1.jar (com.android.tools.analytics-library:crash:31.9.1) with ExternalDependencyInstrumentingArtifactTransform
[        ] Transforming shared-31.9.1.jar (com.android.tools.analytics-library:shared:31.9.1) with MergeInstrumentationAnalysisTransform
[        ] Transforming lint-typedef-remover-31.9.1.jar (com.android.tools.lint:lint-typedef-remover:31.9.1) with InstrumentationAnalysisTransform
[        ] Transforming tracker-31.9.1.jar (com.android.tools.analytics-library:tracker:31.9.1) with ExternalDependencyInstrumentingArtifactTransform
[        ] Transforming lint-typedef-remover-31.9.1.jar (com.android.tools.lint:lint-typedef-remover:31.9.1) with MergeInstrumentationAnalysisTransform
[        ] Transforming aapt2-proto-8.9.1-12782657.jar (com.android.tools.build:aapt2-proto:8.9.1-12782657) with ExternalDependencyInstrumentingArtifactTransform
[        ] Transforming shared-31.9.1.jar (com.android.tools.analytics-library:shared:31.9.1) with ExternalDependencyInstrumentingArtifactTransform
[        ] Transforming databinding-compiler-common-8.9.1.jar (androidx.databinding:databinding-compiler-common:8.9.1) with InstrumentationAnalysisTransform
[        ] Transforming lint-typedef-remover-31.9.1.jar (com.android.tools.lint:lint-typedef-remover:31.9.1) with ExternalDependencyInstrumentingArtifactTransform
[        ] Transforming databinding-compiler-common-8.9.1.jar (androidx.databinding:databinding-compiler-common:8.9.1) with MergeInstrumentationAnalysisTransform
[        ] Transforming databinding-common-8.9.1.jar (androidx.databinding:databinding-common:8.9.1) with InstrumentationAnalysisTransform
[        ] Transforming databinding-common-8.9.1.jar (androidx.databinding:databinding-common:8.9.1) with MergeInstrumentationAnalysisTransform
[        ] Transforming baseLibrary-8.9.1.jar (com.android.databinding:baseLibrary:8.9.1) with InstrumentationAnalysisTransform
[        ] Transforming databinding-compiler-common-8.9.1.jar (androidx.databinding:databinding-compiler-common:8.9.1) with ExternalDependencyInstrumentingArtifactTransform
[        ] Transforming baseLibrary-8.9.1.jar (com.android.databinding:baseLibrary:8.9.1) with MergeInstrumentationAnalysisTransform
[        ] Transforming databinding-common-8.9.1.jar (androidx.databinding:databinding-common:8.9.1) with ExternalDependencyInstrumentingArtifactTransform
[        ] Transforming layoutlib-api-31.9.1.jar (com.android.tools.layoutlib:layoutlib-api:31.9.1) with InstrumentationAnalysisTransform
[        ] Transforming layoutlib-api-31.9.1.jar (com.android.tools.layoutlib:layoutlib-api:31.9.1) with MergeInstrumentationAnalysisTransform
[        ] Transforming baseLibrary-8.9.1.jar (com.android.databinding:baseLibrary:8.9.1) with ExternalDependencyInstrumentingArtifactTransform
[        ] Transforming android-device-provider-ddmlib-proto-31.9.1.jar (com.android.tools.utp:android-device-provider-ddmlib-proto:31.9.1) with InstrumentationAnalysisTransform
[        ] Transforming android-device-provider-ddmlib-proto-31.9.1.jar (com.android.tools.utp:android-device-provider-ddmlib-proto:31.9.1) with MergeInstrumentationAnalysisTransform
[        ] Transforming android-device-provider-gradle-proto-31.9.1.jar (com.android.tools.utp:android-device-provider-gradle-proto:31.9.1) with InstrumentationAnalysisTransform
[        ] Transforming android-device-provider-gradle-proto-31.9.1.jar (com.android.tools.utp:android-device-provider-gradle-proto:31.9.1) with MergeInstrumentationAnalysisTransform
[        ] Transforming android-device-provider-ddmlib-proto-31.9.1.jar (com.android.tools.utp:android-device-provider-ddmlib-proto:31.9.1) with ExternalDependencyInstrumentingArtifactTransform
[        ] Transforming layoutlib-api-31.9.1.jar (com.android.tools.layoutlib:layoutlib-api:31.9.1) with ExternalDependencyInstrumentingArtifactTransform
[        ] Transforming android-device-provider-gradle-proto-31.9.1.jar (com.android.tools.utp:android-device-provider-gradle-proto:31.9.1) with ExternalDependencyInstrumentingArtifactTransform
[        ] Transforming android-device-provider-profile-proto-31.9.1.jar (com.android.tools.utp:android-device-provider-profile-proto:31.9.1) with InstrumentationAnalysisTransform
[        ] Transforming android-device-provider-profile-proto-31.9.1.jar (com.android.tools.utp:android-device-provider-profile-proto:31.9.1) with MergeInstrumentationAnalysisTransform
[        ] Transforming android-test-plugin-host-additional-test-output-proto-31.9.1.jar (com.android.tools.utp:android-test-plugin-host-additional-test-output-proto:31.9.1) with InstrumentationAnalysisTransform
[        ] Transforming android-test-plugin-host-additional-test-output-proto-31.9.1.jar (com.android.tools.utp:android-test-plugin-host-additional-test-output-proto:31.9.1) with MergeInstrumentationAnalysisTransform
[        ] Transforming android-test-plugin-host-coverage-proto-31.9.1.jar (com.android.tools.utp:android-test-plugin-host-coverage-proto:31.9.1) with InstrumentationAnalysisTransform
[        ] Transforming android-test-plugin-host-coverage-proto-31.9.1.jar (com.android.tools.utp:android-test-plugin-host-coverage-proto:31.9.1) with MergeInstrumentationAnalysisTransform
[        ] Transforming android-test-plugin-host-emulator-control-proto-31.9.1.jar (com.android.tools.utp:android-test-plugin-host-emulator-control-proto:31.9.1) with InstrumentationAnalysisTransform
[        ] Transforming android-test-plugin-host-emulator-control-proto-31.9.1.jar (com.android.tools.utp:android-test-plugin-host-emulator-control-proto:31.9.1) with MergeInstrumentationAnalysisTransform
[        ] Transforming android-test-plugin-host-logcat-proto-31.9.1.jar (com.android.tools.utp:android-test-plugin-host-logcat-proto:31.9.1) with InstrumentationAnalysisTransform
[        ] Transforming android-test-plugin-host-logcat-proto-31.9.1.jar (com.android.tools.utp:android-test-plugin-host-logcat-proto:31.9.1) with MergeInstrumentationAnalysisTransform
[        ] Transforming android-test-plugin-host-apk-installer-proto-31.9.1.jar (com.android.tools.utp:android-test-plugin-host-apk-installer-proto:31.9.1) with InstrumentationAnalysisTransform
[        ] Transforming android-test-plugin-host-apk-installer-proto-31.9.1.jar (com.android.tools.utp:android-test-plugin-host-apk-installer-proto:31.9.1) with MergeInstrumentationAnalysisTransform
[        ] Transforming android-test-plugin-host-retention-proto-31.9.1.jar (com.android.tools.utp:android-test-plugin-host-retention-proto:31.9.1) with InstrumentationAnalysisTransform
[        ] Transforming android-test-plugin-host-retention-proto-31.9.1.jar (com.android.tools.utp:android-test-plugin-host-retention-proto:31.9.1) with MergeInstrumentationAnalysisTransform
[        ] Transforming android-test-plugin-result-listener-gradle-proto-31.9.1.jar (com.android.tools.utp:android-test-plugin-result-listener-gradle-proto:31.9.1) with InstrumentationAnalysisTransform
[        ] Transforming android-test-plugin-result-listener-gradle-proto-31.9.1.jar (com.android.tools.utp:android-test-plugin-result-listener-gradle-proto:31.9.1) with MergeInstrumentationAnalysisTransform
[        ] Transforming builder-model-8.9.1.jar (com.android.tools.build:builder-model:8.9.1) with InstrumentationAnalysisTransform
[        ] Transforming builder-model-8.9.1.jar (com.android.tools.build:builder-model:8.9.1) with MergeInstrumentationAnalysisTransform
[        ] Transforming android-test-plugin-host-emulator-control-proto-31.9.1.jar (com.android.tools.utp:android-test-plugin-host-emulator-control-proto:31.9.1) with ExternalDependencyInstrumentingArtifactTransform
[        ] Transforming android-test-plugin-host-logcat-proto-31.9.1.jar (com.android.tools.utp:android-test-plugin-host-logcat-proto:31.9.1) with ExternalDependencyInstrumentingArtifactTransform
[        ] Transforming android-test-plugin-host-coverage-proto-31.9.1.jar (com.android.tools.utp:android-test-plugin-host-coverage-proto:31.9.1) with ExternalDependencyInstrumentingArtifactTransform
[        ] Transforming builder-model-8.9.1.jar (com.android.tools.build:builder-model:8.9.1) with ExternalDependencyInstrumentingArtifactTransform
[        ] Transforming android-test-plugin-host-apk-installer-proto-31.9.1.jar (com.android.tools.utp:android-test-plugin-host-apk-installer-proto:31.9.1) with ExternalDependencyInstrumentingArtifactTransform
[        ] Transforming android-test-plugin-host-retention-proto-31.9.1.jar (com.android.tools.utp:android-test-plugin-host-retention-proto:31.9.1) with ExternalDependencyInstrumentingArtifactTransform
[        ] Transforming android-test-plugin-host-additional-test-output-proto-31.9.1.jar (com.android.tools.utp:android-test-plugin-host-additional-test-output-proto:31.9.1) with ExternalDependencyInstrumentingArtifactTransform
[        ] Transforming android-device-provider-profile-proto-31.9.1.jar (com.android.tools.utp:android-device-provider-profile-proto:31.9.1) with ExternalDependencyInstrumentingArtifactTransform
[        ] Transforming dvlib-31.9.1.jar (com.android.tools:dvlib:31.9.1) with InstrumentationAnalysisTransform
[        ] Transforming android-test-plugin-result-listener-gradle-proto-31.9.1.jar (com.android.tools.utp:android-test-plugin-result-listener-gradle-proto:31.9.1) with ExternalDependencyInstrumentingArtifactTransform
[        ] Transforming dvlib-31.9.1.jar (com.android.tools:dvlib:31.9.1) with MergeInstrumentationAnalysisTransform
[        ] Transforming common-31.9.1.jar (com.android.tools:common:31.9.1) with InstrumentationAnalysisTransform
[        ] Transforming common-31.9.1.jar (com.android.tools:common:31.9.1) with MergeInstrumentationAnalysisTransform
[        ] Transforming jetifier-processor-1.0.0-beta10.jar (com.android.tools.build.jetifier:jetifier-processor:1.0.0-beta10) with InstrumentationAnalysisTransform
[        ] Transforming dvlib-31.9.1.jar (com.android.tools:dvlib:31.9.1) with ExternalDependencyInstrumentingArtifactTransform
[        ] Transforming jetifier-processor-1.0.0-beta10.jar (com.android.tools.build.jetifier:jetifier-processor:1.0.0-beta10) with MergeInstrumentationAnalysisTransform
[        ] Transforming jetifier-core-1.0.0-beta10.jar (com.android.tools.build.jetifier:jetifier-core:1.0.0-beta10) with InstrumentationAnalysisTransform
[        ] Transforming common-31.9.1.jar (com.android.tools:common:31.9.1) with ExternalDependencyInstrumentingArtifactTransform
[        ] Transforming jetifier-core-1.0.0-beta10.jar (com.android.tools.build.jetifier:jetifier-core:1.0.0-beta10) with MergeInstrumentationAnalysisTransform
[        ] Transforming jetifier-processor-1.0.0-beta10.jar (com.android.tools.build.jetifier:jetifier-processor:1.0.0-beta10) with ExternalDependencyInstrumentingArtifactTransform
[        ] Transforming kotlin-reflect-2.1.0.jar (org.jetbrains.kotlin:kotlin-reflect:2.1.0) with InstrumentationAnalysisTransform
[        ] Transforming kotlin-reflect-2.1.0.jar (org.jetbrains.kotlin:kotlin-reflect:2.1.0) with MergeInstrumentationAnalysisTransform
[        ] Transforming jetifier-core-1.0.0-beta10.jar (com.android.tools.build.jetifier:jetifier-core:1.0.0-beta10) with ExternalDependencyInstrumentingArtifactTransform
[        ] Transforming kotlin-stdlib-jdk7-2.1.0.jar (org.jetbrains.kotlin:kotlin-stdlib-jdk7:2.1.0) with InstrumentationAnalysisTransform
[        ] Transforming kotlin-stdlib-jdk7-2.1.0.jar (org.jetbrains.kotlin:kotlin-stdlib-jdk7:2.1.0) with MergeInstrumentationAnalysisTransform
[        ] Transforming kotlinx-serialization-core-jvm-1.4.0.jar (org.jetbrains.kotlinx:kotlinx-serialization-core-jvm:1.4.0) with InstrumentationAnalysisTransform
[        ] Transforming kotlin-reflect-2.1.0.jar (org.jetbrains.kotlin:kotlin-reflect:2.1.0) with ExternalDependencyInstrumentingArtifactTransform
[        ] Transforming kotlin-stdlib-jdk7-2.1.0.jar (org.jetbrains.kotlin:kotlin-stdlib-jdk7:2.1.0) with ExternalDependencyInstrumentingArtifactTransform
[        ] Transforming kotlinx-serialization-core-jvm-1.4.0.jar (org.jetbrains.kotlinx:kotlinx-serialization-core-jvm:1.4.0) with MergeInstrumentationAnalysisTransform
[        ] Transforming kotlin-stdlib-2.1.0.jar (org.jetbrains.kotlin:kotlin-stdlib:2.1.0) with InstrumentationAnalysisTransform
[        ] Transforming kotlin-stdlib-2.1.0.jar (org.jetbrains.kotlin:kotlin-stdlib:2.1.0) with MergeInstrumentationAnalysisTransform
[        ] Transforming kotlinx-serialization-core-jvm-1.4.0.jar (org.jetbrains.kotlinx:kotlinx-serialization-core-jvm:1.4.0) with ExternalDependencyInstrumentingArtifactTransform
[        ] Transforming kotlin-stdlib-jdk8-2.1.0.jar (org.jetbrains.kotlin:kotlin-stdlib-jdk8:2.1.0) with InstrumentationAnalysisTransform
[        ] Transforming kotlin-stdlib-jdk8-2.1.0.jar (org.jetbrains.kotlin:kotlin-stdlib-jdk8:2.1.0) with MergeInstrumentationAnalysisTransform
[        ] Transforming kotlin-stdlib-2.1.0.jar (org.jetbrains.kotlin:kotlin-stdlib:2.1.0) with ExternalDependencyInstrumentingArtifactTransform
[        ] Transforming transform-api-2.0.0-deprecated-use-gradle-api.jar (com.android.tools.build:transform-api:2.0.0-deprecated-use-gradle-api) with InstrumentationAnalysisTransform
[        ] Transforming transform-api-2.0.0-deprecated-use-gradle-api.jar (com.android.tools.build:transform-api:2.0.0-deprecated-use-gradle-api) with MergeInstrumentationAnalysisTransform
[        ] Transforming httpmime-4.5.6.jar (org.apache.httpcomponents:httpmime:4.5.6) with InstrumentationAnalysisTransform
[        ] Transforming kotlin-stdlib-jdk8-2.1.0.jar (org.jetbrains.kotlin:kotlin-stdlib-jdk8:2.1.0) with ExternalDependencyInstrumentingArtifactTransform
[        ] Transforming httpmime-4.5.6.jar (org.apache.httpcomponents:httpmime:4.5.6) with MergeInstrumentationAnalysisTransform
[        ] Transforming transform-api-2.0.0-deprecated-use-gradle-api.jar (com.android.tools.build:transform-api:2.0.0-deprecated-use-gradle-api) with ExternalDependencyInstrumentingArtifactTransform
[        ] Transforming commons-io-2.16.1.jar (commons-io:commons-io:2.16.1) with InstrumentationAnalysisTransform
[        ] Transforming commons-io-2.16.1.jar (commons-io:commons-io:2.16.1) with MergeInstrumentationAnalysisTransform
[        ] Transforming asm-commons-9.7.jar (org.ow2.asm:asm-commons:9.7) with InstrumentationAnalysisTransform
[        ] Transforming httpmime-4.5.6.jar (org.apache.httpcomponents:httpmime:4.5.6) with ExternalDependencyInstrumentingArtifactTransform
[        ] Transforming asm-commons-9.7.jar (org.ow2.asm:asm-commons:9.7) with MergeInstrumentationAnalysisTransform
[        ] Transforming asm-util-9.7.jar (org.ow2.asm:asm-util:9.7) with InstrumentationAnalysisTransform
[        ] Transforming commons-io-2.16.1.jar (commons-io:commons-io:2.16.1) with ExternalDependencyInstrumentingArtifactTransform
[        ] Transforming asm-util-9.7.jar (org.ow2.asm:asm-util:9.7) with MergeInstrumentationAnalysisTransform
[        ] Transforming asm-analysis-9.7.jar (org.ow2.asm:asm-analysis:9.7) with InstrumentationAnalysisTransform
[        ] Transforming asm-commons-9.7.jar (org.ow2.asm:asm-commons:9.7) with ExternalDependencyInstrumentingArtifactTransform
[        ] Transforming asm-analysis-9.7.jar (org.ow2.asm:asm-analysis:9.7) with MergeInstrumentationAnalysisTransform
[        ] Transforming asm-tree-9.7.jar (org.ow2.asm:asm-tree:9.7) with InstrumentationAnalysisTransform
[        ] Transforming asm-util-9.7.jar (org.ow2.asm:asm-util:9.7) with ExternalDependencyInstrumentingArtifactTransform
[        ] Transforming asm-tree-9.7.jar (org.ow2.asm:asm-tree:9.7) with MergeInstrumentationAnalysisTransform
[        ] Transforming asm-analysis-9.7.jar (org.ow2.asm:asm-analysis:9.7) with ExternalDependencyInstrumentingArtifactTransform
[        ] Transforming asm-9.7.jar (org.ow2.asm:asm:9.7) with InstrumentationAnalysisTransform
[        ] Transforming asm-9.7.jar (org.ow2.asm:asm:9.7) with MergeInstrumentationAnalysisTransform
[        ] Transforming asm-tree-9.7.jar (org.ow2.asm:asm-tree:9.7) with ExternalDependencyInstrumentingArtifactTransform
[        ] Transforming apkzlib-8.9.1.jar (com.android.tools.build:apkzlib:8.9.1) with InstrumentationAnalysisTransform
[        ] Transforming apkzlib-8.9.1.jar (com.android.tools.build:apkzlib:8.9.1) with MergeInstrumentationAnalysisTransform
[        ] Transforming asm-9.7.jar (org.ow2.asm:asm:9.7) with ExternalDependencyInstrumentingArtifactTransform
[        ] Transforming bcpkix-jdk18on-1.79.jar (org.bouncycastle:bcpkix-jdk18on:1.79) with InstrumentationAnalysisTransform
[        ] Transforming bcpkix-jdk18on-1.79.jar (org.bouncycastle:bcpkix-jdk18on:1.79) with MergeInstrumentationAnalysisTransform
[        ] Transforming jaxb-runtime-2.3.2.jar (org.glassfish.jaxb:jaxb-runtime:2.3.2) with InstrumentationAnalysisTransform
[        ] Transforming apkzlib-8.9.1.jar (com.android.tools.build:apkzlib:8.9.1) with ExternalDependencyInstrumentingArtifactTransform
[        ] Transforming jaxb-runtime-2.3.2.jar (org.glassfish.jaxb:jaxb-runtime:2.3.2) with MergeInstrumentationAnalysisTransform
[        ] Transforming jopt-simple-4.9.jar (net.sf.jopt-simple:jopt-simple:4.9) with InstrumentationAnalysisTransform
[        ] Transforming bcpkix-jdk18on-1.79.jar (org.bouncycastle:bcpkix-jdk18on:1.79) with ExternalDependencyInstrumentingArtifactTransform
[        ] Transforming jopt-simple-4.9.jar (net.sf.jopt-simple:jopt-simple:4.9) with MergeInstrumentationAnalysisTransform
[        ] Transforming javapoet-1.10.0.jar (com.squareup:javapoet:1.10.0) with InstrumentationAnalysisTransform
[        ] Transforming jaxb-runtime-2.3.2.jar (org.glassfish.jaxb:jaxb-runtime:2.3.2) with ExternalDependencyInstrumentingArtifactTransform
[        ] Transforming javapoet-1.10.0.jar (com.squareup:javapoet:1.10.0) with MergeInstrumentationAnalysisTransform
[        ] Transforming protobuf-java-util-3.22.3.jar (com.google.protobuf:protobuf-java-util:3.22.3) with InstrumentationAnalysisTransform
[        ] Transforming jopt-simple-4.9.jar (net.sf.jopt-simple:jopt-simple:4.9) with ExternalDependencyInstrumentingArtifactTransform
[        ] Transforming protobuf-java-util-3.22.3.jar (com.google.protobuf:protobuf-java-util:3.22.3) with MergeInstrumentationAnalysisTransform
[        ] Transforming javapoet-1.10.0.jar (com.squareup:javapoet:1.10.0) with ExternalDependencyInstrumentingArtifactTransform
[        ] Transforming tink-1.7.0.jar (com.google.crypto.tink:tink:1.7.0) with InstrumentationAnalysisTransform
[        ] Transforming protobuf-java-util-3.22.3.jar (com.google.protobuf:protobuf-java-util:3.22.3) with ExternalDependencyInstrumentingArtifactTransform
[        ] Transforming tink-1.7.0.jar (com.google.crypto.tink:tink:1.7.0) with MergeInstrumentationAnalysisTransform
[        ] Transforming core-proto-0.0.9-alpha03.jar (com.google.testing.platform:core-proto:0.0.9-alpha03) with InstrumentationAnalysisTransform
[        ] Transforming core-proto-0.0.9-alpha03.jar (com.google.testing.platform:core-proto:0.0.9-alpha03) with MergeInstrumentationAnalysisTransform
[        ] Transforming protos-31.9.1.jar (com.android.tools.analytics-library:protos:31.9.1) with InstrumentationAnalysisTransform
[        ] Transforming protos-31.9.1.jar (com.android.tools.analytics-library:protos:31.9.1) with MergeInstrumentationAnalysisTransform
[        ] Transforming core-proto-0.0.9-alpha03.jar (com.google.testing.platform:core-proto:0.0.9-alpha03) with ExternalDependencyInstrumentingArtifactTransform
[        ] Transforming tink-1.7.0.jar (com.google.crypto.tink:tink:1.7.0) with ExternalDependencyInstrumentingArtifactTransform
[        ] Transforming grpc-protobuf-1.57.2.jar (io.grpc:grpc-protobuf:1.57.2) with InstrumentationAnalysisTransform
[        ] Transforming protos-31.9.1.jar (com.android.tools.analytics-library:protos:31.9.1) with ExternalDependencyInstrumentingArtifactTransform
[        ] Transforming grpc-protobuf-1.57.2.jar (io.grpc:grpc-protobuf:1.57.2) with MergeInstrumentationAnalysisTransform
[        ] Transforming proto-google-common-protos-2.17.0.jar (com.google.api.grpc:proto-google-common-protos:2.17.0) with InstrumentationAnalysisTransform
[        ] Transforming proto-google-common-protos-2.17.0.jar (com.google.api.grpc:proto-google-common-protos:2.17.0) with MergeInstrumentationAnalysisTransform
[        ] Transforming protobuf-java-3.24.4.jar (com.google.protobuf:protobuf-java:3.24.4) with InstrumentationAnalysisTransform
[        ] Transforming protobuf-java-3.24.4.jar (com.google.protobuf:protobuf-java:3.24.4) with MergeInstrumentationAnalysisTransform
[        ] Transforming grpc-protobuf-1.57.2.jar (io.grpc:grpc-protobuf:1.57.2) with ExternalDependencyInstrumentingArtifactTransform
[        ] Transforming proto-google-common-protos-2.17.0.jar (com.google.api.grpc:proto-google-common-protos:2.17.0) with ExternalDependencyInstrumentingArtifactTransform
[        ] Transforming kotlin-build-statistics-2.1.0.jar (org.jetbrains.kotlin:kotlin-build-statistics:2.1.0) with InstrumentationAnalysisTransform
[        ] Transforming protobuf-java-3.24.4.jar (com.google.protobuf:protobuf-java:3.24.4) with ExternalDependencyInstrumentingArtifactTransform
[        ] Transforming kotlin-build-statistics-2.1.0.jar (org.jetbrains.kotlin:kotlin-build-statistics:2.1.0) with MergeInstrumentationAnalysisTransform
[        ] Transforming grpc-netty-1.57.2.jar (io.grpc:grpc-netty:1.57.2) with InstrumentationAnalysisTransform
[        ] Transforming kotlin-build-statistics-2.1.0.jar (org.jetbrains.kotlin:kotlin-build-statistics:2.1.0) with ExternalDependencyInstrumentingArtifactTransform
[        ] Transforming grpc-netty-1.57.2.jar (io.grpc:grpc-netty:1.57.2) with MergeInstrumentationAnalysisTransform
[        ] Transforming grpc-core-1.57.2.jar (io.grpc:grpc-core:1.57.2) with InstrumentationAnalysisTransform
[        ] Transforming grpc-netty-1.57.2.jar (io.grpc:grpc-netty:1.57.2) with ExternalDependencyInstrumentingArtifactTransform
[        ] Transforming grpc-core-1.57.2.jar (io.grpc:grpc-core:1.57.2) with MergeInstrumentationAnalysisTransform
[        ] Transforming gson-2.10.1.jar (com.google.code.gson:gson:2.10.1) with InstrumentationAnalysisTransform
[        ] Transforming gson-2.10.1.jar (com.google.code.gson:gson:2.10.1) with MergeInstrumentationAnalysisTransform
[        ] Transforming grpc-core-1.57.2.jar (io.grpc:grpc-core:1.57.2) with ExternalDependencyInstrumentingArtifactTransform
[        ] Transforming grpc-stub-1.57.2.jar (io.grpc:grpc-stub:1.57.2) with InstrumentationAnalysisTransform
[        ] Transforming gson-2.10.1.jar (com.google.code.gson:gson:2.10.1) with ExternalDependencyInstrumentingArtifactTransform
[        ] Transforming grpc-stub-1.57.2.jar (io.grpc:grpc-stub:1.57.2) with MergeInstrumentationAnalysisTransform
[        ] Transforming tensorflow-lite-metadata-0.2.0.jar (org.tensorflow:tensorflow-lite-metadata:0.2.0) with InstrumentationAnalysisTransform
[        ] Transforming tensorflow-lite-metadata-0.2.0.jar (org.tensorflow:tensorflow-lite-metadata:0.2.0) with MergeInstrumentationAnalysisTransform
[        ] Transforming grpc-stub-1.57.2.jar (io.grpc:grpc-stub:1.57.2) with ExternalDependencyInstrumentingArtifactTransform
[        ] Transforming flatbuffers-java-1.12.0.jar (com.google.flatbuffers:flatbuffers-java:1.12.0) with InstrumentationAnalysisTransform
[        ] Transforming tensorflow-lite-metadata-0.2.0.jar (org.tensorflow:tensorflow-lite-metadata:0.2.0) with ExternalDependencyInstrumentingArtifactTransform
[        ] Transforming flatbuffers-java-1.12.0.jar (com.google.flatbuffers:flatbuffers-java:1.12.0) with MergeInstrumentationAnalysisTransform
[        ] Transforming kotlin-gradle-plugin-idea-proto-2.1.0.jar (org.jetbrains.kotlin:kotlin-gradle-plugin-idea-proto:2.1.0) with InstrumentationAnalysisTransform
[        ] Transforming flatbuffers-java-1.12.0.jar (com.google.flatbuffers:flatbuffers-java:1.12.0) with ExternalDependencyInstrumentingArtifactTransform
[        ] Transforming kotlin-gradle-plugin-idea-proto-2.1.0.jar (org.jetbrains.kotlin:kotlin-gradle-plugin-idea-proto:2.1.0) with MergeInstrumentationAnalysisTransform
[        ] Transforming kotlin-gradle-plugin-idea-2.1.0.jar (org.jetbrains.kotlin:kotlin-gradle-plugin-idea:2.1.0) with InstrumentationAnalysisTransform
[        ] Transforming kotlin-gradle-plugin-idea-2.1.0.jar (org.jetbrains.kotlin:kotlin-gradle-plugin-idea:2.1.0) with MergeInstrumentationAnalysisTransform
[        ] Transforming kotlin-gradle-plugin-idea-proto-2.1.0.jar (org.jetbrains.kotlin:kotlin-gradle-plugin-idea-proto:2.1.0) with ExternalDependencyInstrumentingArtifactTransform
[        ] Transforming kotlin-klib-commonizer-api-2.1.0.jar (org.jetbrains.kotlin:kotlin-klib-commonizer-api:2.1.0) with InstrumentationAnalysisTransform
[        ] Transforming kotlin-klib-commonizer-api-2.1.0.jar (org.jetbrains.kotlin:kotlin-klib-commonizer-api:2.1.0) with MergeInstrumentationAnalysisTransform
[        ] Transforming kotlin-util-klib-metadata-2.1.0.jar (org.jetbrains.kotlin:kotlin-util-klib-metadata:2.1.0) with InstrumentationAnalysisTransform
[        ] Transforming kotlin-gradle-plugin-idea-2.1.0.jar (org.jetbrains.kotlin:kotlin-gradle-plugin-idea:2.1.0) with ExternalDependencyInstrumentingArtifactTransform
[        ] Transforming kotlin-util-klib-metadata-2.1.0.jar (org.jetbrains.kotlin:kotlin-util-klib-metadata:2.1.0) with MergeInstrumentationAnalysisTransform
[        ] Transforming kotlin-compiler-runner-2.1.0.jar (org.jetbrains.kotlin:kotlin-compiler-runner:2.1.0) with InstrumentationAnalysisTransform
[        ] Transforming kotlin-klib-commonizer-api-2.1.0.jar (org.jetbrains.kotlin:kotlin-klib-commonizer-api:2.1.0) with ExternalDependencyInstrumentingArtifactTransform
[        ] Transforming kotlin-compiler-runner-2.1.0.jar (org.jetbrains.kotlin:kotlin-compiler-runner:2.1.0) with MergeInstrumentationAnalysisTransform
[        ] Transforming kotlin-util-klib-metadata-2.1.0.jar (org.jetbrains.kotlin:kotlin-util-klib-metadata:2.1.0) with ExternalDependencyInstrumentingArtifactTransform
[        ] Transforming jimfs-1.1.jar (com.google.jimfs:jimfs:1.1) with InstrumentationAnalysisTransform
[        ] Transforming jimfs-1.1.jar (com.google.jimfs:jimfs:1.1) with MergeInstrumentationAnalysisTransform
[        ] Transforming grpc-context-1.57.2.jar (io.grpc:grpc-context:1.57.2) with InstrumentationAnalysisTransform
[        ] Transforming kotlin-compiler-runner-2.1.0.jar (org.jetbrains.kotlin:kotlin-compiler-runner:2.1.0) with ExternalDependencyInstrumentingArtifactTransform
[        ] Transforming grpc-context-1.57.2.jar (io.grpc:grpc-context:1.57.2) with MergeInstrumentationAnalysisTransform
[        ] Transforming grpc-protobuf-lite-1.57.2.jar (io.grpc:grpc-protobuf-lite:1.57.2) with InstrumentationAnalysisTransform
[        ] Transforming grpc-protobuf-lite-1.57.2.jar (io.grpc:grpc-protobuf-lite:1.57.2) with MergeInstrumentationAnalysisTransform
[        ] Transforming jimfs-1.1.jar (com.google.jimfs:jimfs:1.1) with ExternalDependencyInstrumentingArtifactTransform
[        ] Transforming grpc-context-1.57.2.jar (io.grpc:grpc-context:1.57.2) with ExternalDependencyInstrumentingArtifactTransform
[        ] Transforming grpc-api-1.57.2.jar (io.grpc:grpc-api:1.57.2) with InstrumentationAnalysisTransform
[        ] Transforming grpc-api-1.57.2.jar (io.grpc:grpc-api:1.57.2) with MergeInstrumentationAnalysisTransform
[        ] Transforming grpc-protobuf-lite-1.57.2.jar (io.grpc:grpc-protobuf-lite:1.57.2) with ExternalDependencyInstrumentingArtifactTransform
[        ] Transforming guava-32.0.1-jre.jar (com.google.guava:guava:32.0.1-jre) with InstrumentationAnalysisTransform
[        ] Transforming grpc-api-1.57.2.jar (io.grpc:grpc-api:1.57.2) with ExternalDependencyInstrumentingArtifactTransform
[        ] Transforming guava-32.0.1-jre.jar (com.google.guava:guava:32.0.1-jre) with MergeInstrumentationAnalysisTransform
[        ] Transforming dagger-2.28.3.jar (com.google.dagger:dagger:2.28.3) with InstrumentationAnalysisTransform
[        ] Transforming dagger-2.28.3.jar (com.google.dagger:dagger:2.28.3) with MergeInstrumentationAnalysisTransform
[        ] Transforming javax.inject-1.jar (javax.inject:javax.inject:1) with InstrumentationAnalysisTransform
[        ] Transforming guava-32.0.1-jre.jar (com.google.guava:guava:32.0.1-jre) with ExternalDependencyInstrumentingArtifactTransform
[        ] Transforming javax.inject-1.jar (javax.inject:javax.inject:1) with MergeInstrumentationAnalysisTransform
[        ] Transforming kxml2-2.3.0.jar (net.sf.kxml:kxml2:2.3.0) with InstrumentationAnalysisTransform
[        ] Transforming dagger-2.28.3.jar (com.google.dagger:dagger:2.28.3) with ExternalDependencyInstrumentingArtifactTransform
[        ] Transforming kxml2-2.3.0.jar (net.sf.kxml:kxml2:2.3.0) with MergeInstrumentationAnalysisTransform
[        ] Transforming javax.inject-1.jar (javax.inject:javax.inject:1) with ExternalDependencyInstrumentingArtifactTransform
[        ] Transforming bcutil-jdk18on-1.79.jar (org.bouncycastle:bcutil-jdk18on:1.79) with InstrumentationAnalysisTransform
[        ] Transforming bcutil-jdk18on-1.79.jar (org.bouncycastle:bcutil-jdk18on:1.79) with MergeInstrumentationAnalysisTransform
[        ] Transforming bcprov-jdk18on-1.79.jar (org.bouncycastle:bcprov-jdk18on:1.79) with InstrumentationAnalysisTransform
[        ] Transforming kxml2-2.3.0.jar (net.sf.kxml:kxml2:2.3.0) with ExternalDependencyInstrumentingArtifactTransform
[        ] Transforming bcprov-jdk18on-1.79.jar (org.bouncycastle:bcprov-jdk18on:1.79) with MergeInstrumentationAnalysisTransform
[        ] Transforming commons-compress-1.21.jar (org.apache.commons:commons-compress:1.21) with InstrumentationAnalysisTransform
[        ] Transforming bcutil-jdk18on-1.79.jar (org.bouncycastle:bcutil-jdk18on:1.79) with ExternalDependencyInstrumentingArtifactTransform
[        ] Transforming bcprov-jdk18on-1.79.jar (org.bouncycastle:bcprov-jdk18on:1.79) with ExternalDependencyInstrumentingArtifactTransform
[        ] Transforming commons-compress-1.21.jar (org.apache.commons:commons-compress:1.21) with MergeInstrumentationAnalysisTransform
[        ] Transforming httpclient-4.5.14.jar (org.apache.httpcomponents:httpclient:4.5.14) with InstrumentationAnalysisTransform
[        ] Transforming httpclient-4.5.14.jar (org.apache.httpcomponents:httpclient:4.5.14) with MergeInstrumentationAnalysisTransform
[        ] Transforming commons-compress-1.21.jar (org.apache.commons:commons-compress:1.21) with ExternalDependencyInstrumentingArtifactTransform
[        ] Transforming httpcore-4.4.16.jar (org.apache.httpcomponents:httpcore:4.4.16) with InstrumentationAnalysisTransform
[        ] Transforming httpclient-4.5.14.jar (org.apache.httpcomponents:httpclient:4.5.14) with ExternalDependencyInstrumentingArtifactTransform
[        ] Transforming httpcore-4.4.16.jar (org.apache.httpcomponents:httpcore:4.4.16) with MergeInstrumentationAnalysisTransform
[        ] Transforming javax.activation-1.2.0.jar (com.sun.activation:javax.activation:1.2.0) with InstrumentationAnalysisTransform
[        ] Transforming javax.activation-1.2.0.jar (com.sun.activation:javax.activation:1.2.0) with MergeInstrumentationAnalysisTransform
[        ] Transforming annotations-23.0.0.jar (org.jetbrains:annotations:23.0.0) with InstrumentationAnalysisTransform
[        ] Transforming httpcore-4.4.16.jar (org.apache.httpcomponents:httpcore:4.4.16) with ExternalDependencyInstrumentingArtifactTransform
[        ] Transforming annotations-23.0.0.jar (org.jetbrains:annotations:23.0.0) with MergeInstrumentationAnalysisTransform
[        ] Transforming javax.activation-1.2.0.jar (com.sun.activation:javax.activation:1.2.0) with ExternalDependencyInstrumentingArtifactTransform
[        ] Transforming signflinger-8.9.1.jar (com.android:signflinger:8.9.1) with InstrumentationAnalysisTransform
[        ] Transforming annotations-23.0.0.jar (org.jetbrains:annotations:23.0.0) with ExternalDependencyInstrumentingArtifactTransform
[        ] Transforming signflinger-8.9.1.jar (com.android:signflinger:8.9.1) with MergeInstrumentationAnalysisTransform
[        ] Transforming zipflinger-8.9.1.jar (com.android:zipflinger:8.9.1) with InstrumentationAnalysisTransform
[        ] Transforming zipflinger-8.9.1.jar (com.android:zipflinger:8.9.1) with MergeInstrumentationAnalysisTransform
[        ] Transforming signflinger-8.9.1.jar (com.android:signflinger:8.9.1) with ExternalDependencyInstrumentingArtifactTransform
[        ] Transforming annotations-31.9.1.jar (com.android.tools:annotations:31.9.1) with InstrumentationAnalysisTransform
[        ] Transforming zipflinger-8.9.1.jar (com.android:zipflinger:8.9.1) with ExternalDependencyInstrumentingArtifactTransform
[        ] Transforming annotations-31.9.1.jar (com.android.tools:annotations:31.9.1) with MergeInstrumentationAnalysisTransform
[        ] Transforming jna-platform-5.6.0.jar (net.java.dev.jna:jna-platform:5.6.0) with InstrumentationAnalysisTransform
[        ] Transforming annotations-31.9.1.jar (com.android.tools:annotations:31.9.1) with ExternalDependencyInstrumentingArtifactTransform
[        ] Transforming jna-platform-5.6.0.jar (net.java.dev.jna:jna-platform:5.6.0) with MergeInstrumentationAnalysisTransform
[        ] Transforming juniversalchardet-1.0.3.jar (com.googlecode.juniversalchardet:juniversalchardet:1.0.3) with InstrumentationAnalysisTransform
[        ] Transforming jna-platform-5.6.0.jar (net.java.dev.jna:jna-platform:5.6.0) with ExternalDependencyInstrumentingArtifactTransform
[        ] Transforming juniversalchardet-1.0.3.jar (com.googlecode.juniversalchardet:juniversalchardet:1.0.3) with MergeInstrumentationAnalysisTransform
[        ] Transforming javax.annotation-api-1.3.2.jar (javax.annotation:javax.annotation-api:1.3.2) with InstrumentationAnalysisTransform
[        ] Transforming javax.annotation-api-1.3.2.jar (javax.annotation:javax.annotation-api:1.3.2) with MergeInstrumentationAnalysisTransform
[        ] Transforming juniversalchardet-1.0.3.jar (com.googlecode.juniversalchardet:juniversalchardet:1.0.3) with ExternalDependencyInstrumentingArtifactTransform
[        ] Transforming stax-ex-1.8.1.jar (org.jvnet.staxex:stax-ex:1.8.1) with InstrumentationAnalysisTransform
[        ] Transforming stax-ex-1.8.1.jar (org.jvnet.staxex:stax-ex:1.8.1) with MergeInstrumentationAnalysisTransform
[        ] Transforming jakarta.xml.bind-api-2.3.2.jar (jakarta.xml.bind:jakarta.xml.bind-api:2.3.2) with InstrumentationAnalysisTransform
[        ] Transforming javax.annotation-api-1.3.2.jar (javax.annotation:javax.annotation-api:1.3.2) with ExternalDependencyInstrumentingArtifactTransform
[        ] Transforming jakarta.xml.bind-api-2.3.2.jar (jakarta.xml.bind:jakarta.xml.bind-api:2.3.2) with MergeInstrumentationAnalysisTransform
[        ] Transforming txw2-2.3.2.jar (org.glassfish.jaxb:txw2:2.3.2) with InstrumentationAnalysisTransform
[        ] Transforming stax-ex-1.8.1.jar (org.jvnet.staxex:stax-ex:1.8.1) with ExternalDependencyInstrumentingArtifactTransform
[        ] Transforming jakarta.xml.bind-api-2.3.2.jar (jakarta.xml.bind:jakarta.xml.bind-api:2.3.2) with ExternalDependencyInstrumentingArtifactTransform
[        ] Transforming txw2-2.3.2.jar (org.glassfish.jaxb:txw2:2.3.2) with MergeInstrumentationAnalysisTransform
[        ] Transforming istack-commons-runtime-3.0.8.jar (com.sun.istack:istack-commons-runtime:3.0.8) with InstrumentationAnalysisTransform
[        ] Transforming istack-commons-runtime-3.0.8.jar (com.sun.istack:istack-commons-runtime:3.0.8) with MergeInstrumentationAnalysisTransform
[        ] Transforming txw2-2.3.2.jar (org.glassfish.jaxb:txw2:2.3.2) with ExternalDependencyInstrumentingArtifactTransform
[        ] Transforming FastInfoset-1.2.16.jar (com.sun.xml.fastinfoset:FastInfoset:1.2.16) with InstrumentationAnalysisTransform
[        ] Transforming FastInfoset-1.2.16.jar (com.sun.xml.fastinfoset:FastInfoset:1.2.16) with MergeInstrumentationAnalysisTransform
[        ] Transforming istack-commons-runtime-3.0.8.jar (com.sun.istack:istack-commons-runtime:3.0.8) with ExternalDependencyInstrumentingArtifactTransform
[        ] Transforming jakarta.activation-api-1.2.1.jar (jakarta.activation:jakarta.activation-api:1.2.1) with InstrumentationAnalysisTransform
[        ] Transforming jakarta.activation-api-1.2.1.jar (jakarta.activation:jakarta.activation-api:1.2.1) with MergeInstrumentationAnalysisTransform
[        ] Transforming FastInfoset-1.2.16.jar (com.sun.xml.fastinfoset:FastInfoset:1.2.16) with ExternalDependencyInstrumentingArtifactTransform
[        ] Transforming auto-value-annotations-1.6.2.jar (com.google.auto.value:auto-value-annotations:1.6.2) with InstrumentationAnalysisTransform
[        ] Transforming jakarta.activation-api-1.2.1.jar (jakarta.activation:jakarta.activation-api:1.2.1) with ExternalDependencyInstrumentingArtifactTransform
[        ] Transforming auto-value-annotations-1.6.2.jar (com.google.auto.value:auto-value-annotations:1.6.2) with MergeInstrumentationAnalysisTransform
[        ] Transforming error_prone_annotations-2.18.0.jar (com.google.errorprone:error_prone_annotations:2.18.0) with InstrumentationAnalysisTransform
[        ] Transforming error_prone_annotations-2.18.0.jar (com.google.errorprone:error_prone_annotations:2.18.0) with MergeInstrumentationAnalysisTransform
[        ] Transforming jose4j-0.9.5.jar (org.bitbucket.b_c:jose4j:0.9.5) with InstrumentationAnalysisTransform
[        ] Transforming auto-value-annotations-1.6.2.jar (com.google.auto.value:auto-value-annotations:1.6.2) with ExternalDependencyInstrumentingArtifactTransform
[        ] Transforming jose4j-0.9.5.jar (org.bitbucket.b_c:jose4j:0.9.5) with MergeInstrumentationAnalysisTransform
[        ] Transforming slf4j-api-1.7.30.jar (org.slf4j:slf4j-api:1.7.30) with InstrumentationAnalysisTransform
[        ] Transforming error_prone_annotations-2.18.0.jar (com.google.errorprone:error_prone_annotations:2.18.0) with ExternalDependencyInstrumentingArtifactTransform
[        ] Transforming slf4j-api-1.7.30.jar (org.slf4j:slf4j-api:1.7.30) with MergeInstrumentationAnalysisTransform
[        ] Transforming jdom2-2.0.6.jar (org.jdom:jdom2:2.0.6) with InstrumentationAnalysisTransform
[        ] Transforming jose4j-0.9.5.jar (org.bitbucket.b_c:jose4j:0.9.5) with ExternalDependencyInstrumentingArtifactTransform
[        ] Transforming jdom2-2.0.6.jar (org.jdom:jdom2:2.0.6) with MergeInstrumentationAnalysisTransform
[        ] Transforming slf4j-api-1.7.30.jar (org.slf4j:slf4j-api:1.7.30) with ExternalDependencyInstrumentingArtifactTransform
[        ] Transforming jsr305-3.0.2.jar (com.google.code.findbugs:jsr305:3.0.2) with InstrumentationAnalysisTransform
[        ] Transforming jdom2-2.0.6.jar (org.jdom:jdom2:2.0.6) with ExternalDependencyInstrumentingArtifactTransform
[        ] Transforming jsr305-3.0.2.jar (com.google.code.findbugs:jsr305:3.0.2) with MergeInstrumentationAnalysisTransform
[        ] Transforming j2objc-annotations-2.8.jar (com.google.j2objc:j2objc-annotations:2.8) with InstrumentationAnalysisTransform
[        ] Transforming j2objc-annotations-2.8.jar (com.google.j2objc:j2objc-annotations:2.8) with MergeInstrumentationAnalysisTransform
[        ] Transforming checker-qual-3.33.0.jar (org.checkerframework:checker-qual:3.33.0) with InstrumentationAnalysisTransform
[        ] Transforming checker-qual-3.33.0.jar (org.checkerframework:checker-qual:3.33.0) with MergeInstrumentationAnalysisTransform
[        ] Transforming apksig-8.9.1.jar (com.android.tools.build:apksig:8.9.1) with InstrumentationAnalysisTransform
[        ] Transforming jsr305-3.0.2.jar (com.google.code.findbugs:jsr305:3.0.2) with ExternalDependencyInstrumentingArtifactTransform
[        ] Transforming apksig-8.9.1.jar (com.android.tools.build:apksig:8.9.1) with MergeInstrumentationAnalysisTransform
[        ] Transforming j2objc-annotations-2.8.jar (com.google.j2objc:j2objc-annotations:2.8) with ExternalDependencyInstrumentingArtifactTransform
[        ] Transforming javawriter-2.5.0.jar (com.squareup:javawriter:2.5.0) with InstrumentationAnalysisTransform
[        ] Transforming checker-qual-3.33.0.jar (org.checkerframework:checker-qual:3.33.0) with ExternalDependencyInstrumentingArtifactTransform
[        ] Transforming javawriter-2.5.0.jar (com.squareup:javawriter:2.5.0) with MergeInstrumentationAnalysisTransform
[        ] Transforming apksig-8.9.1.jar (com.android.tools.build:apksig:8.9.1) with ExternalDependencyInstrumentingArtifactTransform
[        ] Transforming kotlin-gradle-plugin-annotations-2.1.0.jar (org.jetbrains.kotlin:kotlin-gradle-plugin-annotations:2.1.0) with InstrumentationAnalysisTransform
[        ] Transforming kotlin-gradle-plugin-annotations-2.1.0.jar (org.jetbrains.kotlin:kotlin-gradle-plugin-annotations:2.1.0) with MergeInstrumentationAnalysisTransform
[        ] Transforming javawriter-2.5.0.jar (com.squareup:javawriter:2.5.0) with ExternalDependencyInstrumentingArtifactTransform
[        ] Transforming kotlin-native-utils-2.1.0.jar (org.jetbrains.kotlin:kotlin-native-utils:2.1.0) with InstrumentationAnalysisTransform
[        ] Transforming kotlin-native-utils-2.1.0.jar (org.jetbrains.kotlin:kotlin-native-utils:2.1.0) with MergeInstrumentationAnalysisTransform
[        ] Transforming kotlin-tooling-core-2.1.0.jar (org.jetbrains.kotlin:kotlin-tooling-core:2.1.0) with InstrumentationAnalysisTransform
[        ] Transforming kotlin-gradle-plugin-annotations-2.1.0.jar (org.jetbrains.kotlin:kotlin-gradle-plugin-annotations:2.1.0) with ExternalDependencyInstrumentingArtifactTransform
[        ] Transforming kotlin-native-utils-2.1.0.jar (org.jetbrains.kotlin:kotlin-native-utils:2.1.0) with ExternalDependencyInstrumentingArtifactTransform
[        ] Transforming kotlin-tooling-core-2.1.0.jar (org.jetbrains.kotlin:kotlin-tooling-core:2.1.0) with MergeInstrumentationAnalysisTransform
[        ] Transforming kotlin-build-tools-api-2.1.0.jar (org.jetbrains.kotlin:kotlin-build-tools-api:2.1.0) with InstrumentationAnalysisTransform
[        ] Transforming kotlin-tooling-core-2.1.0.jar (org.jetbrains.kotlin:kotlin-tooling-core:2.1.0) with ExternalDependencyInstrumentingArtifactTransform
[        ] Transforming kotlin-build-tools-api-2.1.0.jar (org.jetbrains.kotlin:kotlin-build-tools-api:2.1.0) with MergeInstrumentationAnalysisTransform
[        ] Transforming kotlin-util-klib-2.1.0.jar (org.jetbrains.kotlin:kotlin-util-klib:2.1.0) with InstrumentationAnalysisTransform
[        ] Transforming kotlin-util-klib-2.1.0.jar (org.jetbrains.kotlin:kotlin-util-klib:2.1.0) with MergeInstrumentationAnalysisTransform
[        ] Transforming kotlin-build-tools-api-2.1.0.jar (org.jetbrains.kotlin:kotlin-build-tools-api:2.1.0) with ExternalDependencyInstrumentingArtifactTransform
[        ] Transforming kotlin-util-io-2.1.0.jar (org.jetbrains.kotlin:kotlin-util-io:2.1.0) with InstrumentationAnalysisTransform
[        ] Transforming kotlin-util-io-2.1.0.jar (org.jetbrains.kotlin:kotlin-util-io:2.1.0) with MergeInstrumentationAnalysisTransform
[        ] Transforming kotlin-daemon-client-2.1.0.jar (org.jetbrains.kotlin:kotlin-daemon-client:2.1.0) with InstrumentationAnalysisTransform
[        ] Transforming kotlin-util-klib-2.1.0.jar (org.jetbrains.kotlin:kotlin-util-klib:2.1.0) with ExternalDependencyInstrumentingArtifactTransform
[        ] Transforming kotlin-daemon-client-2.1.0.jar (org.jetbrains.kotlin:kotlin-daemon-client:2.1.0) with MergeInstrumentationAnalysisTransform
[        ] Transforming kotlin-util-io-2.1.0.jar (org.jetbrains.kotlin:kotlin-util-io:2.1.0) with ExternalDependencyInstrumentingArtifactTransform
[        ] Transforming kotlinx-coroutines-core-jvm-1.6.4.jar (org.jetbrains.kotlinx:kotlinx-coroutines-core-jvm:1.6.4) with InstrumentationAnalysisTransform
[        ] Transforming kotlin-daemon-client-2.1.0.jar (org.jetbrains.kotlin:kotlin-daemon-client:2.1.0) with ExternalDependencyInstrumentingArtifactTransform
[        ] Transforming kotlinx-coroutines-core-jvm-1.6.4.jar (org.jetbrains.kotlinx:kotlinx-coroutines-core-jvm:1.6.4) with MergeInstrumentationAnalysisTransform
[        ] Transforming failureaccess-1.0.1.jar (com.google.guava:failureaccess:1.0.1) with InstrumentationAnalysisTransform
[        ] Transforming failureaccess-1.0.1.jar (com.google.guava:failureaccess:1.0.1) with MergeInstrumentationAnalysisTransform
[        ] Transforming listenablefuture-9999.0-empty-to-avoid-conflict-with-guava.jar (com.google.guava:listenablefuture:9999.0-empty-to-avoid-conflict-with-guava) with InstrumentationAnalysisTransform
[        ] Transforming kotlinx-coroutines-core-jvm-1.6.4.jar (org.jetbrains.kotlinx:kotlinx-coroutines-core-jvm:1.6.4) with ExternalDependencyInstrumentingArtifactTransform
[        ] Transforming listenablefuture-9999.0-empty-to-avoid-conflict-with-guava.jar (com.google.guava:listenablefuture:9999.0-empty-to-avoid-conflict-with-guava) with MergeInstrumentationAnalysisTransform
[        ] Transforming failureaccess-1.0.1.jar (com.google.guava:failureaccess:1.0.1) with ExternalDependencyInstrumentingArtifactTransform
[        ] Transforming commons-logging-1.2.jar (commons-logging:commons-logging:1.2) with InstrumentationAnalysisTransform
[        ] Transforming commons-logging-1.2.jar (commons-logging:commons-logging:1.2) with MergeInstrumentationAnalysisTransform
[        ] Transforming listenablefuture-9999.0-empty-to-avoid-conflict-with-guava.jar (com.google.guava:listenablefuture:9999.0-empty-to-avoid-conflict-with-guava) with ExternalDependencyInstrumentingArtifactTransform
[        ] Transforming commons-codec-1.11.jar (commons-codec:commons-codec:1.11) with InstrumentationAnalysisTransform
[        ] Transforming commons-codec-1.11.jar (commons-codec:commons-codec:1.11) with MergeInstrumentationAnalysisTransform
[   +1 ms] Transforming jna-5.6.0.jar (net.java.dev.jna:jna:5.6.0) with InstrumentationAnalysisTransform
[        ] Transforming commons-logging-1.2.jar (commons-logging:commons-logging:1.2) with ExternalDependencyInstrumentingArtifactTransform
[        ] Transforming jna-5.6.0.jar (net.java.dev.jna:jna:5.6.0) with MergeInstrumentationAnalysisTransform
[        ] Transforming commons-codec-1.11.jar (commons-codec:commons-codec:1.11) with ExternalDependencyInstrumentingArtifactTransform
[        ] Transforming annotations-4.1.1.4.jar (com.google.android:annotations:4.1.1.4) with InstrumentationAnalysisTransform
[        ] Transforming jna-5.6.0.jar (net.java.dev.jna:jna:5.6.0) with ExternalDependencyInstrumentingArtifactTransform
[        ] Transforming annotations-4.1.1.4.jar (com.google.android:annotations:4.1.1.4) with MergeInstrumentationAnalysisTransform
[        ] Transforming animal-sniffer-annotations-1.23.jar (org.codehaus.mojo:animal-sniffer-annotations:1.23) with InstrumentationAnalysisTransform
[        ] Transforming animal-sniffer-annotations-1.23.jar (org.codehaus.mojo:animal-sniffer-annotations:1.23) with MergeInstrumentationAnalysisTransform
[        ] Transforming annotations-4.1.1.4.jar (com.google.android:annotations:4.1.1.4) with ExternalDependencyInstrumentingArtifactTransform
[        ] Transforming perfmark-api-0.26.0.jar (io.perfmark:perfmark-api:0.26.0) with InstrumentationAnalysisTransform
[        ] Transforming perfmark-api-0.26.0.jar (io.perfmark:perfmark-api:0.26.0) with MergeInstrumentationAnalysisTransform
[        ] Transforming animal-sniffer-annotations-1.23.jar (org.codehaus.mojo:animal-sniffer-annotations:1.23) with ExternalDependencyInstrumentingArtifactTransform
[        ] Transforming netty-codec-http2-4.1.93.Final.jar (io.netty:netty-codec-http2:4.1.93.Final) with InstrumentationAnalysisTransform
[        ] Transforming perfmark-api-0.26.0.jar (io.perfmark:perfmark-api:0.26.0) with ExternalDependencyInstrumentingArtifactTransform
[        ] Transforming netty-codec-http2-4.1.93.Final.jar (io.netty:netty-codec-http2:4.1.93.Final) with MergeInstrumentationAnalysisTransform
[        ] Transforming netty-handler-proxy-4.1.93.Final.jar (io.netty:netty-handler-proxy:4.1.93.Final) with InstrumentationAnalysisTransform
[        ] Transforming netty-codec-http2-4.1.93.Final.jar (io.netty:netty-codec-http2:4.1.93.Final) with ExternalDependencyInstrumentingArtifactTransform
[        ] Transforming netty-handler-proxy-4.1.93.Final.jar (io.netty:netty-handler-proxy:4.1.93.Final) with MergeInstrumentationAnalysisTransform
[        ] Transforming netty-codec-http-4.1.93.Final.jar (io.netty:netty-codec-http:4.1.93.Final) with InstrumentationAnalysisTransform
[        ] Transforming netty-handler-proxy-4.1.93.Final.jar (io.netty:netty-handler-proxy:4.1.93.Final) with ExternalDependencyInstrumentingArtifactTransform
[        ] Transforming netty-codec-http-4.1.93.Final.jar (io.netty:netty-codec-http:4.1.93.Final) with MergeInstrumentationAnalysisTransform
[        ] Transforming netty-handler-4.1.93.Final.jar (io.netty:netty-handler:4.1.93.Final) with InstrumentationAnalysisTransform
[        ] Transforming netty-handler-4.1.93.Final.jar (io.netty:netty-handler:4.1.93.Final) with MergeInstrumentationAnalysisTransform
[        ] Transforming netty-codec-http-4.1.93.Final.jar (io.netty:netty-codec-http:4.1.93.Final) with ExternalDependencyInstrumentingArtifactTransform
[        ] Transforming netty-transport-native-unix-common-4.1.93.Final.jar (io.netty:netty-transport-native-unix-common:4.1.93.Final) with InstrumentationAnalysisTransform
[        ] Transforming netty-handler-4.1.93.Final.jar (io.netty:netty-handler:4.1.93.Final) with ExternalDependencyInstrumentingArtifactTransform
[        ] Transforming netty-transport-native-unix-common-4.1.93.Final.jar (io.netty:netty-transport-native-unix-common:4.1.93.Final) with MergeInstrumentationAnalysisTransform
[        ] Transforming netty-codec-socks-4.1.93.Final.jar (io.netty:netty-codec-socks:4.1.93.Final) with InstrumentationAnalysisTransform
[        ] Transforming netty-transport-native-unix-common-4.1.93.Final.jar (io.netty:netty-transport-native-unix-common:4.1.93.Final) with ExternalDependencyInstrumentingArtifactTransform
[        ] Transforming netty-codec-socks-4.1.93.Final.jar (io.netty:netty-codec-socks:4.1.93.Final) with MergeInstrumentationAnalysisTransform
[        ] Transforming netty-codec-4.1.93.Final.jar (io.netty:netty-codec:4.1.93.Final) with InstrumentationAnalysisTransform
[        ] Transforming netty-codec-4.1.93.Final.jar (io.netty:netty-codec:4.1.93.Final) with MergeInstrumentationAnalysisTransform
[        ] Transforming netty-codec-socks-4.1.93.Final.jar (io.netty:netty-codec-socks:4.1.93.Final) with ExternalDependencyInstrumentingArtifactTransform
[        ] Transforming netty-transport-4.1.93.Final.jar (io.netty:netty-transport:4.1.93.Final) with InstrumentationAnalysisTransform
[        ] Transforming netty-transport-4.1.93.Final.jar (io.netty:netty-transport:4.1.93.Final) with MergeInstrumentationAnalysisTransform
[        ] Transforming netty-codec-4.1.93.Final.jar (io.netty:netty-codec:4.1.93.Final) with ExternalDependencyInstrumentingArtifactTransform
[        ] Transforming netty-buffer-4.1.93.Final.jar (io.netty:netty-buffer:4.1.93.Final) with InstrumentationAnalysisTransform
[        ] Transforming netty-transport-4.1.93.Final.jar (io.netty:netty-transport:4.1.93.Final) with ExternalDependencyInstrumentingArtifactTransform
[        ] Transforming netty-buffer-4.1.93.Final.jar (io.netty:netty-buffer:4.1.93.Final) with MergeInstrumentationAnalysisTransform
[        ] Transforming netty-resolver-4.1.93.Final.jar (io.netty:netty-resolver:4.1.93.Final) with InstrumentationAnalysisTransform
[        ] Transforming netty-resolver-4.1.93.Final.jar (io.netty:netty-resolver:4.1.93.Final) with MergeInstrumentationAnalysisTransform
[        ] Transforming netty-common-4.1.93.Final.jar (io.netty:netty-common:4.1.93.Final) with InstrumentationAnalysisTransform
[        ] Transforming netty-buffer-4.1.93.Final.jar (io.netty:netty-buffer:4.1.93.Final) with ExternalDependencyInstrumentingArtifactTransform
[        ] Transforming netty-common-4.1.93.Final.jar (io.netty:netty-common:4.1.93.Final) with MergeInstrumentationAnalysisTransform
[        ] Transforming netty-resolver-4.1.93.Final.jar (io.netty:netty-resolver:4.1.93.Final) with ExternalDependencyInstrumentingArtifactTransform
[        ] Transforming netty-common-4.1.93.Final.jar (io.netty:netty-common:4.1.93.Final) with ExternalDependencyInstrumentingArtifactTransform
[        ] Transforming gradle-1.0.0.jar (project :gradle) with ProjectDependencyInstrumentingArtifactTransform
[        ] Settings evaluated using settings file 'D:\Projects\govunity_connect3-master\android\settings.gradle'.
[  +81 ms] Projects loaded. Root project using build file 'D:\Projects\govunity_connect3-master\android\build.gradle'.
[        ] Included projects: [root project 'android', project ':app', project ':app_links', project ':cloud_firestore', project ':desktop_webview_auth', project ':firebase_auth', project ':firebase_core', project ':firebase_messaging', project ':flutter_local_notifications', project ':flutter_tts', project ':google_sign_in_android', project ':path_provider_android', project ':shared_preferences_android', project ':twitter_login', project ':url_launcher_android']
[ +491 ms] > Configure project :app
[        ] Evaluating project ':app' using build file 'D:\Projects\govunity_connect3-master\android\app\build.gradle'.
[        ] Using default execution profile
[        ] Using Kotlin Gradle Plugin gradle85 variant
[        ] C/C++: android.ndkVersion from module build.gradle is [27.0.12077973]
[        ] C/C++: android.ndkPath from module build.gradle is not set
[        ] C/C++: ndk.dir in local.properties is not set
[        ] C/C++: Not considering ANDROID_NDK_HOME because support was removed after deprecation period.
[        ] C/C++: sdkFolder is C:\Users\bhavy\AppData\Local\Android\sdk
[        ] C/C++: android.ndkVersion from module build.gradle is [27.0.12077973]
[        ] C/C++: android.ndkPath from module build.gradle is not set
[        ] C/C++: ndk.dir in local.properties is not set
[        ] C/C++: Not considering ANDROID_NDK_HOME because support was removed after deprecation period.
[        ] C/C++: sdkFolder is C:\Users\bhavy\AppData\Local\Android\sdk
[        ] C/C++: android.ndkVersion from module build.gradle is [27.0.12077973]
[        ] C/C++: android.ndkPath from module build.gradle is not set
[        ] C/C++: ndk.dir in local.properties is not set
[        ] C/C++: Not considering ANDROID_NDK_HOME because support was removed after deprecation period.
[        ] C/C++: sdkFolder is C:\Users\bhavy\AppData\Local\Android\sdk
[        ] C/C++: android.ndkVersion from module build.gradle is [27.0.12077973]
[        ] C/C++: android.ndkPath from module build.gradle is not set
[        ] C/C++: ndk.dir in local.properties is not set
[        ] C/C++: Not considering ANDROID_NDK_HOME because support was removed after deprecation period.
[        ] C/C++: sdkFolder is C:\Users\bhavy\AppData\Local\Android\sdk
[        ] C/C++: android.ndkVersion from module build.gradle is [27.0.12077973]
[        ] C/C++: android.ndkPath from module build.gradle is not set
[        ] C/C++: ndk.dir in local.properties is not set
[        ] C/C++: Not considering ANDROID_NDK_HOME because support was removed after deprecation period.
[        ] C/C++: sdkFolder is C:\Users\bhavy\AppData\Local\Android\sdk
[        ] C/C++: android.ndkVersion from module build.gradle is [27.0.12077973]
[        ] C/C++: android.ndkPath from module build.gradle is not set
[        ] C/C++: ndk.dir in local.properties is not set
[        ] C/C++: Not considering ANDROID_NDK_HOME because support was removed after deprecation period.
[        ] C/C++: sdkFolder is C:\Users\bhavy\AppData\Local\Android\sdk
[        ] C/C++: android.ndkVersion from module build.gradle is [27.0.12077973]
[        ] C/C++: android.ndkPath from module build.gradle is not set
[        ] C/C++: ndk.dir in local.properties is not set
[        ] C/C++: Not considering ANDROID_NDK_HOME because support was removed after deprecation period.
[        ] C/C++: sdkFolder is C:\Users\bhavy\AppData\Local\Android\sdk
[        ] C/C++: android.ndkVersion from module build.gradle is [27.0.12077973]
[        ] C/C++: android.ndkPath from module build.gradle is not set
[        ] C/C++: ndk.dir in local.properties is not set
[        ] C/C++: Not considering ANDROID_NDK_HOME because support was removed after deprecation period.
[        ] C/C++: sdkFolder is C:\Users\bhavy\AppData\Local\Android\sdk
[        ] C/C++: android.ndkVersion from module build.gradle is [27.0.12077973]
[        ] C/C++: android.ndkPath from module build.gradle is not set
[        ] C/C++: ndk.dir in local.properties is not set
[   +1 ms] C/C++: Not considering ANDROID_NDK_HOME because support was removed after deprecation period.
[        ] C/C++: sdkFolder is C:\Users\bhavy\AppData\Local\Android\sdk
[        ] C/C++: android.ndkVersion from module build.gradle is [27.0.12077973]
[        ] C/C++: android.ndkPath from module build.gradle is not set
[        ] C/C++: ndk.dir in local.properties is not set
[        ] C/C++: Not considering ANDROID_NDK_HOME because support was removed after deprecation period.
[        ] C/C++: sdkFolder is C:\Users\bhavy\AppData\Local\Android\sdk
[        ] C/C++: android.ndkVersion from module build.gradle is [27.0.12077973]
[        ] C/C++: android.ndkPath from module build.gradle is not set
[        ] C/C++: ndk.dir in local.properties is not set
[        ] C/C++: Not considering ANDROID_NDK_HOME because support was removed after deprecation period.
[        ] C/C++: sdkFolder is C:\Users\bhavy\AppData\Local\Android\sdk
[        ] C/C++: android.ndkVersion from module build.gradle is [27.0.12077973]
[        ] C/C++: android.ndkPath from module build.gradle is not set
[        ] C/C++: ndk.dir in local.properties is not set
[        ] C/C++: Not considering ANDROID_NDK_HOME because support was removed after deprecation period.
[        ] C/C++: sdkFolder is C:\Users\bhavy\AppData\Local\Android\sdk
[        ] C/C++: android.ndkVersion from module build.gradle is [27.0.12077973]
[        ] C/C++: android.ndkPath from module build.gradle is not set
[        ] C/C++: ndk.dir in local.properties is not set
[        ] C/C++: Not considering ANDROID_NDK_HOME because support was removed after deprecation period.
[        ] C/C++: sdkFolder is C:\Users\bhavy\AppData\Local\Android\sdk
[        ] C/C++: android.ndkVersion from module build.gradle is [27.0.12077973]
[        ] C/C++: android.ndkPath from module build.gradle is not set
[        ] C/C++: ndk.dir in local.properties is not set
[        ] C/C++: Not considering ANDROID_NDK_HOME because support was removed after deprecation period.
[        ] C/C++: sdkFolder is C:\Users\bhavy\AppData\Local\Android\sdk
[        ] C/C++: android.ndkVersion from module build.gradle is [27.0.12077973]
[        ] C/C++: android.ndkPath from module build.gradle is not set
[        ] C/C++: ndk.dir in local.properties is not set
[        ] C/C++: Not considering ANDROID_NDK_HOME because support was removed after deprecation period.
[        ] C/C++: sdkFolder is C:\Users\bhavy\AppData\Local\Android\sdk
[        ] C/C++: android.ndkVersion from module build.gradle is [27.0.12077973]
[        ] C/C++: android.ndkPath from module build.gradle is not set
[        ] C/C++: ndk.dir in local.properties is not set
[        ] C/C++: Not considering ANDROID_NDK_HOME because support was removed after deprecation period.
[        ] C/C++: sdkFolder is C:\Users\bhavy\AppData\Local\Android\sdk
[        ] C/C++: android.ndkVersion from module build.gradle is [27.0.12077973]
[        ] C/C++: android.ndkPath from module build.gradle is not set
[        ] C/C++: ndk.dir in local.properties is not set
[        ] C/C++: Not considering ANDROID_NDK_HOME because support was removed after deprecation period.
[        ] C/C++: sdkFolder is C:\Users\bhavy\AppData\Local\Android\sdk
[        ] C/C++: android.ndkVersion from module build.gradle is [27.0.12077973]
[        ] C/C++: android.ndkPath from module build.gradle is not set
[        ] C/C++: ndk.dir in local.properties is not set
[        ] C/C++: Not considering ANDROID_NDK_HOME because support was removed after deprecation period.
[        ] C/C++: sdkFolder is C:\Users\bhavy\AppData\Local\Android\sdk
[        ] C/C++: android.ndkVersion from module build.gradle is [27.0.12077973]
[        ] C/C++: android.ndkPath from module build.gradle is not set
[        ] C/C++: ndk.dir in local.properties is not set
[        ] C/C++: Not considering ANDROID_NDK_HOME because support was removed after deprecation period.
[        ] C/C++: sdkFolder is C:\Users\bhavy\AppData\Local\Android\sdk
[        ] > Configure project :
[        ] Evaluating root project 'android' using build file 'D:\Projects\govunity_connect3-master\android\build.gradle'.
[        ] Transforming gradle-8.9.1.jar (com.android.tools.build:gradle:8.9.1) with InstrumentationAnalysisTransform
[        ] Transforming google-services-4.3.15.jar (com.google.gms:google-services:4.3.15) with InstrumentationAnalysisTransform
[        ] Transforming gradle-settings-api-8.9.1.jar (com.android.tools.build:gradle-settings-api:8.9.1) with InstrumentationAnalysisTransform
[        ] Transforming lint-model-31.9.1.jar (com.android.tools.lint:lint-model:31.9.1) with InstrumentationAnalysisTransform
[        ] Transforming builder-8.9.1.jar (com.android.tools.build:builder:8.9.1) with InstrumentationAnalysisTransform
[        ] Transforming manifest-merger-31.9.1.jar (com.android.tools.build:manifest-merger:31.9.1) with InstrumentationAnalysisTransform
[        ] Transforming sdk-common-31.9.1.jar (com.android.tools:sdk-common:31.9.1) with InstrumentationAnalysisTransform
[        ] Transforming sdklib-31.9.1.jar (com.android.tools:sdklib:31.9.1) with InstrumentationAnalysisTransform
[        ] Transforming repository-31.9.1.jar (com.android.tools:repository:31.9.1) with InstrumentationAnalysisTransform
[        ] Transforming gradle-api-8.9.1.jar (com.android.tools.build:gradle-api:8.9.1) with InstrumentationAnalysisTransform
[        ] Transforming builder-test-api-8.9.1.jar (com.android.tools.build:builder-test-api:8.9.1) with InstrumentationAnalysisTransform
[   +2 ms] Transforming ddmlib-31.9.1.jar (com.android.tools.ddms:ddmlib:31.9.1) with InstrumentationAnalysisTransform
[        ] Transforming aaptcompiler-8.9.1.jar (com.android.tools.build:aaptcompiler:8.9.1) with InstrumentationAnalysisTransform
[        ] Transforming bundletool-1.17.2.jar (com.android.tools.build:bundletool:1.17.2) with InstrumentationAnalysisTransform
[        ] Transforming aapt2-proto-8.9.1-12782657.jar (com.android.tools.build:aapt2-proto:8.9.1-12782657) with InstrumentationAnalysisTransform
[        ] Transforming crash-31.9.1.jar (com.android.tools.analytics-library:crash:31.9.1) with InstrumentationAnalysisTransform
[        ] Transforming tracker-31.9.1.jar (com.android.tools.analytics-library:tracker:31.9.1) with InstrumentationAnalysisTransform
[        ] Transforming shared-31.9.1.jar (com.android.tools.analytics-library:shared:31.9.1) with InstrumentationAnalysisTransform
[        ] Transforming lint-typedef-remover-31.9.1.jar (com.android.tools.lint:lint-typedef-remover:31.9.1) with InstrumentationAnalysisTransform
[        ] Transforming databinding-compiler-common-8.9.1.jar (androidx.databinding:databinding-compiler-common:8.9.1) with InstrumentationAnalysisTransform
[        ] Transforming databinding-common-8.9.1.jar (androidx.databinding:databinding-common:8.9.1) with InstrumentationAnalysisTransform
[        ] Transforming baseLibrary-8.9.1.jar (com.android.databinding:baseLibrary:8.9.1) with InstrumentationAnalysisTransform
[        ] Transforming layoutlib-api-31.9.1.jar (com.android.tools.layoutlib:layoutlib-api:31.9.1) with InstrumentationAnalysisTransform
[        ] Transforming android-device-provider-ddmlib-proto-31.9.1.jar (com.android.tools.utp:android-device-provider-ddmlib-proto:31.9.1) with InstrumentationAnalysisTransform
[        ] Transforming android-device-provider-gradle-proto-31.9.1.jar (com.android.tools.utp:android-device-provider-gradle-proto:31.9.1) with InstrumentationAnalysisTransform
[        ] Transforming android-device-provider-profile-proto-31.9.1.jar (com.android.tools.utp:android-device-provider-profile-proto:31.9.1) with InstrumentationAnalysisTransform
[        ] Transforming android-test-plugin-host-additional-test-output-proto-31.9.1.jar (com.android.tools.utp:android-test-plugin-host-additional-test-output-proto:31.9.1) with InstrumentationAnalysisTransform
[        ] Transforming android-test-plugin-host-coverage-proto-31.9.1.jar (com.android.tools.utp:android-test-plugin-host-coverage-proto:31.9.1) with InstrumentationAnalysisTransform
[        ] Transforming android-test-plugin-host-emulator-control-proto-31.9.1.jar (com.android.tools.utp:android-test-plugin-host-emulator-control-proto:31.9.1) with InstrumentationAnalysisTransform
[        ] Transforming android-test-plugin-host-logcat-proto-31.9.1.jar (com.android.tools.utp:android-test-plugin-host-logcat-proto:31.9.1) with InstrumentationAnalysisTransform
[        ] Transforming android-test-plugin-host-apk-installer-proto-31.9.1.jar (com.android.tools.utp:android-test-plugin-host-apk-installer-proto:31.9.1) with InstrumentationAnalysisTransform
[        ] Transforming android-test-plugin-host-retention-proto-31.9.1.jar (com.android.tools.utp:android-test-plugin-host-retention-proto:31.9.1) with InstrumentationAnalysisTransform
[        ] Transforming android-test-plugin-result-listener-gradle-proto-31.9.1.jar (com.android.tools.utp:android-test-plugin-result-listener-gradle-proto:31.9.1) with InstrumentationAnalysisTransform
[        ] Transforming builder-model-8.9.1.jar (com.android.tools.build:builder-model:8.9.1) with InstrumentationAnalysisTransform
[        ] Transforming strict-version-matcher-plugin-1.2.4.jar (com.google.android.gms:strict-version-matcher-plugin:1.2.4) with InstrumentationAnalysisTransform
[        ] Transforming dvlib-31.9.1.jar (com.android.tools:dvlib:31.9.1) with InstrumentationAnalysisTransform
[        ] Transforming common-31.9.1.jar (com.android.tools:common:31.9.1) with InstrumentationAnalysisTransform
[        ] Transforming jetifier-processor-1.0.0-beta10.jar (com.android.tools.build.jetifier:jetifier-processor:1.0.0-beta10) with InstrumentationAnalysisTransform
[        ] Transforming jetifier-core-1.0.0-beta10.jar (com.android.tools.build.jetifier:jetifier-core:1.0.0-beta10) with InstrumentationAnalysisTransform
[        ] Transforming kotlin-reflect-2.1.0.jar (org.jetbrains.kotlin:kotlin-reflect:2.1.0) with InstrumentationAnalysisTransform
[        ] Transforming kotlin-stdlib-jdk7-2.1.0.jar (org.jetbrains.kotlin:kotlin-stdlib-jdk7:2.1.0) with InstrumentationAnalysisTransform
[        ] Transforming kotlin-stdlib-2.1.0.jar (org.jetbrains.kotlin:kotlin-stdlib:2.1.0) with InstrumentationAnalysisTransform
[        ] Transforming kotlin-stdlib-jdk8-2.1.0.jar (org.jetbrains.kotlin:kotlin-stdlib-jdk8:2.1.0) with InstrumentationAnalysisTransform
[        ] Transforming transform-api-2.0.0-deprecated-use-gradle-api.jar (com.android.tools.build:transform-api:2.0.0-deprecated-use-gradle-api) with InstrumentationAnalysisTransform
[        ] Transforming httpmime-4.5.6.jar (org.apache.httpcomponents:httpmime:4.5.6) with InstrumentationAnalysisTransform
[        ] Transforming commons-io-2.16.1.jar (commons-io:commons-io:2.16.1) with InstrumentationAnalysisTransform
[        ] Transforming asm-commons-9.7.jar (org.ow2.asm:asm-commons:9.7) with InstrumentationAnalysisTransform
[        ] Transforming asm-util-9.7.jar (org.ow2.asm:asm-util:9.7) with InstrumentationAnalysisTransform
[        ] Transforming asm-analysis-9.7.jar (org.ow2.asm:asm-analysis:9.7) with InstrumentationAnalysisTransform
[        ] Transforming asm-tree-9.7.jar (org.ow2.asm:asm-tree:9.7) with InstrumentationAnalysisTransform
[        ] Transforming asm-9.7.jar (org.ow2.asm:asm:9.7) with InstrumentationAnalysisTransform
[        ] Transforming apkzlib-8.9.1.jar (com.android.tools.build:apkzlib:8.9.1) with InstrumentationAnalysisTransform
[        ] Transforming bcpkix-jdk18on-1.79.jar (org.bouncycastle:bcpkix-jdk18on:1.79) with InstrumentationAnalysisTransform
[        ] Transforming jaxb-runtime-2.3.2.jar (org.glassfish.jaxb:jaxb-runtime:2.3.2) with InstrumentationAnalysisTransform
[        ] Transforming jopt-simple-4.9.jar (net.sf.jopt-simple:jopt-simple:4.9) with InstrumentationAnalysisTransform
[        ] Transforming javapoet-1.10.0.jar (com.squareup:javapoet:1.10.0) with InstrumentationAnalysisTransform
[        ] Transforming protobuf-java-util-3.22.3.jar (com.google.protobuf:protobuf-java-util:3.22.3) with InstrumentationAnalysisTransform
[        ] Transforming tink-1.7.0.jar (com.google.crypto.tink:tink:1.7.0) with InstrumentationAnalysisTransform
[        ] Transforming core-proto-0.0.9-alpha03.jar (com.google.testing.platform:core-proto:0.0.9-alpha03) with InstrumentationAnalysisTransform
[        ] Transforming protos-31.9.1.jar (com.android.tools.analytics-library:protos:31.9.1) with InstrumentationAnalysisTransform
[        ] Transforming grpc-protobuf-1.57.2.jar (io.grpc:grpc-protobuf:1.57.2) with InstrumentationAnalysisTransform
[        ] Transforming proto-google-common-protos-2.17.0.jar (com.google.api.grpc:proto-google-common-protos:2.17.0) with InstrumentationAnalysisTransform
[        ] Transforming protobuf-java-3.24.4.jar (com.google.protobuf:protobuf-java:3.24.4) with InstrumentationAnalysisTransform
[        ] Transforming grpc-netty-1.57.2.jar (io.grpc:grpc-netty:1.57.2) with InstrumentationAnalysisTransform
[        ] Transforming grpc-core-1.57.2.jar (io.grpc:grpc-core:1.57.2) with InstrumentationAnalysisTransform
[        ] Transforming gson-2.10.1.jar (com.google.code.gson:gson:2.10.1) with InstrumentationAnalysisTransform
[        ] Transforming grpc-stub-1.57.2.jar (io.grpc:grpc-stub:1.57.2) with InstrumentationAnalysisTransform
[        ] Transforming tensorflow-lite-metadata-0.2.0.jar (org.tensorflow:tensorflow-lite-metadata:0.2.0) with InstrumentationAnalysisTransform
[        ] Transforming flatbuffers-java-1.12.0.jar (com.google.flatbuffers:flatbuffers-java:1.12.0) with InstrumentationAnalysisTransform
[        ] Transforming jimfs-1.1.jar (com.google.jimfs:jimfs:1.1) with InstrumentationAnalysisTransform
[        ] Transforming grpc-context-1.57.2.jar (io.grpc:grpc-context:1.57.2) with InstrumentationAnalysisTransform
[        ] Transforming grpc-protobuf-lite-1.57.2.jar (io.grpc:grpc-protobuf-lite:1.57.2) with InstrumentationAnalysisTransform
[        ] Transforming grpc-api-1.57.2.jar (io.grpc:grpc-api:1.57.2) with InstrumentationAnalysisTransform
[        ] Transforming guava-32.0.1-jre.jar (com.google.guava:guava:32.0.1-jre) with InstrumentationAnalysisTransform
[        ] Transforming dagger-2.28.3.jar (com.google.dagger:dagger:2.28.3) with InstrumentationAnalysisTransform
[        ] Transforming javax.inject-1.jar (javax.inject:javax.inject:1) with InstrumentationAnalysisTransform
[        ] Transforming kxml2-2.3.0.jar (net.sf.kxml:kxml2:2.3.0) with InstrumentationAnalysisTransform
[        ] Transforming bcutil-jdk18on-1.79.jar (org.bouncycastle:bcutil-jdk18on:1.79) with InstrumentationAnalysisTransform
[        ] Transforming bcprov-jdk18on-1.79.jar (org.bouncycastle:bcprov-jdk18on:1.79) with InstrumentationAnalysisTransform
[        ] Transforming commons-compress-1.21.jar (org.apache.commons:commons-compress:1.21) with InstrumentationAnalysisTransform
[        ] Transforming httpclient-4.5.14.jar (org.apache.httpcomponents:httpclient:4.5.14) with InstrumentationAnalysisTransform
[        ] Transforming httpcore-4.4.16.jar (org.apache.httpcomponents:httpcore:4.4.16) with InstrumentationAnalysisTransform
[        ] Transforming javax.activation-1.2.0.jar (com.sun.activation:javax.activation:1.2.0) with InstrumentationAnalysisTransform
[        ] Transforming annotations-23.0.0.jar (org.jetbrains:annotations:23.0.0) with InstrumentationAnalysisTransform
[        ] Transforming signflinger-8.9.1.jar (com.android:signflinger:8.9.1) with InstrumentationAnalysisTransform
[        ] Transforming zipflinger-8.9.1.jar (com.android:zipflinger:8.9.1) with InstrumentationAnalysisTransform
[        ] Transforming annotations-31.9.1.jar (com.android.tools:annotations:31.9.1) with InstrumentationAnalysisTransform
[        ] Transforming jna-platform-5.6.0.jar (net.java.dev.jna:jna-platform:5.6.0) with InstrumentationAnalysisTransform
[        ] Transforming juniversalchardet-1.0.3.jar (com.googlecode.juniversalchardet:juniversalchardet:1.0.3) with InstrumentationAnalysisTransform
[        ] Transforming javax.annotation-api-1.3.2.jar (javax.annotation:javax.annotation-api:1.3.2) with InstrumentationAnalysisTransform
[        ] Transforming stax-ex-1.8.1.jar (org.jvnet.staxex:stax-ex:1.8.1) with InstrumentationAnalysisTransform
[        ] Transforming jakarta.xml.bind-api-2.3.2.jar (jakarta.xml.bind:jakarta.xml.bind-api:2.3.2) with InstrumentationAnalysisTransform
[        ] Transforming txw2-2.3.2.jar (org.glassfish.jaxb:txw2:2.3.2) with InstrumentationAnalysisTransform
[        ] Transforming istack-commons-runtime-3.0.8.jar (com.sun.istack:istack-commons-runtime:3.0.8) with InstrumentationAnalysisTransform
[        ] Transforming FastInfoset-1.2.16.jar (com.sun.xml.fastinfoset:FastInfoset:1.2.16) with InstrumentationAnalysisTransform
[        ] Transforming jakarta.activation-api-1.2.1.jar (jakarta.activation:jakarta.activation-api:1.2.1) with InstrumentationAnalysisTransform
[        ] Transforming auto-value-annotations-1.6.2.jar (com.google.auto.value:auto-value-annotations:1.6.2) with InstrumentationAnalysisTransform
[        ] Transforming error_prone_annotations-2.18.0.jar (com.google.errorprone:error_prone_annotations:2.18.0) with InstrumentationAnalysisTransform
[        ] Transforming jose4j-0.9.5.jar (org.bitbucket.b_c:jose4j:0.9.5) with InstrumentationAnalysisTransform
[        ] Transforming slf4j-api-1.7.30.jar (org.slf4j:slf4j-api:1.7.30) with InstrumentationAnalysisTransform
[        ] Transforming jdom2-2.0.6.jar (org.jdom:jdom2:2.0.6) with InstrumentationAnalysisTransform
[        ] Transforming jsr305-3.0.2.jar (com.google.code.findbugs:jsr305:3.0.2) with InstrumentationAnalysisTransform
[        ] Transforming j2objc-annotations-2.8.jar (com.google.j2objc:j2objc-annotations:2.8) with InstrumentationAnalysisTransform
[        ] Transforming checker-qual-3.33.0.jar (org.checkerframework:checker-qual:3.33.0) with InstrumentationAnalysisTransform
[        ] Transforming apksig-8.9.1.jar (com.android.tools.build:apksig:8.9.1) with InstrumentationAnalysisTransform
[        ] Transforming javawriter-2.5.0.jar (com.squareup:javawriter:2.5.0) with InstrumentationAnalysisTransform
[        ] Transforming failureaccess-1.0.1.jar (com.google.guava:failureaccess:1.0.1) with InstrumentationAnalysisTransform
[        ] Transforming listenablefuture-9999.0-empty-to-avoid-conflict-with-guava.jar (com.google.guava:listenablefuture:9999.0-empty-to-avoid-conflict-with-guava) with InstrumentationAnalysisTransform
[        ] Transforming commons-logging-1.2.jar (commons-logging:commons-logging:1.2) with InstrumentationAnalysisTransform
[        ] Transforming commons-codec-1.11.jar (commons-codec:commons-codec:1.11) with InstrumentationAnalysisTransform
[        ] Transforming jna-5.6.0.jar (net.java.dev.jna:jna:5.6.0) with InstrumentationAnalysisTransform
[        ] Transforming annotations-4.1.1.4.jar (com.google.android:annotations:4.1.1.4) with InstrumentationAnalysisTransform
[        ] Transforming animal-sniffer-annotations-1.23.jar (org.codehaus.mojo:animal-sniffer-annotations:1.23) with InstrumentationAnalysisTransform
[        ] Transforming perfmark-api-0.26.0.jar (io.perfmark:perfmark-api:0.26.0) with InstrumentationAnalysisTransform
[        ] Transforming netty-codec-http2-4.1.93.Final.jar (io.netty:netty-codec-http2:4.1.93.Final) with InstrumentationAnalysisTransform
[        ] Transforming netty-handler-proxy-4.1.93.Final.jar (io.netty:netty-handler-proxy:4.1.93.Final) with InstrumentationAnalysisTransform
[        ] Transforming netty-codec-http-4.1.93.Final.jar (io.netty:netty-codec-http:4.1.93.Final) with InstrumentationAnalysisTransform
[        ] Transforming netty-handler-4.1.93.Final.jar (io.netty:netty-handler:4.1.93.Final) with InstrumentationAnalysisTransform
[        ] Transforming netty-transport-native-unix-common-4.1.93.Final.jar (io.netty:netty-transport-native-unix-common:4.1.93.Final) with InstrumentationAnalysisTransform
[        ] Transforming netty-codec-socks-4.1.93.Final.jar (io.netty:netty-codec-socks:4.1.93.Final) with InstrumentationAnalysisTransform
[        ] Transforming netty-codec-4.1.93.Final.jar (io.netty:netty-codec:4.1.93.Final) with InstrumentationAnalysisTransform
[   +1 ms] Transforming netty-transport-4.1.93.Final.jar (io.netty:netty-transport:4.1.93.Final) with InstrumentationAnalysisTransform
[        ] Transforming netty-buffer-4.1.93.Final.jar (io.netty:netty-buffer:4.1.93.Final) with InstrumentationAnalysisTransform
[        ] Transforming netty-resolver-4.1.93.Final.jar (io.netty:netty-resolver:4.1.93.Final) with InstrumentationAnalysisTransform
[        ] Transforming netty-common-4.1.93.Final.jar (io.netty:netty-common:4.1.93.Final) with InstrumentationAnalysisTransform
[        ] Transforming gradle-8.9.1.jar (com.android.tools.build:gradle:8.9.1) with InstrumentationAnalysisTransform
[        ] Transforming gradle-8.9.1.jar (com.android.tools.build:gradle:8.9.1) with MergeInstrumentationAnalysisTransform
[        ] Transforming google-services-4.3.15.jar (com.google.gms:google-services:4.3.15) with InstrumentationAnalysisTransform
[        ] Transforming google-services-4.3.15.jar (com.google.gms:google-services:4.3.15) with MergeInstrumentationAnalysisTransform
[        ] Transforming gradle-settings-api-8.9.1.jar (com.android.tools.build:gradle-settings-api:8.9.1) with InstrumentationAnalysisTransform
[        ] Transforming gradle-settings-api-8.9.1.jar (com.android.tools.build:gradle-settings-api:8.9.1) with MergeInstrumentationAnalysisTransform
[        ] Transforming gradle-8.9.1.jar (com.android.tools.build:gradle:8.9.1) with ExternalDependencyInstrumentingArtifactTransform
[        ] Transforming lint-model-31.9.1.jar (com.android.tools.lint:lint-model:31.9.1) with InstrumentationAnalysisTransform
[        ] Transforming lint-model-31.9.1.jar (com.android.tools.lint:lint-model:31.9.1) with MergeInstrumentationAnalysisTransform
[        ] Transforming google-services-4.3.15.jar (com.google.gms:google-services:4.3.15) with ExternalDependencyInstrumentingArtifactTransform
[        ] Transforming gradle-settings-api-8.9.1.jar (com.android.tools.build:gradle-settings-api:8.9.1) with ExternalDependencyInstrumentingArtifactTransform
[        ] Transforming builder-8.9.1.jar (com.android.tools.build:builder:8.9.1) with InstrumentationAnalysisTransform
[        ] Transforming lint-model-31.9.1.jar (com.android.tools.lint:lint-model:31.9.1) with ExternalDependencyInstrumentingArtifactTransform
[        ] Transforming builder-8.9.1.jar (com.android.tools.build:builder:8.9.1) with MergeInstrumentationAnalysisTransform
[        ] Transforming manifest-merger-31.9.1.jar (com.android.tools.build:manifest-merger:31.9.1) with InstrumentationAnalysisTransform
[        ] Transforming manifest-merger-31.9.1.jar (com.android.tools.build:manifest-merger:31.9.1) with MergeInstrumentationAnalysisTransform
[        ] Transforming builder-8.9.1.jar (com.android.tools.build:builder:8.9.1) with ExternalDependencyInstrumentingArtifactTransform
[        ] Transforming sdk-common-31.9.1.jar (com.android.tools:sdk-common:31.9.1) with InstrumentationAnalysisTransform
[        ] Transforming sdk-common-31.9.1.jar (com.android.tools:sdk-common:31.9.1) with MergeInstrumentationAnalysisTransform
[        ] Transforming manifest-merger-31.9.1.jar (com.android.tools.build:manifest-merger:31.9.1) with ExternalDependencyInstrumentingArtifactTransform
[        ] Transforming sdklib-31.9.1.jar (com.android.tools:sdklib:31.9.1) with InstrumentationAnalysisTransform
[        ] Transforming sdklib-31.9.1.jar (com.android.tools:sdklib:31.9.1) with MergeInstrumentationAnalysisTransform
[        ] Transforming sdk-common-31.9.1.jar (com.android.tools:sdk-common:31.9.1) with ExternalDependencyInstrumentingArtifactTransform
[        ] Transforming repository-31.9.1.jar (com.android.tools:repository:31.9.1) with InstrumentationAnalysisTransform
[        ] Transforming repository-31.9.1.jar (com.android.tools:repository:31.9.1) with MergeInstrumentationAnalysisTransform
[        ] Transforming sdklib-31.9.1.jar (com.android.tools:sdklib:31.9.1) with ExternalDependencyInstrumentingArtifactTransform
[        ] Transforming gradle-api-8.9.1.jar (com.android.tools.build:gradle-api:8.9.1) with InstrumentationAnalysisTransform
[        ] Transforming gradle-api-8.9.1.jar (com.android.tools.build:gradle-api:8.9.1) with MergeInstrumentationAnalysisTransform
[        ] Transforming repository-31.9.1.jar (com.android.tools:repository:31.9.1) with ExternalDependencyInstrumentingArtifactTransform
[        ] Transforming builder-test-api-8.9.1.jar (com.android.tools.build:builder-test-api:8.9.1) with InstrumentationAnalysisTransform
[        ] Transforming builder-test-api-8.9.1.jar (com.android.tools.build:builder-test-api:8.9.1) with MergeInstrumentationAnalysisTransform
[        ] Transforming gradle-api-8.9.1.jar (com.android.tools.build:gradle-api:8.9.1) with ExternalDependencyInstrumentingArtifactTransform
[        ] Transforming ddmlib-31.9.1.jar (com.android.tools.ddms:ddmlib:31.9.1) with InstrumentationAnalysisTransform
[        ] Transforming ddmlib-31.9.1.jar (com.android.tools.ddms:ddmlib:31.9.1) with MergeInstrumentationAnalysisTransform
[        ] Transforming builder-test-api-8.9.1.jar (com.android.tools.build:builder-test-api:8.9.1) with ExternalDependencyInstrumentingArtifactTransform
[        ] Transforming aaptcompiler-8.9.1.jar (com.android.tools.build:aaptcompiler:8.9.1) with InstrumentationAnalysisTransform
[        ] Transforming aaptcompiler-8.9.1.jar (com.android.tools.build:aaptcompiler:8.9.1) with MergeInstrumentationAnalysisTransform
[        ] Transforming ddmlib-31.9.1.jar (com.android.tools.ddms:ddmlib:31.9.1) with ExternalDependencyInstrumentingArtifactTransform
[        ] Transforming bundletool-1.17.2.jar (com.android.tools.build:bundletool:1.17.2) with InstrumentationAnalysisTransform
[        ] Transforming bundletool-1.17.2.jar (com.android.tools.build:bundletool:1.17.2) with MergeInstrumentationAnalysisTransform
[        ] Transforming aaptcompiler-8.9.1.jar (com.android.tools.build:aaptcompiler:8.9.1) with ExternalDependencyInstrumentingArtifactTransform
[        ] Transforming aapt2-proto-8.9.1-12782657.jar (com.android.tools.build:aapt2-proto:8.9.1-12782657) with InstrumentationAnalysisTransform
[        ] Transforming aapt2-proto-8.9.1-12782657.jar (com.android.tools.build:aapt2-proto:8.9.1-12782657) with MergeInstrumentationAnalysisTransform
[        ] Transforming bundletool-1.17.2.jar (com.android.tools.build:bundletool:1.17.2) with ExternalDependencyInstrumentingArtifactTransform
[        ] Transforming crash-31.9.1.jar (com.android.tools.analytics-library:crash:31.9.1) with InstrumentationAnalysisTransform
[        ] Transforming aapt2-proto-8.9.1-12782657.jar (com.android.tools.build:aapt2-proto:8.9.1-12782657) with ExternalDependencyInstrumentingArtifactTransform
[        ] Transforming crash-31.9.1.jar (com.android.tools.analytics-library:crash:31.9.1) with MergeInstrumentationAnalysisTransform
[        ] Transforming tracker-31.9.1.jar (com.android.tools.analytics-library:tracker:31.9.1) with InstrumentationAnalysisTransform
[        ] Transforming tracker-31.9.1.jar (com.android.tools.analytics-library:tracker:31.9.1) with MergeInstrumentationAnalysisTransform
[        ] Transforming crash-31.9.1.jar (com.android.tools.analytics-library:crash:31.9.1) with ExternalDependencyInstrumentingArtifactTransform
[        ] Transforming shared-31.9.1.jar (com.android.tools.analytics-library:shared:31.9.1) with InstrumentationAnalysisTransform
[        ] Transforming shared-31.9.1.jar (com.android.tools.analytics-library:shared:31.9.1) with MergeInstrumentationAnalysisTransform
[        ] Transforming lint-typedef-remover-31.9.1.jar (com.android.tools.lint:lint-typedef-remover:31.9.1) with InstrumentationAnalysisTransform
[        ] Transforming tracker-31.9.1.jar (com.android.tools.analytics-library:tracker:31.9.1) with ExternalDependencyInstrumentingArtifactTransform
[        ] Transforming lint-typedef-remover-31.9.1.jar (com.android.tools.lint:lint-typedef-remover:31.9.1) with MergeInstrumentationAnalysisTransform
[        ] Transforming databinding-compiler-common-8.9.1.jar (androidx.databinding:databinding-compiler-common:8.9.1) with InstrumentationAnalysisTransform
[        ] Transforming shared-31.9.1.jar (com.android.tools.analytics-library:shared:31.9.1) with ExternalDependencyInstrumentingArtifactTransform
[        ] Transforming databinding-compiler-common-8.9.1.jar (androidx.databinding:databinding-compiler-common:8.9.1) with MergeInstrumentationAnalysisTransform
[        ] Transforming databinding-common-8.9.1.jar (androidx.databinding:databinding-common:8.9.1) with InstrumentationAnalysisTransform
[        ] Transforming lint-typedef-remover-31.9.1.jar (com.android.tools.lint:lint-typedef-remover:31.9.1) with ExternalDependencyInstrumentingArtifactTransform
[        ] Transforming databinding-common-8.9.1.jar (androidx.databinding:databinding-common:8.9.1) with MergeInstrumentationAnalysisTransform
[        ] Transforming baseLibrary-8.9.1.jar (com.android.databinding:baseLibrary:8.9.1) with InstrumentationAnalysisTransform
[        ] Transforming databinding-compiler-common-8.9.1.jar (androidx.databinding:databinding-compiler-common:8.9.1) with ExternalDependencyInstrumentingArtifactTransform
[        ] Transforming baseLibrary-8.9.1.jar (com.android.databinding:baseLibrary:8.9.1) with MergeInstrumentationAnalysisTransform
[        ] Transforming databinding-common-8.9.1.jar (androidx.databinding:databinding-common:8.9.1) with ExternalDependencyInstrumentingArtifactTransform
[        ] Transforming layoutlib-api-31.9.1.jar (com.android.tools.layoutlib:layoutlib-api:31.9.1) with InstrumentationAnalysisTransform
[        ] Transforming baseLibrary-8.9.1.jar (com.android.databinding:baseLibrary:8.9.1) with ExternalDependencyInstrumentingArtifactTransform
[        ] Transforming layoutlib-api-31.9.1.jar (com.android.tools.layoutlib:layoutlib-api:31.9.1) with MergeInstrumentationAnalysisTransform
[        ] Transforming android-device-provider-ddmlib-proto-31.9.1.jar (com.android.tools.utp:android-device-provider-ddmlib-proto:31.9.1) with InstrumentationAnalysisTransform
[        ] Transforming android-device-provider-ddmlib-proto-31.9.1.jar (com.android.tools.utp:android-device-provider-ddmlib-proto:31.9.1) with MergeInstrumentationAnalysisTransform
[        ] Transforming layoutlib-api-31.9.1.jar (com.android.tools.layoutlib:layoutlib-api:31.9.1) with ExternalDependencyInstrumentingArtifactTransform
[        ] Transforming android-device-provider-gradle-proto-31.9.1.jar (com.android.tools.utp:android-device-provider-gradle-proto:31.9.1) with InstrumentationAnalysisTransform
[        ] Transforming android-device-provider-ddmlib-proto-31.9.1.jar (com.android.tools.utp:android-device-provider-ddmlib-proto:31.9.1) with ExternalDependencyInstrumentingArtifactTransform
[        ] Transforming android-device-provider-gradle-proto-31.9.1.jar (com.android.tools.utp:android-device-provider-gradle-proto:31.9.1) with MergeInstrumentationAnalysisTransform
[        ] Transforming android-device-provider-profile-proto-31.9.1.jar (com.android.tools.utp:android-device-provider-profile-proto:31.9.1) with InstrumentationAnalysisTransform
[        ] Transforming android-device-provider-profile-proto-31.9.1.jar (com.android.tools.utp:android-device-provider-profile-proto:31.9.1) with MergeInstrumentationAnalysisTransform
[        ] Transforming android-test-plugin-host-additional-test-output-proto-31.9.1.jar (com.android.tools.utp:android-test-plugin-host-additional-test-output-proto:31.9.1) with InstrumentationAnalysisTransform
[        ] Transforming android-device-provider-gradle-proto-31.9.1.jar (com.android.tools.utp:android-device-provider-gradle-proto:31.9.1) with ExternalDependencyInstrumentingArtifactTransform
[        ] Transforming android-test-plugin-host-additional-test-output-proto-31.9.1.jar (com.android.tools.utp:android-test-plugin-host-additional-test-output-proto:31.9.1) with MergeInstrumentationAnalysisTransform
[        ] Transforming android-device-provider-profile-proto-31.9.1.jar (com.android.tools.utp:android-device-provider-profile-proto:31.9.1) with ExternalDependencyInstrumentingArtifactTransform
[        ] Transforming android-test-plugin-host-coverage-proto-31.9.1.jar (com.android.tools.utp:android-test-plugin-host-coverage-proto:31.9.1) with InstrumentationAnalysisTransform
[        ] Transforming android-test-plugin-host-coverage-proto-31.9.1.jar (com.android.tools.utp:android-test-plugin-host-coverage-proto:31.9.1) with MergeInstrumentationAnalysisTransform
[        ] Transforming android-test-plugin-host-additional-test-output-proto-31.9.1.jar (com.android.tools.utp:android-test-plugin-host-additional-test-output-proto:31.9.1) with ExternalDependencyInstrumentingArtifactTransform
[        ] Transforming android-test-plugin-host-emulator-control-proto-31.9.1.jar (com.android.tools.utp:android-test-plugin-host-emulator-control-proto:31.9.1) with InstrumentationAnalysisTransform
[        ] Transforming android-test-plugin-host-emulator-control-proto-31.9.1.jar (com.android.tools.utp:android-test-plugin-host-emulator-control-proto:31.9.1) with MergeInstrumentationAnalysisTransform
[        ] Transforming android-test-plugin-host-coverage-proto-31.9.1.jar (com.android.tools.utp:android-test-plugin-host-coverage-proto:31.9.1) with ExternalDependencyInstrumentingArtifactTransform
[        ] Transforming android-test-plugin-host-logcat-proto-31.9.1.jar (com.android.tools.utp:android-test-plugin-host-logcat-proto:31.9.1) with InstrumentationAnalysisTransform
[        ] Transforming android-test-plugin-host-logcat-proto-31.9.1.jar (com.android.tools.utp:android-test-plugin-host-logcat-proto:31.9.1) with MergeInstrumentationAnalysisTransform
[        ] Transforming android-test-plugin-host-apk-installer-proto-31.9.1.jar (com.android.tools.utp:android-test-plugin-host-apk-installer-proto:31.9.1) with InstrumentationAnalysisTransform
[        ] Transforming android-test-plugin-host-emulator-control-proto-31.9.1.jar (com.android.tools.utp:android-test-plugin-host-emulator-control-proto:31.9.1) with ExternalDependencyInstrumentingArtifactTransform
[        ] Transforming android-test-plugin-host-apk-installer-proto-31.9.1.jar (com.android.tools.utp:android-test-plugin-host-apk-installer-proto:31.9.1) with MergeInstrumentationAnalysisTransform
[        ] Transforming android-test-plugin-host-retention-proto-31.9.1.jar (com.android.tools.utp:android-test-plugin-host-retention-proto:31.9.1) with InstrumentationAnalysisTransform
[        ] Transforming android-test-plugin-host-logcat-proto-31.9.1.jar (com.android.tools.utp:android-test-plugin-host-logcat-proto:31.9.1) with ExternalDependencyInstrumentingArtifactTransform
[        ] Transforming android-test-plugin-host-retention-proto-31.9.1.jar (com.android.tools.utp:android-test-plugin-host-retention-proto:31.9.1) with MergeInstrumentationAnalysisTransform
[        ] Transforming android-test-plugin-host-apk-installer-proto-31.9.1.jar (com.android.tools.utp:android-test-plugin-host-apk-installer-proto:31.9.1) with ExternalDependencyInstrumentingArtifactTransform
[        ] Transforming android-test-plugin-result-listener-gradle-proto-31.9.1.jar (com.android.tools.utp:android-test-plugin-result-listener-gradle-proto:31.9.1) with InstrumentationAnalysisTransform
[        ] Transforming android-test-plugin-result-listener-gradle-proto-31.9.1.jar (com.android.tools.utp:android-test-plugin-result-listener-gradle-proto:31.9.1) with MergeInstrumentationAnalysisTransform
[        ] Transforming android-test-plugin-host-retention-proto-31.9.1.jar (com.android.tools.utp:android-test-plugin-host-retention-proto:31.9.1) with ExternalDependencyInstrumentingArtifactTransform
[        ] Transforming builder-model-8.9.1.jar (com.android.tools.build:builder-model:8.9.1) with InstrumentationAnalysisTransform
[        ] Transforming builder-model-8.9.1.jar (com.android.tools.build:builder-model:8.9.1) with MergeInstrumentationAnalysisTransform
[        ] Transforming strict-version-matcher-plugin-1.2.4.jar (com.google.android.gms:strict-version-matcher-plugin:1.2.4) with InstrumentationAnalysisTransform
[        ] Transforming android-test-plugin-result-listener-gradle-proto-31.9.1.jar (com.android.tools.utp:android-test-plugin-result-listener-gradle-proto:31.9.1) with ExternalDependencyInstrumentingArtifactTransform
[        ] Transforming strict-version-matcher-plugin-1.2.4.jar (com.google.android.gms:strict-version-matcher-plugin:1.2.4) with MergeInstrumentationAnalysisTransform
[        ] Transforming builder-model-8.9.1.jar (com.android.tools.build:builder-model:8.9.1) with ExternalDependencyInstrumentingArtifactTransform
[        ] Transforming dvlib-31.9.1.jar (com.android.tools:dvlib:31.9.1) with InstrumentationAnalysisTransform
[        ] Transforming dvlib-31.9.1.jar (com.android.tools:dvlib:31.9.1) with MergeInstrumentationAnalysisTransform
[        ] Transforming strict-version-matcher-plugin-1.2.4.jar (com.google.android.gms:strict-version-matcher-plugin:1.2.4) with ExternalDependencyInstrumentingArtifactTransform
[        ] Transforming common-31.9.1.jar (com.android.tools:common:31.9.1) with InstrumentationAnalysisTransform
[        ] Transforming common-31.9.1.jar (com.android.tools:common:31.9.1) with MergeInstrumentationAnalysisTransform
[        ] Transforming dvlib-31.9.1.jar (com.android.tools:dvlib:31.9.1) with ExternalDependencyInstrumentingArtifactTransform
[        ] Transforming jetifier-processor-1.0.0-beta10.jar (com.android.tools.build.jetifier:jetifier-processor:1.0.0-beta10) with InstrumentationAnalysisTransform
[        ] Transforming jetifier-processor-1.0.0-beta10.jar (com.android.tools.build.jetifier:jetifier-processor:1.0.0-beta10) with MergeInstrumentationAnalysisTransform
[        ] Transforming common-31.9.1.jar (com.android.tools:common:31.9.1) with ExternalDependencyInstrumentingArtifactTransform
[        ] Transforming jetifier-core-1.0.0-beta10.jar (com.android.tools.build.jetifier:jetifier-core:1.0.0-beta10) with InstrumentationAnalysisTransform
[        ] Transforming jetifier-core-1.0.0-beta10.jar (com.android.tools.build.jetifier:jetifier-core:1.0.0-beta10) with MergeInstrumentationAnalysisTransform
[        ] Transforming jetifier-processor-1.0.0-beta10.jar (com.android.tools.build.jetifier:jetifier-processor:1.0.0-beta10) with ExternalDependencyInstrumentingArtifactTransform
[        ] Transforming kotlin-reflect-2.1.0.jar (org.jetbrains.kotlin:kotlin-reflect:2.1.0) with InstrumentationAnalysisTransform
[        ] Transforming jetifier-core-1.0.0-beta10.jar (com.android.tools.build.jetifier:jetifier-core:1.0.0-beta10) with ExternalDependencyInstrumentingArtifactTransform
[        ] Transforming kotlin-reflect-2.1.0.jar (org.jetbrains.kotlin:kotlin-reflect:2.1.0) with MergeInstrumentationAnalysisTransform
[        ] Transforming kotlin-stdlib-jdk7-2.1.0.jar (org.jetbrains.kotlin:kotlin-stdlib-jdk7:2.1.0) with InstrumentationAnalysisTransform
[        ] Transforming kotlin-stdlib-jdk7-2.1.0.jar (org.jetbrains.kotlin:kotlin-stdlib-jdk7:2.1.0) with MergeInstrumentationAnalysisTransform
[        ] Transforming kotlin-reflect-2.1.0.jar (org.jetbrains.kotlin:kotlin-reflect:2.1.0) with ExternalDependencyInstrumentingArtifactTransform
[        ] Transforming kotlin-stdlib-2.1.0.jar (org.jetbrains.kotlin:kotlin-stdlib:2.1.0) with InstrumentationAnalysisTransform
[        ] Transforming kotlin-stdlib-2.1.0.jar (org.jetbrains.kotlin:kotlin-stdlib:2.1.0) with MergeInstrumentationAnalysisTransform
[        ] Transforming kotlin-stdlib-jdk7-2.1.0.jar (org.jetbrains.kotlin:kotlin-stdlib-jdk7:2.1.0) with ExternalDependencyInstrumentingArtifactTransform
[        ] Transforming kotlin-stdlib-jdk8-2.1.0.jar (org.jetbrains.kotlin:kotlin-stdlib-jdk8:2.1.0) with InstrumentationAnalysisTransform
[        ] Transforming kotlin-stdlib-jdk8-2.1.0.jar (org.jetbrains.kotlin:kotlin-stdlib-jdk8:2.1.0) with MergeInstrumentationAnalysisTransform
[        ] Transforming transform-api-2.0.0-deprecated-use-gradle-api.jar (com.android.tools.build:transform-api:2.0.0-deprecated-use-gradle-api) with InstrumentationAnalysisTransform
[        ] Transforming kotlin-stdlib-2.1.0.jar (org.jetbrains.kotlin:kotlin-stdlib:2.1.0) with ExternalDependencyInstrumentingArtifactTransform
[        ] Transforming transform-api-2.0.0-deprecated-use-gradle-api.jar (com.android.tools.build:transform-api:2.0.0-deprecated-use-gradle-api) with MergeInstrumentationAnalysisTransform
[        ] Transforming kotlin-stdlib-jdk8-2.1.0.jar (org.jetbrains.kotlin:kotlin-stdlib-jdk8:2.1.0) with ExternalDependencyInstrumentingArtifactTransform
[        ] Transforming httpmime-4.5.6.jar (org.apache.httpcomponents:httpmime:4.5.6) with InstrumentationAnalysisTransform
[        ] Transforming transform-api-2.0.0-deprecated-use-gradle-api.jar (com.android.tools.build:transform-api:2.0.0-deprecated-use-gradle-api) with ExternalDependencyInstrumentingArtifactTransform
[        ] Transforming httpmime-4.5.6.jar (org.apache.httpcomponents:httpmime:4.5.6) with MergeInstrumentationAnalysisTransform
[        ] Transforming commons-io-2.16.1.jar (commons-io:commons-io:2.16.1) with InstrumentationAnalysisTransform
[        ] Transforming commons-io-2.16.1.jar (commons-io:commons-io:2.16.1) with MergeInstrumentationAnalysisTransform
[        ] Transforming httpmime-4.5.6.jar (org.apache.httpcomponents:httpmime:4.5.6) with ExternalDependencyInstrumentingArtifactTransform
[        ] Transforming asm-commons-9.7.jar (org.ow2.asm:asm-commons:9.7) with InstrumentationAnalysisTransform
[        ] Transforming asm-commons-9.7.jar (org.ow2.asm:asm-commons:9.7) with MergeInstrumentationAnalysisTransform
[        ] Transforming commons-io-2.16.1.jar (commons-io:commons-io:2.16.1) with ExternalDependencyInstrumentingArtifactTransform
[        ] Transforming asm-util-9.7.jar (org.ow2.asm:asm-util:9.7) with InstrumentationAnalysisTransform
[        ] Transforming asm-commons-9.7.jar (org.ow2.asm:asm-commons:9.7) with ExternalDependencyInstrumentingArtifactTransform
[        ] Transforming asm-util-9.7.jar (org.ow2.asm:asm-util:9.7) with MergeInstrumentationAnalysisTransform
[        ] Transforming asm-analysis-9.7.jar (org.ow2.asm:asm-analysis:9.7) with InstrumentationAnalysisTransform
[        ] Transforming asm-analysis-9.7.jar (org.ow2.asm:asm-analysis:9.7) with MergeInstrumentationAnalysisTransform
[        ] Transforming asm-tree-9.7.jar (org.ow2.asm:asm-tree:9.7) with InstrumentationAnalysisTransform
[        ] Transforming asm-tree-9.7.jar (org.ow2.asm:asm-tree:9.7) with MergeInstrumentationAnalysisTransform
[        ] Transforming asm-util-9.7.jar (org.ow2.asm:asm-util:9.7) with ExternalDependencyInstrumentingArtifactTransform
[        ] Transforming asm-9.7.jar (org.ow2.asm:asm:9.7) with InstrumentationAnalysisTransform
[        ] Transforming asm-analysis-9.7.jar (org.ow2.asm:asm-analysis:9.7) with ExternalDependencyInstrumentingArtifactTransform
[        ] Transforming asm-9.7.jar (org.ow2.asm:asm:9.7) with MergeInstrumentationAnalysisTransform
[        ] Transforming apkzlib-8.9.1.jar (com.android.tools.build:apkzlib:8.9.1) with InstrumentationAnalysisTransform
[        ] Transforming apkzlib-8.9.1.jar (com.android.tools.build:apkzlib:8.9.1) with MergeInstrumentationAnalysisTransform
[        ] Transforming asm-tree-9.7.jar (org.ow2.asm:asm-tree:9.7) with ExternalDependencyInstrumentingArtifactTransform
[        ] Transforming bcpkix-jdk18on-1.79.jar (org.bouncycastle:bcpkix-jdk18on:1.79) with InstrumentationAnalysisTransform
[        ] Transforming asm-9.7.jar (org.ow2.asm:asm:9.7) with ExternalDependencyInstrumentingArtifactTransform
[        ] Transforming bcpkix-jdk18on-1.79.jar (org.bouncycastle:bcpkix-jdk18on:1.79) with MergeInstrumentationAnalysisTransform
[        ] Transforming apkzlib-8.9.1.jar (com.android.tools.build:apkzlib:8.9.1) with ExternalDependencyInstrumentingArtifactTransform
[        ] Transforming jaxb-runtime-2.3.2.jar (org.glassfish.jaxb:jaxb-runtime:2.3.2) with InstrumentationAnalysisTransform
[        ] Transforming jaxb-runtime-2.3.2.jar (org.glassfish.jaxb:jaxb-runtime:2.3.2) with MergeInstrumentationAnalysisTransform
[        ] Transforming bcpkix-jdk18on-1.79.jar (org.bouncycastle:bcpkix-jdk18on:1.79) with ExternalDependencyInstrumentingArtifactTransform
[        ] Transforming jopt-simple-4.9.jar (net.sf.jopt-simple:jopt-simple:4.9) with InstrumentationAnalysisTransform
[        ] Transforming jaxb-runtime-2.3.2.jar (org.glassfish.jaxb:jaxb-runtime:2.3.2) with ExternalDependencyInstrumentingArtifactTransform
[        ] Transforming jopt-simple-4.9.jar (net.sf.jopt-simple:jopt-simple:4.9) with MergeInstrumentationAnalysisTransform
[        ] Transforming javapoet-1.10.0.jar (com.squareup:javapoet:1.10.0) with InstrumentationAnalysisTransform
[        ] Transforming javapoet-1.10.0.jar (com.squareup:javapoet:1.10.0) with MergeInstrumentationAnalysisTransform
[        ] Transforming jopt-simple-4.9.jar (net.sf.jopt-simple:jopt-simple:4.9) with ExternalDependencyInstrumentingArtifactTransform
[        ] Transforming protobuf-java-util-3.22.3.jar (com.google.protobuf:protobuf-java-util:3.22.3) with InstrumentationAnalysisTransform
[        ] Transforming protobuf-java-util-3.22.3.jar (com.google.protobuf:protobuf-java-util:3.22.3) with MergeInstrumentationAnalysisTransform
[        ] Transforming javapoet-1.10.0.jar (com.squareup:javapoet:1.10.0) with ExternalDependencyInstrumentingArtifactTransform
[        ] Transforming tink-1.7.0.jar (com.google.crypto.tink:tink:1.7.0) with InstrumentationAnalysisTransform
[        ] Transforming tink-1.7.0.jar (com.google.crypto.tink:tink:1.7.0) with MergeInstrumentationAnalysisTransform
[        ] Transforming core-proto-0.0.9-alpha03.jar (com.google.testing.platform:core-proto:0.0.9-alpha03) with InstrumentationAnalysisTransform
[        ] Transforming protobuf-java-util-3.22.3.jar (com.google.protobuf:protobuf-java-util:3.22.3) with ExternalDependencyInstrumentingArtifactTransform
[        ] Transforming core-proto-0.0.9-alpha03.jar (com.google.testing.platform:core-proto:0.0.9-alpha03) with MergeInstrumentationAnalysisTransform
[        ] Transforming protos-31.9.1.jar (com.android.tools.analytics-library:protos:31.9.1) with InstrumentationAnalysisTransform
[        ] Transforming tink-1.7.0.jar (com.google.crypto.tink:tink:1.7.0) with ExternalDependencyInstrumentingArtifactTransform
[        ] Transforming protos-31.9.1.jar (com.android.tools.analytics-library:protos:31.9.1) with MergeInstrumentationAnalysisTransform
[        ] Transforming grpc-protobuf-1.57.2.jar (io.grpc:grpc-protobuf:1.57.2) with InstrumentationAnalysisTransform
[        ] Transforming core-proto-0.0.9-alpha03.jar (com.google.testing.platform:core-proto:0.0.9-alpha03) with ExternalDependencyInstrumentingArtifactTransform
[        ] Transforming grpc-protobuf-1.57.2.jar (io.grpc:grpc-protobuf:1.57.2) with MergeInstrumentationAnalysisTransform
[        ] Transforming proto-google-common-protos-2.17.0.jar (com.google.api.grpc:proto-google-common-protos:2.17.0) with InstrumentationAnalysisTransform
[        ] Transforming protos-31.9.1.jar (com.android.tools.analytics-library:protos:31.9.1) with ExternalDependencyInstrumentingArtifactTransform
[        ] Transforming proto-google-common-protos-2.17.0.jar (com.google.api.grpc:proto-google-common-protos:2.17.0) with MergeInstrumentationAnalysisTransform
[        ] Transforming protobuf-java-3.24.4.jar (com.google.protobuf:protobuf-java:3.24.4) with InstrumentationAnalysisTransform
[        ] Transforming grpc-protobuf-1.57.2.jar (io.grpc:grpc-protobuf:1.57.2) with ExternalDependencyInstrumentingArtifactTransform
[        ] Transforming protobuf-java-3.24.4.jar (com.google.protobuf:protobuf-java:3.24.4) with MergeInstrumentationAnalysisTransform
[        ] Transforming grpc-netty-1.57.2.jar (io.grpc:grpc-netty:1.57.2) with InstrumentationAnalysisTransform
[        ] Transforming proto-google-common-protos-2.17.0.jar (com.google.api.grpc:proto-google-common-protos:2.17.0) with ExternalDependencyInstrumentingArtifactTransform
[        ] Transforming protobuf-java-3.24.4.jar (com.google.protobuf:protobuf-java:3.24.4) with ExternalDependencyInstrumentingArtifactTransform
[        ] Transforming grpc-netty-1.57.2.jar (io.grpc:grpc-netty:1.57.2) with MergeInstrumentationAnalysisTransform
[        ] Transforming grpc-core-1.57.2.jar (io.grpc:grpc-core:1.57.2) with InstrumentationAnalysisTransform
[        ] Transforming grpc-core-1.57.2.jar (io.grpc:grpc-core:1.57.2) with MergeInstrumentationAnalysisTransform
[        ] Transforming grpc-netty-1.57.2.jar (io.grpc:grpc-netty:1.57.2) with ExternalDependencyInstrumentingArtifactTransform
[        ] Transforming gson-2.10.1.jar (com.google.code.gson:gson:2.10.1) with InstrumentationAnalysisTransform
[        ] Transforming grpc-core-1.57.2.jar (io.grpc:grpc-core:1.57.2) with ExternalDependencyInstrumentingArtifactTransform
[        ] Transforming gson-2.10.1.jar (com.google.code.gson:gson:2.10.1) with MergeInstrumentationAnalysisTransform
[        ] Transforming grpc-stub-1.57.2.jar (io.grpc:grpc-stub:1.57.2) with InstrumentationAnalysisTransform
[        ] Transforming grpc-stub-1.57.2.jar (io.grpc:grpc-stub:1.57.2) with MergeInstrumentationAnalysisTransform
[        ] Transforming tensorflow-lite-metadata-0.2.0.jar (org.tensorflow:tensorflow-lite-metadata:0.2.0) with InstrumentationAnalysisTransform
[        ] Transforming gson-2.10.1.jar (com.google.code.gson:gson:2.10.1) with ExternalDependencyInstrumentingArtifactTransform
[        ] Transforming tensorflow-lite-metadata-0.2.0.jar (org.tensorflow:tensorflow-lite-metadata:0.2.0) with MergeInstrumentationAnalysisTransform
[        ] Transforming flatbuffers-java-1.12.0.jar (com.google.flatbuffers:flatbuffers-java:1.12.0) with InstrumentationAnalysisTransform
[        ] Transforming grpc-stub-1.57.2.jar (io.grpc:grpc-stub:1.57.2) with ExternalDependencyInstrumentingArtifactTransform
[        ] Transforming flatbuffers-java-1.12.0.jar (com.google.flatbuffers:flatbuffers-java:1.12.0) with MergeInstrumentationAnalysisTransform
[        ] Transforming jimfs-1.1.jar (com.google.jimfs:jimfs:1.1) with InstrumentationAnalysisTransform
[        ] Transforming tensorflow-lite-metadata-0.2.0.jar (org.tensorflow:tensorflow-lite-metadata:0.2.0) with ExternalDependencyInstrumentingArtifactTransform
[        ] Transforming jimfs-1.1.jar (com.google.jimfs:jimfs:1.1) with MergeInstrumentationAnalysisTransform
[        ] Transforming grpc-context-1.57.2.jar (io.grpc:grpc-context:1.57.2) with InstrumentationAnalysisTransform
[        ] Transforming flatbuffers-java-1.12.0.jar (com.google.flatbuffers:flatbuffers-java:1.12.0) with ExternalDependencyInstrumentingArtifactTransform
[        ] Transforming grpc-context-1.57.2.jar (io.grpc:grpc-context:1.57.2) with MergeInstrumentationAnalysisTransform
[        ] Transforming jimfs-1.1.jar (com.google.jimfs:jimfs:1.1) with ExternalDependencyInstrumentingArtifactTransform
[        ] Transforming grpc-protobuf-lite-1.57.2.jar (io.grpc:grpc-protobuf-lite:1.57.2) with InstrumentationAnalysisTransform
[        ] Transforming grpc-protobuf-lite-1.57.2.jar (io.grpc:grpc-protobuf-lite:1.57.2) with MergeInstrumentationAnalysisTransform
[        ] Transforming grpc-api-1.57.2.jar (io.grpc:grpc-api:1.57.2) with InstrumentationAnalysisTransform
[        ] Transforming grpc-context-1.57.2.jar (io.grpc:grpc-context:1.57.2) with ExternalDependencyInstrumentingArtifactTransform
[        ] Transforming grpc-api-1.57.2.jar (io.grpc:grpc-api:1.57.2) with MergeInstrumentationAnalysisTransform
[        ] Transforming guava-32.0.1-jre.jar (com.google.guava:guava:32.0.1-jre) with InstrumentationAnalysisTransform
[        ] Transforming guava-32.0.1-jre.jar (com.google.guava:guava:32.0.1-jre) with MergeInstrumentationAnalysisTransform
[        ] Transforming grpc-protobuf-lite-1.57.2.jar (io.grpc:grpc-protobuf-lite:1.57.2) with ExternalDependencyInstrumentingArtifactTransform
[        ] Transforming dagger-2.28.3.jar (com.google.dagger:dagger:2.28.3) with InstrumentationAnalysisTransform
[        ] Transforming grpc-api-1.57.2.jar (io.grpc:grpc-api:1.57.2) with ExternalDependencyInstrumentingArtifactTransform
[        ] Transforming dagger-2.28.3.jar (com.google.dagger:dagger:2.28.3) with MergeInstrumentationAnalysisTransform
[        ] Transforming guava-32.0.1-jre.jar (com.google.guava:guava:32.0.1-jre) with ExternalDependencyInstrumentingArtifactTransform
[        ] Transforming javax.inject-1.jar (javax.inject:javax.inject:1) with InstrumentationAnalysisTransform
[        ] Transforming javax.inject-1.jar (javax.inject:javax.inject:1) with MergeInstrumentationAnalysisTransform
[        ] Transforming dagger-2.28.3.jar (com.google.dagger:dagger:2.28.3) with ExternalDependencyInstrumentingArtifactTransform
[        ] Transforming kxml2-2.3.0.jar (net.sf.kxml:kxml2:2.3.0) with InstrumentationAnalysisTransform
[        ] Transforming kxml2-2.3.0.jar (net.sf.kxml:kxml2:2.3.0) with MergeInstrumentationAnalysisTransform
[        ] Transforming javax.inject-1.jar (javax.inject:javax.inject:1) with ExternalDependencyInstrumentingArtifactTransform
[        ] Transforming bcutil-jdk18on-1.79.jar (org.bouncycastle:bcutil-jdk18on:1.79) with InstrumentationAnalysisTransform
[        ] Transforming bcutil-jdk18on-1.79.jar (org.bouncycastle:bcutil-jdk18on:1.79) with MergeInstrumentationAnalysisTransform
[        ] Transforming kxml2-2.3.0.jar (net.sf.kxml:kxml2:2.3.0) with ExternalDependencyInstrumentingArtifactTransform
[        ] Transforming bcprov-jdk18on-1.79.jar (org.bouncycastle:bcprov-jdk18on:1.79) with InstrumentationAnalysisTransform
[        ] Transforming bcprov-jdk18on-1.79.jar (org.bouncycastle:bcprov-jdk18on:1.79) with MergeInstrumentationAnalysisTransform
[        ] Transforming bcutil-jdk18on-1.79.jar (org.bouncycastle:bcutil-jdk18on:1.79) with ExternalDependencyInstrumentingArtifactTransform
[        ] Transforming commons-compress-1.21.jar (org.apache.commons:commons-compress:1.21) with InstrumentationAnalysisTransform
[        ] Transforming commons-compress-1.21.jar (org.apache.commons:commons-compress:1.21) with MergeInstrumentationAnalysisTransform
[        ] Transforming bcprov-jdk18on-1.79.jar (org.bouncycastle:bcprov-jdk18on:1.79) with ExternalDependencyInstrumentingArtifactTransform
[        ] Transforming httpclient-4.5.14.jar (org.apache.httpcomponents:httpclient:4.5.14) with InstrumentationAnalysisTransform
[        ] Transforming httpclient-4.5.14.jar (org.apache.httpcomponents:httpclient:4.5.14) with MergeInstrumentationAnalysisTransform
[        ] Transforming httpcore-4.4.16.jar (org.apache.httpcomponents:httpcore:4.4.16) with InstrumentationAnalysisTransform
[        ] Transforming httpcore-4.4.16.jar (org.apache.httpcomponents:httpcore:4.4.16) with MergeInstrumentationAnalysisTransform
[        ] Transforming httpclient-4.5.14.jar (org.apache.httpcomponents:httpclient:4.5.14) with ExternalDependencyInstrumentingArtifactTransform
[        ] Transforming commons-compress-1.21.jar (org.apache.commons:commons-compress:1.21) with ExternalDependencyInstrumentingArtifactTransform
[        ] Transforming javax.activation-1.2.0.jar (com.sun.activation:javax.activation:1.2.0) with InstrumentationAnalysisTransform
[        ] Transforming httpcore-4.4.16.jar (org.apache.httpcomponents:httpcore:4.4.16) with ExternalDependencyInstrumentingArtifactTransform
[        ] Transforming javax.activation-1.2.0.jar (com.sun.activation:javax.activation:1.2.0) with MergeInstrumentationAnalysisTransform
[        ] Transforming annotations-23.0.0.jar (org.jetbrains:annotations:23.0.0) with InstrumentationAnalysisTransform
[        ] Transforming annotations-23.0.0.jar (org.jetbrains:annotations:23.0.0) with MergeInstrumentationAnalysisTransform
[        ] Transforming signflinger-8.9.1.jar (com.android:signflinger:8.9.1) with InstrumentationAnalysisTransform
[        ] Transforming javax.activation-1.2.0.jar (com.sun.activation:javax.activation:1.2.0) with ExternalDependencyInstrumentingArtifactTransform
[        ] Transforming annotations-23.0.0.jar (org.jetbrains:annotations:23.0.0) with ExternalDependencyInstrumentingArtifactTransform
[        ] Transforming signflinger-8.9.1.jar (com.android:signflinger:8.9.1) with MergeInstrumentationAnalysisTransform
[        ] Transforming zipflinger-8.9.1.jar (com.android:zipflinger:8.9.1) with InstrumentationAnalysisTransform
[        ] Transforming zipflinger-8.9.1.jar (com.android:zipflinger:8.9.1) with MergeInstrumentationAnalysisTransform
[        ] Transforming annotations-31.9.1.jar (com.android.tools:annotations:31.9.1) with InstrumentationAnalysisTransform
[        ] Transforming zipflinger-8.9.1.jar (com.android:zipflinger:8.9.1) with ExternalDependencyInstrumentingArtifactTransform
[        ] Transforming signflinger-8.9.1.jar (com.android:signflinger:8.9.1) with ExternalDependencyInstrumentingArtifactTransform
[        ] Transforming annotations-31.9.1.jar (com.android.tools:annotations:31.9.1) with MergeInstrumentationAnalysisTransform
[        ] Transforming jna-platform-5.6.0.jar (net.java.dev.jna:jna-platform:5.6.0) with InstrumentationAnalysisTransform
[        ] Transforming jna-platform-5.6.0.jar (net.java.dev.jna:jna-platform:5.6.0) with MergeInstrumentationAnalysisTransform
[        ] Transforming juniversalchardet-1.0.3.jar (com.googlecode.juniversalchardet:juniversalchardet:1.0.3) with InstrumentationAnalysisTransform
[        ] Transforming annotations-31.9.1.jar (com.android.tools:annotations:31.9.1) with ExternalDependencyInstrumentingArtifactTransform
[        ] Transforming juniversalchardet-1.0.3.jar (com.googlecode.juniversalchardet:juniversalchardet:1.0.3) with MergeInstrumentationAnalysisTransform
[        ] Transforming javax.annotation-api-1.3.2.jar (javax.annotation:javax.annotation-api:1.3.2) with InstrumentationAnalysisTransform
[        ] Transforming jna-platform-5.6.0.jar (net.java.dev.jna:jna-platform:5.6.0) with ExternalDependencyInstrumentingArtifactTransform
[        ] Transforming javax.annotation-api-1.3.2.jar (javax.annotation:javax.annotation-api:1.3.2) with MergeInstrumentationAnalysisTransform
[        ] Transforming juniversalchardet-1.0.3.jar (com.googlecode.juniversalchardet:juniversalchardet:1.0.3) with ExternalDependencyInstrumentingArtifactTransform
[        ] Transforming stax-ex-1.8.1.jar (org.jvnet.staxex:stax-ex:1.8.1) with InstrumentationAnalysisTransform
[        ] Transforming javax.annotation-api-1.3.2.jar (javax.annotation:javax.annotation-api:1.3.2) with ExternalDependencyInstrumentingArtifactTransform
[        ] Transforming stax-ex-1.8.1.jar (org.jvnet.staxex:stax-ex:1.8.1) with MergeInstrumentationAnalysisTransform
[        ] Transforming jakarta.xml.bind-api-2.3.2.jar (jakarta.xml.bind:jakarta.xml.bind-api:2.3.2) with InstrumentationAnalysisTransform
[        ] Transforming jakarta.xml.bind-api-2.3.2.jar (jakarta.xml.bind:jakarta.xml.bind-api:2.3.2) with MergeInstrumentationAnalysisTransform
[        ] Transforming txw2-2.3.2.jar (org.glassfish.jaxb:txw2:2.3.2) with InstrumentationAnalysisTransform
[        ] Transforming stax-ex-1.8.1.jar (org.jvnet.staxex:stax-ex:1.8.1) with ExternalDependencyInstrumentingArtifactTransform
[        ] Transforming txw2-2.3.2.jar (org.glassfish.jaxb:txw2:2.3.2) with MergeInstrumentationAnalysisTransform
[        ] Transforming istack-commons-runtime-3.0.8.jar (com.sun.istack:istack-commons-runtime:3.0.8) with InstrumentationAnalysisTransform
[        ] Transforming jakarta.xml.bind-api-2.3.2.jar (jakarta.xml.bind:jakarta.xml.bind-api:2.3.2) with ExternalDependencyInstrumentingArtifactTransform
[        ] Transforming istack-commons-runtime-3.0.8.jar (com.sun.istack:istack-commons-runtime:3.0.8) with MergeInstrumentationAnalysisTransform
[        ] Transforming txw2-2.3.2.jar (org.glassfish.jaxb:txw2:2.3.2) with ExternalDependencyInstrumentingArtifactTransform
[        ] Transforming FastInfoset-1.2.16.jar (com.sun.xml.fastinfoset:FastInfoset:1.2.16) with InstrumentationAnalysisTransform
[        ] Transforming istack-commons-runtime-3.0.8.jar (com.sun.istack:istack-commons-runtime:3.0.8) with ExternalDependencyInstrumentingArtifactTransform
[        ] Transforming FastInfoset-1.2.16.jar (com.sun.xml.fastinfoset:FastInfoset:1.2.16) with MergeInstrumentationAnalysisTransform
[        ] Transforming jakarta.activation-api-1.2.1.jar (jakarta.activation:jakarta.activation-api:1.2.1) with InstrumentationAnalysisTransform
[        ] Transforming jakarta.activation-api-1.2.1.jar (jakarta.activation:jakarta.activation-api:1.2.1) with MergeInstrumentationAnalysisTransform
[        ] Transforming auto-value-annotations-1.6.2.jar (com.google.auto.value:auto-value-annotations:1.6.2) with InstrumentationAnalysisTransform
[        ] Transforming FastInfoset-1.2.16.jar (com.sun.xml.fastinfoset:FastInfoset:1.2.16) with ExternalDependencyInstrumentingArtifactTransform
[        ] Transforming auto-value-annotations-1.6.2.jar (com.google.auto.value:auto-value-annotations:1.6.2) with MergeInstrumentationAnalysisTransform
[        ] Transforming jakarta.activation-api-1.2.1.jar (jakarta.activation:jakarta.activation-api:1.2.1) with ExternalDependencyInstrumentingArtifactTransform
[        ] Transforming error_prone_annotations-2.18.0.jar (com.google.errorprone:error_prone_annotations:2.18.0) with InstrumentationAnalysisTransform
[        ] Transforming error_prone_annotations-2.18.0.jar (com.google.errorprone:error_prone_annotations:2.18.0) with MergeInstrumentationAnalysisTransform
[        ] Transforming auto-value-annotations-1.6.2.jar (com.google.auto.value:auto-value-annotations:1.6.2) with ExternalDependencyInstrumentingArtifactTransform
[        ] Transforming jose4j-0.9.5.jar (org.bitbucket.b_c:jose4j:0.9.5) with InstrumentationAnalysisTransform
[        ] Transforming error_prone_annotations-2.18.0.jar (com.google.errorprone:error_prone_annotations:2.18.0) with ExternalDependencyInstrumentingArtifactTransform
[        ] Transforming jose4j-0.9.5.jar (org.bitbucket.b_c:jose4j:0.9.5) with MergeInstrumentationAnalysisTransform
[        ] Transforming slf4j-api-1.7.30.jar (org.slf4j:slf4j-api:1.7.30) with InstrumentationAnalysisTransform
[        ] Transforming slf4j-api-1.7.30.jar (org.slf4j:slf4j-api:1.7.30) with MergeInstrumentationAnalysisTransform
[        ] Transforming jdom2-2.0.6.jar (org.jdom:jdom2:2.0.6) with InstrumentationAnalysisTransform
[        ] Transforming jose4j-0.9.5.jar (org.bitbucket.b_c:jose4j:0.9.5) with ExternalDependencyInstrumentingArtifactTransform
[        ] Transforming jdom2-2.0.6.jar (org.jdom:jdom2:2.0.6) with MergeInstrumentationAnalysisTransform
[        ] Transforming slf4j-api-1.7.30.jar (org.slf4j:slf4j-api:1.7.30) with ExternalDependencyInstrumentingArtifactTransform
[        ] Transforming jdom2-2.0.6.jar (org.jdom:jdom2:2.0.6) with ExternalDependencyInstrumentingArtifactTransform
[        ] Transforming jsr305-3.0.2.jar (com.google.code.findbugs:jsr305:3.0.2) with InstrumentationAnalysisTransform
[        ] Transforming jsr305-3.0.2.jar (com.google.code.findbugs:jsr305:3.0.2) with MergeInstrumentationAnalysisTransform
[        ] Transforming j2objc-annotations-2.8.jar (com.google.j2objc:j2objc-annotations:2.8) with InstrumentationAnalysisTransform
[        ] Transforming j2objc-annotations-2.8.jar (com.google.j2objc:j2objc-annotations:2.8) with MergeInstrumentationAnalysisTransform
[        ] Transforming checker-qual-3.33.0.jar (org.checkerframework:checker-qual:3.33.0) with InstrumentationAnalysisTransform
[        ] Transforming checker-qual-3.33.0.jar (org.checkerframework:checker-qual:3.33.0) with MergeInstrumentationAnalysisTransform
[        ] Transforming apksig-8.9.1.jar (com.android.tools.build:apksig:8.9.1) with InstrumentationAnalysisTransform
[        ] Transforming apksig-8.9.1.jar (com.android.tools.build:apksig:8.9.1) with MergeInstrumentationAnalysisTransform
[        ] Transforming j2objc-annotations-2.8.jar (com.google.j2objc:j2objc-annotations:2.8) with ExternalDependencyInstrumentingArtifactTransform
[        ] Transforming javawriter-2.5.0.jar (com.squareup:javawriter:2.5.0) with InstrumentationAnalysisTransform
[        ] Transforming javawriter-2.5.0.jar (com.squareup:javawriter:2.5.0) with MergeInstrumentationAnalysisTransform
[        ] Transforming failureaccess-1.0.1.jar (com.google.guava:failureaccess:1.0.1) with InstrumentationAnalysisTransform
[        ] Transforming failureaccess-1.0.1.jar (com.google.guava:failureaccess:1.0.1) with MergeInstrumentationAnalysisTransform
[        ] Transforming apksig-8.9.1.jar (com.android.tools.build:apksig:8.9.1) with ExternalDependencyInstrumentingArtifactTransform
[        ] Transforming listenablefuture-9999.0-empty-to-avoid-conflict-with-guava.jar (com.google.guava:listenablefuture:9999.0-empty-to-avoid-conflict-with-guava) with InstrumentationAnalysisTransform
[        ] Transforming listenablefuture-9999.0-empty-to-avoid-conflict-with-guava.jar (com.google.guava:listenablefuture:9999.0-empty-to-avoid-conflict-with-guava) with MergeInstrumentationAnalysisTransform
[        ] Transforming commons-logging-1.2.jar (commons-logging:commons-logging:1.2) with InstrumentationAnalysisTransform
[        ] Transforming commons-logging-1.2.jar (commons-logging:commons-logging:1.2) with MergeInstrumentationAnalysisTransform
[        ] Transforming javawriter-2.5.0.jar (com.squareup:javawriter:2.5.0) with ExternalDependencyInstrumentingArtifactTransform
[        ] Transforming commons-codec-1.11.jar (commons-codec:commons-codec:1.11) with InstrumentationAnalysisTransform
[        ] Transforming jsr305-3.0.2.jar (com.google.code.findbugs:jsr305:3.0.2) with ExternalDependencyInstrumentingArtifactTransform
[        ] Transforming commons-codec-1.11.jar (commons-codec:commons-codec:1.11) with MergeInstrumentationAnalysisTransform
[        ] Transforming jna-5.6.0.jar (net.java.dev.jna:jna:5.6.0) with InstrumentationAnalysisTransform
[        ] Transforming failureaccess-1.0.1.jar (com.google.guava:failureaccess:1.0.1) with ExternalDependencyInstrumentingArtifactTransform
[        ] Transforming jna-5.6.0.jar (net.java.dev.jna:jna:5.6.0) with MergeInstrumentationAnalysisTransform
[        ] Transforming annotations-4.1.1.4.jar (com.google.android:annotations:4.1.1.4) with InstrumentationAnalysisTransform
[        ] Transforming annotations-4.1.1.4.jar (com.google.android:annotations:4.1.1.4) with MergeInstrumentationAnalysisTransform
[        ] Transforming commons-logging-1.2.jar (commons-logging:commons-logging:1.2) with ExternalDependencyInstrumentingArtifactTransform
[        ] Transforming animal-sniffer-annotations-1.23.jar (org.codehaus.mojo:animal-sniffer-annotations:1.23) with InstrumentationAnalysisTransform
[        ] Transforming listenablefuture-9999.0-empty-to-avoid-conflict-with-guava.jar (com.google.guava:listenablefuture:9999.0-empty-to-avoid-conflict-with-guava) with ExternalDependencyInstrumentingArtifactTransform
[        ] Transforming animal-sniffer-annotations-1.23.jar (org.codehaus.mojo:animal-sniffer-annotations:1.23) with MergeInstrumentationAnalysisTransform
[        ] Transforming commons-codec-1.11.jar (commons-codec:commons-codec:1.11) with ExternalDependencyInstrumentingArtifactTransform
[        ] Transforming jna-5.6.0.jar (net.java.dev.jna:jna:5.6.0) with ExternalDependencyInstrumentingArtifactTransform
[        ] Transforming perfmark-api-0.26.0.jar (io.perfmark:perfmark-api:0.26.0) with InstrumentationAnalysisTransform
[        ] Transforming checker-qual-3.33.0.jar (org.checkerframework:checker-qual:3.33.0) with ExternalDependencyInstrumentingArtifactTransform
[        ] Transforming annotations-4.1.1.4.jar (com.google.android:annotations:4.1.1.4) with ExternalDependencyInstrumentingArtifactTransform
[        ] Transforming perfmark-api-0.26.0.jar (io.perfmark:perfmark-api:0.26.0) with MergeInstrumentationAnalysisTransform
[        ] Transforming animal-sniffer-annotations-1.23.jar (org.codehaus.mojo:animal-sniffer-annotations:1.23) with ExternalDependencyInstrumentingArtifactTransform
[        ] Transforming netty-codec-http2-4.1.93.Final.jar (io.netty:netty-codec-http2:4.1.93.Final) with InstrumentationAnalysisTransform
[        ] Transforming netty-codec-http2-4.1.93.Final.jar (io.netty:netty-codec-http2:4.1.93.Final) with MergeInstrumentationAnalysisTransform
[        ] Transforming perfmark-api-0.26.0.jar (io.perfmark:perfmark-api:0.26.0) with ExternalDependencyInstrumentingArtifactTransform
[        ] Transforming netty-handler-proxy-4.1.93.Final.jar (io.netty:netty-handler-proxy:4.1.93.Final) with InstrumentationAnalysisTransform
[        ] Transforming netty-handler-proxy-4.1.93.Final.jar (io.netty:netty-handler-proxy:4.1.93.Final) with MergeInstrumentationAnalysisTransform
[        ] Transforming netty-codec-http2-4.1.93.Final.jar (io.netty:netty-codec-http2:4.1.93.Final) with ExternalDependencyInstrumentingArtifactTransform
[        ] Transforming netty-codec-http-4.1.93.Final.jar (io.netty:netty-codec-http:4.1.93.Final) with InstrumentationAnalysisTransform
[        ] Transforming netty-codec-http-4.1.93.Final.jar (io.netty:netty-codec-http:4.1.93.Final) with MergeInstrumentationAnalysisTransform
[        ] Transforming netty-handler-4.1.93.Final.jar (io.netty:netty-handler:4.1.93.Final) with InstrumentationAnalysisTransform
[        ] Transforming netty-handler-proxy-4.1.93.Final.jar (io.netty:netty-handler-proxy:4.1.93.Final) with ExternalDependencyInstrumentingArtifactTransform
[        ] Transforming netty-handler-4.1.93.Final.jar (io.netty:netty-handler:4.1.93.Final) with MergeInstrumentationAnalysisTransform
[        ] Transforming netty-codec-http-4.1.93.Final.jar (io.netty:netty-codec-http:4.1.93.Final) with ExternalDependencyInstrumentingArtifactTransform
[        ] Transforming netty-transport-native-unix-common-4.1.93.Final.jar (io.netty:netty-transport-native-unix-common:4.1.93.Final) with InstrumentationAnalysisTransform
[        ] Transforming netty-handler-4.1.93.Final.jar (io.netty:netty-handler:4.1.93.Final) with ExternalDependencyInstrumentingArtifactTransform
[        ] Transforming netty-transport-native-unix-common-4.1.93.Final.jar (io.netty:netty-transport-native-unix-common:4.1.93.Final) with MergeInstrumentationAnalysisTransform
[        ] Transforming netty-codec-socks-4.1.93.Final.jar (io.netty:netty-codec-socks:4.1.93.Final) with InstrumentationAnalysisTransform
[        ] Transforming netty-codec-socks-4.1.93.Final.jar (io.netty:netty-codec-socks:4.1.93.Final) with MergeInstrumentationAnalysisTransform
[        ] Transforming netty-transport-native-unix-common-4.1.93.Final.jar (io.netty:netty-transport-native-unix-common:4.1.93.Final) with ExternalDependencyInstrumentingArtifactTransform
[        ] Transforming netty-codec-4.1.93.Final.jar (io.netty:netty-codec:4.1.93.Final) with InstrumentationAnalysisTransform
[        ] Transforming netty-codec-4.1.93.Final.jar (io.netty:netty-codec:4.1.93.Final) with MergeInstrumentationAnalysisTransform
[        ] Transforming netty-codec-socks-4.1.93.Final.jar (io.netty:netty-codec-socks:4.1.93.Final) with ExternalDependencyInstrumentingArtifactTransform
[        ] Transforming netty-transport-4.1.93.Final.jar (io.netty:netty-transport:4.1.93.Final) with InstrumentationAnalysisTransform
[        ] Transforming netty-codec-4.1.93.Final.jar (io.netty:netty-codec:4.1.93.Final) with ExternalDependencyInstrumentingArtifactTransform
[        ] Transforming netty-transport-4.1.93.Final.jar (io.netty:netty-transport:4.1.93.Final) with MergeInstrumentationAnalysisTransform
[        ] Transforming netty-buffer-4.1.93.Final.jar (io.netty:netty-buffer:4.1.93.Final) with InstrumentationAnalysisTransform
[        ] Transforming netty-buffer-4.1.93.Final.jar (io.netty:netty-buffer:4.1.93.Final) with MergeInstrumentationAnalysisTransform
[        ] Transforming netty-resolver-4.1.93.Final.jar (io.netty:netty-resolver:4.1.93.Final) with InstrumentationAnalysisTransform
[        ] Transforming netty-transport-4.1.93.Final.jar (io.netty:netty-transport:4.1.93.Final) with ExternalDependencyInstrumentingArtifactTransform
[        ] Transforming netty-resolver-4.1.93.Final.jar (io.netty:netty-resolver:4.1.93.Final) with MergeInstrumentationAnalysisTransform
[        ] Transforming netty-buffer-4.1.93.Final.jar (io.netty:netty-buffer:4.1.93.Final) with ExternalDependencyInstrumentingArtifactTransform
[        ] Transforming netty-common-4.1.93.Final.jar (io.netty:netty-common:4.1.93.Final) with InstrumentationAnalysisTransform
[        ] Transforming netty-common-4.1.93.Final.jar (io.netty:netty-common:4.1.93.Final) with MergeInstrumentationAnalysisTransform
[        ] Transforming netty-resolver-4.1.93.Final.jar (io.netty:netty-resolver:4.1.93.Final) with ExternalDependencyInstrumentingArtifactTransform
[        ] Transforming netty-common-4.1.93.Final.jar (io.netty:netty-common:4.1.93.Final) with ExternalDependencyInstrumentingArtifactTransform
[  +84 ms] > Configure project :app_links
[        ] Evaluating project ':app_links' using build file 'C:\Users\bhavy\AppData\Local\Pub\Cache\hosted\pub.dev\app_links-6.4.1\android\build.gradle'.
[        ] Transforming gradle-8.6.1.jar (com.android.tools.build:gradle:8.6.1) with InstrumentationAnalysisTransform
[        ] Transforming gradle-settings-api-8.6.1.jar (com.android.tools.build:gradle-settings-api:8.6.1) with InstrumentationAnalysisTransform
[        ] Transforming lint-model-31.6.1.jar (com.android.tools.lint:lint-model:31.6.1) with InstrumentationAnalysisTransform
[        ] Transforming builder-8.6.1.jar (com.android.tools.build:builder:8.6.1) with InstrumentationAnalysisTransform
[        ] Transforming manifest-merger-31.6.1.jar (com.android.tools.build:manifest-merger:31.6.1) with InstrumentationAnalysisTransform
[        ] Transforming sdk-common-31.6.1.jar (com.android.tools:sdk-common:31.6.1) with InstrumentationAnalysisTransform
[        ] Transforming sdklib-31.6.1.jar (com.android.tools:sdklib:31.6.1) with InstrumentationAnalysisTransform
[        ] Transforming repository-31.6.1.jar (com.android.tools:repository:31.6.1) with InstrumentationAnalysisTransform
[        ] Transforming gradle-api-8.6.1.jar (com.android.tools.build:gradle-api:8.6.1) with InstrumentationAnalysisTransform
[        ] Transforming builder-test-api-8.6.1.jar (com.android.tools.build:builder-test-api:8.6.1) with InstrumentationAnalysisTransform
[        ] Transforming ddmlib-31.6.1.jar (com.android.tools.ddms:ddmlib:31.6.1) with InstrumentationAnalysisTransform
[        ] Transforming aaptcompiler-8.6.1.jar (com.android.tools.build:aaptcompiler:8.6.1) with InstrumentationAnalysisTransform
[        ] Transforming bundletool-1.16.0.jar (com.android.tools.build:bundletool:1.16.0) with InstrumentationAnalysisTransform
[        ] Transforming aapt2-proto-8.6.1-11315950.jar (com.android.tools.build:aapt2-proto:8.6.1-11315950) with InstrumentationAnalysisTransform
[        ] Transforming crash-31.6.1.jar (com.android.tools.analytics-library:crash:31.6.1) with InstrumentationAnalysisTransform
[        ] Transforming tracker-31.6.1.jar (com.android.tools.analytics-library:tracker:31.6.1) with InstrumentationAnalysisTransform
[        ] Transforming shared-31.6.1.jar (com.android.tools.analytics-library:shared:31.6.1) with InstrumentationAnalysisTransform
[        ] Transforming lint-typedef-remover-31.6.1.jar (com.android.tools.lint:lint-typedef-remover:31.6.1) with InstrumentationAnalysisTransform
[        ] Transforming databinding-compiler-common-8.6.1.jar (androidx.databinding:databinding-compiler-common:8.6.1) with InstrumentationAnalysisTransform
[        ] Transforming databinding-common-8.6.1.jar (androidx.databinding:databinding-common:8.6.1) with InstrumentationAnalysisTransform
[        ] Transforming baseLibrary-8.6.1.jar (com.android.databinding:baseLibrary:8.6.1) with InstrumentationAnalysisTransform
[        ] Transforming layoutlib-api-31.6.1.jar (com.android.tools.layoutlib:layoutlib-api:31.6.1) with InstrumentationAnalysisTransform
[        ] Transforming android-device-provider-ddmlib-proto-31.6.1.jar (com.android.tools.utp:android-device-provider-ddmlib-proto:31.6.1) with InstrumentationAnalysisTransform
[        ] Transforming android-device-provider-gradle-proto-31.6.1.jar (com.android.tools.utp:android-device-provider-gradle-proto:31.6.1) with InstrumentationAnalysisTransform
[        ] Transforming android-test-plugin-host-additional-test-output-proto-31.6.1.jar (com.android.tools.utp:android-test-plugin-host-additional-test-output-proto:31.6.1) with InstrumentationAnalysisTransform
[        ] Transforming android-test-plugin-host-coverage-proto-31.6.1.jar (com.android.tools.utp:android-test-plugin-host-coverage-proto:31.6.1) with InstrumentationAnalysisTransform
[        ] Transforming android-test-plugin-host-emulator-control-proto-31.6.1.jar (com.android.tools.utp:android-test-plugin-host-emulator-control-proto:31.6.1) with InstrumentationAnalysisTransform
[        ] Transforming android-test-plugin-host-logcat-proto-31.6.1.jar (com.android.tools.utp:android-test-plugin-host-logcat-proto:31.6.1) with InstrumentationAnalysisTransform
[        ] Transforming android-test-plugin-host-apk-installer-proto-31.6.1.jar (com.android.tools.utp:android-test-plugin-host-apk-installer-proto:31.6.1) with InstrumentationAnalysisTransform
[        ] Transforming android-test-plugin-host-retention-proto-31.6.1.jar (com.android.tools.utp:android-test-plugin-host-retention-proto:31.6.1) with InstrumentationAnalysisTransform
[        ] Transforming android-test-plugin-result-listener-gradle-proto-31.6.1.jar (com.android.tools.utp:android-test-plugin-result-listener-gradle-proto:31.6.1) with InstrumentationAnalysisTransform
[        ] Transforming builder-model-8.6.1.jar (com.android.tools.build:builder-model:8.6.1) with InstrumentationAnalysisTransform
[        ] Transforming dvlib-31.6.1.jar (com.android.tools:dvlib:31.6.1) with InstrumentationAnalysisTransform
[        ] Transforming common-31.6.1.jar (com.android.tools:common:31.6.1) with InstrumentationAnalysisTransform
[        ] Transforming jetifier-processor-1.0.0-beta10.jar (com.android.tools.build.jetifier:jetifier-processor:1.0.0-beta10) with InstrumentationAnalysisTransform
[        ] Transforming jetifier-core-1.0.0-beta10.jar (com.android.tools.build.jetifier:jetifier-core:1.0.0-beta10) with InstrumentationAnalysisTransform
[        ] Transforming kotlin-reflect-1.9.20.jar (org.jetbrains.kotlin:kotlin-reflect:1.9.20) with InstrumentationAnalysisTransform
[        ] Transforming kotlin-stdlib-jdk7-1.9.20.jar (org.jetbrains.kotlin:kotlin-stdlib-jdk7:1.9.20) with InstrumentationAnalysisTransform
[        ] Transforming kotlin-stdlib-1.9.20.jar (org.jetbrains.kotlin:kotlin-stdlib:1.9.20) with InstrumentationAnalysisTransform
[        ] Transforming kotlin-stdlib-jdk8-1.9.20.jar (org.jetbrains.kotlin:kotlin-stdlib-jdk8:1.9.20) with InstrumentationAnalysisTransform
[        ] Transforming transform-api-2.0.0-deprecated-use-gradle-api.jar (com.android.tools.build:transform-api:2.0.0-deprecated-use-gradle-api) with InstrumentationAnalysisTransform
[        ] Transforming httpmime-4.5.6.jar (org.apache.httpcomponents:httpmime:4.5.6) with InstrumentationAnalysisTransform
[        ] Transforming commons-io-2.13.0.jar (commons-io:commons-io:2.13.0) with InstrumentationAnalysisTransform
[        ] Transforming asm-commons-9.6.jar (org.ow2.asm:asm-commons:9.6) with InstrumentationAnalysisTransform
[        ] Transforming asm-util-9.6.jar (org.ow2.asm:asm-util:9.6) with InstrumentationAnalysisTransform
[        ] Transforming asm-analysis-9.6.jar (org.ow2.asm:asm-analysis:9.6) with InstrumentationAnalysisTransform
[        ] Transforming asm-tree-9.6.jar (org.ow2.asm:asm-tree:9.6) with InstrumentationAnalysisTransform
[        ] Transforming asm-9.6.jar (org.ow2.asm:asm:9.6) with InstrumentationAnalysisTransform
[        ] Transforming apkzlib-8.6.1.jar (com.android.tools.build:apkzlib:8.6.1) with InstrumentationAnalysisTransform
[        ] Transforming bcpkix-jdk18on-1.77.jar (org.bouncycastle:bcpkix-jdk18on:1.77) with InstrumentationAnalysisTransform
[        ] Transforming jaxb-runtime-2.3.2.jar (org.glassfish.jaxb:jaxb-runtime:2.3.2) with InstrumentationAnalysisTransform
[        ] Transforming jopt-simple-4.9.jar (net.sf.jopt-simple:jopt-simple:4.9) with InstrumentationAnalysisTransform
[        ] Transforming javapoet-1.10.0.jar (com.squareup:javapoet:1.10.0) with InstrumentationAnalysisTransform
[        ] Transforming protobuf-java-util-3.22.3.jar (com.google.protobuf:protobuf-java-util:3.22.3) with InstrumentationAnalysisTransform
[        ] Transforming grpc-protobuf-1.57.0.jar (io.grpc:grpc-protobuf:1.57.0) with InstrumentationAnalysisTransform
[        ] Transforming tink-1.7.0.jar (com.google.crypto.tink:tink:1.7.0) with InstrumentationAnalysisTransform
[        ] Transforming protos-31.6.1.jar (com.android.tools.analytics-library:protos:31.6.1) with InstrumentationAnalysisTransform
[        ] Transforming proto-google-common-protos-2.17.0.jar (com.google.api.grpc:proto-google-common-protos:2.17.0) with InstrumentationAnalysisTransform
[        ] Transforming protobuf-java-3.22.3.jar (com.google.protobuf:protobuf-java:3.22.3) with InstrumentationAnalysisTransform
[        ] Transforming grpc-netty-1.57.0.jar (io.grpc:grpc-netty:1.57.0) with InstrumentationAnalysisTransform
[        ] Transforming grpc-core-1.57.0.jar (io.grpc:grpc-core:1.57.0) with InstrumentationAnalysisTransform
[        ] Transforming gson-2.10.1.jar (com.google.code.gson:gson:2.10.1) with InstrumentationAnalysisTransform
[        ] Transforming grpc-stub-1.57.0.jar (io.grpc:grpc-stub:1.57.0) with InstrumentationAnalysisTransform
[        ] Transforming core-proto-0.0.9-alpha02.jar (com.google.testing.platform:core-proto:0.0.9-alpha02) with InstrumentationAnalysisTransform
[        ] Transforming kxml2-2.3.0.jar (net.sf.kxml:kxml2:2.3.0) with InstrumentationAnalysisTransform
[        ] Transforming tensorflow-lite-metadata-0.1.0-rc2.jar (org.tensorflow:tensorflow-lite-metadata:0.1.0-rc2) with InstrumentationAnalysisTransform
[        ] Transforming flatbuffers-java-1.12.0.jar (com.google.flatbuffers:flatbuffers-java:1.12.0) with InstrumentationAnalysisTransform
[        ] Transforming jimfs-1.1.jar (com.google.jimfs:jimfs:1.1) with InstrumentationAnalysisTransform
[        ] Transforming grpc-context-1.57.0.jar (io.grpc:grpc-context:1.57.0) with InstrumentationAnalysisTransform
[        ] Transforming grpc-protobuf-lite-1.57.0.jar (io.grpc:grpc-protobuf-lite:1.57.0) with InstrumentationAnalysisTransform
[        ] Transforming grpc-api-1.57.0.jar (io.grpc:grpc-api:1.57.0) with InstrumentationAnalysisTransform
[        ] Transforming guava-32.0.1-jre.jar (com.google.guava:guava:32.0.1-jre) with InstrumentationAnalysisTransform
[        ] Transforming dagger-2.28.3.jar (com.google.dagger:dagger:2.28.3) with InstrumentationAnalysisTransform
[        ] Transforming javax.inject-1.jar (javax.inject:javax.inject:1) with InstrumentationAnalysisTransform
[        ] Transforming bcutil-jdk18on-1.77.jar (org.bouncycastle:bcutil-jdk18on:1.77) with InstrumentationAnalysisTransform
[        ] Transforming bcprov-jdk18on-1.77.jar (org.bouncycastle:bcprov-jdk18on:1.77) with InstrumentationAnalysisTransform
[        ] Transforming trove4j-1.0.20200330.jar (org.jetbrains.intellij.deps:trove4j:1.0.20200330) with InstrumentationAnalysisTransform
[        ] Transforming commons-compress-1.21.jar (org.apache.commons:commons-compress:1.21) with InstrumentationAnalysisTransform
[        ] Transforming httpclient-4.5.14.jar (org.apache.httpcomponents:httpclient:4.5.14) with InstrumentationAnalysisTransform
[        ] Transforming httpcore-4.4.16.jar (org.apache.httpcomponents:httpcore:4.4.16) with InstrumentationAnalysisTransform
[        ] Transforming javax.activation-1.2.0.jar (com.sun.activation:javax.activation:1.2.0) with InstrumentationAnalysisTransform
[        ] Transforming annotations-23.0.0.jar (org.jetbrains:annotations:23.0.0) with InstrumentationAnalysisTransform
[        ] Transforming signflinger-8.6.1.jar (com.android:signflinger:8.6.1) with InstrumentationAnalysisTransform
[        ] Transforming zipflinger-8.6.1.jar (com.android:zipflinger:8.6.1) with InstrumentationAnalysisTransform
[        ] Transforming annotations-31.6.1.jar (com.android.tools:annotations:31.6.1) with InstrumentationAnalysisTransform
[        ] Transforming jna-platform-5.6.0.jar (net.java.dev.jna:jna-platform:5.6.0) with InstrumentationAnalysisTransform
[        ] Transforming juniversalchardet-1.0.3.jar (com.googlecode.juniversalchardet:juniversalchardet:1.0.3) with InstrumentationAnalysisTransform
[        ] Transforming javax.annotation-api-1.3.2.jar (javax.annotation:javax.annotation-api:1.3.2) with InstrumentationAnalysisTransform
[        ] Transforming stax-ex-1.8.1.jar (org.jvnet.staxex:stax-ex:1.8.1) with InstrumentationAnalysisTransform
[        ] Transforming jakarta.xml.bind-api-2.3.2.jar (jakarta.xml.bind:jakarta.xml.bind-api:2.3.2) with InstrumentationAnalysisTransform
[        ] Transforming txw2-2.3.2.jar (org.glassfish.jaxb:txw2:2.3.2) with InstrumentationAnalysisTransform
[        ] Transforming istack-commons-runtime-3.0.8.jar (com.sun.istack:istack-commons-runtime:3.0.8) with InstrumentationAnalysisTransform
[        ] Transforming FastInfoset-1.2.16.jar (com.sun.xml.fastinfoset:FastInfoset:1.2.16) with InstrumentationAnalysisTransform
[        ] Transforming jakarta.activation-api-1.2.1.jar (jakarta.activation:jakarta.activation-api:1.2.1) with InstrumentationAnalysisTransform
[        ] Transforming auto-value-annotations-1.6.2.jar (com.google.auto.value:auto-value-annotations:1.6.2) with InstrumentationAnalysisTransform
[        ] Transforming error_prone_annotations-2.18.0.jar (com.google.errorprone:error_prone_annotations:2.18.0) with InstrumentationAnalysisTransform
[        ] Transforming jose4j-0.9.5.jar (org.bitbucket.b_c:jose4j:0.9.5) with InstrumentationAnalysisTransform
[        ] Transforming slf4j-api-1.7.30.jar (org.slf4j:slf4j-api:1.7.30) with InstrumentationAnalysisTransform
[        ] Transforming jdom2-2.0.6.jar (org.jdom:jdom2:2.0.6) with InstrumentationAnalysisTransform
[        ] Transforming jsr305-3.0.2.jar (com.google.code.findbugs:jsr305:3.0.2) with InstrumentationAnalysisTransform
[        ] Transforming j2objc-annotations-2.8.jar (com.google.j2objc:j2objc-annotations:2.8) with InstrumentationAnalysisTransform
[        ] Transforming annotations-4.1.1.4.jar (com.google.android:annotations:4.1.1.4) with InstrumentationAnalysisTransform
[        ] Transforming animal-sniffer-annotations-1.23.jar (org.codehaus.mojo:animal-sniffer-annotations:1.23) with InstrumentationAnalysisTransform
[        ] Transforming perfmark-api-0.26.0.jar (io.perfmark:perfmark-api:0.26.0) with InstrumentationAnalysisTransform
[        ] Transforming netty-codec-http2-4.1.93.Final.jar (io.netty:netty-codec-http2:4.1.93.Final) with InstrumentationAnalysisTransform
[        ] Transforming netty-handler-proxy-4.1.93.Final.jar (io.netty:netty-handler-proxy:4.1.93.Final) with InstrumentationAnalysisTransform
[        ] Transforming netty-codec-http-4.1.93.Final.jar (io.netty:netty-codec-http:4.1.93.Final) with InstrumentationAnalysisTransform
[        ] Transforming netty-handler-4.1.93.Final.jar (io.netty:netty-handler:4.1.93.Final) with InstrumentationAnalysisTransform
[        ] Transforming netty-transport-native-unix-common-4.1.93.Final.jar (io.netty:netty-transport-native-unix-common:4.1.93.Final) with InstrumentationAnalysisTransform
[        ] Transforming checker-qual-3.33.0.jar (org.checkerframework:checker-qual:3.33.0) with InstrumentationAnalysisTransform
[        ] Transforming commons-codec-1.11.jar (commons-codec:commons-codec:1.11) with InstrumentationAnalysisTransform
[        ] Transforming apksig-8.6.1.jar (com.android.tools.build:apksig:8.6.1) with InstrumentationAnalysisTransform
[        ] Transforming javawriter-2.5.0.jar (com.squareup:javawriter:2.5.0) with InstrumentationAnalysisTransform
[        ] Transforming failureaccess-1.0.1.jar (com.google.guava:failureaccess:1.0.1) with InstrumentationAnalysisTransform
[        ] Transforming listenablefuture-9999.0-empty-to-avoid-conflict-with-guava.jar (com.google.guava:listenablefuture:9999.0-empty-to-avoid-conflict-with-guava) with InstrumentationAnalysisTransform
[        ] Transforming commons-logging-1.2.jar (commons-logging:commons-logging:1.2) with InstrumentationAnalysisTransform
[        ] Transforming jna-5.6.0.jar (net.java.dev.jna:jna:5.6.0) with InstrumentationAnalysisTransform
[        ] Transforming netty-codec-socks-4.1.93.Final.jar (io.netty:netty-codec-socks:4.1.93.Final) with InstrumentationAnalysisTransform
[        ] Transforming netty-codec-4.1.93.Final.jar (io.netty:netty-codec:4.1.93.Final) with InstrumentationAnalysisTransform
[        ] Transforming netty-transport-4.1.93.Final.jar (io.netty:netty-transport:4.1.93.Final) with InstrumentationAnalysisTransform
[        ] Transforming netty-buffer-4.1.93.Final.jar (io.netty:netty-buffer:4.1.93.Final) with InstrumentationAnalysisTransform
[        ] Transforming netty-resolver-4.1.93.Final.jar (io.netty:netty-resolver:4.1.93.Final) with InstrumentationAnalysisTransform
[        ] Transforming netty-common-4.1.93.Final.jar (io.netty:netty-common:4.1.93.Final) with InstrumentationAnalysisTransform
[        ] Transforming gradle-8.6.1.jar (com.android.tools.build:gradle:8.6.1) with InstrumentationAnalysisTransform
[        ] Transforming gradle-8.6.1.jar (com.android.tools.build:gradle:8.6.1) with MergeInstrumentationAnalysisTransform
[        ] Transforming gradle-settings-api-8.6.1.jar (com.android.tools.build:gradle-settings-api:8.6.1) with InstrumentationAnalysisTransform
[        ] Transforming gradle-settings-api-8.6.1.jar (com.android.tools.build:gradle-settings-api:8.6.1) with MergeInstrumentationAnalysisTransform
[        ] Transforming lint-model-31.6.1.jar (com.android.tools.lint:lint-model:31.6.1) with InstrumentationAnalysisTransform
[        ] Transforming lint-model-31.6.1.jar (com.android.tools.lint:lint-model:31.6.1) with MergeInstrumentationAnalysisTransform
[        ] Transforming gradle-8.6.1.jar (com.android.tools.build:gradle:8.6.1) with ExternalDependencyInstrumentingArtifactTransform
[        ] Transforming builder-8.6.1.jar (com.android.tools.build:builder:8.6.1) with InstrumentationAnalysisTransform
[        ] Transforming gradle-settings-api-8.6.1.jar (com.android.tools.build:gradle-settings-api:8.6.1) with ExternalDependencyInstrumentingArtifactTransform
[        ] Transforming builder-8.6.1.jar (com.android.tools.build:builder:8.6.1) with MergeInstrumentationAnalysisTransform
[        ] Transforming lint-model-31.6.1.jar (com.android.tools.lint:lint-model:31.6.1) with ExternalDependencyInstrumentingArtifactTransform
[        ] Transforming manifest-merger-31.6.1.jar (com.android.tools.build:manifest-merger:31.6.1) with InstrumentationAnalysisTransform
[        ] Transforming manifest-merger-31.6.1.jar (com.android.tools.build:manifest-merger:31.6.1) with MergeInstrumentationAnalysisTransform
[        ] Transforming builder-8.6.1.jar (com.android.tools.build:builder:8.6.1) with ExternalDependencyInstrumentingArtifactTransform
[        ] Transforming sdk-common-31.6.1.jar (com.android.tools:sdk-common:31.6.1) with InstrumentationAnalysisTransform
[        ] Transforming sdk-common-31.6.1.jar (com.android.tools:sdk-common:31.6.1) with MergeInstrumentationAnalysisTransform
[        ] Transforming manifest-merger-31.6.1.jar (com.android.tools.build:manifest-merger:31.6.1) with ExternalDependencyInstrumentingArtifactTransform
[        ] Transforming sdklib-31.6.1.jar (com.android.tools:sdklib:31.6.1) with InstrumentationAnalysisTransform
[        ] Transforming sdklib-31.6.1.jar (com.android.tools:sdklib:31.6.1) with MergeInstrumentationAnalysisTransform
[        ] Transforming sdk-common-31.6.1.jar (com.android.tools:sdk-common:31.6.1) with ExternalDependencyInstrumentingArtifactTransform
[        ] Transforming repository-31.6.1.jar (com.android.tools:repository:31.6.1) with InstrumentationAnalysisTransform
[        ] Transforming repository-31.6.1.jar (com.android.tools:repository:31.6.1) with MergeInstrumentationAnalysisTransform
[        ] Transforming sdklib-31.6.1.jar (com.android.tools:sdklib:31.6.1) with ExternalDependencyInstrumentingArtifactTransform
[        ] Transforming gradle-api-8.6.1.jar (com.android.tools.build:gradle-api:8.6.1) with InstrumentationAnalysisTransform
[        ] Transforming gradle-api-8.6.1.jar (com.android.tools.build:gradle-api:8.6.1) with MergeInstrumentationAnalysisTransform
[        ] Transforming repository-31.6.1.jar (com.android.tools:repository:31.6.1) with ExternalDependencyInstrumentingArtifactTransform
[        ] Transforming builder-test-api-8.6.1.jar (com.android.tools.build:builder-test-api:8.6.1) with InstrumentationAnalysisTransform
[        ] Transforming builder-test-api-8.6.1.jar (com.android.tools.build:builder-test-api:8.6.1) with MergeInstrumentationAnalysisTransform
[        ] Transforming gradle-api-8.6.1.jar (com.android.tools.build:gradle-api:8.6.1) with ExternalDependencyInstrumentingArtifactTransform
[        ] Transforming ddmlib-31.6.1.jar (com.android.tools.ddms:ddmlib:31.6.1) with InstrumentationAnalysisTransform
[        ] Transforming ddmlib-31.6.1.jar (com.android.tools.ddms:ddmlib:31.6.1) with MergeInstrumentationAnalysisTransform
[        ] Transforming builder-test-api-8.6.1.jar (com.android.tools.build:builder-test-api:8.6.1) with ExternalDependencyInstrumentingArtifactTransform
[        ] Transforming aaptcompiler-8.6.1.jar (com.android.tools.build:aaptcompiler:8.6.1) with InstrumentationAnalysisTransform
[        ] Transforming aaptcompiler-8.6.1.jar (com.android.tools.build:aaptcompiler:8.6.1) with MergeInstrumentationAnalysisTransform
[        ] Transforming ddmlib-31.6.1.jar (com.android.tools.ddms:ddmlib:31.6.1) with ExternalDependencyInstrumentingArtifactTransform
[        ] Transforming bundletool-1.16.0.jar (com.android.tools.build:bundletool:1.16.0) with InstrumentationAnalysisTransform
[        ] Transforming bundletool-1.16.0.jar (com.android.tools.build:bundletool:1.16.0) with MergeInstrumentationAnalysisTransform
[        ] Transforming aaptcompiler-8.6.1.jar (com.android.tools.build:aaptcompiler:8.6.1) with ExternalDependencyInstrumentingArtifactTransform
[        ] Transforming aapt2-proto-8.6.1-11315950.jar (com.android.tools.build:aapt2-proto:8.6.1-11315950) with InstrumentationAnalysisTransform
[        ] Transforming aapt2-proto-8.6.1-11315950.jar (com.android.tools.build:aapt2-proto:8.6.1-11315950) with MergeInstrumentationAnalysisTransform
[        ] Transforming bundletool-1.16.0.jar (com.android.tools.build:bundletool:1.16.0) with ExternalDependencyInstrumentingArtifactTransform
[        ] Transforming crash-31.6.1.jar (com.android.tools.analytics-library:crash:31.6.1) with InstrumentationAnalysisTransform
[        ] Transforming crash-31.6.1.jar (com.android.tools.analytics-library:crash:31.6.1) with MergeInstrumentationAnalysisTransform
[        ] Transforming aapt2-proto-8.6.1-11315950.jar (com.android.tools.build:aapt2-proto:8.6.1-11315950) with ExternalDependencyInstrumentingArtifactTransform
[        ] Transforming tracker-31.6.1.jar (com.android.tools.analytics-library:tracker:31.6.1) with InstrumentationAnalysisTransform
[        ] Transforming tracker-31.6.1.jar (com.android.tools.analytics-library:tracker:31.6.1) with MergeInstrumentationAnalysisTransform
[        ] Transforming shared-31.6.1.jar (com.android.tools.analytics-library:shared:31.6.1) with InstrumentationAnalysisTransform
[        ] Transforming crash-31.6.1.jar (com.android.tools.analytics-library:crash:31.6.1) with ExternalDependencyInstrumentingArtifactTransform
[        ] Transforming shared-31.6.1.jar (com.android.tools.analytics-library:shared:31.6.1) with MergeInstrumentationAnalysisTransform
[        ] Transforming tracker-31.6.1.jar (com.android.tools.analytics-library:tracker:31.6.1) with ExternalDependencyInstrumentingArtifactTransform
[        ] Transforming lint-typedef-remover-31.6.1.jar (com.android.tools.lint:lint-typedef-remover:31.6.1) with InstrumentationAnalysisTransform
[        ] Transforming lint-typedef-remover-31.6.1.jar (com.android.tools.lint:lint-typedef-remover:31.6.1) with MergeInstrumentationAnalysisTransform
[        ] Transforming shared-31.6.1.jar (com.android.tools.analytics-library:shared:31.6.1) with ExternalDependencyInstrumentingArtifactTransform
[        ] Transforming databinding-compiler-common-8.6.1.jar (androidx.databinding:databinding-compiler-common:8.6.1) with InstrumentationAnalysisTransform
[        ] Transforming databinding-compiler-common-8.6.1.jar (androidx.databinding:databinding-compiler-common:8.6.1) with MergeInstrumentationAnalysisTransform
[        ] Transforming lint-typedef-remover-31.6.1.jar (com.android.tools.lint:lint-typedef-remover:31.6.1) with ExternalDependencyInstrumentingArtifactTransform
[        ] Transforming databinding-common-8.6.1.jar (androidx.databinding:databinding-common:8.6.1) with InstrumentationAnalysisTransform
[        ] Transforming databinding-common-8.6.1.jar (androidx.databinding:databinding-common:8.6.1) with MergeInstrumentationAnalysisTransform
[        ] Transforming baseLibrary-8.6.1.jar (com.android.databinding:baseLibrary:8.6.1) with InstrumentationAnalysisTransform
[        ] Transforming databinding-compiler-common-8.6.1.jar (androidx.databinding:databinding-compiler-common:8.6.1) with ExternalDependencyInstrumentingArtifactTransform
[        ] Transforming databinding-common-8.6.1.jar (androidx.databinding:databinding-common:8.6.1) with ExternalDependencyInstrumentingArtifactTransform
[        ] Transforming baseLibrary-8.6.1.jar (com.android.databinding:baseLibrary:8.6.1) with MergeInstrumentationAnalysisTransform
[        ] Transforming layoutlib-api-31.6.1.jar (com.android.tools.layoutlib:layoutlib-api:31.6.1) with InstrumentationAnalysisTransform
[        ] Transforming baseLibrary-8.6.1.jar (com.android.databinding:baseLibrary:8.6.1) with ExternalDependencyInstrumentingArtifactTransform
[        ] Transforming layoutlib-api-31.6.1.jar (com.android.tools.layoutlib:layoutlib-api:31.6.1) with MergeInstrumentationAnalysisTransform
[        ] Transforming android-device-provider-ddmlib-proto-31.6.1.jar (com.android.tools.utp:android-device-provider-ddmlib-proto:31.6.1) with InstrumentationAnalysisTransform
[        ] Transforming android-device-provider-ddmlib-proto-31.6.1.jar (com.android.tools.utp:android-device-provider-ddmlib-proto:31.6.1) with MergeInstrumentationAnalysisTransform
[        ] Transforming android-device-provider-gradle-proto-31.6.1.jar (com.android.tools.utp:android-device-provider-gradle-proto:31.6.1) with InstrumentationAnalysisTransform
[        ] Transforming layoutlib-api-31.6.1.jar (com.android.tools.layoutlib:layoutlib-api:31.6.1) with ExternalDependencyInstrumentingArtifactTransform
[        ] Transforming android-device-provider-gradle-proto-31.6.1.jar (com.android.tools.utp:android-device-provider-gradle-proto:31.6.1) with MergeInstrumentationAnalysisTransform
[        ] Transforming android-device-provider-ddmlib-proto-31.6.1.jar (com.android.tools.utp:android-device-provider-ddmlib-proto:31.6.1) with ExternalDependencyInstrumentingArtifactTransform
[        ] Transforming android-test-plugin-host-additional-test-output-proto-31.6.1.jar (com.android.tools.utp:android-test-plugin-host-additional-test-output-proto:31.6.1) with InstrumentationAnalysisTransform
[        ] Transforming android-device-provider-gradle-proto-31.6.1.jar (com.android.tools.utp:android-device-provider-gradle-proto:31.6.1) with ExternalDependencyInstrumentingArtifactTransform
[        ] Transforming android-test-plugin-host-additional-test-output-proto-31.6.1.jar (com.android.tools.utp:android-test-plugin-host-additional-test-output-proto:31.6.1) with MergeInstrumentationAnalysisTransform
[        ] Transforming android-test-plugin-host-coverage-proto-31.6.1.jar (com.android.tools.utp:android-test-plugin-host-coverage-proto:31.6.1) with InstrumentationAnalysisTransform
[        ] Transforming android-test-plugin-host-coverage-proto-31.6.1.jar (com.android.tools.utp:android-test-plugin-host-coverage-proto:31.6.1) with MergeInstrumentationAnalysisTransform
[        ] Transforming android-test-plugin-host-emulator-control-proto-31.6.1.jar (com.android.tools.utp:android-test-plugin-host-emulator-control-proto:31.6.1) with InstrumentationAnalysisTransform
[        ] Transforming android-test-plugin-host-additional-test-output-proto-31.6.1.jar (com.android.tools.utp:android-test-plugin-host-additional-test-output-proto:31.6.1) with ExternalDependencyInstrumentingArtifactTransform
[        ] Transforming android-test-plugin-host-emulator-control-proto-31.6.1.jar (com.android.tools.utp:android-test-plugin-host-emulator-control-proto:31.6.1) with MergeInstrumentationAnalysisTransform
[        ] Transforming android-test-plugin-host-coverage-proto-31.6.1.jar (com.android.tools.utp:android-test-plugin-host-coverage-proto:31.6.1) with ExternalDependencyInstrumentingArtifactTransform
[        ] Transforming android-test-plugin-host-logcat-proto-31.6.1.jar (com.android.tools.utp:android-test-plugin-host-logcat-proto:31.6.1) with InstrumentationAnalysisTransform
[        ] Transforming android-test-plugin-host-emulator-control-proto-31.6.1.jar (com.android.tools.utp:android-test-plugin-host-emulator-control-proto:31.6.1) with ExternalDependencyInstrumentingArtifactTransform
[        ] Transforming android-test-plugin-host-logcat-proto-31.6.1.jar (com.android.tools.utp:android-test-plugin-host-logcat-proto:31.6.1) with MergeInstrumentationAnalysisTransform
[        ] Transforming android-test-plugin-host-apk-installer-proto-31.6.1.jar (com.android.tools.utp:android-test-plugin-host-apk-installer-proto:31.6.1) with InstrumentationAnalysisTransform
[        ] Transforming android-test-plugin-host-apk-installer-proto-31.6.1.jar (com.android.tools.utp:android-test-plugin-host-apk-installer-proto:31.6.1) with MergeInstrumentationAnalysisTransform
[        ] Transforming android-test-plugin-host-retention-proto-31.6.1.jar (com.android.tools.utp:android-test-plugin-host-retention-proto:31.6.1) with InstrumentationAnalysisTransform
[        ] Transforming android-test-plugin-host-logcat-proto-31.6.1.jar (com.android.tools.utp:android-test-plugin-host-logcat-proto:31.6.1) with ExternalDependencyInstrumentingArtifactTransform
[        ] Transforming android-test-plugin-host-retention-proto-31.6.1.jar (com.android.tools.utp:android-test-plugin-host-retention-proto:31.6.1) with MergeInstrumentationAnalysisTransform
[        ] Transforming android-test-plugin-host-apk-installer-proto-31.6.1.jar (com.android.tools.utp:android-test-plugin-host-apk-installer-proto:31.6.1) with ExternalDependencyInstrumentingArtifactTransform
[        ] Transforming android-test-plugin-result-listener-gradle-proto-31.6.1.jar (com.android.tools.utp:android-test-plugin-result-listener-gradle-proto:31.6.1) with InstrumentationAnalysisTransform
[        ] Transforming android-test-plugin-host-retention-proto-31.6.1.jar (com.android.tools.utp:android-test-plugin-host-retention-proto:31.6.1) with ExternalDependencyInstrumentingArtifactTransform
[        ] Transforming android-test-plugin-result-listener-gradle-proto-31.6.1.jar (com.android.tools.utp:android-test-plugin-result-listener-gradle-proto:31.6.1) with MergeInstrumentationAnalysisTransform
[        ] Transforming builder-model-8.6.1.jar (com.android.tools.build:builder-model:8.6.1) with InstrumentationAnalysisTransform
[        ] Transforming builder-model-8.6.1.jar (com.android.tools.build:builder-model:8.6.1) with MergeInstrumentationAnalysisTransform
[        ] Transforming dvlib-31.6.1.jar (com.android.tools:dvlib:31.6.1) with InstrumentationAnalysisTransform
[        ] Transforming android-test-plugin-result-listener-gradle-proto-31.6.1.jar (com.android.tools.utp:android-test-plugin-result-listener-gradle-proto:31.6.1) with ExternalDependencyInstrumentingArtifactTransform
[        ] Transforming dvlib-31.6.1.jar (com.android.tools:dvlib:31.6.1) with MergeInstrumentationAnalysisTransform
[        ] Transforming common-31.6.1.jar (com.android.tools:common:31.6.1) with InstrumentationAnalysisTransform
[        ] Transforming builder-model-8.6.1.jar (com.android.tools.build:builder-model:8.6.1) with ExternalDependencyInstrumentingArtifactTransform
[        ] Transforming common-31.6.1.jar (com.android.tools:common:31.6.1) with MergeInstrumentationAnalysisTransform
[   +1 ms] Transforming dvlib-31.6.1.jar (com.android.tools:dvlib:31.6.1) with ExternalDependencyInstrumentingArtifactTransform
[        ] Transforming jetifier-processor-1.0.0-beta10.jar (com.android.tools.build.jetifier:jetifier-processor:1.0.0-beta10) with InstrumentationAnalysisTransform
[        ] Transforming jetifier-processor-1.0.0-beta10.jar (com.android.tools.build.jetifier:jetifier-processor:1.0.0-beta10) with MergeInstrumentationAnalysisTransform
[        ] Transforming jetifier-core-1.0.0-beta10.jar (com.android.tools.build.jetifier:jetifier-core:1.0.0-beta10) with InstrumentationAnalysisTransform
[        ] Transforming common-31.6.1.jar (com.android.tools:common:31.6.1) with ExternalDependencyInstrumentingArtifactTransform
[        ] Transforming jetifier-core-1.0.0-beta10.jar (com.android.tools.build.jetifier:jetifier-core:1.0.0-beta10) with MergeInstrumentationAnalysisTransform
[        ] Transforming jetifier-processor-1.0.0-beta10.jar (com.android.tools.build.jetifier:jetifier-processor:1.0.0-beta10) with ExternalDependencyInstrumentingArtifactTransform
[        ] Transforming kotlin-reflect-1.9.20.jar (org.jetbrains.kotlin:kotlin-reflect:1.9.20) with InstrumentationAnalysisTransform
[        ] Transforming kotlin-reflect-1.9.20.jar (org.jetbrains.kotlin:kotlin-reflect:1.9.20) with MergeInstrumentationAnalysisTransform
[        ] Transforming jetifier-core-1.0.0-beta10.jar (com.android.tools.build.jetifier:jetifier-core:1.0.0-beta10) with ExternalDependencyInstrumentingArtifactTransform
[        ] Transforming kotlin-stdlib-jdk7-1.9.20.jar (org.jetbrains.kotlin:kotlin-stdlib-jdk7:1.9.20) with InstrumentationAnalysisTransform
[        ] Transforming kotlin-reflect-1.9.20.jar (org.jetbrains.kotlin:kotlin-reflect:1.9.20) with ExternalDependencyInstrumentingArtifactTransform
[        ] Transforming kotlin-stdlib-jdk7-1.9.20.jar (org.jetbrains.kotlin:kotlin-stdlib-jdk7:1.9.20) with MergeInstrumentationAnalysisTransform
[        ] Transforming kotlin-stdlib-1.9.20.jar (org.jetbrains.kotlin:kotlin-stdlib:1.9.20) with InstrumentationAnalysisTransform
[   +1 ms] Transforming kotlin-stdlib-1.9.20.jar (org.jetbrains.kotlin:kotlin-stdlib:1.9.20) with MergeInstrumentationAnalysisTransform
[        ] Transforming kotlin-stdlib-jdk8-1.9.20.jar (org.jetbrains.kotlin:kotlin-stdlib-jdk8:1.9.20) with InstrumentationAnalysisTransform
[        ] Transforming kotlin-stdlib-jdk7-1.9.20.jar (org.jetbrains.kotlin:kotlin-stdlib-jdk7:1.9.20) with ExternalDependencyInstrumentingArtifactTransform
[        ] Transforming kotlin-stdlib-jdk8-1.9.20.jar (org.jetbrains.kotlin:kotlin-stdlib-jdk8:1.9.20) with MergeInstrumentationAnalysisTransform
[        ] Transforming transform-api-2.0.0-deprecated-use-gradle-api.jar (com.android.tools.build:transform-api:2.0.0-deprecated-use-gradle-api) with InstrumentationAnalysisTransform
[        ] Transforming kotlin-stdlib-1.9.20.jar (org.jetbrains.kotlin:kotlin-stdlib:1.9.20) with ExternalDependencyInstrumentingArtifactTransform
[        ] Transforming transform-api-2.0.0-deprecated-use-gradle-api.jar (com.android.tools.build:transform-api:2.0.0-deprecated-use-gradle-api) with MergeInstrumentationAnalysisTransform
[        ] Transforming httpmime-4.5.6.jar (org.apache.httpcomponents:httpmime:4.5.6) with InstrumentationAnalysisTransform
[        ] Transforming kotlin-stdlib-jdk8-1.9.20.jar (org.jetbrains.kotlin:kotlin-stdlib-jdk8:1.9.20) with ExternalDependencyInstrumentingArtifactTransform
[        ] Transforming httpmime-4.5.6.jar (org.apache.httpcomponents:httpmime:4.5.6) with MergeInstrumentationAnalysisTransform
[        ] Transforming transform-api-2.0.0-deprecated-use-gradle-api.jar (com.android.tools.build:transform-api:2.0.0-deprecated-use-gradle-api) with ExternalDependencyInstrumentingArtifactTransform
[        ] Transforming commons-io-2.13.0.jar (commons-io:commons-io:2.13.0) with InstrumentationAnalysisTransform
[        ] Transforming httpmime-4.5.6.jar (org.apache.httpcomponents:httpmime:4.5.6) with ExternalDependencyInstrumentingArtifactTransform
[        ] Transforming commons-io-2.13.0.jar (commons-io:commons-io:2.13.0) with MergeInstrumentationAnalysisTransform
[        ] Transforming asm-commons-9.6.jar (org.ow2.asm:asm-commons:9.6) with InstrumentationAnalysisTransform
[        ] Transforming asm-commons-9.6.jar (org.ow2.asm:asm-commons:9.6) with MergeInstrumentationAnalysisTransform
[        ] Transforming commons-io-2.13.0.jar (commons-io:commons-io:2.13.0) with ExternalDependencyInstrumentingArtifactTransform
[        ] Transforming asm-util-9.6.jar (org.ow2.asm:asm-util:9.6) with InstrumentationAnalysisTransform
[        ] Transforming asm-commons-9.6.jar (org.ow2.asm:asm-commons:9.6) with ExternalDependencyInstrumentingArtifactTransform
[        ] Transforming asm-util-9.6.jar (org.ow2.asm:asm-util:9.6) with MergeInstrumentationAnalysisTransform
[        ] Transforming asm-analysis-9.6.jar (org.ow2.asm:asm-analysis:9.6) with InstrumentationAnalysisTransform
[        ] Transforming asm-analysis-9.6.jar (org.ow2.asm:asm-analysis:9.6) with MergeInstrumentationAnalysisTransform
[        ] Transforming asm-tree-9.6.jar (org.ow2.asm:asm-tree:9.6) with InstrumentationAnalysisTransform
[        ] Transforming asm-util-9.6.jar (org.ow2.asm:asm-util:9.6) with ExternalDependencyInstrumentingArtifactTransform
[        ] Transforming asm-analysis-9.6.jar (org.ow2.asm:asm-analysis:9.6) with ExternalDependencyInstrumentingArtifactTransform
[        ] Transforming asm-tree-9.6.jar (org.ow2.asm:asm-tree:9.6) with MergeInstrumentationAnalysisTransform
[        ] Transforming asm-9.6.jar (org.ow2.asm:asm:9.6) with InstrumentationAnalysisTransform
[        ] Transforming asm-9.6.jar (org.ow2.asm:asm:9.6) with MergeInstrumentationAnalysisTransform
[        ] Transforming asm-tree-9.6.jar (org.ow2.asm:asm-tree:9.6) with ExternalDependencyInstrumentingArtifactTransform
[        ] Transforming apkzlib-8.6.1.jar (com.android.tools.build:apkzlib:8.6.1) with InstrumentationAnalysisTransform
[        ] Transforming apkzlib-8.6.1.jar (com.android.tools.build:apkzlib:8.6.1) with MergeInstrumentationAnalysisTransform
[        ] Transforming asm-9.6.jar (org.ow2.asm:asm:9.6) with ExternalDependencyInstrumentingArtifactTransform
[        ] Transforming bcpkix-jdk18on-1.77.jar (org.bouncycastle:bcpkix-jdk18on:1.77) with InstrumentationAnalysisTransform
[        ] Transforming apkzlib-8.6.1.jar (com.android.tools.build:apkzlib:8.6.1) with ExternalDependencyInstrumentingArtifactTransform
[        ] Transforming bcpkix-jdk18on-1.77.jar (org.bouncycastle:bcpkix-jdk18on:1.77) with MergeInstrumentationAnalysisTransform
[        ] Transforming jaxb-runtime-2.3.2.jar (org.glassfish.jaxb:jaxb-runtime:2.3.2) with InstrumentationAnalysisTransform
[        ] Transforming jaxb-runtime-2.3.2.jar (org.glassfish.jaxb:jaxb-runtime:2.3.2) with MergeInstrumentationAnalysisTransform
[        ] Transforming jopt-simple-4.9.jar (net.sf.jopt-simple:jopt-simple:4.9) with InstrumentationAnalysisTransform
[        ] Transforming jopt-simple-4.9.jar (net.sf.jopt-simple:jopt-simple:4.9) with MergeInstrumentationAnalysisTransform
[        ] Transforming bcpkix-jdk18on-1.77.jar (org.bouncycastle:bcpkix-jdk18on:1.77) with ExternalDependencyInstrumentingArtifactTransform
[        ] Transforming jaxb-runtime-2.3.2.jar (org.glassfish.jaxb:jaxb-runtime:2.3.2) with ExternalDependencyInstrumentingArtifactTransform
[        ] Transforming javapoet-1.10.0.jar (com.squareup:javapoet:1.10.0) with InstrumentationAnalysisTransform
[        ] Transforming jopt-simple-4.9.jar (net.sf.jopt-simple:jopt-simple:4.9) with ExternalDependencyInstrumentingArtifactTransform
[        ] Transforming javapoet-1.10.0.jar (com.squareup:javapoet:1.10.0) with MergeInstrumentationAnalysisTransform
[        ] Transforming protobuf-java-util-3.22.3.jar (com.google.protobuf:protobuf-java-util:3.22.3) with InstrumentationAnalysisTransform
[        ] Transforming protobuf-java-util-3.22.3.jar (com.google.protobuf:protobuf-java-util:3.22.3) with MergeInstrumentationAnalysisTransform
[        ] Transforming javapoet-1.10.0.jar (com.squareup:javapoet:1.10.0) with ExternalDependencyInstrumentingArtifactTransform
[        ] Transforming grpc-protobuf-1.57.0.jar (io.grpc:grpc-protobuf:1.57.0) with InstrumentationAnalysisTransform
[        ] Transforming protobuf-java-util-3.22.3.jar (com.google.protobuf:protobuf-java-util:3.22.3) with ExternalDependencyInstrumentingArtifactTransform
[        ] Transforming grpc-protobuf-1.57.0.jar (io.grpc:grpc-protobuf:1.57.0) with MergeInstrumentationAnalysisTransform
[        ] Transforming tink-1.7.0.jar (com.google.crypto.tink:tink:1.7.0) with InstrumentationAnalysisTransform
[        ] Transforming grpc-protobuf-1.57.0.jar (io.grpc:grpc-protobuf:1.57.0) with ExternalDependencyInstrumentingArtifactTransform
[        ] Transforming tink-1.7.0.jar (com.google.crypto.tink:tink:1.7.0) with MergeInstrumentationAnalysisTransform
[        ] Transforming protos-31.6.1.jar (com.android.tools.analytics-library:protos:31.6.1) with InstrumentationAnalysisTransform
[        ] Transforming protos-31.6.1.jar (com.android.tools.analytics-library:protos:31.6.1) with MergeInstrumentationAnalysisTransform
[        ] Transforming proto-google-common-protos-2.17.0.jar (com.google.api.grpc:proto-google-common-protos:2.17.0) with InstrumentationAnalysisTransform
[        ] Transforming tink-1.7.0.jar (com.google.crypto.tink:tink:1.7.0) with ExternalDependencyInstrumentingArtifactTransform
[        ] Transforming proto-google-common-protos-2.17.0.jar (com.google.api.grpc:proto-google-common-protos:2.17.0) with MergeInstrumentationAnalysisTransform
[        ] Transforming protos-31.6.1.jar (com.android.tools.analytics-library:protos:31.6.1) with ExternalDependencyInstrumentingArtifactTransform
[        ] Transforming protobuf-java-3.22.3.jar (com.google.protobuf:protobuf-java:3.22.3) with InstrumentationAnalysisTransform
[        ] Transforming protobuf-java-3.22.3.jar (com.google.protobuf:protobuf-java:3.22.3) with MergeInstrumentationAnalysisTransform
[        ] Transforming grpc-netty-1.57.0.jar (io.grpc:grpc-netty:1.57.0) with InstrumentationAnalysisTransform
[        ] Transforming proto-google-common-protos-2.17.0.jar (com.google.api.grpc:proto-google-common-protos:2.17.0) with ExternalDependencyInstrumentingArtifactTransform
[        ] Transforming grpc-netty-1.57.0.jar (io.grpc:grpc-netty:1.57.0) with MergeInstrumentationAnalysisTransform
[        ] Transforming protobuf-java-3.22.3.jar (com.google.protobuf:protobuf-java:3.22.3) with ExternalDependencyInstrumentingArtifactTransform
[        ] Transforming grpc-core-1.57.0.jar (io.grpc:grpc-core:1.57.0) with InstrumentationAnalysisTransform
[        ] Transforming grpc-netty-1.57.0.jar (io.grpc:grpc-netty:1.57.0) with ExternalDependencyInstrumentingArtifactTransform
[        ] Transforming grpc-core-1.57.0.jar (io.grpc:grpc-core:1.57.0) with MergeInstrumentationAnalysisTransform
[        ] Transforming gson-2.10.1.jar (com.google.code.gson:gson:2.10.1) with InstrumentationAnalysisTransform
[        ] Transforming gson-2.10.1.jar (com.google.code.gson:gson:2.10.1) with MergeInstrumentationAnalysisTransform
[        ] Transforming grpc-stub-1.57.0.jar (io.grpc:grpc-stub:1.57.0) with InstrumentationAnalysisTransform
[        ] Transforming grpc-stub-1.57.0.jar (io.grpc:grpc-stub:1.57.0) with MergeInstrumentationAnalysisTransform
[        ] Transforming gson-2.10.1.jar (com.google.code.gson:gson:2.10.1) with ExternalDependencyInstrumentingArtifactTransform
[        ] Transforming grpc-core-1.57.0.jar (io.grpc:grpc-core:1.57.0) with ExternalDependencyInstrumentingArtifactTransform
[        ] Transforming core-proto-0.0.9-alpha02.jar (com.google.testing.platform:core-proto:0.0.9-alpha02) with InstrumentationAnalysisTransform
[        ] Transforming grpc-stub-1.57.0.jar (io.grpc:grpc-stub:1.57.0) with ExternalDependencyInstrumentingArtifactTransform
[        ] Transforming core-proto-0.0.9-alpha02.jar (com.google.testing.platform:core-proto:0.0.9-alpha02) with MergeInstrumentationAnalysisTransform
[        ] Transforming kxml2-2.3.0.jar (net.sf.kxml:kxml2:2.3.0) with InstrumentationAnalysisTransform
[        ] Transforming kxml2-2.3.0.jar (net.sf.kxml:kxml2:2.3.0) with MergeInstrumentationAnalysisTransform
[        ] Transforming core-proto-0.0.9-alpha02.jar (com.google.testing.platform:core-proto:0.0.9-alpha02) with ExternalDependencyInstrumentingArtifactTransform
[        ] Transforming tensorflow-lite-metadata-0.1.0-rc2.jar (org.tensorflow:tensorflow-lite-metadata:0.1.0-rc2) with InstrumentationAnalysisTransform
[        ] Transforming tensorflow-lite-metadata-0.1.0-rc2.jar (org.tensorflow:tensorflow-lite-metadata:0.1.0-rc2) with MergeInstrumentationAnalysisTransform
[        ] Transforming kxml2-2.3.0.jar (net.sf.kxml:kxml2:2.3.0) with ExternalDependencyInstrumentingArtifactTransform
[        ] Transforming flatbuffers-java-1.12.0.jar (com.google.flatbuffers:flatbuffers-java:1.12.0) with InstrumentationAnalysisTransform
[        ] Transforming tensorflow-lite-metadata-0.1.0-rc2.jar (org.tensorflow:tensorflow-lite-metadata:0.1.0-rc2) with ExternalDependencyInstrumentingArtifactTransform
[        ] Transforming flatbuffers-java-1.12.0.jar (com.google.flatbuffers:flatbuffers-java:1.12.0) with MergeInstrumentationAnalysisTransform
[        ] Transforming jimfs-1.1.jar (com.google.jimfs:jimfs:1.1) with InstrumentationAnalysisTransform
[        ] Transforming jimfs-1.1.jar (com.google.jimfs:jimfs:1.1) with MergeInstrumentationAnalysisTransform
[        ] Transforming grpc-context-1.57.0.jar (io.grpc:grpc-context:1.57.0) with InstrumentationAnalysisTransform
[        ] Transforming flatbuffers-java-1.12.0.jar (com.google.flatbuffers:flatbuffers-java:1.12.0) with ExternalDependencyInstrumentingArtifactTransform
[        ] Transforming grpc-context-1.57.0.jar (io.grpc:grpc-context:1.57.0) with MergeInstrumentationAnalysisTransform
[        ] Transforming jimfs-1.1.jar (com.google.jimfs:jimfs:1.1) with ExternalDependencyInstrumentingArtifactTransform
[        ] Transforming grpc-protobuf-lite-1.57.0.jar (io.grpc:grpc-protobuf-lite:1.57.0) with InstrumentationAnalysisTransform
[        ] Transforming grpc-context-1.57.0.jar (io.grpc:grpc-context:1.57.0) with ExternalDependencyInstrumentingArtifactTransform
[        ] Transforming grpc-protobuf-lite-1.57.0.jar (io.grpc:grpc-protobuf-lite:1.57.0) with MergeInstrumentationAnalysisTransform
[        ] Transforming grpc-api-1.57.0.jar (io.grpc:grpc-api:1.57.0) with InstrumentationAnalysisTransform
[        ] Transforming grpc-api-1.57.0.jar (io.grpc:grpc-api:1.57.0) with MergeInstrumentationAnalysisTransform
[        ] Transforming guava-32.0.1-jre.jar (com.google.guava:guava:32.0.1-jre) with InstrumentationAnalysisTransform
[        ] Transforming grpc-api-1.57.0.jar (io.grpc:grpc-api:1.57.0) with ExternalDependencyInstrumentingArtifactTransform
[        ] Transforming guava-32.0.1-jre.jar (com.google.guava:guava:32.0.1-jre) with MergeInstrumentationAnalysisTransform
[        ] Transforming dagger-2.28.3.jar (com.google.dagger:dagger:2.28.3) with InstrumentationAnalysisTransform
[        ] Transforming guava-32.0.1-jre.jar (com.google.guava:guava:32.0.1-jre) with ExternalDependencyInstrumentingArtifactTransform
[        ] Transforming dagger-2.28.3.jar (com.google.dagger:dagger:2.28.3) with MergeInstrumentationAnalysisTransform
[        ] Transforming javax.inject-1.jar (javax.inject:javax.inject:1) with InstrumentationAnalysisTransform
[        ] Transforming grpc-protobuf-lite-1.57.0.jar (io.grpc:grpc-protobuf-lite:1.57.0) with ExternalDependencyInstrumentingArtifactTransform
[        ] Transforming javax.inject-1.jar (javax.inject:javax.inject:1) with MergeInstrumentationAnalysisTransform
[        ] Transforming bcutil-jdk18on-1.77.jar (org.bouncycastle:bcutil-jdk18on:1.77) with InstrumentationAnalysisTransform
[        ] Transforming dagger-2.28.3.jar (com.google.dagger:dagger:2.28.3) with ExternalDependencyInstrumentingArtifactTransform
[        ] Transforming bcutil-jdk18on-1.77.jar (org.bouncycastle:bcutil-jdk18on:1.77) with MergeInstrumentationAnalysisTransform
[        ] Transforming bcprov-jdk18on-1.77.jar (org.bouncycastle:bcprov-jdk18on:1.77) with InstrumentationAnalysisTransform
[        ] Transforming bcprov-jdk18on-1.77.jar (org.bouncycastle:bcprov-jdk18on:1.77) with MergeInstrumentationAnalysisTransform
[        ] Transforming javax.inject-1.jar (javax.inject:javax.inject:1) with ExternalDependencyInstrumentingArtifactTransform
[        ] Transforming bcutil-jdk18on-1.77.jar (org.bouncycastle:bcutil-jdk18on:1.77) with ExternalDependencyInstrumentingArtifactTransform
[        ] Transforming bcprov-jdk18on-1.77.jar (org.bouncycastle:bcprov-jdk18on:1.77) with ExternalDependencyInstrumentingArtifactTransform
[        ] Transforming trove4j-1.0.20200330.jar (org.jetbrains.intellij.deps:trove4j:1.0.20200330) with InstrumentationAnalysisTransform
[        ] Transforming trove4j-1.0.20200330.jar (org.jetbrains.intellij.deps:trove4j:1.0.20200330) with MergeInstrumentationAnalysisTransform
[        ] Transforming commons-compress-1.21.jar (org.apache.commons:commons-compress:1.21) with InstrumentationAnalysisTransform
[        ] Transforming commons-compress-1.21.jar (org.apache.commons:commons-compress:1.21) with MergeInstrumentationAnalysisTransform
[        ] Transforming httpclient-4.5.14.jar (org.apache.httpcomponents:httpclient:4.5.14) with InstrumentationAnalysisTransform
[        ] Transforming trove4j-1.0.20200330.jar (org.jetbrains.intellij.deps:trove4j:1.0.20200330) with ExternalDependencyInstrumentingArtifactTransform
[        ] Transforming httpclient-4.5.14.jar (org.apache.httpcomponents:httpclient:4.5.14) with MergeInstrumentationAnalysisTransform
[        ] Transforming commons-compress-1.21.jar (org.apache.commons:commons-compress:1.21) with ExternalDependencyInstrumentingArtifactTransform
[        ] Transforming httpcore-4.4.16.jar (org.apache.httpcomponents:httpcore:4.4.16) with InstrumentationAnalysisTransform
[        ] Transforming httpclient-4.5.14.jar (org.apache.httpcomponents:httpclient:4.5.14) with ExternalDependencyInstrumentingArtifactTransform
[        ] Transforming httpcore-4.4.16.jar (org.apache.httpcomponents:httpcore:4.4.16) with MergeInstrumentationAnalysisTransform
[        ] Transforming javax.activation-1.2.0.jar (com.sun.activation:javax.activation:1.2.0) with InstrumentationAnalysisTransform
[        ] Transforming javax.activation-1.2.0.jar (com.sun.activation:javax.activation:1.2.0) with MergeInstrumentationAnalysisTransform
[        ] Transforming httpcore-4.4.16.jar (org.apache.httpcomponents:httpcore:4.4.16) with ExternalDependencyInstrumentingArtifactTransform
[        ] Transforming annotations-23.0.0.jar (org.jetbrains:annotations:23.0.0) with InstrumentationAnalysisTransform
[        ] Transforming javax.activation-1.2.0.jar (com.sun.activation:javax.activation:1.2.0) with ExternalDependencyInstrumentingArtifactTransform
[        ] Transforming annotations-23.0.0.jar (org.jetbrains:annotations:23.0.0) with MergeInstrumentationAnalysisTransform
[        ] Transforming signflinger-8.6.1.jar (com.android:signflinger:8.6.1) with InstrumentationAnalysisTransform
[        ] Transforming signflinger-8.6.1.jar (com.android:signflinger:8.6.1) with MergeInstrumentationAnalysisTransform
[        ] Transforming zipflinger-8.6.1.jar (com.android:zipflinger:8.6.1) with InstrumentationAnalysisTransform
[        ] Transforming zipflinger-8.6.1.jar (com.android:zipflinger:8.6.1) with MergeInstrumentationAnalysisTransform
[        ] Transforming annotations-23.0.0.jar (org.jetbrains:annotations:23.0.0) with ExternalDependencyInstrumentingArtifactTransform
[        ] Transforming signflinger-8.6.1.jar (com.android:signflinger:8.6.1) with ExternalDependencyInstrumentingArtifactTransform
[        ] Transforming annotations-31.6.1.jar (com.android.tools:annotations:31.6.1) with InstrumentationAnalysisTransform
[        ] Transforming zipflinger-8.6.1.jar (com.android:zipflinger:8.6.1) with ExternalDependencyInstrumentingArtifactTransform
[        ] Transforming annotations-31.6.1.jar (com.android.tools:annotations:31.6.1) with MergeInstrumentationAnalysisTransform
[        ] Transforming jna-platform-5.6.0.jar (net.java.dev.jna:jna-platform:5.6.0) with InstrumentationAnalysisTransform
[        ] Transforming annotations-31.6.1.jar (com.android.tools:annotations:31.6.1) with ExternalDependencyInstrumentingArtifactTransform
[        ] Transforming jna-platform-5.6.0.jar (net.java.dev.jna:jna-platform:5.6.0) with MergeInstrumentationAnalysisTransform
[        ] Transforming juniversalchardet-1.0.3.jar (com.googlecode.juniversalchardet:juniversalchardet:1.0.3) with InstrumentationAnalysisTransform
[        ] Transforming juniversalchardet-1.0.3.jar (com.googlecode.juniversalchardet:juniversalchardet:1.0.3) with MergeInstrumentationAnalysisTransform
[        ] Transforming jna-platform-5.6.0.jar (net.java.dev.jna:jna-platform:5.6.0) with ExternalDependencyInstrumentingArtifactTransform
[        ] Transforming javax.annotation-api-1.3.2.jar (javax.annotation:javax.annotation-api:1.3.2) with InstrumentationAnalysisTransform
[        ] Transforming javax.annotation-api-1.3.2.jar (javax.annotation:javax.annotation-api:1.3.2) with MergeInstrumentationAnalysisTransform
[        ] Transforming juniversalchardet-1.0.3.jar (com.googlecode.juniversalchardet:juniversalchardet:1.0.3) with ExternalDependencyInstrumentingArtifactTransform
[        ] Transforming stax-ex-1.8.1.jar (org.jvnet.staxex:stax-ex:1.8.1) with InstrumentationAnalysisTransform
[        ] Transforming stax-ex-1.8.1.jar (org.jvnet.staxex:stax-ex:1.8.1) with MergeInstrumentationAnalysisTransform
[        ] Transforming jakarta.xml.bind-api-2.3.2.jar (jakarta.xml.bind:jakarta.xml.bind-api:2.3.2) with InstrumentationAnalysisTransform
[        ] Transforming javax.annotation-api-1.3.2.jar (javax.annotation:javax.annotation-api:1.3.2) with ExternalDependencyInstrumentingArtifactTransform
[        ] Transforming jakarta.xml.bind-api-2.3.2.jar (jakarta.xml.bind:jakarta.xml.bind-api:2.3.2) with MergeInstrumentationAnalysisTransform
[        ] Transforming stax-ex-1.8.1.jar (org.jvnet.staxex:stax-ex:1.8.1) with ExternalDependencyInstrumentingArtifactTransform
[        ] Transforming txw2-2.3.2.jar (org.glassfish.jaxb:txw2:2.3.2) with InstrumentationAnalysisTransform
[        ] Transforming txw2-2.3.2.jar (org.glassfish.jaxb:txw2:2.3.2) with MergeInstrumentationAnalysisTransform
[        ] Transforming istack-commons-runtime-3.0.8.jar (com.sun.istack:istack-commons-runtime:3.0.8) with InstrumentationAnalysisTransform
[        ] Transforming istack-commons-runtime-3.0.8.jar (com.sun.istack:istack-commons-runtime:3.0.8) with MergeInstrumentationAnalysisTransform
[        ] Transforming FastInfoset-1.2.16.jar (com.sun.xml.fastinfoset:FastInfoset:1.2.16) with InstrumentationAnalysisTransform
[        ] Transforming FastInfoset-1.2.16.jar (com.sun.xml.fastinfoset:FastInfoset:1.2.16) with MergeInstrumentationAnalysisTransform
[        ] Transforming jakarta.xml.bind-api-2.3.2.jar (jakarta.xml.bind:jakarta.xml.bind-api:2.3.2) with ExternalDependencyInstrumentingArtifactTransform
[        ] Transforming istack-commons-runtime-3.0.8.jar (com.sun.istack:istack-commons-runtime:3.0.8) with ExternalDependencyInstrumentingArtifactTransform
[        ] Transforming txw2-2.3.2.jar (org.glassfish.jaxb:txw2:2.3.2) with ExternalDependencyInstrumentingArtifactTransform
[        ] Transforming jakarta.activation-api-1.2.1.jar (jakarta.activation:jakarta.activation-api:1.2.1) with InstrumentationAnalysisTransform
[        ] Transforming FastInfoset-1.2.16.jar (com.sun.xml.fastinfoset:FastInfoset:1.2.16) with ExternalDependencyInstrumentingArtifactTransform
[        ] Transforming jakarta.activation-api-1.2.1.jar (jakarta.activation:jakarta.activation-api:1.2.1) with MergeInstrumentationAnalysisTransform
[        ] Transforming auto-value-annotations-1.6.2.jar (com.google.auto.value:auto-value-annotations:1.6.2) with InstrumentationAnalysisTransform
[        ] Transforming auto-value-annotations-1.6.2.jar (com.google.auto.value:auto-value-annotations:1.6.2) with MergeInstrumentationAnalysisTransform
[        ] Transforming jakarta.activation-api-1.2.1.jar (jakarta.activation:jakarta.activation-api:1.2.1) with ExternalDependencyInstrumentingArtifactTransform
[        ] Transforming error_prone_annotations-2.18.0.jar (com.google.errorprone:error_prone_annotations:2.18.0) with InstrumentationAnalysisTransform
[        ] Transforming auto-value-annotations-1.6.2.jar (com.google.auto.value:auto-value-annotations:1.6.2) with ExternalDependencyInstrumentingArtifactTransform
[        ] Transforming error_prone_annotations-2.18.0.jar (com.google.errorprone:error_prone_annotations:2.18.0) with MergeInstrumentationAnalysisTransform
[        ] Transforming jose4j-0.9.5.jar (org.bitbucket.b_c:jose4j:0.9.5) with InstrumentationAnalysisTransform
[        ] Transforming error_prone_annotations-2.18.0.jar (com.google.errorprone:error_prone_annotations:2.18.0) with ExternalDependencyInstrumentingArtifactTransform
[        ] Transforming jose4j-0.9.5.jar (org.bitbucket.b_c:jose4j:0.9.5) with MergeInstrumentationAnalysisTransform
[        ] Transforming slf4j-api-1.7.30.jar (org.slf4j:slf4j-api:1.7.30) with InstrumentationAnalysisTransform
[        ] Transforming slf4j-api-1.7.30.jar (org.slf4j:slf4j-api:1.7.30) with MergeInstrumentationAnalysisTransform
[        ] Transforming jose4j-0.9.5.jar (org.bitbucket.b_c:jose4j:0.9.5) with ExternalDependencyInstrumentingArtifactTransform
[        ] Transforming jdom2-2.0.6.jar (org.jdom:jdom2:2.0.6) with InstrumentationAnalysisTransform
[        ] Transforming slf4j-api-1.7.30.jar (org.slf4j:slf4j-api:1.7.30) with ExternalDependencyInstrumentingArtifactTransform
[        ] Transforming jdom2-2.0.6.jar (org.jdom:jdom2:2.0.6) with MergeInstrumentationAnalysisTransform
[        ] Transforming jsr305-3.0.2.jar (com.google.code.findbugs:jsr305:3.0.2) with InstrumentationAnalysisTransform
[   +1 ms] Transforming jsr305-3.0.2.jar (com.google.code.findbugs:jsr305:3.0.2) with MergeInstrumentationAnalysisTransform
[        ] Transforming j2objc-annotations-2.8.jar (com.google.j2objc:j2objc-annotations:2.8) with InstrumentationAnalysisTransform
[        ] Transforming jdom2-2.0.6.jar (org.jdom:jdom2:2.0.6) with ExternalDependencyInstrumentingArtifactTransform
[        ] Transforming j2objc-annotations-2.8.jar (com.google.j2objc:j2objc-annotations:2.8) with MergeInstrumentationAnalysisTransform
[        ] Transforming jsr305-3.0.2.jar (com.google.code.findbugs:jsr305:3.0.2) with ExternalDependencyInstrumentingArtifactTransform
[        ] Transforming annotations-4.1.1.4.jar (com.google.android:annotations:4.1.1.4) with InstrumentationAnalysisTransform
[        ] Transforming j2objc-annotations-2.8.jar (com.google.j2objc:j2objc-annotations:2.8) with ExternalDependencyInstrumentingArtifactTransform
[        ] Transforming annotations-4.1.1.4.jar (com.google.android:annotations:4.1.1.4) with MergeInstrumentationAnalysisTransform
[        ] Transforming animal-sniffer-annotations-1.23.jar (org.codehaus.mojo:animal-sniffer-annotations:1.23) with InstrumentationAnalysisTransform
[        ] Transforming annotations-4.1.1.4.jar (com.google.android:annotations:4.1.1.4) with ExternalDependencyInstrumentingArtifactTransform
[        ] Transforming animal-sniffer-annotations-1.23.jar (org.codehaus.mojo:animal-sniffer-annotations:1.23) with MergeInstrumentationAnalysisTransform
[        ] Transforming perfmark-api-0.26.0.jar (io.perfmark:perfmark-api:0.26.0) with InstrumentationAnalysisTransform
[        ] Transforming perfmark-api-0.26.0.jar (io.perfmark:perfmark-api:0.26.0) with MergeInstrumentationAnalysisTransform
[        ] Transforming netty-codec-http2-4.1.93.Final.jar (io.netty:netty-codec-http2:4.1.93.Final) with InstrumentationAnalysisTransform
[        ] Transforming animal-sniffer-annotations-1.23.jar (org.codehaus.mojo:animal-sniffer-annotations:1.23) with ExternalDependencyInstrumentingArtifactTransform
[        ] Transforming netty-codec-http2-4.1.93.Final.jar (io.netty:netty-codec-http2:4.1.93.Final) with MergeInstrumentationAnalysisTransform
[        ] Transforming netty-handler-proxy-4.1.93.Final.jar (io.netty:netty-handler-proxy:4.1.93.Final) with InstrumentationAnalysisTransform
[        ] Transforming perfmark-api-0.26.0.jar (io.perfmark:perfmark-api:0.26.0) with ExternalDependencyInstrumentingArtifactTransform
[        ] Transforming netty-codec-http2-4.1.93.Final.jar (io.netty:netty-codec-http2:4.1.93.Final) with ExternalDependencyInstrumentingArtifactTransform
[        ] Transforming netty-handler-proxy-4.1.93.Final.jar (io.netty:netty-handler-proxy:4.1.93.Final) with MergeInstrumentationAnalysisTransform
[        ] Transforming netty-codec-http-4.1.93.Final.jar (io.netty:netty-codec-http:4.1.93.Final) with InstrumentationAnalysisTransform
[        ] Transforming netty-codec-http-4.1.93.Final.jar (io.netty:netty-codec-http:4.1.93.Final) with MergeInstrumentationAnalysisTransform
[        ] Transforming netty-handler-4.1.93.Final.jar (io.netty:netty-handler:4.1.93.Final) with InstrumentationAnalysisTransform
[        ] Transforming netty-handler-proxy-4.1.93.Final.jar (io.netty:netty-handler-proxy:4.1.93.Final) with ExternalDependencyInstrumentingArtifactTransform
[        ] Transforming netty-handler-4.1.93.Final.jar (io.netty:netty-handler:4.1.93.Final) with MergeInstrumentationAnalysisTransform
[        ] Transforming netty-transport-native-unix-common-4.1.93.Final.jar (io.netty:netty-transport-native-unix-common:4.1.93.Final) with InstrumentationAnalysisTransform
[        ] Transforming netty-codec-http-4.1.93.Final.jar (io.netty:netty-codec-http:4.1.93.Final) with ExternalDependencyInstrumentingArtifactTransform
[        ] Transforming netty-transport-native-unix-common-4.1.93.Final.jar (io.netty:netty-transport-native-unix-common:4.1.93.Final) with MergeInstrumentationAnalysisTransform
[        ] Transforming netty-handler-4.1.93.Final.jar (io.netty:netty-handler:4.1.93.Final) with ExternalDependencyInstrumentingArtifactTransform
[        ] Transforming checker-qual-3.33.0.jar (org.checkerframework:checker-qual:3.33.0) with InstrumentationAnalysisTransform
[        ] Transforming netty-transport-native-unix-common-4.1.93.Final.jar (io.netty:netty-transport-native-unix-common:4.1.93.Final) with ExternalDependencyInstrumentingArtifactTransform
[        ] Transforming checker-qual-3.33.0.jar (org.checkerframework:checker-qual:3.33.0) with MergeInstrumentationAnalysisTransform
[        ] Transforming commons-codec-1.11.jar (commons-codec:commons-codec:1.11) with InstrumentationAnalysisTransform
[        ] Transforming commons-codec-1.11.jar (commons-codec:commons-codec:1.11) with MergeInstrumentationAnalysisTransform
[        ] Transforming checker-qual-3.33.0.jar (org.checkerframework:checker-qual:3.33.0) with ExternalDependencyInstrumentingArtifactTransform
[        ] Transforming apksig-8.6.1.jar (com.android.tools.build:apksig:8.6.1) with InstrumentationAnalysisTransform
[        ] Transforming commons-codec-1.11.jar (commons-codec:commons-codec:1.11) with ExternalDependencyInstrumentingArtifactTransform
[        ] Transforming apksig-8.6.1.jar (com.android.tools.build:apksig:8.6.1) with MergeInstrumentationAnalysisTransform
[        ] Transforming javawriter-2.5.0.jar (com.squareup:javawriter:2.5.0) with InstrumentationAnalysisTransform
[        ] Transforming javawriter-2.5.0.jar (com.squareup:javawriter:2.5.0) with MergeInstrumentationAnalysisTransform
[        ] Transforming failureaccess-1.0.1.jar (com.google.guava:failureaccess:1.0.1) with InstrumentationAnalysisTransform
[        ] Transforming apksig-8.6.1.jar (com.android.tools.build:apksig:8.6.1) with ExternalDependencyInstrumentingArtifactTransform
[        ] Transforming failureaccess-1.0.1.jar (com.google.guava:failureaccess:1.0.1) with MergeInstrumentationAnalysisTransform
[        ] Transforming javawriter-2.5.0.jar (com.squareup:javawriter:2.5.0) with ExternalDependencyInstrumentingArtifactTransform
[        ] Transforming listenablefuture-9999.0-empty-to-avoid-conflict-with-guava.jar (com.google.guava:listenablefuture:9999.0-empty-to-avoid-conflict-with-guava) with InstrumentationAnalysisTransform
[        ] Transforming listenablefuture-9999.0-empty-to-avoid-conflict-with-guava.jar (com.google.guava:listenablefuture:9999.0-empty-to-avoid-conflict-with-guava) with MergeInstrumentationAnalysisTransform
[        ] Transforming failureaccess-1.0.1.jar (com.google.guava:failureaccess:1.0.1) with ExternalDependencyInstrumentingArtifactTransform
[        ] Transforming commons-logging-1.2.jar (commons-logging:commons-logging:1.2) with InstrumentationAnalysisTransform
[        ] Transforming listenablefuture-9999.0-empty-to-avoid-conflict-with-guava.jar (com.google.guava:listenablefuture:9999.0-empty-to-avoid-conflict-with-guava) with ExternalDependencyInstrumentingArtifactTransform
[        ] Transforming commons-logging-1.2.jar (commons-logging:commons-logging:1.2) with MergeInstrumentationAnalysisTransform
[        ] Transforming jna-5.6.0.jar (net.java.dev.jna:jna:5.6.0) with InstrumentationAnalysisTransform
[        ] Transforming jna-5.6.0.jar (net.java.dev.jna:jna:5.6.0) with MergeInstrumentationAnalysisTransform
[        ] Transforming netty-codec-socks-4.1.93.Final.jar (io.netty:netty-codec-socks:4.1.93.Final) with InstrumentationAnalysisTransform
[        ] Transforming commons-logging-1.2.jar (commons-logging:commons-logging:1.2) with ExternalDependencyInstrumentingArtifactTransform
[        ] Transforming netty-codec-socks-4.1.93.Final.jar (io.netty:netty-codec-socks:4.1.93.Final) with MergeInstrumentationAnalysisTransform
[        ] Transforming jna-5.6.0.jar (net.java.dev.jna:jna:5.6.0) with ExternalDependencyInstrumentingArtifactTransform
[        ] Transforming netty-codec-4.1.93.Final.jar (io.netty:netty-codec:4.1.93.Final) with InstrumentationAnalysisTransform
[        ] Transforming netty-codec-4.1.93.Final.jar (io.netty:netty-codec:4.1.93.Final) with MergeInstrumentationAnalysisTransform
[        ] Transforming netty-codec-socks-4.1.93.Final.jar (io.netty:netty-codec-socks:4.1.93.Final) with ExternalDependencyInstrumentingArtifactTransform
[        ] Transforming netty-transport-4.1.93.Final.jar (io.netty:netty-transport:4.1.93.Final) with InstrumentationAnalysisTransform
[        ] Transforming netty-codec-4.1.93.Final.jar (io.netty:netty-codec:4.1.93.Final) with ExternalDependencyInstrumentingArtifactTransform
[        ] Transforming netty-transport-4.1.93.Final.jar (io.netty:netty-transport:4.1.93.Final) with MergeInstrumentationAnalysisTransform
[        ] Transforming netty-buffer-4.1.93.Final.jar (io.netty:netty-buffer:4.1.93.Final) with InstrumentationAnalysisTransform
[        ] Transforming netty-buffer-4.1.93.Final.jar (io.netty:netty-buffer:4.1.93.Final) with MergeInstrumentationAnalysisTransform
[        ] Transforming netty-resolver-4.1.93.Final.jar (io.netty:netty-resolver:4.1.93.Final) with InstrumentationAnalysisTransform
[        ] Transforming netty-transport-4.1.93.Final.jar (io.netty:netty-transport:4.1.93.Final) with ExternalDependencyInstrumentingArtifactTransform
[        ] Transforming netty-resolver-4.1.93.Final.jar (io.netty:netty-resolver:4.1.93.Final) with MergeInstrumentationAnalysisTransform
[        ] Transforming netty-buffer-4.1.93.Final.jar (io.netty:netty-buffer:4.1.93.Final) with ExternalDependencyInstrumentingArtifactTransform
[        ] Transforming netty-common-4.1.93.Final.jar (io.netty:netty-common:4.1.93.Final) with InstrumentationAnalysisTransform
[        ] Transforming netty-resolver-4.1.93.Final.jar (io.netty:netty-resolver:4.1.93.Final) with ExternalDependencyInstrumentingArtifactTransform
[        ] Transforming netty-common-4.1.93.Final.jar (io.netty:netty-common:4.1.93.Final) with MergeInstrumentationAnalysisTransform
[        ] Transforming netty-common-4.1.93.Final.jar (io.netty:netty-common:4.1.93.Final) with ExternalDependencyInstrumentingArtifactTransform
[        ] Using default execution profile
[ +102 ms] > Configure project :cloud_firestore
[        ] Evaluating project ':cloud_firestore' using build file 'C:\Users\bhavy\AppData\Local\Pub\Cache\hosted\pub.dev\cloud_firestore-6.1.2\android\build.gradle'.
[        ] Transforming gradle-8.3.0.jar (com.android.tools.build:gradle:8.3.0) with InstrumentationAnalysisTransform
[        ] Transforming gradle-settings-api-8.3.0.jar (com.android.tools.build:gradle-settings-api:8.3.0) with InstrumentationAnalysisTransform
[        ] Transforming lint-model-31.3.0.jar (com.android.tools.lint:lint-model:31.3.0) with InstrumentationAnalysisTransform
[        ] Transforming builder-8.3.0.jar (com.android.tools.build:builder:8.3.0) with InstrumentationAnalysisTransform
[        ] Transforming manifest-merger-31.3.0.jar (com.android.tools.build:manifest-merger:31.3.0) with InstrumentationAnalysisTransform
[        ] Transforming sdk-common-31.3.0.jar (com.android.tools:sdk-common:31.3.0) with InstrumentationAnalysisTransform
[        ] Transforming sdklib-31.3.0.jar (com.android.tools:sdklib:31.3.0) with InstrumentationAnalysisTransform
[        ] Transforming repository-31.3.0.jar (com.android.tools:repository:31.3.0) with InstrumentationAnalysisTransform
[        ] Transforming gradle-api-8.3.0.jar (com.android.tools.build:gradle-api:8.3.0) with InstrumentationAnalysisTransform
[        ] Transforming builder-test-api-8.3.0.jar (com.android.tools.build:builder-test-api:8.3.0) with InstrumentationAnalysisTransform
[        ] Transforming ddmlib-31.3.0.jar (com.android.tools.ddms:ddmlib:31.3.0) with InstrumentationAnalysisTransform
[        ] Transforming aaptcompiler-8.3.0.jar (com.android.tools.build:aaptcompiler:8.3.0) with InstrumentationAnalysisTransform
[        ] Transforming bundletool-1.15.6.jar (com.android.tools.build:bundletool:1.15.6) with InstrumentationAnalysisTransform
[        ] Transforming aapt2-proto-8.3.0-10880808.jar (com.android.tools.build:aapt2-proto:8.3.0-10880808) with InstrumentationAnalysisTransform
[        ] Transforming crash-31.3.0.jar (com.android.tools.analytics-library:crash:31.3.0) with InstrumentationAnalysisTransform
[        ] Transforming tracker-31.3.0.jar (com.android.tools.analytics-library:tracker:31.3.0) with InstrumentationAnalysisTransform
[        ] Transforming shared-31.3.0.jar (com.android.tools.analytics-library:shared:31.3.0) with InstrumentationAnalysisTransform
[        ] Transforming lint-typedef-remover-31.3.0.jar (com.android.tools.lint:lint-typedef-remover:31.3.0) with InstrumentationAnalysisTransform
[        ] Transforming databinding-compiler-common-8.3.0.jar (androidx.databinding:databinding-compiler-common:8.3.0) with InstrumentationAnalysisTransform
[        ] Transforming databinding-common-8.3.0.jar (androidx.databinding:databinding-common:8.3.0) with InstrumentationAnalysisTransform
[        ] Transforming baseLibrary-8.3.0.jar (com.android.databinding:baseLibrary:8.3.0) with InstrumentationAnalysisTransform
[        ] Transforming layoutlib-api-31.3.0.jar (com.android.tools.layoutlib:layoutlib-api:31.3.0) with InstrumentationAnalysisTransform
[        ] Transforming android-device-provider-ddmlib-proto-31.3.0.jar (com.android.tools.utp:android-device-provider-ddmlib-proto:31.3.0) with InstrumentationAnalysisTransform
[        ] Transforming android-device-provider-gradle-proto-31.3.0.jar (com.android.tools.utp:android-device-provider-gradle-proto:31.3.0) with InstrumentationAnalysisTransform
[        ] Transforming android-test-plugin-host-additional-test-output-proto-31.3.0.jar (com.android.tools.utp:android-test-plugin-host-additional-test-output-proto:31.3.0) with InstrumentationAnalysisTransform
[        ] Transforming android-test-plugin-host-coverage-proto-31.3.0.jar (com.android.tools.utp:android-test-plugin-host-coverage-proto:31.3.0) with InstrumentationAnalysisTransform
[        ] Transforming android-test-plugin-host-emulator-control-proto-31.3.0.jar (com.android.tools.utp:android-test-plugin-host-emulator-control-proto:31.3.0) with InstrumentationAnalysisTransform
[        ] Transforming android-test-plugin-host-logcat-proto-31.3.0.jar (com.android.tools.utp:android-test-plugin-host-logcat-proto:31.3.0) with InstrumentationAnalysisTransform
[        ] Transforming android-test-plugin-host-apk-installer-proto-31.3.0.jar (com.android.tools.utp:android-test-plugin-host-apk-installer-proto:31.3.0) with InstrumentationAnalysisTransform
[        ] Transforming android-test-plugin-host-retention-proto-31.3.0.jar (com.android.tools.utp:android-test-plugin-host-retention-proto:31.3.0) with InstrumentationAnalysisTransform
[        ] Transforming android-test-plugin-result-listener-gradle-proto-31.3.0.jar (com.android.tools.utp:android-test-plugin-result-listener-gradle-proto:31.3.0) with InstrumentationAnalysisTransform
[        ] Transforming builder-model-8.3.0.jar (com.android.tools.build:builder-model:8.3.0) with InstrumentationAnalysisTransform
[        ] Transforming dvlib-31.3.0.jar (com.android.tools:dvlib:31.3.0) with InstrumentationAnalysisTransform
[        ] Transforming common-31.3.0.jar (com.android.tools:common:31.3.0) with InstrumentationAnalysisTransform
[        ] Transforming jetifier-processor-1.0.0-beta10.jar (com.android.tools.build.jetifier:jetifier-processor:1.0.0-beta10) with InstrumentationAnalysisTransform
[        ] Transforming jetifier-core-1.0.0-beta10.jar (com.android.tools.build.jetifier:jetifier-core:1.0.0-beta10) with InstrumentationAnalysisTransform
[        ] Transforming kotlin-reflect-1.9.20.jar (org.jetbrains.kotlin:kotlin-reflect:1.9.20) with InstrumentationAnalysisTransform
[        ] Transforming kotlin-stdlib-jdk7-1.9.20.jar (org.jetbrains.kotlin:kotlin-stdlib-jdk7:1.9.20) with InstrumentationAnalysisTransform
[        ] Transforming kotlin-stdlib-1.9.20.jar (org.jetbrains.kotlin:kotlin-stdlib:1.9.20) with InstrumentationAnalysisTransform
[        ] Transforming kotlin-stdlib-jdk8-1.9.20.jar (org.jetbrains.kotlin:kotlin-stdlib-jdk8:1.9.20) with InstrumentationAnalysisTransform
[        ] Transforming transform-api-2.0.0-deprecated-use-gradle-api.jar (com.android.tools.build:transform-api:2.0.0-deprecated-use-gradle-api) with InstrumentationAnalysisTransform
[        ] Transforming httpmime-4.5.6.jar (org.apache.httpcomponents:httpmime:4.5.6) with InstrumentationAnalysisTransform
[        ] Transforming commons-io-2.13.0.jar (commons-io:commons-io:2.13.0) with InstrumentationAnalysisTransform
[        ] Transforming asm-commons-9.6.jar (org.ow2.asm:asm-commons:9.6) with InstrumentationAnalysisTransform
[        ] Transforming asm-util-9.6.jar (org.ow2.asm:asm-util:9.6) with InstrumentationAnalysisTransform
[        ] Transforming asm-analysis-9.6.jar (org.ow2.asm:asm-analysis:9.6) with InstrumentationAnalysisTransform
[        ] Transforming asm-tree-9.6.jar (org.ow2.asm:asm-tree:9.6) with InstrumentationAnalysisTransform
[        ] Transforming asm-9.6.jar (org.ow2.asm:asm:9.6) with InstrumentationAnalysisTransform
[        ] Transforming apkzlib-8.3.0.jar (com.android.tools.build:apkzlib:8.3.0) with InstrumentationAnalysisTransform
[        ] Transforming bcpkix-jdk15on-1.67.jar (org.bouncycastle:bcpkix-jdk15on:1.67) with InstrumentationAnalysisTransform
[        ] Transforming jaxb-runtime-2.3.2.jar (org.glassfish.jaxb:jaxb-runtime:2.3.2) with InstrumentationAnalysisTransform
[        ] Transforming jopt-simple-4.9.jar (net.sf.jopt-simple:jopt-simple:4.9) with InstrumentationAnalysisTransform
[        ] Transforming javapoet-1.10.0.jar (com.squareup:javapoet:1.10.0) with InstrumentationAnalysisTransform
[        ] Transforming protobuf-java-util-3.22.3.jar (com.google.protobuf:protobuf-java-util:3.22.3) with InstrumentationAnalysisTransform
[        ] Transforming grpc-protobuf-1.57.0.jar (io.grpc:grpc-protobuf:1.57.0) with InstrumentationAnalysisTransform
[        ] Transforming tink-1.7.0.jar (com.google.crypto.tink:tink:1.7.0) with InstrumentationAnalysisTransform
[        ] Transforming protos-31.3.0.jar (com.android.tools.analytics-library:protos:31.3.0) with InstrumentationAnalysisTransform
[        ] Transforming proto-google-common-protos-2.17.0.jar (com.google.api.grpc:proto-google-common-protos:2.17.0) with InstrumentationAnalysisTransform
[        ] Transforming protobuf-java-3.22.3.jar (com.google.protobuf:protobuf-java:3.22.3) with InstrumentationAnalysisTransform
[        ] Transforming grpc-netty-1.57.0.jar (io.grpc:grpc-netty:1.57.0) with InstrumentationAnalysisTransform
[        ] Transforming grpc-core-1.57.0.jar (io.grpc:grpc-core:1.57.0) with InstrumentationAnalysisTransform
[        ] Transforming gson-2.10.1.jar (com.google.code.gson:gson:2.10.1) with InstrumentationAnalysisTransform
[        ] Transforming grpc-stub-1.57.0.jar (io.grpc:grpc-stub:1.57.0) with InstrumentationAnalysisTransform
[        ] Transforming core-proto-0.0.9-alpha02.jar (com.google.testing.platform:core-proto:0.0.9-alpha02) with InstrumentationAnalysisTransform
[        ] Transforming kxml2-2.3.0.jar (net.sf.kxml:kxml2:2.3.0) with InstrumentationAnalysisTransform
[        ] Transforming tensorflow-lite-metadata-0.1.0-rc2.jar (org.tensorflow:tensorflow-lite-metadata:0.1.0-rc2) with InstrumentationAnalysisTransform
[        ] Transforming flatbuffers-java-1.12.0.jar (com.google.flatbuffers:flatbuffers-java:1.12.0) with InstrumentationAnalysisTransform
[        ] Transforming jimfs-1.1.jar (com.google.jimfs:jimfs:1.1) with InstrumentationAnalysisTransform
[        ] Transforming grpc-context-1.57.0.jar (io.grpc:grpc-context:1.57.0) with InstrumentationAnalysisTransform
[        ] Transforming grpc-protobuf-lite-1.57.0.jar (io.grpc:grpc-protobuf-lite:1.57.0) with InstrumentationAnalysisTransform
[        ] Transforming grpc-api-1.57.0.jar (io.grpc:grpc-api:1.57.0) with InstrumentationAnalysisTransform
[        ] Transforming guava-32.0.1-jre.jar (com.google.guava:guava:32.0.1-jre) with InstrumentationAnalysisTransform
[        ] Transforming dagger-2.28.3.jar (com.google.dagger:dagger:2.28.3) with InstrumentationAnalysisTransform
[        ] Transforming javax.inject-1.jar (javax.inject:javax.inject:1) with InstrumentationAnalysisTransform
[        ] Transforming bcprov-jdk15on-1.67.jar (org.bouncycastle:bcprov-jdk15on:1.67) with InstrumentationAnalysisTransform
[        ] Transforming trove4j-1.0.20200330.jar (org.jetbrains.intellij.deps:trove4j:1.0.20200330) with InstrumentationAnalysisTransform
[        ] Transforming commons-compress-1.21.jar (org.apache.commons:commons-compress:1.21) with InstrumentationAnalysisTransform
[        ] Transforming httpclient-4.5.14.jar (org.apache.httpcomponents:httpclient:4.5.14) with InstrumentationAnalysisTransform
[        ] Transforming httpcore-4.4.16.jar (org.apache.httpcomponents:httpcore:4.4.16) with InstrumentationAnalysisTransform
[        ] Transforming javax.activation-1.2.0.jar (com.sun.activation:javax.activation:1.2.0) with InstrumentationAnalysisTransform
[        ] Transforming annotations-23.0.0.jar (org.jetbrains:annotations:23.0.0) with InstrumentationAnalysisTransform
[        ] Transforming signflinger-8.3.0.jar (com.android:signflinger:8.3.0) with InstrumentationAnalysisTransform
[        ] Transforming zipflinger-8.3.0.jar (com.android:zipflinger:8.3.0) with InstrumentationAnalysisTransform
[        ] Transforming annotations-31.3.0.jar (com.android.tools:annotations:31.3.0) with InstrumentationAnalysisTransform
[        ] Transforming jna-platform-5.6.0.jar (net.java.dev.jna:jna-platform:5.6.0) with InstrumentationAnalysisTransform
[        ] Transforming juniversalchardet-1.0.3.jar (com.googlecode.juniversalchardet:juniversalchardet:1.0.3) with InstrumentationAnalysisTransform
[        ] Transforming javax.annotation-api-1.3.2.jar (javax.annotation:javax.annotation-api:1.3.2) with InstrumentationAnalysisTransform
[        ] Transforming stax-ex-1.8.1.jar (org.jvnet.staxex:stax-ex:1.8.1) with InstrumentationAnalysisTransform
[        ] Transforming jakarta.xml.bind-api-2.3.2.jar (jakarta.xml.bind:jakarta.xml.bind-api:2.3.2) with InstrumentationAnalysisTransform
[        ] Transforming txw2-2.3.2.jar (org.glassfish.jaxb:txw2:2.3.2) with InstrumentationAnalysisTransform
[        ] Transforming istack-commons-runtime-3.0.8.jar (com.sun.istack:istack-commons-runtime:3.0.8) with InstrumentationAnalysisTransform
[        ] Transforming FastInfoset-1.2.16.jar (com.sun.xml.fastinfoset:FastInfoset:1.2.16) with InstrumentationAnalysisTransform
[        ] Transforming jakarta.activation-api-1.2.1.jar (jakarta.activation:jakarta.activation-api:1.2.1) with InstrumentationAnalysisTransform
[        ] Transforming auto-value-annotations-1.6.2.jar (com.google.auto.value:auto-value-annotations:1.6.2) with InstrumentationAnalysisTransform
[        ] Transforming error_prone_annotations-2.18.0.jar (com.google.errorprone:error_prone_annotations:2.18.0) with InstrumentationAnalysisTransform
[        ] Transforming jose4j-0.7.0.jar (org.bitbucket.b_c:jose4j:0.7.0) with InstrumentationAnalysisTransform
[        ] Transforming slf4j-api-1.7.30.jar (org.slf4j:slf4j-api:1.7.30) with InstrumentationAnalysisTransform
[        ] Transforming jdom2-2.0.6.jar (org.jdom:jdom2:2.0.6) with InstrumentationAnalysisTransform
[        ] Transforming jsr305-3.0.2.jar (com.google.code.findbugs:jsr305:3.0.2) with InstrumentationAnalysisTransform
[        ] Transforming j2objc-annotations-2.8.jar (com.google.j2objc:j2objc-annotations:2.8) with InstrumentationAnalysisTransform
[        ] Transforming annotations-4.1.1.4.jar (com.google.android:annotations:4.1.1.4) with InstrumentationAnalysisTransform
[        ] Transforming animal-sniffer-annotations-1.23.jar (org.codehaus.mojo:animal-sniffer-annotations:1.23) with InstrumentationAnalysisTransform
[        ] Transforming perfmark-api-0.26.0.jar (io.perfmark:perfmark-api:0.26.0) with InstrumentationAnalysisTransform
[        ] Transforming netty-codec-http2-4.1.93.Final.jar (io.netty:netty-codec-http2:4.1.93.Final) with InstrumentationAnalysisTransform
[        ] Transforming netty-handler-proxy-4.1.93.Final.jar (io.netty:netty-handler-proxy:4.1.93.Final) with InstrumentationAnalysisTransform
[        ] Transforming netty-codec-http-4.1.93.Final.jar (io.netty:netty-codec-http:4.1.93.Final) with InstrumentationAnalysisTransform
[        ] Transforming netty-handler-4.1.93.Final.jar (io.netty:netty-handler:4.1.93.Final) with InstrumentationAnalysisTransform
[        ] Transforming netty-transport-native-unix-common-4.1.93.Final.jar (io.netty:netty-transport-native-unix-common:4.1.93.Final) with InstrumentationAnalysisTransform
[        ] Transforming checker-qual-3.33.0.jar (org.checkerframework:checker-qual:3.33.0) with InstrumentationAnalysisTransform
[        ] Transforming commons-codec-1.11.jar (commons-codec:commons-codec:1.11) with InstrumentationAnalysisTransform
[        ] Transforming apksig-8.3.0.jar (com.android.tools.build:apksig:8.3.0) with InstrumentationAnalysisTransform
[        ] Transforming javawriter-2.5.0.jar (com.squareup:javawriter:2.5.0) with InstrumentationAnalysisTransform
[        ] Transforming failureaccess-1.0.1.jar (com.google.guava:failureaccess:1.0.1) with InstrumentationAnalysisTransform
[        ] Transforming listenablefuture-9999.0-empty-to-avoid-conflict-with-guava.jar (com.google.guava:listenablefuture:9999.0-empty-to-avoid-conflict-with-guava) with InstrumentationAnalysisTransform
[        ] Transforming commons-logging-1.2.jar (commons-logging:commons-logging:1.2) with InstrumentationAnalysisTransform
[        ] Transforming jna-5.6.0.jar (net.java.dev.jna:jna:5.6.0) with InstrumentationAnalysisTransform
[        ] Transforming netty-codec-socks-4.1.93.Final.jar (io.netty:netty-codec-socks:4.1.93.Final) with InstrumentationAnalysisTransform
[        ] Transforming netty-codec-4.1.93.Final.jar (io.netty:netty-codec:4.1.93.Final) with InstrumentationAnalysisTransform
[        ] Transforming netty-transport-4.1.93.Final.jar (io.netty:netty-transport:4.1.93.Final) with InstrumentationAnalysisTransform
[        ] Transforming netty-buffer-4.1.93.Final.jar (io.netty:netty-buffer:4.1.93.Final) with InstrumentationAnalysisTransform
[        ] Transforming netty-resolver-4.1.93.Final.jar (io.netty:netty-resolver:4.1.93.Final) with InstrumentationAnalysisTransform
[        ] Transforming netty-common-4.1.93.Final.jar (io.netty:netty-common:4.1.93.Final) with InstrumentationAnalysisTransform
[        ] Transforming gradle-8.3.0.jar (com.android.tools.build:gradle:8.3.0) with InstrumentationAnalysisTransform
[        ] Transforming gradle-8.3.0.jar (com.android.tools.build:gradle:8.3.0) with MergeInstrumentationAnalysisTransform
[        ] Transforming gradle-settings-api-8.3.0.jar (com.android.tools.build:gradle-settings-api:8.3.0) with InstrumentationAnalysisTransform
[        ] Transforming gradle-settings-api-8.3.0.jar (com.android.tools.build:gradle-settings-api:8.3.0) with MergeInstrumentationAnalysisTransform
[        ] Transforming lint-model-31.3.0.jar (com.android.tools.lint:lint-model:31.3.0) with InstrumentationAnalysisTransform
[        ] Transforming lint-model-31.3.0.jar (com.android.tools.lint:lint-model:31.3.0) with MergeInstrumentationAnalysisTransform
[        ] Transforming gradle-8.3.0.jar (com.android.tools.build:gradle:8.3.0) with ExternalDependencyInstrumentingArtifactTransform
[        ] Transforming builder-8.3.0.jar (com.android.tools.build:builder:8.3.0) with InstrumentationAnalysisTransform
[        ] Transforming builder-8.3.0.jar (com.android.tools.build:builder:8.3.0) with MergeInstrumentationAnalysisTransform
[        ] Transforming lint-model-31.3.0.jar (com.android.tools.lint:lint-model:31.3.0) with ExternalDependencyInstrumentingArtifactTransform
[        ] Transforming gradle-settings-api-8.3.0.jar (com.android.tools.build:gradle-settings-api:8.3.0) with ExternalDependencyInstrumentingArtifactTransform
[        ] Transforming manifest-merger-31.3.0.jar (com.android.tools.build:manifest-merger:31.3.0) with InstrumentationAnalysisTransform
[        ] Transforming manifest-merger-31.3.0.jar (com.android.tools.build:manifest-merger:31.3.0) with MergeInstrumentationAnalysisTransform
[        ] Transforming builder-8.3.0.jar (com.android.tools.build:builder:8.3.0) with ExternalDependencyInstrumentingArtifactTransform
[        ] Transforming sdk-common-31.3.0.jar (com.android.tools:sdk-common:31.3.0) with InstrumentationAnalysisTransform
[        ] Transforming sdk-common-31.3.0.jar (com.android.tools:sdk-common:31.3.0) with MergeInstrumentationAnalysisTransform
[        ] Transforming manifest-merger-31.3.0.jar (com.android.tools.build:manifest-merger:31.3.0) with ExternalDependencyInstrumentingArtifactTransform
[        ] Transforming sdklib-31.3.0.jar (com.android.tools:sdklib:31.3.0) with InstrumentationAnalysisTransform
[        ] Transforming sdklib-31.3.0.jar (com.android.tools:sdklib:31.3.0) with MergeInstrumentationAnalysisTransform
[        ] Transforming repository-31.3.0.jar (com.android.tools:repository:31.3.0) with InstrumentationAnalysisTransform
[        ] Transforming sdk-common-31.3.0.jar (com.android.tools:sdk-common:31.3.0) with ExternalDependencyInstrumentingArtifactTransform
[        ] Transforming repository-31.3.0.jar (com.android.tools:repository:31.3.0) with MergeInstrumentationAnalysisTransform
[        ] Transforming sdklib-31.3.0.jar (com.android.tools:sdklib:31.3.0) with ExternalDependencyInstrumentingArtifactTransform
[        ] Transforming gradle-api-8.3.0.jar (com.android.tools.build:gradle-api:8.3.0) with InstrumentationAnalysisTransform
[        ] Transforming gradle-api-8.3.0.jar (com.android.tools.build:gradle-api:8.3.0) with MergeInstrumentationAnalysisTransform
[        ] Transforming repository-31.3.0.jar (com.android.tools:repository:31.3.0) with ExternalDependencyInstrumentingArtifactTransform
[        ] Transforming builder-test-api-8.3.0.jar (com.android.tools.build:builder-test-api:8.3.0) with InstrumentationAnalysisTransform
[        ] Transforming builder-test-api-8.3.0.jar (com.android.tools.build:builder-test-api:8.3.0) with MergeInstrumentationAnalysisTransform
[        ] Transforming ddmlib-31.3.0.jar (com.android.tools.ddms:ddmlib:31.3.0) with InstrumentationAnalysisTransform
[        ] Transforming gradle-api-8.3.0.jar (com.android.tools.build:gradle-api:8.3.0) with ExternalDependencyInstrumentingArtifactTransform
[        ] Transforming ddmlib-31.3.0.jar (com.android.tools.ddms:ddmlib:31.3.0) with MergeInstrumentationAnalysisTransform
[        ] Transforming aaptcompiler-8.3.0.jar (com.android.tools.build:aaptcompiler:8.3.0) with InstrumentationAnalysisTransform
[        ] Transforming aaptcompiler-8.3.0.jar (com.android.tools.build:aaptcompiler:8.3.0) with MergeInstrumentationAnalysisTransform
[        ] Transforming bundletool-1.15.6.jar (com.android.tools.build:bundletool:1.15.6) with InstrumentationAnalysisTransform
[        ] Transforming builder-test-api-8.3.0.jar (com.android.tools.build:builder-test-api:8.3.0) with ExternalDependencyInstrumentingArtifactTransform
[        ] Transforming bundletool-1.15.6.jar (com.android.tools.build:bundletool:1.15.6) with MergeInstrumentationAnalysisTransform
[        ] Transforming aapt2-proto-8.3.0-10880808.jar (com.android.tools.build:aapt2-proto:8.3.0-10880808) with InstrumentationAnalysisTransform
[        ] Transforming ddmlib-31.3.0.jar (com.android.tools.ddms:ddmlib:31.3.0) with ExternalDependencyInstrumentingArtifactTransform
[        ] Transforming aaptcompiler-8.3.0.jar (com.android.tools.build:aaptcompiler:8.3.0) with ExternalDependencyInstrumentingArtifactTransform
[        ] Transforming aapt2-proto-8.3.0-10880808.jar (com.android.tools.build:aapt2-proto:8.3.0-10880808) with MergeInstrumentationAnalysisTransform
[        ] Transforming bundletool-1.15.6.jar (com.android.tools.build:bundletool:1.15.6) with ExternalDependencyInstrumentingArtifactTransform
[        ] Transforming crash-31.3.0.jar (com.android.tools.analytics-library:crash:31.3.0) with InstrumentationAnalysisTransform
[        ] Transforming crash-31.3.0.jar (com.android.tools.analytics-library:crash:31.3.0) with MergeInstrumentationAnalysisTransform
[        ] Transforming aapt2-proto-8.3.0-10880808.jar (com.android.tools.build:aapt2-proto:8.3.0-10880808) with ExternalDependencyInstrumentingArtifactTransform
[        ] Transforming tracker-31.3.0.jar (com.android.tools.analytics-library:tracker:31.3.0) with InstrumentationAnalysisTransform
[        ] Transforming tracker-31.3.0.jar (com.android.tools.analytics-library:tracker:31.3.0) with MergeInstrumentationAnalysisTransform
[        ] Transforming crash-31.3.0.jar (com.android.tools.analytics-library:crash:31.3.0) with ExternalDependencyInstrumentingArtifactTransform
[        ] Transforming shared-31.3.0.jar (com.android.tools.analytics-library:shared:31.3.0) with InstrumentationAnalysisTransform
[        ] Transforming shared-31.3.0.jar (com.android.tools.analytics-library:shared:31.3.0) with MergeInstrumentationAnalysisTransform
[        ] Transforming tracker-31.3.0.jar (com.android.tools.analytics-library:tracker:31.3.0) with ExternalDependencyInstrumentingArtifactTransform
[        ] Transforming lint-typedef-remover-31.3.0.jar (com.android.tools.lint:lint-typedef-remover:31.3.0) with InstrumentationAnalysisTransform
[        ] Transforming lint-typedef-remover-31.3.0.jar (com.android.tools.lint:lint-typedef-remover:31.3.0) with MergeInstrumentationAnalysisTransform
[        ] Transforming shared-31.3.0.jar (com.android.tools.analytics-library:shared:31.3.0) with ExternalDependencyInstrumentingArtifactTransform
[        ] Transforming databinding-compiler-common-8.3.0.jar (androidx.databinding:databinding-compiler-common:8.3.0) with InstrumentationAnalysisTransform
[        ] Transforming databinding-compiler-common-8.3.0.jar (androidx.databinding:databinding-compiler-common:8.3.0) with MergeInstrumentationAnalysisTransform
[        ] Transforming lint-typedef-remover-31.3.0.jar (com.android.tools.lint:lint-typedef-remover:31.3.0) with ExternalDependencyInstrumentingArtifactTransform
[        ] Transforming databinding-common-8.3.0.jar (androidx.databinding:databinding-common:8.3.0) with InstrumentationAnalysisTransform
[        ] Transforming databinding-common-8.3.0.jar (androidx.databinding:databinding-common:8.3.0) with MergeInstrumentationAnalysisTransform
[        ] Transforming databinding-compiler-common-8.3.0.jar (androidx.databinding:databinding-compiler-common:8.3.0) with ExternalDependencyInstrumentingArtifactTransform
[        ] Transforming baseLibrary-8.3.0.jar (com.android.databinding:baseLibrary:8.3.0) with InstrumentationAnalysisTransform
[        ] Transforming baseLibrary-8.3.0.jar (com.android.databinding:baseLibrary:8.3.0) with MergeInstrumentationAnalysisTransform
[        ] Transforming databinding-common-8.3.0.jar (androidx.databinding:databinding-common:8.3.0) with ExternalDependencyInstrumentingArtifactTransform
[        ] Transforming layoutlib-api-31.3.0.jar (com.android.tools.layoutlib:layoutlib-api:31.3.0) with InstrumentationAnalysisTransform
[        ] Transforming layoutlib-api-31.3.0.jar (com.android.tools.layoutlib:layoutlib-api:31.3.0) with MergeInstrumentationAnalysisTransform
[        ] Transforming android-device-provider-ddmlib-proto-31.3.0.jar (com.android.tools.utp:android-device-provider-ddmlib-proto:31.3.0) with InstrumentationAnalysisTransform
[        ] Transforming baseLibrary-8.3.0.jar (com.android.databinding:baseLibrary:8.3.0) with ExternalDependencyInstrumentingArtifactTransform
[        ] Transforming android-device-provider-ddmlib-proto-31.3.0.jar (com.android.tools.utp:android-device-provider-ddmlib-proto:31.3.0) with MergeInstrumentationAnalysisTransform
[        ] Transforming android-device-provider-gradle-proto-31.3.0.jar (com.android.tools.utp:android-device-provider-gradle-proto:31.3.0) with InstrumentationAnalysisTransform
[        ] Transforming layoutlib-api-31.3.0.jar (com.android.tools.layoutlib:layoutlib-api:31.3.0) with ExternalDependencyInstrumentingArtifactTransform
[        ] Transforming android-device-provider-gradle-proto-31.3.0.jar (com.android.tools.utp:android-device-provider-gradle-proto:31.3.0) with MergeInstrumentationAnalysisTransform
[        ] Transforming android-test-plugin-host-additional-test-output-proto-31.3.0.jar (com.android.tools.utp:android-test-plugin-host-additional-test-output-proto:31.3.0) with InstrumentationAnalysisTransform
[        ] Transforming android-device-provider-ddmlib-proto-31.3.0.jar (com.android.tools.utp:android-device-provider-ddmlib-proto:31.3.0) with ExternalDependencyInstrumentingArtifactTransform
[        ] Transforming android-test-plugin-host-additional-test-output-proto-31.3.0.jar (com.android.tools.utp:android-test-plugin-host-additional-test-output-proto:31.3.0) with MergeInstrumentationAnalysisTransform
[        ] Transforming android-test-plugin-host-coverage-proto-31.3.0.jar (com.android.tools.utp:android-test-plugin-host-coverage-proto:31.3.0) with InstrumentationAnalysisTransform
[        ] Transforming android-device-provider-gradle-proto-31.3.0.jar (com.android.tools.utp:android-device-provider-gradle-proto:31.3.0) with ExternalDependencyInstrumentingArtifactTransform
[        ] Transforming android-test-plugin-host-coverage-proto-31.3.0.jar (com.android.tools.utp:android-test-plugin-host-coverage-proto:31.3.0) with MergeInstrumentationAnalysisTransform
[        ] Transforming android-test-plugin-host-emulator-control-proto-31.3.0.jar (com.android.tools.utp:android-test-plugin-host-emulator-control-proto:31.3.0) with InstrumentationAnalysisTransform
[        ] Transforming android-test-plugin-host-additional-test-output-proto-31.3.0.jar (com.android.tools.utp:android-test-plugin-host-additional-test-output-proto:31.3.0) with ExternalDependencyInstrumentingArtifactTransform
[        ] Transforming android-test-plugin-host-coverage-proto-31.3.0.jar (com.android.tools.utp:android-test-plugin-host-coverage-proto:31.3.0) with ExternalDependencyInstrumentingArtifactTransform
[        ] Transforming android-test-plugin-host-emulator-control-proto-31.3.0.jar (com.android.tools.utp:android-test-plugin-host-emulator-control-proto:31.3.0) with MergeInstrumentationAnalysisTransform
[        ] Transforming android-test-plugin-host-logcat-proto-31.3.0.jar (com.android.tools.utp:android-test-plugin-host-logcat-proto:31.3.0) with InstrumentationAnalysisTransform
[        ] Transforming android-test-plugin-host-emulator-control-proto-31.3.0.jar (com.android.tools.utp:android-test-plugin-host-emulator-control-proto:31.3.0) with ExternalDependencyInstrumentingArtifactTransform
[        ] Transforming android-test-plugin-host-logcat-proto-31.3.0.jar (com.android.tools.utp:android-test-plugin-host-logcat-proto:31.3.0) with MergeInstrumentationAnalysisTransform
[        ] Transforming android-test-plugin-host-apk-installer-proto-31.3.0.jar (com.android.tools.utp:android-test-plugin-host-apk-installer-proto:31.3.0) with InstrumentationAnalysisTransform
[        ] Transforming android-test-plugin-host-apk-installer-proto-31.3.0.jar (com.android.tools.utp:android-test-plugin-host-apk-installer-proto:31.3.0) with MergeInstrumentationAnalysisTransform
[        ] Transforming android-test-plugin-host-retention-proto-31.3.0.jar (com.android.tools.utp:android-test-plugin-host-retention-proto:31.3.0) with InstrumentationAnalysisTransform
[        ] Transforming android-test-plugin-host-retention-proto-31.3.0.jar (com.android.tools.utp:android-test-plugin-host-retention-proto:31.3.0) with MergeInstrumentationAnalysisTransform
[        ] Transforming android-test-plugin-host-logcat-proto-31.3.0.jar (com.android.tools.utp:android-test-plugin-host-logcat-proto:31.3.0) with ExternalDependencyInstrumentingArtifactTransform
[        ] Transforming android-test-plugin-result-listener-gradle-proto-31.3.0.jar (com.android.tools.utp:android-test-plugin-result-listener-gradle-proto:31.3.0) with InstrumentationAnalysisTransform
[        ] Transforming android-test-plugin-host-apk-installer-proto-31.3.0.jar (com.android.tools.utp:android-test-plugin-host-apk-installer-proto:31.3.0) with ExternalDependencyInstrumentingArtifactTransform
[        ] Transforming android-test-plugin-host-retention-proto-31.3.0.jar (com.android.tools.utp:android-test-plugin-host-retention-proto:31.3.0) with ExternalDependencyInstrumentingArtifactTransform
[        ] Transforming android-test-plugin-result-listener-gradle-proto-31.3.0.jar (com.android.tools.utp:android-test-plugin-result-listener-gradle-proto:31.3.0) with MergeInstrumentationAnalysisTransform
[        ] Transforming builder-model-8.3.0.jar (com.android.tools.build:builder-model:8.3.0) with InstrumentationAnalysisTransform
[        ] Transforming builder-model-8.3.0.jar (com.android.tools.build:builder-model:8.3.0) with MergeInstrumentationAnalysisTransform
[        ] Transforming dvlib-31.3.0.jar (com.android.tools:dvlib:31.3.0) with InstrumentationAnalysisTransform
[        ] Transforming android-test-plugin-result-listener-gradle-proto-31.3.0.jar (com.android.tools.utp:android-test-plugin-result-listener-gradle-proto:31.3.0) with ExternalDependencyInstrumentingArtifactTransform
[        ] Transforming dvlib-31.3.0.jar (com.android.tools:dvlib:31.3.0) with MergeInstrumentationAnalysisTransform
[        ] Transforming builder-model-8.3.0.jar (com.android.tools.build:builder-model:8.3.0) with ExternalDependencyInstrumentingArtifactTransform
[        ] Transforming common-31.3.0.jar (com.android.tools:common:31.3.0) with InstrumentationAnalysisTransform
[        ] Transforming dvlib-31.3.0.jar (com.android.tools:dvlib:31.3.0) with ExternalDependencyInstrumentingArtifactTransform
[        ] Transforming common-31.3.0.jar (com.android.tools:common:31.3.0) with MergeInstrumentationAnalysisTransform
[        ] Transforming jetifier-processor-1.0.0-beta10.jar (com.android.tools.build.jetifier:jetifier-processor:1.0.0-beta10) with InstrumentationAnalysisTransform
[        ] Transforming common-31.3.0.jar (com.android.tools:common:31.3.0) with ExternalDependencyInstrumentingArtifactTransform
[        ] Transforming jetifier-processor-1.0.0-beta10.jar (com.android.tools.build.jetifier:jetifier-processor:1.0.0-beta10) with MergeInstrumentationAnalysisTransform
[        ] Transforming jetifier-core-1.0.0-beta10.jar (com.android.tools.build.jetifier:jetifier-core:1.0.0-beta10) with InstrumentationAnalysisTransform
[        ] Transforming jetifier-core-1.0.0-beta10.jar (com.android.tools.build.jetifier:jetifier-core:1.0.0-beta10) with MergeInstrumentationAnalysisTransform
[        ] Transforming kotlin-reflect-1.9.20.jar (org.jetbrains.kotlin:kotlin-reflect:1.9.20) with InstrumentationAnalysisTransform
[        ] Transforming jetifier-processor-1.0.0-beta10.jar (com.android.tools.build.jetifier:jetifier-processor:1.0.0-beta10) with ExternalDependencyInstrumentingArtifactTransform
[        ] Transforming kotlin-reflect-1.9.20.jar (org.jetbrains.kotlin:kotlin-reflect:1.9.20) with MergeInstrumentationAnalysisTransform
[        ] Transforming jetifier-core-1.0.0-beta10.jar (com.android.tools.build.jetifier:jetifier-core:1.0.0-beta10) with ExternalDependencyInstrumentingArtifactTransform
[        ] Transforming kotlin-stdlib-jdk7-1.9.20.jar (org.jetbrains.kotlin:kotlin-stdlib-jdk7:1.9.20) with InstrumentationAnalysisTransform
[        ] Transforming kotlin-reflect-1.9.20.jar (org.jetbrains.kotlin:kotlin-reflect:1.9.20) with ExternalDependencyInstrumentingArtifactTransform
[        ] Transforming kotlin-stdlib-jdk7-1.9.20.jar (org.jetbrains.kotlin:kotlin-stdlib-jdk7:1.9.20) with MergeInstrumentationAnalysisTransform
[        ] Transforming kotlin-stdlib-1.9.20.jar (org.jetbrains.kotlin:kotlin-stdlib:1.9.20) with InstrumentationAnalysisTransform
[        ] Transforming kotlin-stdlib-jdk7-1.9.20.jar (org.jetbrains.kotlin:kotlin-stdlib-jdk7:1.9.20) with ExternalDependencyInstrumentingArtifactTransform
[        ] Transforming kotlin-stdlib-1.9.20.jar (org.jetbrains.kotlin:kotlin-stdlib:1.9.20) with MergeInstrumentationAnalysisTransform
[        ] Transforming kotlin-stdlib-jdk8-1.9.20.jar (org.jetbrains.kotlin:kotlin-stdlib-jdk8:1.9.20) with InstrumentationAnalysisTransform
[        ] Transforming kotlin-stdlib-1.9.20.jar (org.jetbrains.kotlin:kotlin-stdlib:1.9.20) with ExternalDependencyInstrumentingArtifactTransform
[        ] Transforming kotlin-stdlib-jdk8-1.9.20.jar (org.jetbrains.kotlin:kotlin-stdlib-jdk8:1.9.20) with MergeInstrumentationAnalysisTransform
[        ] Transforming transform-api-2.0.0-deprecated-use-gradle-api.jar (com.android.tools.build:transform-api:2.0.0-deprecated-use-gradle-api) with InstrumentationAnalysisTransform
[        ] Transforming transform-api-2.0.0-deprecated-use-gradle-api.jar (com.android.tools.build:transform-api:2.0.0-deprecated-use-gradle-api) with MergeInstrumentationAnalysisTransform
[        ] Transforming httpmime-4.5.6.jar (org.apache.httpcomponents:httpmime:4.5.6) with InstrumentationAnalysisTransform
[        ] Transforming httpmime-4.5.6.jar (org.apache.httpcomponents:httpmime:4.5.6) with MergeInstrumentationAnalysisTransform
[        ] Transforming kotlin-stdlib-jdk8-1.9.20.jar (org.jetbrains.kotlin:kotlin-stdlib-jdk8:1.9.20) with ExternalDependencyInstrumentingArtifactTransform
[        ] Transforming commons-io-2.13.0.jar (commons-io:commons-io:2.13.0) with InstrumentationAnalysisTransform
[        ] Transforming commons-io-2.13.0.jar (commons-io:commons-io:2.13.0) with MergeInstrumentationAnalysisTransform
[        ] Transforming asm-commons-9.6.jar (org.ow2.asm:asm-commons:9.6) with InstrumentationAnalysisTransform
[        ] Transforming transform-api-2.0.0-deprecated-use-gradle-api.jar (com.android.tools.build:transform-api:2.0.0-deprecated-use-gradle-api) with ExternalDependencyInstrumentingArtifactTransform
[        ] Transforming httpmime-4.5.6.jar (org.apache.httpcomponents:httpmime:4.5.6) with ExternalDependencyInstrumentingArtifactTransform
[        ] Transforming asm-commons-9.6.jar (org.ow2.asm:asm-commons:9.6) with MergeInstrumentationAnalysisTransform
[        ] Transforming commons-io-2.13.0.jar (commons-io:commons-io:2.13.0) with ExternalDependencyInstrumentingArtifactTransform
[        ] Transforming asm-util-9.6.jar (org.ow2.asm:asm-util:9.6) with InstrumentationAnalysisTransform
[        ] Transforming asm-util-9.6.jar (org.ow2.asm:asm-util:9.6) with MergeInstrumentationAnalysisTransform
[        ] Transforming asm-commons-9.6.jar (org.ow2.asm:asm-commons:9.6) with ExternalDependencyInstrumentingArtifactTransform
[        ] Transforming asm-analysis-9.6.jar (org.ow2.asm:asm-analysis:9.6) with InstrumentationAnalysisTransform
[        ] Transforming asm-util-9.6.jar (org.ow2.asm:asm-util:9.6) with ExternalDependencyInstrumentingArtifactTransform
[        ] Transforming asm-analysis-9.6.jar (org.ow2.asm:asm-analysis:9.6) with MergeInstrumentationAnalysisTransform
[        ] Transforming asm-tree-9.6.jar (org.ow2.asm:asm-tree:9.6) with InstrumentationAnalysisTransform
[        ] Transforming asm-tree-9.6.jar (org.ow2.asm:asm-tree:9.6) with MergeInstrumentationAnalysisTransform
[        ] Transforming asm-9.6.jar (org.ow2.asm:asm:9.6) with InstrumentationAnalysisTransform
[        ] Transforming asm-9.6.jar (org.ow2.asm:asm:9.6) with MergeInstrumentationAnalysisTransform
[        ] Transforming apkzlib-8.3.0.jar (com.android.tools.build:apkzlib:8.3.0) with InstrumentationAnalysisTransform
[        ] Transforming apkzlib-8.3.0.jar (com.android.tools.build:apkzlib:8.3.0) with MergeInstrumentationAnalysisTransform
[        ] Transforming bcpkix-jdk15on-1.67.jar (org.bouncycastle:bcpkix-jdk15on:1.67) with InstrumentationAnalysisTransform
[        ] Transforming asm-analysis-9.6.jar (org.ow2.asm:asm-analysis:9.6) with ExternalDependencyInstrumentingArtifactTransform
[        ] Transforming bcpkix-jdk15on-1.67.jar (org.bouncycastle:bcpkix-jdk15on:1.67) with MergeInstrumentationAnalysisTransform
[        ] Transforming jaxb-runtime-2.3.2.jar (org.glassfish.jaxb:jaxb-runtime:2.3.2) with InstrumentationAnalysisTransform
[        ] Transforming apkzlib-8.3.0.jar (com.android.tools.build:apkzlib:8.3.0) with ExternalDependencyInstrumentingArtifactTransform
[        ] Transforming jaxb-runtime-2.3.2.jar (org.glassfish.jaxb:jaxb-runtime:2.3.2) with MergeInstrumentationAnalysisTransform
[        ] Transforming asm-tree-9.6.jar (org.ow2.asm:asm-tree:9.6) with ExternalDependencyInstrumentingArtifactTransform
[        ] Transforming bcpkix-jdk15on-1.67.jar (org.bouncycastle:bcpkix-jdk15on:1.67) with ExternalDependencyInstrumentingArtifactTransform
[        ] Transforming asm-9.6.jar (org.ow2.asm:asm:9.6) with ExternalDependencyInstrumentingArtifactTransform
[        ] Transforming jopt-simple-4.9.jar (net.sf.jopt-simple:jopt-simple:4.9) with InstrumentationAnalysisTransform
[        ] Transforming jaxb-runtime-2.3.2.jar (org.glassfish.jaxb:jaxb-runtime:2.3.2) with ExternalDependencyInstrumentingArtifactTransform
[        ] Transforming jopt-simple-4.9.jar (net.sf.jopt-simple:jopt-simple:4.9) with MergeInstrumentationAnalysisTransform
[        ] Transforming javapoet-1.10.0.jar (com.squareup:javapoet:1.10.0) with InstrumentationAnalysisTransform
[        ] Transforming javapoet-1.10.0.jar (com.squareup:javapoet:1.10.0) with MergeInstrumentationAnalysisTransform
[        ] Transforming protobuf-java-util-3.22.3.jar (com.google.protobuf:protobuf-java-util:3.22.3) with InstrumentationAnalysisTransform
[        ] Transforming jopt-simple-4.9.jar (net.sf.jopt-simple:jopt-simple:4.9) with ExternalDependencyInstrumentingArtifactTransform
[        ] Transforming protobuf-java-util-3.22.3.jar (com.google.protobuf:protobuf-java-util:3.22.3) with MergeInstrumentationAnalysisTransform
[        ] Transforming grpc-protobuf-1.57.0.jar (io.grpc:grpc-protobuf:1.57.0) with InstrumentationAnalysisTransform
[        ] Transforming grpc-protobuf-1.57.0.jar (io.grpc:grpc-protobuf:1.57.0) with MergeInstrumentationAnalysisTransform
[        ] Transforming javapoet-1.10.0.jar (com.squareup:javapoet:1.10.0) with ExternalDependencyInstrumentingArtifactTransform
[        ] Transforming protobuf-java-util-3.22.3.jar (com.google.protobuf:protobuf-java-util:3.22.3) with ExternalDependencyInstrumentingArtifactTransform
[        ] Transforming tink-1.7.0.jar (com.google.crypto.tink:tink:1.7.0) with InstrumentationAnalysisTransform
[        ] Transforming tink-1.7.0.jar (com.google.crypto.tink:tink:1.7.0) with MergeInstrumentationAnalysisTransform
[        ] Transforming grpc-protobuf-1.57.0.jar (io.grpc:grpc-protobuf:1.57.0) with ExternalDependencyInstrumentingArtifactTransform
[        ] Transforming tink-1.7.0.jar (com.google.crypto.tink:tink:1.7.0) with ExternalDependencyInstrumentingArtifactTransform
[        ] Transforming protos-31.3.0.jar (com.android.tools.analytics-library:protos:31.3.0) with InstrumentationAnalysisTransform
[        ] Transforming protos-31.3.0.jar (com.android.tools.analytics-library:protos:31.3.0) with MergeInstrumentationAnalysisTransform
[        ] Transforming proto-google-common-protos-2.17.0.jar (com.google.api.grpc:proto-google-common-protos:2.17.0) with InstrumentationAnalysisTransform
[        ] Transforming proto-google-common-protos-2.17.0.jar (com.google.api.grpc:proto-google-common-protos:2.17.0) with MergeInstrumentationAnalysisTransform
[        ] Transforming protobuf-java-3.22.3.jar (com.google.protobuf:protobuf-java:3.22.3) with InstrumentationAnalysisTransform
[        ] Transforming protos-31.3.0.jar (com.android.tools.analytics-library:protos:31.3.0) with ExternalDependencyInstrumentingArtifactTransform
[        ] Transforming protobuf-java-3.22.3.jar (com.google.protobuf:protobuf-java:3.22.3) with MergeInstrumentationAnalysisTransform
[        ] Transforming grpc-netty-1.57.0.jar (io.grpc:grpc-netty:1.57.0) with InstrumentationAnalysisTransform
[        ] Transforming proto-google-common-protos-2.17.0.jar (com.google.api.grpc:proto-google-common-protos:2.17.0) with ExternalDependencyInstrumentingArtifactTransform
[        ] Transforming grpc-netty-1.57.0.jar (io.grpc:grpc-netty:1.57.0) with MergeInstrumentationAnalysisTransform
[        ] Transforming grpc-core-1.57.0.jar (io.grpc:grpc-core:1.57.0) with InstrumentationAnalysisTransform
[        ] Transforming protobuf-java-3.22.3.jar (com.google.protobuf:protobuf-java:3.22.3) with ExternalDependencyInstrumentingArtifactTransform
[        ] Transforming grpc-core-1.57.0.jar (io.grpc:grpc-core:1.57.0) with MergeInstrumentationAnalysisTransform
[        ] Transforming gson-2.10.1.jar (com.google.code.gson:gson:2.10.1) with InstrumentationAnalysisTransform
[        ] Transforming grpc-netty-1.57.0.jar (io.grpc:grpc-netty:1.57.0) with ExternalDependencyInstrumentingArtifactTransform
[        ] Transforming gson-2.10.1.jar (com.google.code.gson:gson:2.10.1) with MergeInstrumentationAnalysisTransform
[        ] Transforming grpc-core-1.57.0.jar (io.grpc:grpc-core:1.57.0) with ExternalDependencyInstrumentingArtifactTransform
[        ] Transforming grpc-stub-1.57.0.jar (io.grpc:grpc-stub:1.57.0) with InstrumentationAnalysisTransform
[        ] Transforming grpc-stub-1.57.0.jar (io.grpc:grpc-stub:1.57.0) with MergeInstrumentationAnalysisTransform
[        ] Transforming core-proto-0.0.9-alpha02.jar (com.google.testing.platform:core-proto:0.0.9-alpha02) with InstrumentationAnalysisTransform
[        ] Transforming core-proto-0.0.9-alpha02.jar (com.google.testing.platform:core-proto:0.0.9-alpha02) with MergeInstrumentationAnalysisTransform
[        ] Transforming kxml2-2.3.0.jar (net.sf.kxml:kxml2:2.3.0) with InstrumentationAnalysisTransform
[        ] Transforming gson-2.10.1.jar (com.google.code.gson:gson:2.10.1) with ExternalDependencyInstrumentingArtifactTransform
[        ] Transforming kxml2-2.3.0.jar (net.sf.kxml:kxml2:2.3.0) with MergeInstrumentationAnalysisTransform
[        ] Transforming tensorflow-lite-metadata-0.1.0-rc2.jar (org.tensorflow:tensorflow-lite-metadata:0.1.0-rc2) with InstrumentationAnalysisTransform
[        ] Transforming tensorflow-lite-metadata-0.1.0-rc2.jar (org.tensorflow:tensorflow-lite-metadata:0.1.0-rc2) with MergeInstrumentationAnalysisTransform
[        ] Transforming grpc-stub-1.57.0.jar (io.grpc:grpc-stub:1.57.0) with ExternalDependencyInstrumentingArtifactTransform
[        ] Transforming kxml2-2.3.0.jar (net.sf.kxml:kxml2:2.3.0) with ExternalDependencyInstrumentingArtifactTransform
[        ] Transforming tensorflow-lite-metadata-0.1.0-rc2.jar (org.tensorflow:tensorflow-lite-metadata:0.1.0-rc2) with ExternalDependencyInstrumentingArtifactTransform
[        ] Transforming flatbuffers-java-1.12.0.jar (com.google.flatbuffers:flatbuffers-java:1.12.0) with InstrumentationAnalysisTransform
[        ] Transforming core-proto-0.0.9-alpha02.jar (com.google.testing.platform:core-proto:0.0.9-alpha02) with ExternalDependencyInstrumentingArtifactTransform
[        ] Transforming flatbuffers-java-1.12.0.jar (com.google.flatbuffers:flatbuffers-java:1.12.0) with MergeInstrumentationAnalysisTransform
[        ] Transforming jimfs-1.1.jar (com.google.jimfs:jimfs:1.1) with InstrumentationAnalysisTransform
[        ] Transforming jimfs-1.1.jar (com.google.jimfs:jimfs:1.1) with MergeInstrumentationAnalysisTransform
[        ] Transforming flatbuffers-java-1.12.0.jar (com.google.flatbuffers:flatbuffers-java:1.12.0) with ExternalDependencyInstrumentingArtifactTransform
[        ] Transforming grpc-context-1.57.0.jar (io.grpc:grpc-context:1.57.0) with InstrumentationAnalysisTransform
[        ] Transforming jimfs-1.1.jar (com.google.jimfs:jimfs:1.1) with ExternalDependencyInstrumentingArtifactTransform
[        ] Transforming grpc-context-1.57.0.jar (io.grpc:grpc-context:1.57.0) with MergeInstrumentationAnalysisTransform
[        ] Transforming grpc-protobuf-lite-1.57.0.jar (io.grpc:grpc-protobuf-lite:1.57.0) with InstrumentationAnalysisTransform
[        ] Transforming grpc-protobuf-lite-1.57.0.jar (io.grpc:grpc-protobuf-lite:1.57.0) with MergeInstrumentationAnalysisTransform
[        ] Transforming grpc-api-1.57.0.jar (io.grpc:grpc-api:1.57.0) with InstrumentationAnalysisTransform
[        ] Transforming grpc-api-1.57.0.jar (io.grpc:grpc-api:1.57.0) with MergeInstrumentationAnalysisTransform
[        ] Transforming grpc-context-1.57.0.jar (io.grpc:grpc-context:1.57.0) with ExternalDependencyInstrumentingArtifactTransform
[        ] Transforming guava-32.0.1-jre.jar (com.google.guava:guava:32.0.1-jre) with InstrumentationAnalysisTransform
[        ] Transforming grpc-protobuf-lite-1.57.0.jar (io.grpc:grpc-protobuf-lite:1.57.0) with ExternalDependencyInstrumentingArtifactTransform
[        ] Transforming guava-32.0.1-jre.jar (com.google.guava:guava:32.0.1-jre) with MergeInstrumentationAnalysisTransform
[        ] Transforming grpc-api-1.57.0.jar (io.grpc:grpc-api:1.57.0) with ExternalDependencyInstrumentingArtifactTransform
[        ] Transforming dagger-2.28.3.jar (com.google.dagger:dagger:2.28.3) with InstrumentationAnalysisTransform
[        ] Transforming dagger-2.28.3.jar (com.google.dagger:dagger:2.28.3) with MergeInstrumentationAnalysisTransform
[        ] Transforming guava-32.0.1-jre.jar (com.google.guava:guava:32.0.1-jre) with ExternalDependencyInstrumentingArtifactTransform
[        ] Transforming javax.inject-1.jar (javax.inject:javax.inject:1) with InstrumentationAnalysisTransform
[        ] Transforming javax.inject-1.jar (javax.inject:javax.inject:1) with MergeInstrumentationAnalysisTransform
[        ] Transforming bcprov-jdk15on-1.67.jar (org.bouncycastle:bcprov-jdk15on:1.67) with InstrumentationAnalysisTransform
[        ] Transforming bcprov-jdk15on-1.67.jar (org.bouncycastle:bcprov-jdk15on:1.67) with MergeInstrumentationAnalysisTransform
[        ] Transforming trove4j-1.0.20200330.jar (org.jetbrains.intellij.deps:trove4j:1.0.20200330) with InstrumentationAnalysisTransform
[        ] Transforming dagger-2.28.3.jar (com.google.dagger:dagger:2.28.3) with ExternalDependencyInstrumentingArtifactTransform
[        ] Transforming trove4j-1.0.20200330.jar (org.jetbrains.intellij.deps:trove4j:1.0.20200330) with MergeInstrumentationAnalysisTransform
[        ] Transforming javax.inject-1.jar (javax.inject:javax.inject:1) with ExternalDependencyInstrumentingArtifactTransform
[        ] Transforming bcprov-jdk15on-1.67.jar (org.bouncycastle:bcprov-jdk15on:1.67) with ExternalDependencyInstrumentingArtifactTransform
[        ] Transforming commons-compress-1.21.jar (org.apache.commons:commons-compress:1.21) with InstrumentationAnalysisTransform
[        ] Transforming trove4j-1.0.20200330.jar (org.jetbrains.intellij.deps:trove4j:1.0.20200330) with ExternalDependencyInstrumentingArtifactTransform
[        ] Transforming commons-compress-1.21.jar (org.apache.commons:commons-compress:1.21) with MergeInstrumentationAnalysisTransform
[        ] Transforming httpclient-4.5.14.jar (org.apache.httpcomponents:httpclient:4.5.14) with InstrumentationAnalysisTransform
[        ] Transforming httpclient-4.5.14.jar (org.apache.httpcomponents:httpclient:4.5.14) with MergeInstrumentationAnalysisTransform
[        ] Transforming httpcore-4.4.16.jar (org.apache.httpcomponents:httpcore:4.4.16) with InstrumentationAnalysisTransform
[        ] Transforming commons-compress-1.21.jar (org.apache.commons:commons-compress:1.21) with ExternalDependencyInstrumentingArtifactTransform
[        ] Transforming httpcore-4.4.16.jar (org.apache.httpcomponents:httpcore:4.4.16) with MergeInstrumentationAnalysisTransform
[        ] Transforming javax.activation-1.2.0.jar (com.sun.activation:javax.activation:1.2.0) with InstrumentationAnalysisTransform
[        ] Transforming httpclient-4.5.14.jar (org.apache.httpcomponents:httpclient:4.5.14) with ExternalDependencyInstrumentingArtifactTransform
[        ] Transforming javax.activation-1.2.0.jar (com.sun.activation:javax.activation:1.2.0) with MergeInstrumentationAnalysisTransform
[        ] Transforming annotations-23.0.0.jar (org.jetbrains:annotations:23.0.0) with InstrumentationAnalysisTransform
[        ] Transforming httpcore-4.4.16.jar (org.apache.httpcomponents:httpcore:4.4.16) with ExternalDependencyInstrumentingArtifactTransform
[        ] Transforming annotations-23.0.0.jar (org.jetbrains:annotations:23.0.0) with MergeInstrumentationAnalysisTransform
[        ] Transforming signflinger-8.3.0.jar (com.android:signflinger:8.3.0) with InstrumentationAnalysisTransform
[        ] Transforming javax.activation-1.2.0.jar (com.sun.activation:javax.activation:1.2.0) with ExternalDependencyInstrumentingArtifactTransform
[        ] Transforming signflinger-8.3.0.jar (com.android:signflinger:8.3.0) with MergeInstrumentationAnalysisTransform
[        ] Transforming annotations-23.0.0.jar (org.jetbrains:annotations:23.0.0) with ExternalDependencyInstrumentingArtifactTransform
[        ] Transforming signflinger-8.3.0.jar (com.android:signflinger:8.3.0) with ExternalDependencyInstrumentingArtifactTransform
[        ] Transforming zipflinger-8.3.0.jar (com.android:zipflinger:8.3.0) with InstrumentationAnalysisTransform
[        ] Transforming zipflinger-8.3.0.jar (com.android:zipflinger:8.3.0) with MergeInstrumentationAnalysisTransform
[        ] Transforming annotations-31.3.0.jar (com.android.tools:annotations:31.3.0) with InstrumentationAnalysisTransform
[        ] Transforming annotations-31.3.0.jar (com.android.tools:annotations:31.3.0) with MergeInstrumentationAnalysisTransform
[        ] Transforming jna-platform-5.6.0.jar (net.java.dev.jna:jna-platform:5.6.0) with InstrumentationAnalysisTransform
[        ] Transforming jna-platform-5.6.0.jar (net.java.dev.jna:jna-platform:5.6.0) with MergeInstrumentationAnalysisTransform
[        ] Transforming juniversalchardet-1.0.3.jar (com.googlecode.juniversalchardet:juniversalchardet:1.0.3) with InstrumentationAnalysisTransform
[        ] Transforming juniversalchardet-1.0.3.jar (com.googlecode.juniversalchardet:juniversalchardet:1.0.3) with MergeInstrumentationAnalysisTransform
[        ] Transforming javax.annotation-api-1.3.2.jar (javax.annotation:javax.annotation-api:1.3.2) with InstrumentationAnalysisTransform
[        ] Transforming jna-platform-5.6.0.jar (net.java.dev.jna:jna-platform:5.6.0) with ExternalDependencyInstrumentingArtifactTransform
[        ] Transforming annotations-31.3.0.jar (com.android.tools:annotations:31.3.0) with ExternalDependencyInstrumentingArtifactTransform
[        ] Transforming zipflinger-8.3.0.jar (com.android:zipflinger:8.3.0) with ExternalDependencyInstrumentingArtifactTransform
[        ] Transforming javax.annotation-api-1.3.2.jar (javax.annotation:javax.annotation-api:1.3.2) with MergeInstrumentationAnalysisTransform
[        ] Transforming juniversalchardet-1.0.3.jar (com.googlecode.juniversalchardet:juniversalchardet:1.0.3) with ExternalDependencyInstrumentingArtifactTransform
[        ] Transforming javax.annotation-api-1.3.2.jar (javax.annotation:javax.annotation-api:1.3.2) with ExternalDependencyInstrumentingArtifactTransform
[        ] Transforming stax-ex-1.8.1.jar (org.jvnet.staxex:stax-ex:1.8.1) with InstrumentationAnalysisTransform
[        ] Transforming stax-ex-1.8.1.jar (org.jvnet.staxex:stax-ex:1.8.1) with MergeInstrumentationAnalysisTransform
[        ] Transforming jakarta.xml.bind-api-2.3.2.jar (jakarta.xml.bind:jakarta.xml.bind-api:2.3.2) with InstrumentationAnalysisTransform
[        ] Transforming jakarta.xml.bind-api-2.3.2.jar (jakarta.xml.bind:jakarta.xml.bind-api:2.3.2) with MergeInstrumentationAnalysisTransform
[        ] Transforming txw2-2.3.2.jar (org.glassfish.jaxb:txw2:2.3.2) with InstrumentationAnalysisTransform
[        ] Transforming stax-ex-1.8.1.jar (org.jvnet.staxex:stax-ex:1.8.1) with ExternalDependencyInstrumentingArtifactTransform
[        ] Transforming txw2-2.3.2.jar (org.glassfish.jaxb:txw2:2.3.2) with MergeInstrumentationAnalysisTransform
[        ] Transforming istack-commons-runtime-3.0.8.jar (com.sun.istack:istack-commons-runtime:3.0.8) with InstrumentationAnalysisTransform
[        ] Transforming jakarta.xml.bind-api-2.3.2.jar (jakarta.xml.bind:jakarta.xml.bind-api:2.3.2) with ExternalDependencyInstrumentingArtifactTransform
[        ] Transforming istack-commons-runtime-3.0.8.jar (com.sun.istack:istack-commons-runtime:3.0.8) with MergeInstrumentationAnalysisTransform
[        ] Transforming txw2-2.3.2.jar (org.glassfish.jaxb:txw2:2.3.2) with ExternalDependencyInstrumentingArtifactTransform
[        ] Transforming FastInfoset-1.2.16.jar (com.sun.xml.fastinfoset:FastInfoset:1.2.16) with InstrumentationAnalysisTransform
[        ] Transforming FastInfoset-1.2.16.jar (com.sun.xml.fastinfoset:FastInfoset:1.2.16) with MergeInstrumentationAnalysisTransform
[        ] Transforming jakarta.activation-api-1.2.1.jar (jakarta.activation:jakarta.activation-api:1.2.1) with InstrumentationAnalysisTransform
[        ] Transforming istack-commons-runtime-3.0.8.jar (com.sun.istack:istack-commons-runtime:3.0.8) with ExternalDependencyInstrumentingArtifactTransform
[        ] Transforming jakarta.activation-api-1.2.1.jar (jakarta.activation:jakarta.activation-api:1.2.1) with MergeInstrumentationAnalysisTransform
[        ] Transforming FastInfoset-1.2.16.jar (com.sun.xml.fastinfoset:FastInfoset:1.2.16) with ExternalDependencyInstrumentingArtifactTransform
[        ] Transforming auto-value-annotations-1.6.2.jar (com.google.auto.value:auto-value-annotations:1.6.2) with InstrumentationAnalysisTransform
[        ] Transforming auto-value-annotations-1.6.2.jar (com.google.auto.value:auto-value-annotations:1.6.2) with MergeInstrumentationAnalysisTransform
[        ] Transforming error_prone_annotations-2.18.0.jar (com.google.errorprone:error_prone_annotations:2.18.0) with InstrumentationAnalysisTransform
[        ] Transforming jakarta.activation-api-1.2.1.jar (jakarta.activation:jakarta.activation-api:1.2.1) with ExternalDependencyInstrumentingArtifactTransform
[        ] Transforming auto-value-annotations-1.6.2.jar (com.google.auto.value:auto-value-annotations:1.6.2) with ExternalDependencyInstrumentingArtifactTransform
[        ] Transforming error_prone_annotations-2.18.0.jar (com.google.errorprone:error_prone_annotations:2.18.0) with MergeInstrumentationAnalysisTransform
[        ] Transforming jose4j-0.7.0.jar (org.bitbucket.b_c:jose4j:0.7.0) with InstrumentationAnalysisTransform
[        ] Transforming jose4j-0.7.0.jar (org.bitbucket.b_c:jose4j:0.7.0) with MergeInstrumentationAnalysisTransform
[        ] Transforming slf4j-api-1.7.30.jar (org.slf4j:slf4j-api:1.7.30) with InstrumentationAnalysisTransform
[        ] Transforming slf4j-api-1.7.30.jar (org.slf4j:slf4j-api:1.7.30) with MergeInstrumentationAnalysisTransform
[        ] Transforming jdom2-2.0.6.jar (org.jdom:jdom2:2.0.6) with InstrumentationAnalysisTransform
[        ] Transforming jdom2-2.0.6.jar (org.jdom:jdom2:2.0.6) with MergeInstrumentationAnalysisTransform
[        ] Transforming error_prone_annotations-2.18.0.jar (com.google.errorprone:error_prone_annotations:2.18.0) with ExternalDependencyInstrumentingArtifactTransform
[        ] Transforming jose4j-0.7.0.jar (org.bitbucket.b_c:jose4j:0.7.0) with ExternalDependencyInstrumentingArtifactTransform
[        ] Transforming jsr305-3.0.2.jar (com.google.code.findbugs:jsr305:3.0.2) with InstrumentationAnalysisTransform
[        ] Transforming jdom2-2.0.6.jar (org.jdom:jdom2:2.0.6) with ExternalDependencyInstrumentingArtifactTransform
[        ] Transforming slf4j-api-1.7.30.jar (org.slf4j:slf4j-api:1.7.30) with ExternalDependencyInstrumentingArtifactTransform
[        ] Transforming jsr305-3.0.2.jar (com.google.code.findbugs:jsr305:3.0.2) with MergeInstrumentationAnalysisTransform
[        ] Transforming j2objc-annotations-2.8.jar (com.google.j2objc:j2objc-annotations:2.8) with InstrumentationAnalysisTransform
[        ] Transforming j2objc-annotations-2.8.jar (com.google.j2objc:j2objc-annotations:2.8) with MergeInstrumentationAnalysisTransform
[        ] Transforming annotations-4.1.1.4.jar (com.google.android:annotations:4.1.1.4) with InstrumentationAnalysisTransform
[        ] Transforming jsr305-3.0.2.jar (com.google.code.findbugs:jsr305:3.0.2) with ExternalDependencyInstrumentingArtifactTransform
[        ] Transforming annotations-4.1.1.4.jar (com.google.android:annotations:4.1.1.4) with MergeInstrumentationAnalysisTransform
[        ] Transforming animal-sniffer-annotations-1.23.jar (org.codehaus.mojo:animal-sniffer-annotations:1.23) with InstrumentationAnalysisTransform
[        ] Transforming j2objc-annotations-2.8.jar (com.google.j2objc:j2objc-annotations:2.8) with ExternalDependencyInstrumentingArtifactTransform
[        ] Transforming animal-sniffer-annotations-1.23.jar (org.codehaus.mojo:animal-sniffer-annotations:1.23) with MergeInstrumentationAnalysisTransform
[        ] Transforming annotations-4.1.1.4.jar (com.google.android:annotations:4.1.1.4) with ExternalDependencyInstrumentingArtifactTransform
[        ] Transforming perfmark-api-0.26.0.jar (io.perfmark:perfmark-api:0.26.0) with InstrumentationAnalysisTransform
[        ] Transforming animal-sniffer-annotations-1.23.jar (org.codehaus.mojo:animal-sniffer-annotations:1.23) with ExternalDependencyInstrumentingArtifactTransform
[        ] Transforming perfmark-api-0.26.0.jar (io.perfmark:perfmark-api:0.26.0) with MergeInstrumentationAnalysisTransform
[        ] Transforming netty-codec-http2-4.1.93.Final.jar (io.netty:netty-codec-http2:4.1.93.Final) with InstrumentationAnalysisTransform
[        ] Transforming perfmark-api-0.26.0.jar (io.perfmark:perfmark-api:0.26.0) with ExternalDependencyInstrumentingArtifactTransform
[        ] Transforming netty-codec-http2-4.1.93.Final.jar (io.netty:netty-codec-http2:4.1.93.Final) with MergeInstrumentationAnalysisTransform
[        ] Transforming netty-handler-proxy-4.1.93.Final.jar (io.netty:netty-handler-proxy:4.1.93.Final) with InstrumentationAnalysisTransform
[        ] Transforming netty-handler-proxy-4.1.93.Final.jar (io.netty:netty-handler-proxy:4.1.93.Final) with MergeInstrumentationAnalysisTransform
[        ] Transforming netty-codec-http2-4.1.93.Final.jar (io.netty:netty-codec-http2:4.1.93.Final) with ExternalDependencyInstrumentingArtifactTransform
[        ] Transforming netty-codec-http-4.1.93.Final.jar (io.netty:netty-codec-http:4.1.93.Final) with InstrumentationAnalysisTransform
[        ] Transforming netty-codec-http-4.1.93.Final.jar (io.netty:netty-codec-http:4.1.93.Final) with MergeInstrumentationAnalysisTransform
[        ] Transforming netty-handler-proxy-4.1.93.Final.jar (io.netty:netty-handler-proxy:4.1.93.Final) with ExternalDependencyInstrumentingArtifactTransform
[        ] Transforming netty-handler-4.1.93.Final.jar (io.netty:netty-handler:4.1.93.Final) with InstrumentationAnalysisTransform
[        ] Transforming netty-handler-4.1.93.Final.jar (io.netty:netty-handler:4.1.93.Final) with MergeInstrumentationAnalysisTransform
[        ] Transforming netty-transport-native-unix-common-4.1.93.Final.jar (io.netty:netty-transport-native-unix-common:4.1.93.Final) with InstrumentationAnalysisTransform
[        ] Transforming netty-codec-http-4.1.93.Final.jar (io.netty:netty-codec-http:4.1.93.Final) with ExternalDependencyInstrumentingArtifactTransform
[        ] Transforming netty-transport-native-unix-common-4.1.93.Final.jar (io.netty:netty-transport-native-unix-common:4.1.93.Final) with MergeInstrumentationAnalysisTransform
[        ] Transforming checker-qual-3.33.0.jar (org.checkerframework:checker-qual:3.33.0) with InstrumentationAnalysisTransform
[        ] Transforming checker-qual-3.33.0.jar (org.checkerframework:checker-qual:3.33.0) with MergeInstrumentationAnalysisTransform
[        ] Transforming netty-handler-4.1.93.Final.jar (io.netty:netty-handler:4.1.93.Final) with ExternalDependencyInstrumentingArtifactTransform
[        ] Transforming netty-transport-native-unix-common-4.1.93.Final.jar (io.netty:netty-transport-native-unix-common:4.1.93.Final) with ExternalDependencyInstrumentingArtifactTransform
[        ] Transforming checker-qual-3.33.0.jar (org.checkerframework:checker-qual:3.33.0) with ExternalDependencyInstrumentingArtifactTransform
[        ] Transforming commons-codec-1.11.jar (commons-codec:commons-codec:1.11) with InstrumentationAnalysisTransform
[        ] Transforming commons-codec-1.11.jar (commons-codec:commons-codec:1.11) with MergeInstrumentationAnalysisTransform
[        ] Transforming apksig-8.3.0.jar (com.android.tools.build:apksig:8.3.0) with InstrumentationAnalysisTransform
[        ] Transforming apksig-8.3.0.jar (com.android.tools.build:apksig:8.3.0) with MergeInstrumentationAnalysisTransform
[        ] Transforming commons-codec-1.11.jar (commons-codec:commons-codec:1.11) with ExternalDependencyInstrumentingArtifactTransform
[        ] Transforming javawriter-2.5.0.jar (com.squareup:javawriter:2.5.0) with InstrumentationAnalysisTransform
[        ] Transforming javawriter-2.5.0.jar (com.squareup:javawriter:2.5.0) with MergeInstrumentationAnalysisTransform
[        ] Transforming failureaccess-1.0.1.jar (com.google.guava:failureaccess:1.0.1) with InstrumentationAnalysisTransform
[        ] Transforming apksig-8.3.0.jar (com.android.tools.build:apksig:8.3.0) with ExternalDependencyInstrumentingArtifactTransform
[        ] Transforming failureaccess-1.0.1.jar (com.google.guava:failureaccess:1.0.1) with MergeInstrumentationAnalysisTransform
[        ] Transforming listenablefuture-9999.0-empty-to-avoid-conflict-with-guava.jar (com.google.guava:listenablefuture:9999.0-empty-to-avoid-conflict-with-guava) with InstrumentationAnalysisTransform
[        ] Transforming listenablefuture-9999.0-empty-to-avoid-conflict-with-guava.jar (com.google.guava:listenablefuture:9999.0-empty-to-avoid-conflict-with-guava) with MergeInstrumentationAnalysisTransform
[        ] Transforming commons-logging-1.2.jar (commons-logging:commons-logging:1.2) with InstrumentationAnalysisTransform
[        ] Transforming commons-logging-1.2.jar (commons-logging:commons-logging:1.2) with MergeInstrumentationAnalysisTransform
[        ] Transforming jna-5.6.0.jar (net.java.dev.jna:jna:5.6.0) with InstrumentationAnalysisTransform
[        ] Transforming javawriter-2.5.0.jar (com.squareup:javawriter:2.5.0) with ExternalDependencyInstrumentingArtifactTransform
[        ] Transforming jna-5.6.0.jar (net.java.dev.jna:jna:5.6.0) with MergeInstrumentationAnalysisTransform
[        ] Transforming failureaccess-1.0.1.jar (com.google.guava:failureaccess:1.0.1) with ExternalDependencyInstrumentingArtifactTransform
[        ] Transforming listenablefuture-9999.0-empty-to-avoid-conflict-with-guava.jar (com.google.guava:listenablefuture:9999.0-empty-to-avoid-conflict-with-guava) with ExternalDependencyInstrumentingArtifactTransform
[        ] Transforming netty-codec-socks-4.1.93.Final.jar (io.netty:netty-codec-socks:4.1.93.Final) with InstrumentationAnalysisTransform
[        ] Transforming netty-codec-socks-4.1.93.Final.jar (io.netty:netty-codec-socks:4.1.93.Final) with MergeInstrumentationAnalysisTransform
[        ] Transforming commons-logging-1.2.jar (commons-logging:commons-logging:1.2) with ExternalDependencyInstrumentingArtifactTransform
[        ] Transforming jna-5.6.0.jar (net.java.dev.jna:jna:5.6.0) with ExternalDependencyInstrumentingArtifactTransform
[        ] Transforming netty-codec-4.1.93.Final.jar (io.netty:netty-codec:4.1.93.Final) with InstrumentationAnalysisTransform
[        ] Transforming netty-codec-socks-4.1.93.Final.jar (io.netty:netty-codec-socks:4.1.93.Final) with ExternalDependencyInstrumentingArtifactTransform
[        ] Transforming netty-codec-4.1.93.Final.jar (io.netty:netty-codec:4.1.93.Final) with MergeInstrumentationAnalysisTransform
[        ] Transforming netty-transport-4.1.93.Final.jar (io.netty:netty-transport:4.1.93.Final) with InstrumentationAnalysisTransform
[        ] Transforming netty-transport-4.1.93.Final.jar (io.netty:netty-transport:4.1.93.Final) with MergeInstrumentationAnalysisTransform
[        ] Transforming netty-buffer-4.1.93.Final.jar (io.netty:netty-buffer:4.1.93.Final) with InstrumentationAnalysisTransform
[        ] Transforming netty-codec-4.1.93.Final.jar (io.netty:netty-codec:4.1.93.Final) with ExternalDependencyInstrumentingArtifactTransform
[        ] Transforming netty-buffer-4.1.93.Final.jar (io.netty:netty-buffer:4.1.93.Final) with MergeInstrumentationAnalysisTransform
[        ] Transforming netty-transport-4.1.93.Final.jar (io.netty:netty-transport:4.1.93.Final) with ExternalDependencyInstrumentingArtifactTransform
[        ] Transforming netty-resolver-4.1.93.Final.jar (io.netty:netty-resolver:4.1.93.Final) with InstrumentationAnalysisTransform
[        ] Transforming netty-buffer-4.1.93.Final.jar (io.netty:netty-buffer:4.1.93.Final) with ExternalDependencyInstrumentingArtifactTransform
[        ] Transforming netty-resolver-4.1.93.Final.jar (io.netty:netty-resolver:4.1.93.Final) with MergeInstrumentationAnalysisTransform
[        ] Transforming netty-common-4.1.93.Final.jar (io.netty:netty-common:4.1.93.Final) with InstrumentationAnalysisTransform
[        ] Transforming netty-common-4.1.93.Final.jar (io.netty:netty-common:4.1.93.Final) with MergeInstrumentationAnalysisTransform
[        ] Transforming netty-resolver-4.1.93.Final.jar (io.netty:netty-resolver:4.1.93.Final) with ExternalDependencyInstrumentingArtifactTransform
[        ] Transforming netty-common-4.1.93.Final.jar (io.netty:netty-common:4.1.93.Final) with ExternalDependencyInstrumentingArtifactTransform
[        ] Using default execution profile
[ +211 ms] > Configure project :desktop_webview_auth
[        ] Evaluating project ':desktop_webview_auth' using build file 'C:\Users\bhavy\AppData\Local\Pub\Cache\hosted\pub.dev\desktop_webview_auth-0.0.16\android\build.gradle'.
[        ] Transforming gradle-7.1.2.jar (com.android.tools.build:gradle:7.1.2) with InstrumentationAnalysisTransform
[        ] Transforming kotlin-gradle-plugin-1.7.10-gradle70.jar (org.jetbrains.kotlin:kotlin-gradle-plugin:1.7.10) with InstrumentationAnalysisTransform
[        ] Transforming lint-model-30.1.2.jar (com.android.tools.lint:lint-model:30.1.2) with InstrumentationAnalysisTransform
[        ] Transforming builder-7.1.2.jar (com.android.tools.build:builder:7.1.2) with InstrumentationAnalysisTransform
[        ] Transforming manifest-merger-30.1.2.jar (com.android.tools.build:manifest-merger:30.1.2) with InstrumentationAnalysisTransform
[        ] Transforming sdk-common-30.1.2.jar (com.android.tools:sdk-common:30.1.2) with InstrumentationAnalysisTransform
[        ] Transforming sdklib-30.1.2.jar (com.android.tools:sdklib:30.1.2) with InstrumentationAnalysisTransform
[        ] Transforming repository-30.1.2.jar (com.android.tools:repository:30.1.2) with InstrumentationAnalysisTransform
[        ] Transforming gradle-api-7.1.2.jar (com.android.tools.build:gradle-api:7.1.2) with InstrumentationAnalysisTransform
[        ] Transforming builder-test-api-7.1.2.jar (com.android.tools.build:builder-test-api:7.1.2) with InstrumentationAnalysisTransform
[        ] Transforming ddmlib-30.1.2.jar (com.android.tools.ddms:ddmlib:30.1.2) with InstrumentationAnalysisTransform
[        ] Transforming aaptcompiler-7.1.2.jar (com.android.tools.build:aaptcompiler:7.1.2) with InstrumentationAnalysisTransform
[        ] Transforming bundletool-1.8.0.jar (com.android.tools.build:bundletool:1.8.0) with InstrumentationAnalysisTransform
[        ] Transforming aapt2-proto-7.1.2-7984345.jar (com.android.tools.build:aapt2-proto:7.1.2-7984345) with InstrumentationAnalysisTransform
[        ] Transforming crash-30.1.2.jar (com.android.tools.analytics-library:crash:30.1.2) with InstrumentationAnalysisTransform
[        ] Transforming tracker-30.1.2.jar (com.android.tools.analytics-library:tracker:30.1.2) with InstrumentationAnalysisTransform
[        ] Transforming shared-30.1.2.jar (com.android.tools.analytics-library:shared:30.1.2) with InstrumentationAnalysisTransform
[        ] Transforming databinding-compiler-common-7.1.2.jar (androidx.databinding:databinding-compiler-common:7.1.2) with InstrumentationAnalysisTransform
[        ] Transforming databinding-common-7.1.2.jar (androidx.databinding:databinding-common:7.1.2) with InstrumentationAnalysisTransform
[        ] Transforming baseLibrary-7.1.2.jar (com.android.databinding:baseLibrary:7.1.2) with InstrumentationAnalysisTransform
[        ] Transforming layoutlib-api-30.1.2.jar (com.android.tools.layoutlib:layoutlib-api:30.1.2) with InstrumentationAnalysisTransform
[        ] Transforming android-device-provider-ddmlib-proto-30.1.2.jar (com.android.tools.utp:android-device-provider-ddmlib-proto:30.1.2) with InstrumentationAnalysisTransform
[        ] Transforming android-device-provider-gradle-proto-30.1.2.jar (com.android.tools.utp:android-device-provider-gradle-proto:30.1.2) with InstrumentationAnalysisTransform
[        ] Transforming android-test-plugin-host-additional-test-output-proto-30.1.2.jar (com.android.tools.utp:android-test-plugin-host-additional-test-output-proto:30.1.2) with InstrumentationAnalysisTransform
[        ] Transforming android-test-plugin-host-coverage-proto-30.1.2.jar (com.android.tools.utp:android-test-plugin-host-coverage-proto:30.1.2) with InstrumentationAnalysisTransform
[        ] Transforming android-test-plugin-host-retention-proto-30.1.2.jar (com.android.tools.utp:android-test-plugin-host-retention-proto:30.1.2) with InstrumentationAnalysisTransform
[        ] Transforming android-test-plugin-result-listener-gradle-proto-30.1.2.jar (com.android.tools.utp:android-test-plugin-result-listener-gradle-proto:30.1.2) with InstrumentationAnalysisTransform
[        ] Transforming dokka-core-1.4.32.jar (org.jetbrains.dokka:dokka-core:1.4.32) with InstrumentationAnalysisTransform
[        ] Transforming builder-model-7.1.2.jar (com.android.tools.build:builder-model:7.1.2) with InstrumentationAnalysisTransform
[        ] Transforming dvlib-30.1.2.jar (com.android.tools:dvlib:30.1.2) with InstrumentationAnalysisTransform
[        ] Transforming common-30.1.2.jar (com.android.tools:common:30.1.2) with InstrumentationAnalysisTransform
[        ] Transforming kotlin-compiler-runner-1.7.10.jar (org.jetbrains.kotlin:kotlin-compiler-runner:1.7.10) with InstrumentationAnalysisTransform
[        ] Transforming kotlin-daemon-client-1.7.10.jar (org.jetbrains.kotlin:kotlin-daemon-client:1.7.10) with InstrumentationAnalysisTransform
[        ] Transforming kotlinx-coroutines-core-jvm-1.5.0.jar (org.jetbrains.kotlinx:kotlinx-coroutines-core-jvm:1.5.0) with InstrumentationAnalysisTransform
[        ] Transforming kotlin-stdlib-jdk8-1.5.0.jar (org.jetbrains.kotlin:kotlin-stdlib-jdk8:1.5.0) with InstrumentationAnalysisTransform
[        ] Transforming transform-api-2.0.0-deprecated-use-gradle-api.jar (com.android.tools.build:transform-api:2.0.0-deprecated-use-gradle-api) with InstrumentationAnalysisTransform
[        ] Transforming httpmime-4.5.6.jar (org.apache.httpcomponents:httpmime:4.5.6) with InstrumentationAnalysisTransform
[        ] Transforming commons-io-2.4.jar (commons-io:commons-io:2.4) with InstrumentationAnalysisTransform
[        ] Transforming jetifier-processor-1.0.0-beta09.jar (com.android.tools.build.jetifier:jetifier-processor:1.0.0-beta09) with InstrumentationAnalysisTransform
[        ] Transforming asm-commons-9.1.jar (org.ow2.asm:asm-commons:9.1) with InstrumentationAnalysisTransform
[        ] Transforming asm-util-9.1.jar (org.ow2.asm:asm-util:9.1) with InstrumentationAnalysisTransform
[        ] Transforming asm-analysis-9.1.jar (org.ow2.asm:asm-analysis:9.1) with InstrumentationAnalysisTransform
[        ] Transforming asm-tree-9.1.jar (org.ow2.asm:asm-tree:9.1) with InstrumentationAnalysisTransform
[        ] Transforming asm-9.1.jar (org.ow2.asm:asm:9.1) with InstrumentationAnalysisTransform
[        ] Transforming apkzlib-7.1.2.jar (com.android.tools.build:apkzlib:7.1.2) with InstrumentationAnalysisTransform
[        ] Transforming bcpkix-jdk15on-1.56.jar (org.bouncycastle:bcpkix-jdk15on:1.56) with InstrumentationAnalysisTransform
[        ] Transforming jaxb-runtime-2.3.2.jar (org.glassfish.jaxb:jaxb-runtime:2.3.2) with InstrumentationAnalysisTransform
[        ] Transforming jopt-simple-4.9.jar (net.sf.jopt-simple:jopt-simple:4.9) with InstrumentationAnalysisTransform
[        ] Transforming jetifier-core-1.0.0-beta09.jar (com.android.tools.build.jetifier:jetifier-core:1.0.0-beta09) with InstrumentationAnalysisTransform
[        ] Transforming javapoet-1.10.0.jar (com.squareup:javapoet:1.10.0) with InstrumentationAnalysisTransform
[        ] Transforming protobuf-java-util-3.10.0.jar (com.google.protobuf:protobuf-java-util:3.10.0) with InstrumentationAnalysisTransform
[        ] Transforming grpc-protobuf-1.21.1.jar (io.grpc:grpc-protobuf:1.21.1) with InstrumentationAnalysisTransform
[        ] Transforming tink-1.3.0-rc2.jar (com.google.crypto.tink:tink:1.3.0-rc2) with InstrumentationAnalysisTransform
[        ] Transforming protos-30.1.2.jar (com.android.tools.analytics-library:protos:30.1.2) with InstrumentationAnalysisTransform
[        ] Transforming protobuf-java-3.10.0.jar (com.google.protobuf:protobuf-java:3.10.0) with InstrumentationAnalysisTransform
[        ] Transforming grpc-netty-1.21.1.jar (io.grpc:grpc-netty:1.21.1) with InstrumentationAnalysisTransform
[        ] Transforming grpc-core-1.21.1.jar (io.grpc:grpc-core:1.21.1) with InstrumentationAnalysisTransform
[        ] Transforming kotlin-tooling-metadata-1.7.10.jar (org.jetbrains.kotlin:kotlin-tooling-metadata:1.7.10) with InstrumentationAnalysisTransform
[        ] Transforming gson-2.8.9.jar (com.google.code.gson:gson:2.8.9) with InstrumentationAnalysisTransform
[        ] Transforming grpc-stub-1.21.1.jar (io.grpc:grpc-stub:1.21.1) with InstrumentationAnalysisTransform
[        ] Transforming core-proto-0.0.8-alpha07.jar (com.google.testing.platform:core-proto:0.0.8-alpha07) with InstrumentationAnalysisTransform
[        ] Transforming tensorflow-lite-metadata-0.1.0-rc2.jar (org.tensorflow:tensorflow-lite-metadata:0.1.0-rc2) with InstrumentationAnalysisTransform
[        ] Transforming flatbuffers-java-1.12.0.jar (com.google.flatbuffers:flatbuffers-java:1.12.0) with InstrumentationAnalysisTransform
[        ] Transforming kotlin-gradle-plugin-model-1.7.10.jar (org.jetbrains.kotlin:kotlin-gradle-plugin-model:1.7.10) with InstrumentationAnalysisTransform
[        ] Transforming kotlin-gradle-plugin-api-1.7.10-gradle70.jar (org.jetbrains.kotlin:kotlin-gradle-plugin-api:1.7.10) with InstrumentationAnalysisTransform
[        ] Transforming kotlin-gradle-plugin-api-1.7.10.jar (org.jetbrains.kotlin:kotlin-gradle-plugin-api:1.7.10) with InstrumentationAnalysisTransform
[        ] Transforming kotlin-project-model-1.7.10.jar (org.jetbrains.kotlin:kotlin-project-model:1.7.10) with InstrumentationAnalysisTransform
[        ] Transforming kotlin-tooling-core-1.7.10.jar (org.jetbrains.kotlin:kotlin-tooling-core:1.7.10) with InstrumentationAnalysisTransform
[        ] Transforming kotlin-gradle-plugin-idea-1.7.10.jar (org.jetbrains.kotlin:kotlin-gradle-plugin-idea:1.7.10) with InstrumentationAnalysisTransform
[        ] Transforming kotlin-util-klib-1.7.10.jar (org.jetbrains.kotlin:kotlin-util-klib:1.7.10) with InstrumentationAnalysisTransform
[        ] Transforming kotlin-klib-commonizer-api-1.7.10.jar (org.jetbrains.kotlin:kotlin-klib-commonizer-api:1.7.10) with InstrumentationAnalysisTransform
[        ] Transforming jimfs-1.1.jar (com.google.jimfs:jimfs:1.1) with InstrumentationAnalysisTransform
[        ] Transforming grpc-protobuf-lite-1.21.1.jar (io.grpc:grpc-protobuf-lite:1.21.1) with InstrumentationAnalysisTransform
[        ] Transforming grpc-api-1.21.1.jar (io.grpc:grpc-api:1.21.1) with InstrumentationAnalysisTransform
[        ] Transforming guava-30.1-jre.jar (com.google.guava:guava:30.1-jre) with InstrumentationAnalysisTransform
[        ] Transforming gradle-download-task-4.1.1.jar (de.undercouch:gradle-download-task:4.1.1) with InstrumentationAnalysisTransform
[        ] Transforming semver4j-0.16.4-nodeps.jar (com.github.gundy:semver4j:0.16.4) with InstrumentationAnalysisTransform
[        ] Transforming kotlin-annotation-processing-gradle-1.7.10.jar (org.jetbrains.kotlin:kotlin-annotation-processing-gradle:1.7.10) with InstrumentationAnalysisTransform
[        ] Transforming kotlin-android-extensions-1.7.10.jar (org.jetbrains.kotlin:kotlin-android-extensions:1.7.10) with InstrumentationAnalysisTransform
[        ] Transforming kotlin-compiler-embeddable-1.7.10.jar (org.jetbrains.kotlin:kotlin-compiler-embeddable:1.7.10) with InstrumentationAnalysisTransform
[        ] Transforming kotlin-scripting-compiler-embeddable-1.7.10.jar (org.jetbrains.kotlin:kotlin-scripting-compiler-embeddable:1.7.10) with InstrumentationAnalysisTransform
[        ] Transforming kotlin-scripting-compiler-impl-embeddable-1.7.10.jar (org.jetbrains.kotlin:kotlin-scripting-compiler-impl-embeddable:1.7.10) with InstrumentationAnalysisTransform
[        ] Transforming bcprov-jdk15on-1.56.jar (org.bouncycastle:bcprov-jdk15on:1.56) with InstrumentationAnalysisTransform
[        ] Transforming jackson-module-kotlin-2.11.1.jar (com.fasterxml.jackson.module:jackson-module-kotlin:2.11.1) with InstrumentationAnalysisTransform
[        ] Transforming kotlin-reflect-1.4.32.jar (org.jetbrains.kotlin:kotlin-reflect:1.4.32) with InstrumentationAnalysisTransform
[   +1 ms] Transforming dagger-2.28.3.jar (com.google.dagger:dagger:2.28.3) with InstrumentationAnalysisTransform
[        ] Transforming javax.inject-1.jar (javax.inject:javax.inject:1) with InstrumentationAnalysisTransform
[        ] Transforming kxml2-2.3.0.jar (net.sf.kxml:kxml2:2.3.0) with InstrumentationAnalysisTransform
[        ] Transforming trove4j-1.0.20200330.jar (org.jetbrains.intellij.deps:trove4j:1.0.20200330) with InstrumentationAnalysisTransform
[        ] Transforming xercesImpl-2.12.0.jar (xerces:xercesImpl:2.12.0) with InstrumentationAnalysisTransform
[        ] Transforming commons-compress-1.20.jar (org.apache.commons:commons-compress:1.20) with InstrumentationAnalysisTransform
[        ] Transforming httpclient-4.5.6.jar (org.apache.httpcomponents:httpclient:4.5.6) with InstrumentationAnalysisTransform
[        ] Transforming httpcore-4.4.10.jar (org.apache.httpcomponents:httpcore:4.4.10) with InstrumentationAnalysisTransform
[        ] Transforming javax.activation-1.2.0.jar (com.sun.activation:javax.activation:1.2.0) with InstrumentationAnalysisTransform
[        ] Transforming signflinger-7.1.2.jar (com.android:signflinger:7.1.2) with InstrumentationAnalysisTransform
[        ] Transforming zipflinger-7.1.2.jar (com.android:zipflinger:7.1.2) with InstrumentationAnalysisTransform
[        ] Transforming annotations-30.1.2.jar (com.android.tools:annotations:30.1.2) with InstrumentationAnalysisTransform
[        ] Transforming jna-platform-5.6.0.jar (net.java.dev.jna:jna-platform:5.6.0) with InstrumentationAnalysisTransform
[        ] Transforming antlr4-4.5.3.jar (org.antlr:antlr4:4.5.3) with InstrumentationAnalysisTransform
[        ] Transforming juniversalchardet-1.0.3.jar (com.googlecode.juniversalchardet:juniversalchardet:1.0.3) with InstrumentationAnalysisTransform
[        ] Transforming markdown-jvm-0.2.1.jar (org.jetbrains:markdown-jvm:0.2.1) with InstrumentationAnalysisTransform
[        ] Transforming kotlin-stdlib-jdk7-1.5.0.jar (org.jetbrains.kotlin:kotlin-stdlib-jdk7:1.5.0) with InstrumentationAnalysisTransform
[        ] Transforming kotlin-stdlib-1.5.0.jar (org.jetbrains.kotlin:kotlin-stdlib:1.5.0) with InstrumentationAnalysisTransform
[        ] Transforming annotations-13.0.jar (org.jetbrains:annotations:13.0) with InstrumentationAnalysisTransform
[        ] Transforming stax-ex-1.8.1.jar (org.jvnet.staxex:stax-ex:1.8.1) with InstrumentationAnalysisTransform
[        ] Transforming jackson-dataformat-xml-2.11.1.jar (com.fasterxml.jackson.dataformat:jackson-dataformat-xml:2.11.1) with InstrumentationAnalysisTransform
[        ] Transforming jackson-module-jaxb-annotations-2.11.1.jar (com.fasterxml.jackson.module:jackson-module-jaxb-annotations:2.11.1) with InstrumentationAnalysisTransform
[        ] Transforming jakarta.xml.bind-api-2.3.2.jar (jakarta.xml.bind:jakarta.xml.bind-api:2.3.2) with InstrumentationAnalysisTransform
[        ] Transforming txw2-2.3.2.jar (org.glassfish.jaxb:txw2:2.3.2) with InstrumentationAnalysisTransform
[        ] Transforming istack-commons-runtime-3.0.8.jar (com.sun.istack:istack-commons-runtime:3.0.8) with InstrumentationAnalysisTransform
[        ] Transforming FastInfoset-1.2.16.jar (com.sun.xml.fastinfoset:FastInfoset:1.2.16) with InstrumentationAnalysisTransform
[        ] Transforming jakarta.activation-api-1.2.1.jar (jakarta.activation:jakarta.activation-api:1.2.1) with InstrumentationAnalysisTransform
[        ] Transforming auto-value-annotations-1.6.2.jar (com.google.auto.value:auto-value-annotations:1.6.2) with InstrumentationAnalysisTransform
[        ] Transforming error_prone_annotations-2.3.4.jar (com.google.errorprone:error_prone_annotations:2.3.4) with InstrumentationAnalysisTransform
[        ] Transforming jose4j-0.7.0.jar (org.bitbucket.b_c:jose4j:0.7.0) with InstrumentationAnalysisTransform
[        ] Transforming slf4j-api-1.7.30.jar (org.slf4j:slf4j-api:1.7.30) with InstrumentationAnalysisTransform
[        ] Transforming jdom2-2.0.6.jar (org.jdom:jdom2:2.0.6) with InstrumentationAnalysisTransform
[        ] Transforming opencensus-contrib-grpc-metrics-0.21.0.jar (io.opencensus:opencensus-contrib-grpc-metrics:0.21.0) with InstrumentationAnalysisTransform
[        ] Transforming opencensus-api-0.21.0.jar (io.opencensus:opencensus-api:0.21.0) with InstrumentationAnalysisTransform
[        ] Transforming annotations-4.1.1.4.jar (com.google.android:annotations:4.1.1.4) with InstrumentationAnalysisTransform
[        ] Transforming netty-codec-http2-4.1.34.Final.jar (io.netty:netty-codec-http2:4.1.34.Final) with InstrumentationAnalysisTransform
[        ] Transforming netty-handler-proxy-4.1.34.Final.jar (io.netty:netty-handler-proxy:4.1.34.Final) with InstrumentationAnalysisTransform
[        ] Transforming proto-google-common-protos-1.12.0.jar (com.google.api.grpc:proto-google-common-protos:1.12.0) with InstrumentationAnalysisTransform
[        ] Transforming json-20180813.jar (org.json:json:20180813) with InstrumentationAnalysisTransform
[        ] Transforming jsoup-1.13.1.jar (org.jsoup:jsoup:1.13.1) with InstrumentationAnalysisTransform
[        ] Transforming checker-qual-3.5.0.jar (org.checkerframework:checker-qual:3.5.0) with InstrumentationAnalysisTransform
[        ] Transforming commons-codec-1.10.jar (commons-codec:commons-codec:1.10) with InstrumentationAnalysisTransform
[        ] Transforming fastutil-8.4.0.jar (it.unimi.dsi:fastutil:8.4.0) with InstrumentationAnalysisTransform
[        ] Transforming json-simple-1.1.jar (com.googlecode.json-simple:json-simple:1.1) with InstrumentationAnalysisTransform
[        ] Transforming apksig-7.1.2.jar (com.android.tools.build:apksig:7.1.2) with InstrumentationAnalysisTransform
[        ] Transforming javawriter-2.5.0.jar (com.squareup:javawriter:2.5.0) with InstrumentationAnalysisTransform
[        ] Transforming kotlin-native-utils-1.7.10.jar (org.jetbrains.kotlin:kotlin-native-utils:1.7.10) with InstrumentationAnalysisTransform
[        ] Transforming kotlin-util-io-1.7.10.jar (org.jetbrains.kotlin:kotlin-util-io:1.7.10) with InstrumentationAnalysisTransform
[        ] Transforming kotlin-daemon-embeddable-1.7.10.jar (org.jetbrains.kotlin:kotlin-daemon-embeddable:1.7.10) with InstrumentationAnalysisTransform
[        ] Transforming jna-5.6.0.jar (net.java.dev.jna:jna:5.6.0) with InstrumentationAnalysisTransform
[        ] Transforming kotlin-build-common-1.7.10.jar (org.jetbrains.kotlin:kotlin-build-common:1.7.10) with InstrumentationAnalysisTransform
[        ] Transforming kotlin-scripting-jvm-1.7.10.jar (org.jetbrains.kotlin:kotlin-scripting-jvm:1.7.10) with InstrumentationAnalysisTransform
[        ] Transforming kotlin-scripting-common-1.7.10.jar (org.jetbrains.kotlin:kotlin-scripting-common:1.7.10) with InstrumentationAnalysisTransform
[        ] Transforming failureaccess-1.0.1.jar (com.google.guava:failureaccess:1.0.1) with InstrumentationAnalysisTransform
[        ] Transforming listenablefuture-9999.0-empty-to-avoid-conflict-with-guava.jar (com.google.guava:listenablefuture:9999.0-empty-to-avoid-conflict-with-guava) with InstrumentationAnalysisTransform
[        ] Transforming jsr305-3.0.2.jar (com.google.code.findbugs:jsr305:3.0.2) with InstrumentationAnalysisTransform
[        ] Transforming j2objc-annotations-1.3.jar (com.google.j2objc:j2objc-annotations:1.3) with InstrumentationAnalysisTransform
[        ] Transforming xml-apis-1.4.01.jar (xml-apis:xml-apis:1.4.01) with InstrumentationAnalysisTransform
[        ] Transforming commons-logging-1.2.jar (commons-logging:commons-logging:1.2) with InstrumentationAnalysisTransform
[        ] Transforming kotlin-stdlib-common-1.5.0.jar (org.jetbrains.kotlin:kotlin-stdlib-common:1.5.0) with InstrumentationAnalysisTransform
[        ] Transforming grpc-context-1.21.1.jar (io.grpc:grpc-context:1.21.1) with InstrumentationAnalysisTransform
[        ] Transforming animal-sniffer-annotations-1.17.jar (org.codehaus.mojo:animal-sniffer-annotations:1.17) with InstrumentationAnalysisTransform
[        ] Transforming netty-codec-http-4.1.34.Final.jar (io.netty:netty-codec-http:4.1.34.Final) with InstrumentationAnalysisTransform
[        ] Transforming netty-handler-4.1.34.Final.jar (io.netty:netty-handler:4.1.34.Final) with InstrumentationAnalysisTransform
[        ] Transforming netty-codec-socks-4.1.34.Final.jar (io.netty:netty-codec-socks:4.1.34.Final) with InstrumentationAnalysisTransform
[        ] Transforming netty-codec-4.1.34.Final.jar (io.netty:netty-codec:4.1.34.Final) with InstrumentationAnalysisTransform
[        ] Transforming netty-transport-4.1.34.Final.jar (io.netty:netty-transport:4.1.34.Final) with InstrumentationAnalysisTransform
[        ] Transforming netty-buffer-4.1.34.Final.jar (io.netty:netty-buffer:4.1.34.Final) with InstrumentationAnalysisTransform
[        ] Transforming netty-resolver-4.1.34.Final.jar (io.netty:netty-resolver:4.1.34.Final) with InstrumentationAnalysisTransform
[        ] Transforming netty-common-4.1.34.Final.jar (io.netty:netty-common:4.1.34.Final) with InstrumentationAnalysisTransform
[        ] Transforming jackson-databind-2.11.1.jar (com.fasterxml.jackson.core:jackson-databind:2.11.1) with InstrumentationAnalysisTransform
[        ] Transforming jackson-annotations-2.11.1.jar (com.fasterxml.jackson.core:jackson-annotations:2.11.1) with InstrumentationAnalysisTransform
[        ] Transforming jackson-core-2.11.1.jar (com.fasterxml.jackson.core:jackson-core:2.11.1) with InstrumentationAnalysisTransform
[        ] Transforming woodstox-core-6.2.1.jar (com.fasterxml.woodstox:woodstox-core:6.2.1) with InstrumentationAnalysisTransform
[        ] Transforming stax2-api-4.2.1.jar (org.codehaus.woodstox:stax2-api:4.2.1) with InstrumentationAnalysisTransform
[        ] Transforming gradle-7.1.2.jar (com.android.tools.build:gradle:7.1.2) with InstrumentationAnalysisTransform
[        ] Transforming gradle-7.1.2.jar (com.android.tools.build:gradle:7.1.2) with MergeInstrumentationAnalysisTransform
[        ] Transforming kotlin-gradle-plugin-1.7.10-gradle70.jar (org.jetbrains.kotlin:kotlin-gradle-plugin:1.7.10) with InstrumentationAnalysisTransform
[        ] Transforming kotlin-gradle-plugin-1.7.10-gradle70.jar (org.jetbrains.kotlin:kotlin-gradle-plugin:1.7.10) with MergeInstrumentationAnalysisTransform
[   +1 ms] Transforming lint-model-30.1.2.jar (com.android.tools.lint:lint-model:30.1.2) with InstrumentationAnalysisTransform
[        ] Transforming lint-model-30.1.2.jar (com.android.tools.lint:lint-model:30.1.2) with MergeInstrumentationAnalysisTransform
[        ] Transforming builder-7.1.2.jar (com.android.tools.build:builder:7.1.2) with InstrumentationAnalysisTransform
[        ] Transforming gradle-7.1.2.jar (com.android.tools.build:gradle:7.1.2) with ExternalDependencyInstrumentingArtifactTransform
[        ] Transforming kotlin-gradle-plugin-1.7.10-gradle70.jar (org.jetbrains.kotlin:kotlin-gradle-plugin:1.7.10) with ExternalDependencyInstrumentingArtifactTransform
[        ] Transforming builder-7.1.2.jar (com.android.tools.build:builder:7.1.2) with MergeInstrumentationAnalysisTransform
[        ] Transforming lint-model-30.1.2.jar (com.android.tools.lint:lint-model:30.1.2) with ExternalDependencyInstrumentingArtifactTransform
[        ] Transforming manifest-merger-30.1.2.jar (com.android.tools.build:manifest-merger:30.1.2) with InstrumentationAnalysisTransform
[        ] Transforming builder-7.1.2.jar (com.android.tools.build:builder:7.1.2) with ExternalDependencyInstrumentingArtifactTransform
[        ] Transforming manifest-merger-30.1.2.jar (com.android.tools.build:manifest-merger:30.1.2) with MergeInstrumentationAnalysisTransform
[        ] Transforming sdk-common-30.1.2.jar (com.android.tools:sdk-common:30.1.2) with InstrumentationAnalysisTransform
[        ] Transforming manifest-merger-30.1.2.jar (com.android.tools.build:manifest-merger:30.1.2) with ExternalDependencyInstrumentingArtifactTransform
[        ] Transforming sdk-common-30.1.2.jar (com.android.tools:sdk-common:30.1.2) with MergeInstrumentationAnalysisTransform
[        ] Transforming sdklib-30.1.2.jar (com.android.tools:sdklib:30.1.2) with InstrumentationAnalysisTransform
[        ] Transforming sdklib-30.1.2.jar (com.android.tools:sdklib:30.1.2) with MergeInstrumentationAnalysisTransform
[        ] Transforming repository-30.1.2.jar (com.android.tools:repository:30.1.2) with InstrumentationAnalysisTransform
[        ] Transforming sdk-common-30.1.2.jar (com.android.tools:sdk-common:30.1.2) with ExternalDependencyInstrumentingArtifactTransform
[        ] Transforming repository-30.1.2.jar (com.android.tools:repository:30.1.2) with MergeInstrumentationAnalysisTransform
[        ] Transforming sdklib-30.1.2.jar (com.android.tools:sdklib:30.1.2) with ExternalDependencyInstrumentingArtifactTransform
[        ] Transforming gradle-api-7.1.2.jar (com.android.tools.build:gradle-api:7.1.2) with InstrumentationAnalysisTransform
[        ] Transforming gradle-api-7.1.2.jar (com.android.tools.build:gradle-api:7.1.2) with MergeInstrumentationAnalysisTransform
[        ] Transforming repository-30.1.2.jar (com.android.tools:repository:30.1.2) with ExternalDependencyInstrumentingArtifactTransform
[        ] Transforming builder-test-api-7.1.2.jar (com.android.tools.build:builder-test-api:7.1.2) with InstrumentationAnalysisTransform
[        ] Transforming builder-test-api-7.1.2.jar (com.android.tools.build:builder-test-api:7.1.2) with MergeInstrumentationAnalysisTransform
[        ] Transforming gradle-api-7.1.2.jar (com.android.tools.build:gradle-api:7.1.2) with ExternalDependencyInstrumentingArtifactTransform
[        ] Transforming ddmlib-30.1.2.jar (com.android.tools.ddms:ddmlib:30.1.2) with InstrumentationAnalysisTransform
[        ] Transforming ddmlib-30.1.2.jar (com.android.tools.ddms:ddmlib:30.1.2) with MergeInstrumentationAnalysisTransform
[        ] Transforming aaptcompiler-7.1.2.jar (com.android.tools.build:aaptcompiler:7.1.2) with InstrumentationAnalysisTransform
[        ] Transforming builder-test-api-7.1.2.jar (com.android.tools.build:builder-test-api:7.1.2) with ExternalDependencyInstrumentingArtifactTransform
[        ] Transforming aaptcompiler-7.1.2.jar (com.android.tools.build:aaptcompiler:7.1.2) with MergeInstrumentationAnalysisTransform
[        ] Transforming ddmlib-30.1.2.jar (com.android.tools.ddms:ddmlib:30.1.2) with ExternalDependencyInstrumentingArtifactTransform
[        ] Transforming bundletool-1.8.0.jar (com.android.tools.build:bundletool:1.8.0) with InstrumentationAnalysisTransform
[        ] Transforming bundletool-1.8.0.jar (com.android.tools.build:bundletool:1.8.0) with MergeInstrumentationAnalysisTransform
[        ] Transforming aaptcompiler-7.1.2.jar (com.android.tools.build:aaptcompiler:7.1.2) with ExternalDependencyInstrumentingArtifactTransform
[        ] Transforming aapt2-proto-7.1.2-7984345.jar (com.android.tools.build:aapt2-proto:7.1.2-7984345) with InstrumentationAnalysisTransform
[        ] Transforming aapt2-proto-7.1.2-7984345.jar (com.android.tools.build:aapt2-proto:7.1.2-7984345) with MergeInstrumentationAnalysisTransform
[        ] Transforming crash-30.1.2.jar (com.android.tools.analytics-library:crash:30.1.2) with InstrumentationAnalysisTransform
[        ] Transforming crash-30.1.2.jar (com.android.tools.analytics-library:crash:30.1.2) with MergeInstrumentationAnalysisTransform
[        ] Transforming tracker-30.1.2.jar (com.android.tools.analytics-library:tracker:30.1.2) with InstrumentationAnalysisTransform
[        ] Transforming bundletool-1.8.0.jar (com.android.tools.build:bundletool:1.8.0) with ExternalDependencyInstrumentingArtifactTransform
[        ] Transforming aapt2-proto-7.1.2-7984345.jar (com.android.tools.build:aapt2-proto:7.1.2-7984345) with ExternalDependencyInstrumentingArtifactTransform
[        ] Transforming tracker-30.1.2.jar (com.android.tools.analytics-library:tracker:30.1.2) with MergeInstrumentationAnalysisTransform
[        ] Transforming crash-30.1.2.jar (com.android.tools.analytics-library:crash:30.1.2) with ExternalDependencyInstrumentingArtifactTransform
[        ] Transforming shared-30.1.2.jar (com.android.tools.analytics-library:shared:30.1.2) with InstrumentationAnalysisTransform
[        ] Transforming shared-30.1.2.jar (com.android.tools.analytics-library:shared:30.1.2) with MergeInstrumentationAnalysisTransform
[        ] Transforming tracker-30.1.2.jar (com.android.tools.analytics-library:tracker:30.1.2) with ExternalDependencyInstrumentingArtifactTransform
[        ] Transforming databinding-compiler-common-7.1.2.jar (androidx.databinding:databinding-compiler-common:7.1.2) with InstrumentationAnalysisTransform
[        ] Transforming shared-30.1.2.jar (com.android.tools.analytics-library:shared:30.1.2) with ExternalDependencyInstrumentingArtifactTransform
[        ] Transforming databinding-compiler-common-7.1.2.jar (androidx.databinding:databinding-compiler-common:7.1.2) with MergeInstrumentationAnalysisTransform
[        ] Transforming databinding-common-7.1.2.jar (androidx.databinding:databinding-common:7.1.2) with InstrumentationAnalysisTransform
[        ] Transforming databinding-common-7.1.2.jar (androidx.databinding:databinding-common:7.1.2) with MergeInstrumentationAnalysisTransform
[        ] Transforming baseLibrary-7.1.2.jar (com.android.databinding:baseLibrary:7.1.2) with InstrumentationAnalysisTransform
[        ] Transforming baseLibrary-7.1.2.jar (com.android.databinding:baseLibrary:7.1.2) with MergeInstrumentationAnalysisTransform
[        ] Transforming layoutlib-api-30.1.2.jar (com.android.tools.layoutlib:layoutlib-api:30.1.2) with InstrumentationAnalysisTransform
[        ] Transforming databinding-compiler-common-7.1.2.jar (androidx.databinding:databinding-compiler-common:7.1.2) with ExternalDependencyInstrumentingArtifactTransform
[        ] Transforming databinding-common-7.1.2.jar (androidx.databinding:databinding-common:7.1.2) with ExternalDependencyInstrumentingArtifactTransform
[        ] Transforming layoutlib-api-30.1.2.jar (com.android.tools.layoutlib:layoutlib-api:30.1.2) with MergeInstrumentationAnalysisTransform
[        ] Transforming baseLibrary-7.1.2.jar (com.android.databinding:baseLibrary:7.1.2) with ExternalDependencyInstrumentingArtifactTransform
[        ] Transforming android-device-provider-ddmlib-proto-30.1.2.jar (com.android.tools.utp:android-device-provider-ddmlib-proto:30.1.2) with InstrumentationAnalysisTransform
[        ] Transforming android-device-provider-ddmlib-proto-30.1.2.jar (com.android.tools.utp:android-device-provider-ddmlib-proto:30.1.2) with MergeInstrumentationAnalysisTransform
[        ] Transforming android-device-provider-gradle-proto-30.1.2.jar (com.android.tools.utp:android-device-provider-gradle-proto:30.1.2) with InstrumentationAnalysisTransform
[        ] Transforming android-device-provider-gradle-proto-30.1.2.jar (com.android.tools.utp:android-device-provider-gradle-proto:30.1.2) with MergeInstrumentationAnalysisTransform
[        ] Transforming layoutlib-api-30.1.2.jar (com.android.tools.layoutlib:layoutlib-api:30.1.2) with ExternalDependencyInstrumentingArtifactTransform
[        ] Transforming android-test-plugin-host-additional-test-output-proto-30.1.2.jar (com.android.tools.utp:android-test-plugin-host-additional-test-output-proto:30.1.2) with InstrumentationAnalysisTransform
[        ] Transforming android-device-provider-ddmlib-proto-30.1.2.jar (com.android.tools.utp:android-device-provider-ddmlib-proto:30.1.2) with ExternalDependencyInstrumentingArtifactTransform
[        ] Transforming android-test-plugin-host-additional-test-output-proto-30.1.2.jar (com.android.tools.utp:android-test-plugin-host-additional-test-output-proto:30.1.2) with MergeInstrumentationAnalysisTransform
[        ] Transforming android-device-provider-gradle-proto-30.1.2.jar (com.android.tools.utp:android-device-provider-gradle-proto:30.1.2) with ExternalDependencyInstrumentingArtifactTransform
[        ] Transforming android-test-plugin-host-coverage-proto-30.1.2.jar (com.android.tools.utp:android-test-plugin-host-coverage-proto:30.1.2) with InstrumentationAnalysisTransform
[        ] Transforming android-test-plugin-host-coverage-proto-30.1.2.jar (com.android.tools.utp:android-test-plugin-host-coverage-proto:30.1.2) with MergeInstrumentationAnalysisTransform
[        ] Transforming android-test-plugin-host-retention-proto-30.1.2.jar (com.android.tools.utp:android-test-plugin-host-retention-proto:30.1.2) with InstrumentationAnalysisTransform
[        ] Transforming android-test-plugin-host-additional-test-output-proto-30.1.2.jar (com.android.tools.utp:android-test-plugin-host-additional-test-output-proto:30.1.2) with ExternalDependencyInstrumentingArtifactTransform
[        ] Transforming android-test-plugin-host-retention-proto-30.1.2.jar (com.android.tools.utp:android-test-plugin-host-retention-proto:30.1.2) with MergeInstrumentationAnalysisTransform
[        ] Transforming android-test-plugin-result-listener-gradle-proto-30.1.2.jar (com.android.tools.utp:android-test-plugin-result-listener-gradle-proto:30.1.2) with InstrumentationAnalysisTransform
[        ] Transforming android-test-plugin-host-coverage-proto-30.1.2.jar (com.android.tools.utp:android-test-plugin-host-coverage-proto:30.1.2) with ExternalDependencyInstrumentingArtifactTransform
[        ] Transforming android-test-plugin-result-listener-gradle-proto-30.1.2.jar (com.android.tools.utp:android-test-plugin-result-listener-gradle-proto:30.1.2) with MergeInstrumentationAnalysisTransform
[        ] Transforming dokka-core-1.4.32.jar (org.jetbrains.dokka:dokka-core:1.4.32) with InstrumentationAnalysisTransform
[        ] Transforming android-test-plugin-host-retention-proto-30.1.2.jar (com.android.tools.utp:android-test-plugin-host-retention-proto:30.1.2) with ExternalDependencyInstrumentingArtifactTransform
[        ] Transforming dokka-core-1.4.32.jar (org.jetbrains.dokka:dokka-core:1.4.32) with MergeInstrumentationAnalysisTransform
[        ] Transforming android-test-plugin-result-listener-gradle-proto-30.1.2.jar (com.android.tools.utp:android-test-plugin-result-listener-gradle-proto:30.1.2) with ExternalDependencyInstrumentingArtifactTransform
[        ] Transforming builder-model-7.1.2.jar (com.android.tools.build:builder-model:7.1.2) with InstrumentationAnalysisTransform
[        ] Transforming builder-model-7.1.2.jar (com.android.tools.build:builder-model:7.1.2) with MergeInstrumentationAnalysisTransform
[        ] Transforming dokka-core-1.4.32.jar (org.jetbrains.dokka:dokka-core:1.4.32) with ExternalDependencyInstrumentingArtifactTransform
[        ] Transforming dvlib-30.1.2.jar (com.android.tools:dvlib:30.1.2) with InstrumentationAnalysisTransform
[        ] Transforming builder-model-7.1.2.jar (com.android.tools.build:builder-model:7.1.2) with ExternalDependencyInstrumentingArtifactTransform
[        ] Transforming dvlib-30.1.2.jar (com.android.tools:dvlib:30.1.2) with MergeInstrumentationAnalysisTransform
[        ] Transforming common-30.1.2.jar (com.android.tools:common:30.1.2) with InstrumentationAnalysisTransform
[        ] Transforming common-30.1.2.jar (com.android.tools:common:30.1.2) with MergeInstrumentationAnalysisTransform
[        ] Transforming kotlin-compiler-runner-1.7.10.jar (org.jetbrains.kotlin:kotlin-compiler-runner:1.7.10) with InstrumentationAnalysisTransform
[        ] Transforming kotlin-compiler-runner-1.7.10.jar (org.jetbrains.kotlin:kotlin-compiler-runner:1.7.10) with MergeInstrumentationAnalysisTransform
[        ] Transforming dvlib-30.1.2.jar (com.android.tools:dvlib:30.1.2) with ExternalDependencyInstrumentingArtifactTransform
[        ] Transforming kotlin-daemon-client-1.7.10.jar (org.jetbrains.kotlin:kotlin-daemon-client:1.7.10) with InstrumentationAnalysisTransform
[        ] Transforming common-30.1.2.jar (com.android.tools:common:30.1.2) with ExternalDependencyInstrumentingArtifactTransform
[        ] Transforming kotlin-daemon-client-1.7.10.jar (org.jetbrains.kotlin:kotlin-daemon-client:1.7.10) with MergeInstrumentationAnalysisTransform
[        ] Transforming kotlin-compiler-runner-1.7.10.jar (org.jetbrains.kotlin:kotlin-compiler-runner:1.7.10) with ExternalDependencyInstrumentingArtifactTransform
[        ] Transforming kotlinx-coroutines-core-jvm-1.5.0.jar (org.jetbrains.kotlinx:kotlinx-coroutines-core-jvm:1.5.0) with InstrumentationAnalysisTransform
[        ] Transforming kotlin-daemon-client-1.7.10.jar (org.jetbrains.kotlin:kotlin-daemon-client:1.7.10) with ExternalDependencyInstrumentingArtifactTransform
[        ] Transforming kotlinx-coroutines-core-jvm-1.5.0.jar (org.jetbrains.kotlinx:kotlinx-coroutines-core-jvm:1.5.0) with MergeInstrumentationAnalysisTransform
[        ] Transforming kotlin-stdlib-jdk8-1.5.0.jar (org.jetbrains.kotlin:kotlin-stdlib-jdk8:1.5.0) with InstrumentationAnalysisTransform
[        ] Transforming kotlin-stdlib-jdk8-1.5.0.jar (org.jetbrains.kotlin:kotlin-stdlib-jdk8:1.5.0) with MergeInstrumentationAnalysisTransform
[        ] Transforming transform-api-2.0.0-deprecated-use-gradle-api.jar (com.android.tools.build:transform-api:2.0.0-deprecated-use-gradle-api) with InstrumentationAnalysisTransform
[        ] Transforming kotlinx-coroutines-core-jvm-1.5.0.jar (org.jetbrains.kotlinx:kotlinx-coroutines-core-jvm:1.5.0) with ExternalDependencyInstrumentingArtifactTransform
[        ] Transforming transform-api-2.0.0-deprecated-use-gradle-api.jar (com.android.tools.build:transform-api:2.0.0-deprecated-use-gradle-api) with MergeInstrumentationAnalysisTransform
[        ] Transforming httpmime-4.5.6.jar (org.apache.httpcomponents:httpmime:4.5.6) with InstrumentationAnalysisTransform
[        ] Transforming kotlin-stdlib-jdk8-1.5.0.jar (org.jetbrains.kotlin:kotlin-stdlib-jdk8:1.5.0) with ExternalDependencyInstrumentingArtifactTransform
[        ] Transforming httpmime-4.5.6.jar (org.apache.httpcomponents:httpmime:4.5.6) with MergeInstrumentationAnalysisTransform
[        ] Transforming commons-io-2.4.jar (commons-io:commons-io:2.4) with InstrumentationAnalysisTransform
[        ] Transforming transform-api-2.0.0-deprecated-use-gradle-api.jar (com.android.tools.build:transform-api:2.0.0-deprecated-use-gradle-api) with ExternalDependencyInstrumentingArtifactTransform
[        ] Transforming commons-io-2.4.jar (commons-io:commons-io:2.4) with MergeInstrumentationAnalysisTransform
[        ] Transforming httpmime-4.5.6.jar (org.apache.httpcomponents:httpmime:4.5.6) with ExternalDependencyInstrumentingArtifactTransform
[        ] Transforming jetifier-processor-1.0.0-beta09.jar (com.android.tools.build.jetifier:jetifier-processor:1.0.0-beta09) with InstrumentationAnalysisTransform
[        ] Transforming jetifier-processor-1.0.0-beta09.jar (com.android.tools.build.jetifier:jetifier-processor:1.0.0-beta09) with MergeInstrumentationAnalysisTransform
[        ] Transforming commons-io-2.4.jar (commons-io:commons-io:2.4) with ExternalDependencyInstrumentingArtifactTransform
[        ] Transforming asm-commons-9.1.jar (org.ow2.asm:asm-commons:9.1) with InstrumentationAnalysisTransform
[        ] Transforming asm-commons-9.1.jar (org.ow2.asm:asm-commons:9.1) with MergeInstrumentationAnalysisTransform
[        ] Transforming jetifier-processor-1.0.0-beta09.jar (com.android.tools.build.jetifier:jetifier-processor:1.0.0-beta09) with ExternalDependencyInstrumentingArtifactTransform
[        ] Transforming asm-util-9.1.jar (org.ow2.asm:asm-util:9.1) with InstrumentationAnalysisTransform
[        ] Transforming asm-commons-9.1.jar (org.ow2.asm:asm-commons:9.1) with ExternalDependencyInstrumentingArtifactTransform
[        ] Transforming asm-util-9.1.jar (org.ow2.asm:asm-util:9.1) with MergeInstrumentationAnalysisTransform
[        ] Transforming asm-analysis-9.1.jar (org.ow2.asm:asm-analysis:9.1) with InstrumentationAnalysisTransform
[        ] Transforming asm-analysis-9.1.jar (org.ow2.asm:asm-analysis:9.1) with MergeInstrumentationAnalysisTransform
[        ] Transforming asm-tree-9.1.jar (org.ow2.asm:asm-tree:9.1) with InstrumentationAnalysisTransform
[        ] Transforming asm-util-9.1.jar (org.ow2.asm:asm-util:9.1) with ExternalDependencyInstrumentingArtifactTransform
[        ] Transforming asm-tree-9.1.jar (org.ow2.asm:asm-tree:9.1) with MergeInstrumentationAnalysisTransform
[        ] Transforming asm-analysis-9.1.jar (org.ow2.asm:asm-analysis:9.1) with ExternalDependencyInstrumentingArtifactTransform
[        ] Transforming asm-9.1.jar (org.ow2.asm:asm:9.1) with InstrumentationAnalysisTransform
[        ] Transforming asm-9.1.jar (org.ow2.asm:asm:9.1) with MergeInstrumentationAnalysisTransform
[        ] Transforming asm-tree-9.1.jar (org.ow2.asm:asm-tree:9.1) with ExternalDependencyInstrumentingArtifactTransform
[        ] Transforming apkzlib-7.1.2.jar (com.android.tools.build:apkzlib:7.1.2) with InstrumentationAnalysisTransform
[        ] Transforming asm-9.1.jar (org.ow2.asm:asm:9.1) with ExternalDependencyInstrumentingArtifactTransform
[        ] Transforming apkzlib-7.1.2.jar (com.android.tools.build:apkzlib:7.1.2) with MergeInstrumentationAnalysisTransform
[        ] Transforming bcpkix-jdk15on-1.56.jar (org.bouncycastle:bcpkix-jdk15on:1.56) with InstrumentationAnalysisTransform
[        ] Transforming bcpkix-jdk15on-1.56.jar (org.bouncycastle:bcpkix-jdk15on:1.56) with MergeInstrumentationAnalysisTransform
[        ] Transforming jaxb-runtime-2.3.2.jar (org.glassfish.jaxb:jaxb-runtime:2.3.2) with InstrumentationAnalysisTransform
[        ] Transforming apkzlib-7.1.2.jar (com.android.tools.build:apkzlib:7.1.2) with ExternalDependencyInstrumentingArtifactTransform
[        ] Transforming jaxb-runtime-2.3.2.jar (org.glassfish.jaxb:jaxb-runtime:2.3.2) with MergeInstrumentationAnalysisTransform
[        ] Transforming jopt-simple-4.9.jar (net.sf.jopt-simple:jopt-simple:4.9) with InstrumentationAnalysisTransform
[        ] Transforming bcpkix-jdk15on-1.56.jar (org.bouncycastle:bcpkix-jdk15on:1.56) with ExternalDependencyInstrumentingArtifactTransform
[        ] Transforming jopt-simple-4.9.jar (net.sf.jopt-simple:jopt-simple:4.9) with MergeInstrumentationAnalysisTransform
[        ] Transforming jetifier-core-1.0.0-beta09.jar (com.android.tools.build.jetifier:jetifier-core:1.0.0-beta09) with InstrumentationAnalysisTransform
[        ] Transforming jaxb-runtime-2.3.2.jar (org.glassfish.jaxb:jaxb-runtime:2.3.2) with ExternalDependencyInstrumentingArtifactTransform
[        ] Transforming jetifier-core-1.0.0-beta09.jar (com.android.tools.build.jetifier:jetifier-core:1.0.0-beta09) with MergeInstrumentationAnalysisTransform
[        ] Transforming javapoet-1.10.0.jar (com.squareup:javapoet:1.10.0) with InstrumentationAnalysisTransform
[        ] Transforming jopt-simple-4.9.jar (net.sf.jopt-simple:jopt-simple:4.9) with ExternalDependencyInstrumentingArtifactTransform
[        ] Transforming javapoet-1.10.0.jar (com.squareup:javapoet:1.10.0) with MergeInstrumentationAnalysisTransform
[        ] Transforming jetifier-core-1.0.0-beta09.jar (com.android.tools.build.jetifier:jetifier-core:1.0.0-beta09) with ExternalDependencyInstrumentingArtifactTransform
[        ] Transforming protobuf-java-util-3.10.0.jar (com.google.protobuf:protobuf-java-util:3.10.0) with InstrumentationAnalysisTransform
[        ] Transforming javapoet-1.10.0.jar (com.squareup:javapoet:1.10.0) with ExternalDependencyInstrumentingArtifactTransform
[        ] Transforming protobuf-java-util-3.10.0.jar (com.google.protobuf:protobuf-java-util:3.10.0) with MergeInstrumentationAnalysisTransform
[        ] Transforming grpc-protobuf-1.21.1.jar (io.grpc:grpc-protobuf:1.21.1) with InstrumentationAnalysisTransform
[        ] Transforming grpc-protobuf-1.21.1.jar (io.grpc:grpc-protobuf:1.21.1) with MergeInstrumentationAnalysisTransform
[        ] Transforming protobuf-java-util-3.10.0.jar (com.google.protobuf:protobuf-java-util:3.10.0) with ExternalDependencyInstrumentingArtifactTransform
[        ] Transforming tink-1.3.0-rc2.jar (com.google.crypto.tink:tink:1.3.0-rc2) with InstrumentationAnalysisTransform
[        ] Transforming tink-1.3.0-rc2.jar (com.google.crypto.tink:tink:1.3.0-rc2) with MergeInstrumentationAnalysisTransform
[        ] Transforming protos-30.1.2.jar (com.android.tools.analytics-library:protos:30.1.2) with InstrumentationAnalysisTransform
[        ] Transforming grpc-protobuf-1.21.1.jar (io.grpc:grpc-protobuf:1.21.1) with ExternalDependencyInstrumentingArtifactTransform
[        ] Transforming protos-30.1.2.jar (com.android.tools.analytics-library:protos:30.1.2) with MergeInstrumentationAnalysisTransform
[        ] Transforming tink-1.3.0-rc2.jar (com.google.crypto.tink:tink:1.3.0-rc2) with ExternalDependencyInstrumentingArtifactTransform
[        ] Transforming protobuf-java-3.10.0.jar (com.google.protobuf:protobuf-java:3.10.0) with InstrumentationAnalysisTransform
[        ] Transforming protobuf-java-3.10.0.jar (com.google.protobuf:protobuf-java:3.10.0) with MergeInstrumentationAnalysisTransform
[        ] Transforming grpc-netty-1.21.1.jar (io.grpc:grpc-netty:1.21.1) with InstrumentationAnalysisTransform
[        ] Transforming grpc-netty-1.21.1.jar (io.grpc:grpc-netty:1.21.1) with MergeInstrumentationAnalysisTransform
[        ] Transforming grpc-core-1.21.1.jar (io.grpc:grpc-core:1.21.1) with InstrumentationAnalysisTransform
[        ] Transforming protos-30.1.2.jar (com.android.tools.analytics-library:protos:30.1.2) with ExternalDependencyInstrumentingArtifactTransform
[        ] Transforming protobuf-java-3.10.0.jar (com.google.protobuf:protobuf-java:3.10.0) with ExternalDependencyInstrumentingArtifactTransform
[        ] Transforming grpc-core-1.21.1.jar (io.grpc:grpc-core:1.21.1) with MergeInstrumentationAnalysisTransform
[        ] Transforming grpc-netty-1.21.1.jar (io.grpc:grpc-netty:1.21.1) with ExternalDependencyInstrumentingArtifactTransform
[        ] Transforming kotlin-tooling-metadata-1.7.10.jar (org.jetbrains.kotlin:kotlin-tooling-metadata:1.7.10) with InstrumentationAnalysisTransform
[        ] Transforming kotlin-tooling-metadata-1.7.10.jar (org.jetbrains.kotlin:kotlin-tooling-metadata:1.7.10) with MergeInstrumentationAnalysisTransform
[        ] Transforming gson-2.8.9.jar (com.google.code.gson:gson:2.8.9) with InstrumentationAnalysisTransform
[        ] Transforming grpc-core-1.21.1.jar (io.grpc:grpc-core:1.21.1) with ExternalDependencyInstrumentingArtifactTransform
[        ] Transforming gson-2.8.9.jar (com.google.code.gson:gson:2.8.9) with MergeInstrumentationAnalysisTransform
[        ] Transforming grpc-stub-1.21.1.jar (io.grpc:grpc-stub:1.21.1) with InstrumentationAnalysisTransform
[        ] Transforming kotlin-tooling-metadata-1.7.10.jar (org.jetbrains.kotlin:kotlin-tooling-metadata:1.7.10) with ExternalDependencyInstrumentingArtifactTransform
[        ] Transforming grpc-stub-1.21.1.jar (io.grpc:grpc-stub:1.21.1) with MergeInstrumentationAnalysisTransform
[        ] Transforming gson-2.8.9.jar (com.google.code.gson:gson:2.8.9) with ExternalDependencyInstrumentingArtifactTransform
[        ] Transforming core-proto-0.0.8-alpha07.jar (com.google.testing.platform:core-proto:0.0.8-alpha07) with InstrumentationAnalysisTransform
[        ] Transforming core-proto-0.0.8-alpha07.jar (com.google.testing.platform:core-proto:0.0.8-alpha07) with MergeInstrumentationAnalysisTransform
[        ] Transforming grpc-stub-1.21.1.jar (io.grpc:grpc-stub:1.21.1) with ExternalDependencyInstrumentingArtifactTransform
[        ] Transforming tensorflow-lite-metadata-0.1.0-rc2.jar (org.tensorflow:tensorflow-lite-metadata:0.1.0-rc2) with InstrumentationAnalysisTransform
[        ] Transforming tensorflow-lite-metadata-0.1.0-rc2.jar (org.tensorflow:tensorflow-lite-metadata:0.1.0-rc2) with MergeInstrumentationAnalysisTransform
[        ] Transforming core-proto-0.0.8-alpha07.jar (com.google.testing.platform:core-proto:0.0.8-alpha07) with ExternalDependencyInstrumentingArtifactTransform
[        ] Transforming flatbuffers-java-1.12.0.jar (com.google.flatbuffers:flatbuffers-java:1.12.0) with InstrumentationAnalysisTransform
[        ] Transforming flatbuffers-java-1.12.0.jar (com.google.flatbuffers:flatbuffers-java:1.12.0) with MergeInstrumentationAnalysisTransform
[        ] Transforming tensorflow-lite-metadata-0.1.0-rc2.jar (org.tensorflow:tensorflow-lite-metadata:0.1.0-rc2) with ExternalDependencyInstrumentingArtifactTransform
[        ] Transforming kotlin-gradle-plugin-model-1.7.10.jar (org.jetbrains.kotlin:kotlin-gradle-plugin-model:1.7.10) with InstrumentationAnalysisTransform
[        ] Transforming kotlin-gradle-plugin-model-1.7.10.jar (org.jetbrains.kotlin:kotlin-gradle-plugin-model:1.7.10) with MergeInstrumentationAnalysisTransform
[        ] Transforming flatbuffers-java-1.12.0.jar (com.google.flatbuffers:flatbuffers-java:1.12.0) with ExternalDependencyInstrumentingArtifactTransform
[        ] Transforming kotlin-gradle-plugin-api-1.7.10-gradle70.jar (org.jetbrains.kotlin:kotlin-gradle-plugin-api:1.7.10) with InstrumentationAnalysisTransform
[        ] Transforming kotlin-gradle-plugin-api-1.7.10-gradle70.jar (org.jetbrains.kotlin:kotlin-gradle-plugin-api:1.7.10) with MergeInstrumentationAnalysisTransform
[        ] Transforming kotlin-gradle-plugin-api-1.7.10.jar (org.jetbrains.kotlin:kotlin-gradle-plugin-api:1.7.10) with InstrumentationAnalysisTransform
[        ] Transforming kotlin-gradle-plugin-model-1.7.10.jar (org.jetbrains.kotlin:kotlin-gradle-plugin-model:1.7.10) with ExternalDependencyInstrumentingArtifactTransform
[        ] Transforming kotlin-gradle-plugin-api-1.7.10.jar (org.jetbrains.kotlin:kotlin-gradle-plugin-api:1.7.10) with MergeInstrumentationAnalysisTransform
[        ] Transforming kotlin-project-model-1.7.10.jar (org.jetbrains.kotlin:kotlin-project-model:1.7.10) with InstrumentationAnalysisTransform
[        ] Transforming kotlin-project-model-1.7.10.jar (org.jetbrains.kotlin:kotlin-project-model:1.7.10) with MergeInstrumentationAnalysisTransform
[        ] Transforming kotlin-gradle-plugin-api-1.7.10-gradle70.jar (org.jetbrains.kotlin:kotlin-gradle-plugin-api:1.7.10) with ExternalDependencyInstrumentingArtifactTransform
[        ] Transforming kotlin-gradle-plugin-api-1.7.10.jar (org.jetbrains.kotlin:kotlin-gradle-plugin-api:1.7.10) with ExternalDependencyInstrumentingArtifactTransform
[        ] Transforming kotlin-tooling-core-1.7.10.jar (org.jetbrains.kotlin:kotlin-tooling-core:1.7.10) with InstrumentationAnalysisTransform
[        ] Transforming kotlin-project-model-1.7.10.jar (org.jetbrains.kotlin:kotlin-project-model:1.7.10) with ExternalDependencyInstrumentingArtifactTransform
[        ] Transforming kotlin-tooling-core-1.7.10.jar (org.jetbrains.kotlin:kotlin-tooling-core:1.7.10) with MergeInstrumentationAnalysisTransform
[        ] Transforming kotlin-gradle-plugin-idea-1.7.10.jar (org.jetbrains.kotlin:kotlin-gradle-plugin-idea:1.7.10) with InstrumentationAnalysisTransform
[        ] Transforming kotlin-gradle-plugin-idea-1.7.10.jar (org.jetbrains.kotlin:kotlin-gradle-plugin-idea:1.7.10) with MergeInstrumentationAnalysisTransform
[        ] Transforming kotlin-util-klib-1.7.10.jar (org.jetbrains.kotlin:kotlin-util-klib:1.7.10) with InstrumentationAnalysisTransform
[        ] Transforming kotlin-util-klib-1.7.10.jar (org.jetbrains.kotlin:kotlin-util-klib:1.7.10) with MergeInstrumentationAnalysisTransform
[        ] Transforming kotlin-tooling-core-1.7.10.jar (org.jetbrains.kotlin:kotlin-tooling-core:1.7.10) with ExternalDependencyInstrumentingArtifactTransform
[        ] Transforming kotlin-gradle-plugin-idea-1.7.10.jar (org.jetbrains.kotlin:kotlin-gradle-plugin-idea:1.7.10) with ExternalDependencyInstrumentingArtifactTransform
[        ] Transforming kotlin-klib-commonizer-api-1.7.10.jar (org.jetbrains.kotlin:kotlin-klib-commonizer-api:1.7.10) with InstrumentationAnalysisTransform
[        ] Transforming kotlin-util-klib-1.7.10.jar (org.jetbrains.kotlin:kotlin-util-klib:1.7.10) with ExternalDependencyInstrumentingArtifactTransform
[        ] Transforming kotlin-klib-commonizer-api-1.7.10.jar (org.jetbrains.kotlin:kotlin-klib-commonizer-api:1.7.10) with MergeInstrumentationAnalysisTransform
[        ] Transforming jimfs-1.1.jar (com.google.jimfs:jimfs:1.1) with InstrumentationAnalysisTransform
[        ] Transforming jimfs-1.1.jar (com.google.jimfs:jimfs:1.1) with MergeInstrumentationAnalysisTransform
[        ] Transforming grpc-protobuf-lite-1.21.1.jar (io.grpc:grpc-protobuf-lite:1.21.1) with InstrumentationAnalysisTransform
[        ] Transforming kotlin-klib-commonizer-api-1.7.10.jar (org.jetbrains.kotlin:kotlin-klib-commonizer-api:1.7.10) with ExternalDependencyInstrumentingArtifactTransform
[        ] Transforming grpc-protobuf-lite-1.21.1.jar (io.grpc:grpc-protobuf-lite:1.21.1) with MergeInstrumentationAnalysisTransform
[        ] Transforming jimfs-1.1.jar (com.google.jimfs:jimfs:1.1) with ExternalDependencyInstrumentingArtifactTransform
[        ] Transforming grpc-api-1.21.1.jar (io.grpc:grpc-api:1.21.1) with InstrumentationAnalysisTransform
[        ] Transforming grpc-api-1.21.1.jar (io.grpc:grpc-api:1.21.1) with MergeInstrumentationAnalysisTransform
[        ] Transforming grpc-protobuf-lite-1.21.1.jar (io.grpc:grpc-protobuf-lite:1.21.1) with ExternalDependencyInstrumentingArtifactTransform
[        ] Transforming guava-30.1-jre.jar (com.google.guava:guava:30.1-jre) with InstrumentationAnalysisTransform
[        ] Transforming grpc-api-1.21.1.jar (io.grpc:grpc-api:1.21.1) with ExternalDependencyInstrumentingArtifactTransform
[        ] Transforming guava-30.1-jre.jar (com.google.guava:guava:30.1-jre) with MergeInstrumentationAnalysisTransform
[        ] Transforming gradle-download-task-4.1.1.jar (de.undercouch:gradle-download-task:4.1.1) with InstrumentationAnalysisTransform
[        ] Transforming guava-30.1-jre.jar (com.google.guava:guava:30.1-jre) with ExternalDependencyInstrumentingArtifactTransform
[        ] Transforming gradle-download-task-4.1.1.jar (de.undercouch:gradle-download-task:4.1.1) with MergeInstrumentationAnalysisTransform
[        ] Transforming semver4j-0.16.4-nodeps.jar (com.github.gundy:semver4j:0.16.4) with InstrumentationAnalysisTransform
[        ] Transforming semver4j-0.16.4-nodeps.jar (com.github.gundy:semver4j:0.16.4) with MergeInstrumentationAnalysisTransform
[        ] Transforming kotlin-annotation-processing-gradle-1.7.10.jar (org.jetbrains.kotlin:kotlin-annotation-processing-gradle:1.7.10) with InstrumentationAnalysisTransform
[        ] Transforming gradle-download-task-4.1.1.jar (de.undercouch:gradle-download-task:4.1.1) with ExternalDependencyInstrumentingArtifactTransform
[        ] Transforming kotlin-annotation-processing-gradle-1.7.10.jar (org.jetbrains.kotlin:kotlin-annotation-processing-gradle:1.7.10) with MergeInstrumentationAnalysisTransform
[        ] Transforming semver4j-0.16.4-nodeps.jar (com.github.gundy:semver4j:0.16.4) with ExternalDependencyInstrumentingArtifactTransform
[        ] Transforming kotlin-android-extensions-1.7.10.jar (org.jetbrains.kotlin:kotlin-android-extensions:1.7.10) with InstrumentationAnalysisTransform
[        ] Transforming kotlin-android-extensions-1.7.10.jar (org.jetbrains.kotlin:kotlin-android-extensions:1.7.10) with MergeInstrumentationAnalysisTransform
[        ] Transforming kotlin-annotation-processing-gradle-1.7.10.jar (org.jetbrains.kotlin:kotlin-annotation-processing-gradle:1.7.10) with ExternalDependencyInstrumentingArtifactTransform
[        ] Transforming kotlin-compiler-embeddable-1.7.10.jar (org.jetbrains.kotlin:kotlin-compiler-embeddable:1.7.10) with InstrumentationAnalysisTransform
[        ] Transforming kotlin-compiler-embeddable-1.7.10.jar (org.jetbrains.kotlin:kotlin-compiler-embeddable:1.7.10) with MergeInstrumentationAnalysisTransform
[        ] Transforming kotlin-android-extensions-1.7.10.jar (org.jetbrains.kotlin:kotlin-android-extensions:1.7.10) with ExternalDependencyInstrumentingArtifactTransform
[        ] Transforming kotlin-scripting-compiler-embeddable-1.7.10.jar (org.jetbrains.kotlin:kotlin-scripting-compiler-embeddable:1.7.10) with InstrumentationAnalysisTransform
[        ] Transforming kotlin-scripting-compiler-embeddable-1.7.10.jar (org.jetbrains.kotlin:kotlin-scripting-compiler-embeddable:1.7.10) with MergeInstrumentationAnalysisTransform
[        ] Transforming kotlin-compiler-embeddable-1.7.10.jar (org.jetbrains.kotlin:kotlin-compiler-embeddable:1.7.10) with ExternalDependencyInstrumentingArtifactTransform
[        ] Transforming kotlin-scripting-compiler-impl-embeddable-1.7.10.jar (org.jetbrains.kotlin:kotlin-scripting-compiler-impl-embeddable:1.7.10) with InstrumentationAnalysisTransform
[        ] Transforming kotlin-scripting-compiler-impl-embeddable-1.7.10.jar (org.jetbrains.kotlin:kotlin-scripting-compiler-impl-embeddable:1.7.10) with MergeInstrumentationAnalysisTransform
[        ] Transforming kotlin-scripting-compiler-embeddable-1.7.10.jar (org.jetbrains.kotlin:kotlin-scripting-compiler-embeddable:1.7.10) with ExternalDependencyInstrumentingArtifactTransform
[        ] Transforming bcprov-jdk15on-1.56.jar (org.bouncycastle:bcprov-jdk15on:1.56) with InstrumentationAnalysisTransform
[        ] Transforming bcprov-jdk15on-1.56.jar (org.bouncycastle:bcprov-jdk15on:1.56) with MergeInstrumentationAnalysisTransform
[        ] Transforming kotlin-scripting-compiler-impl-embeddable-1.7.10.jar (org.jetbrains.kotlin:kotlin-scripting-compiler-impl-embeddable:1.7.10) with ExternalDependencyInstrumentingArtifactTransform
[        ] Transforming jackson-module-kotlin-2.11.1.jar (com.fasterxml.jackson.module:jackson-module-kotlin:2.11.1) with InstrumentationAnalysisTransform
[        ] Transforming jackson-module-kotlin-2.11.1.jar (com.fasterxml.jackson.module:jackson-module-kotlin:2.11.1) with MergeInstrumentationAnalysisTransform
[        ] Transforming bcprov-jdk15on-1.56.jar (org.bouncycastle:bcprov-jdk15on:1.56) with ExternalDependencyInstrumentingArtifactTransform
[        ] Transforming kotlin-reflect-1.4.32.jar (org.jetbrains.kotlin:kotlin-reflect:1.4.32) with InstrumentationAnalysisTransform
[        ] Transforming kotlin-reflect-1.4.32.jar (org.jetbrains.kotlin:kotlin-reflect:1.4.32) with MergeInstrumentationAnalysisTransform
[        ] Transforming dagger-2.28.3.jar (com.google.dagger:dagger:2.28.3) with InstrumentationAnalysisTransform
[        ] Transforming dagger-2.28.3.jar (com.google.dagger:dagger:2.28.3) with MergeInstrumentationAnalysisTransform
[        ] Transforming jackson-module-kotlin-2.11.1.jar (com.fasterxml.jackson.module:jackson-module-kotlin:2.11.1) with ExternalDependencyInstrumentingArtifactTransform
[        ] Transforming javax.inject-1.jar (javax.inject:javax.inject:1) with InstrumentationAnalysisTransform
[        ] Transforming dagger-2.28.3.jar (com.google.dagger:dagger:2.28.3) with ExternalDependencyInstrumentingArtifactTransform
[        ] Transforming javax.inject-1.jar (javax.inject:javax.inject:1) with MergeInstrumentationAnalysisTransform
[        ] Transforming kotlin-reflect-1.4.32.jar (org.jetbrains.kotlin:kotlin-reflect:1.4.32) with ExternalDependencyInstrumentingArtifactTransform
[        ] Transforming kxml2-2.3.0.jar (net.sf.kxml:kxml2:2.3.0) with InstrumentationAnalysisTransform
[        ] Transforming kxml2-2.3.0.jar (net.sf.kxml:kxml2:2.3.0) with MergeInstrumentationAnalysisTransform
[        ] Transforming javax.inject-1.jar (javax.inject:javax.inject:1) with ExternalDependencyInstrumentingArtifactTransform
[        ] Transforming trove4j-1.0.20200330.jar (org.jetbrains.intellij.deps:trove4j:1.0.20200330) with InstrumentationAnalysisTransform
[        ] Transforming kxml2-2.3.0.jar (net.sf.kxml:kxml2:2.3.0) with ExternalDependencyInstrumentingArtifactTransform
[        ] Transforming trove4j-1.0.20200330.jar (org.jetbrains.intellij.deps:trove4j:1.0.20200330) with MergeInstrumentationAnalysisTransform
[        ] Transforming xercesImpl-2.12.0.jar (xerces:xercesImpl:2.12.0) with InstrumentationAnalysisTransform
[        ] Transforming xercesImpl-2.12.0.jar (xerces:xercesImpl:2.12.0) with MergeInstrumentationAnalysisTransform
[        ] Transforming commons-compress-1.20.jar (org.apache.commons:commons-compress:1.20) with InstrumentationAnalysisTransform
[        ] Transforming commons-compress-1.20.jar (org.apache.commons:commons-compress:1.20) with MergeInstrumentationAnalysisTransform
[        ] Transforming trove4j-1.0.20200330.jar (org.jetbrains.intellij.deps:trove4j:1.0.20200330) with ExternalDependencyInstrumentingArtifactTransform
[        ] Transforming xercesImpl-2.12.0.jar (xerces:xercesImpl:2.12.0) with ExternalDependencyInstrumentingArtifactTransform
[        ] Transforming httpclient-4.5.6.jar (org.apache.httpcomponents:httpclient:4.5.6) with InstrumentationAnalysisTransform
[        ] Transforming commons-compress-1.20.jar (org.apache.commons:commons-compress:1.20) with ExternalDependencyInstrumentingArtifactTransform
[        ] Transforming httpclient-4.5.6.jar (org.apache.httpcomponents:httpclient:4.5.6) with MergeInstrumentationAnalysisTransform
[        ] Transforming httpcore-4.4.10.jar (org.apache.httpcomponents:httpcore:4.4.10) with InstrumentationAnalysisTransform
[        ] Transforming httpcore-4.4.10.jar (org.apache.httpcomponents:httpcore:4.4.10) with MergeInstrumentationAnalysisTransform
[        ] Transforming httpclient-4.5.6.jar (org.apache.httpcomponents:httpclient:4.5.6) with ExternalDependencyInstrumentingArtifactTransform
[        ] Transforming javax.activation-1.2.0.jar (com.sun.activation:javax.activation:1.2.0) with InstrumentationAnalysisTransform
[        ] Transforming javax.activation-1.2.0.jar (com.sun.activation:javax.activation:1.2.0) with MergeInstrumentationAnalysisTransform
[        ] Transforming httpcore-4.4.10.jar (org.apache.httpcomponents:httpcore:4.4.10) with ExternalDependencyInstrumentingArtifactTransform
[        ] Transforming signflinger-7.1.2.jar (com.android:signflinger:7.1.2) with InstrumentationAnalysisTransform
[        ] Transforming signflinger-7.1.2.jar (com.android:signflinger:7.1.2) with MergeInstrumentationAnalysisTransform
[        ] Transforming javax.activation-1.2.0.jar (com.sun.activation:javax.activation:1.2.0) with ExternalDependencyInstrumentingArtifactTransform
[        ] Transforming zipflinger-7.1.2.jar (com.android:zipflinger:7.1.2) with InstrumentationAnalysisTransform
[        ] Transforming signflinger-7.1.2.jar (com.android:signflinger:7.1.2) with ExternalDependencyInstrumentingArtifactTransform
[        ] Transforming zipflinger-7.1.2.jar (com.android:zipflinger:7.1.2) with MergeInstrumentationAnalysisTransform
[        ] Transforming annotations-30.1.2.jar (com.android.tools:annotations:30.1.2) with InstrumentationAnalysisTransform
[        ] Transforming annotations-30.1.2.jar (com.android.tools:annotations:30.1.2) with MergeInstrumentationAnalysisTransform
[        ] Transforming zipflinger-7.1.2.jar (com.android:zipflinger:7.1.2) with ExternalDependencyInstrumentingArtifactTransform
[        ] Transforming jna-platform-5.6.0.jar (net.java.dev.jna:jna-platform:5.6.0) with InstrumentationAnalysisTransform
[        ] Transforming annotations-30.1.2.jar (com.android.tools:annotations:30.1.2) with ExternalDependencyInstrumentingArtifactTransform
[        ] Transforming jna-platform-5.6.0.jar (net.java.dev.jna:jna-platform:5.6.0) with MergeInstrumentationAnalysisTransform
[        ] Transforming antlr4-4.5.3.jar (org.antlr:antlr4:4.5.3) with InstrumentationAnalysisTransform
[        ] Transforming antlr4-4.5.3.jar (org.antlr:antlr4:4.5.3) with MergeInstrumentationAnalysisTransform
[        ] Transforming juniversalchardet-1.0.3.jar (com.googlecode.juniversalchardet:juniversalchardet:1.0.3) with InstrumentationAnalysisTransform
[        ] Transforming jna-platform-5.6.0.jar (net.java.dev.jna:jna-platform:5.6.0) with ExternalDependencyInstrumentingArtifactTransform
[        ] Transforming juniversalchardet-1.0.3.jar (com.googlecode.juniversalchardet:juniversalchardet:1.0.3) with MergeInstrumentationAnalysisTransform
[        ] Transforming antlr4-4.5.3.jar (org.antlr:antlr4:4.5.3) with ExternalDependencyInstrumentingArtifactTransform
[        ] Transforming markdown-jvm-0.2.1.jar (org.jetbrains:markdown-jvm:0.2.1) with InstrumentationAnalysisTransform
[        ] Transforming markdown-jvm-0.2.1.jar (org.jetbrains:markdown-jvm:0.2.1) with MergeInstrumentationAnalysisTransform
[        ] Transforming juniversalchardet-1.0.3.jar (com.googlecode.juniversalchardet:juniversalchardet:1.0.3) with ExternalDependencyInstrumentingArtifactTransform
[        ] Transforming kotlin-stdlib-jdk7-1.5.0.jar (org.jetbrains.kotlin:kotlin-stdlib-jdk7:1.5.0) with InstrumentationAnalysisTransform
[        ] Transforming markdown-jvm-0.2.1.jar (org.jetbrains:markdown-jvm:0.2.1) with ExternalDependencyInstrumentingArtifactTransform
[        ] Transforming kotlin-stdlib-jdk7-1.5.0.jar (org.jetbrains.kotlin:kotlin-stdlib-jdk7:1.5.0) with MergeInstrumentationAnalysisTransform
[        ] Transforming kotlin-stdlib-1.5.0.jar (org.jetbrains.kotlin:kotlin-stdlib:1.5.0) with InstrumentationAnalysisTransform
[        ] Transforming kotlin-stdlib-1.5.0.jar (org.jetbrains.kotlin:kotlin-stdlib:1.5.0) with MergeInstrumentationAnalysisTransform
[        ] Transforming annotations-13.0.jar (org.jetbrains:annotations:13.0) with InstrumentationAnalysisTransform
[        ] Transforming annotations-13.0.jar (org.jetbrains:annotations:13.0) with MergeInstrumentationAnalysisTransform
[        ] Transforming stax-ex-1.8.1.jar (org.jvnet.staxex:stax-ex:1.8.1) with InstrumentationAnalysisTransform
[        ] Transforming kotlin-stdlib-jdk7-1.5.0.jar (org.jetbrains.kotlin:kotlin-stdlib-jdk7:1.5.0) with ExternalDependencyInstrumentingArtifactTransform
[        ] Transforming annotations-13.0.jar (org.jetbrains:annotations:13.0) with ExternalDependencyInstrumentingArtifactTransform
[        ] Transforming kotlin-stdlib-1.5.0.jar (org.jetbrains.kotlin:kotlin-stdlib:1.5.0) with ExternalDependencyInstrumentingArtifactTransform
[        ] Transforming stax-ex-1.8.1.jar (org.jvnet.staxex:stax-ex:1.8.1) with MergeInstrumentationAnalysisTransform
[        ] Transforming jackson-dataformat-xml-2.11.1.jar (com.fasterxml.jackson.dataformat:jackson-dataformat-xml:2.11.1) with InstrumentationAnalysisTransform
[        ] Transforming jackson-dataformat-xml-2.11.1.jar (com.fasterxml.jackson.dataformat:jackson-dataformat-xml:2.11.1) with MergeInstrumentationAnalysisTransform
[        ] Transforming jackson-module-jaxb-annotations-2.11.1.jar (com.fasterxml.jackson.module:jackson-module-jaxb-annotations:2.11.1) with InstrumentationAnalysisTransform
[        ] Transforming stax-ex-1.8.1.jar (org.jvnet.staxex:stax-ex:1.8.1) with ExternalDependencyInstrumentingArtifactTransform
[        ] Transforming jackson-module-jaxb-annotations-2.11.1.jar (com.fasterxml.jackson.module:jackson-module-jaxb-annotations:2.11.1) with MergeInstrumentationAnalysisTransform
[        ] Transforming jackson-dataformat-xml-2.11.1.jar (com.fasterxml.jackson.dataformat:jackson-dataformat-xml:2.11.1) with ExternalDependencyInstrumentingArtifactTransform
[        ] Transforming jakarta.xml.bind-api-2.3.2.jar (jakarta.xml.bind:jakarta.xml.bind-api:2.3.2) with InstrumentationAnalysisTransform
[        ] Transforming jakarta.xml.bind-api-2.3.2.jar (jakarta.xml.bind:jakarta.xml.bind-api:2.3.2) with MergeInstrumentationAnalysisTransform
[        ] Transforming txw2-2.3.2.jar (org.glassfish.jaxb:txw2:2.3.2) with InstrumentationAnalysisTransform
[        ] Transforming txw2-2.3.2.jar (org.glassfish.jaxb:txw2:2.3.2) with MergeInstrumentationAnalysisTransform
[        ] Transforming istack-commons-runtime-3.0.8.jar (com.sun.istack:istack-commons-runtime:3.0.8) with InstrumentationAnalysisTransform
[        ] Transforming jackson-module-jaxb-annotations-2.11.1.jar (com.fasterxml.jackson.module:jackson-module-jaxb-annotations:2.11.1) with ExternalDependencyInstrumentingArtifactTransform
[        ] Transforming istack-commons-runtime-3.0.8.jar (com.sun.istack:istack-commons-runtime:3.0.8) with MergeInstrumentationAnalysisTransform
[        ] Transforming jakarta.xml.bind-api-2.3.2.jar (jakarta.xml.bind:jakarta.xml.bind-api:2.3.2) with ExternalDependencyInstrumentingArtifactTransform
[        ] Transforming FastInfoset-1.2.16.jar (com.sun.xml.fastinfoset:FastInfoset:1.2.16) with InstrumentationAnalysisTransform
[        ] Transforming txw2-2.3.2.jar (org.glassfish.jaxb:txw2:2.3.2) with ExternalDependencyInstrumentingArtifactTransform
[        ] Transforming FastInfoset-1.2.16.jar (com.sun.xml.fastinfoset:FastInfoset:1.2.16) with MergeInstrumentationAnalysisTransform
[        ] Transforming jakarta.activation-api-1.2.1.jar (jakarta.activation:jakarta.activation-api:1.2.1) with InstrumentationAnalysisTransform
[        ] Transforming istack-commons-runtime-3.0.8.jar (com.sun.istack:istack-commons-runtime:3.0.8) with ExternalDependencyInstrumentingArtifactTransform
[        ] Transforming jakarta.activation-api-1.2.1.jar (jakarta.activation:jakarta.activation-api:1.2.1) with MergeInstrumentationAnalysisTransform
[        ] Transforming FastInfoset-1.2.16.jar (com.sun.xml.fastinfoset:FastInfoset:1.2.16) with ExternalDependencyInstrumentingArtifactTransform
[        ] Transforming auto-value-annotations-1.6.2.jar (com.google.auto.value:auto-value-annotations:1.6.2) with InstrumentationAnalysisTransform
[        ] Transforming jakarta.activation-api-1.2.1.jar (jakarta.activation:jakarta.activation-api:1.2.1) with ExternalDependencyInstrumentingArtifactTransform
[        ] Transforming auto-value-annotations-1.6.2.jar (com.google.auto.value:auto-value-annotations:1.6.2) with MergeInstrumentationAnalysisTransform
[        ] Transforming error_prone_annotations-2.3.4.jar (com.google.errorprone:error_prone_annotations:2.3.4) with InstrumentationAnalysisTransform
[        ] Transforming error_prone_annotations-2.3.4.jar (com.google.errorprone:error_prone_annotations:2.3.4) with MergeInstrumentationAnalysisTransform
[        ] Transforming jose4j-0.7.0.jar (org.bitbucket.b_c:jose4j:0.7.0) with InstrumentationAnalysisTransform
[        ] Transforming jose4j-0.7.0.jar (org.bitbucket.b_c:jose4j:0.7.0) with MergeInstrumentationAnalysisTransform
[        ] Transforming auto-value-annotations-1.6.2.jar (com.google.auto.value:auto-value-annotations:1.6.2) with ExternalDependencyInstrumentingArtifactTransform
[        ] Transforming error_prone_annotations-2.3.4.jar (com.google.errorprone:error_prone_annotations:2.3.4) with ExternalDependencyInstrumentingArtifactTransform
[        ] Transforming slf4j-api-1.7.30.jar (org.slf4j:slf4j-api:1.7.30) with InstrumentationAnalysisTransform
[        ] Transforming jose4j-0.7.0.jar (org.bitbucket.b_c:jose4j:0.7.0) with ExternalDependencyInstrumentingArtifactTransform
[        ] Transforming slf4j-api-1.7.30.jar (org.slf4j:slf4j-api:1.7.30) with MergeInstrumentationAnalysisTransform
[        ] Transforming jdom2-2.0.6.jar (org.jdom:jdom2:2.0.6) with InstrumentationAnalysisTransform
[        ] Transforming jdom2-2.0.6.jar (org.jdom:jdom2:2.0.6) with MergeInstrumentationAnalysisTransform
[        ] Transforming slf4j-api-1.7.30.jar (org.slf4j:slf4j-api:1.7.30) with ExternalDependencyInstrumentingArtifactTransform
[        ] Transforming opencensus-contrib-grpc-metrics-0.21.0.jar (io.opencensus:opencensus-contrib-grpc-metrics:0.21.0) with InstrumentationAnalysisTransform
[        ] Transforming opencensus-contrib-grpc-metrics-0.21.0.jar (io.opencensus:opencensus-contrib-grpc-metrics:0.21.0) with MergeInstrumentationAnalysisTransform
[        ] Transforming jdom2-2.0.6.jar (org.jdom:jdom2:2.0.6) with ExternalDependencyInstrumentingArtifactTransform
[        ] Transforming opencensus-api-0.21.0.jar (io.opencensus:opencensus-api:0.21.0) with InstrumentationAnalysisTransform
[        ] Transforming opencensus-api-0.21.0.jar (io.opencensus:opencensus-api:0.21.0) with MergeInstrumentationAnalysisTransform
[        ] Transforming opencensus-contrib-grpc-metrics-0.21.0.jar (io.opencensus:opencensus-contrib-grpc-metrics:0.21.0) with ExternalDependencyInstrumentingArtifactTransform
[        ] Transforming annotations-4.1.1.4.jar (com.google.android:annotations:4.1.1.4) with InstrumentationAnalysisTransform
[        ] Transforming annotations-4.1.1.4.jar (com.google.android:annotations:4.1.1.4) with MergeInstrumentationAnalysisTransform
[        ] Transforming netty-codec-http2-4.1.34.Final.jar (io.netty:netty-codec-http2:4.1.34.Final) with InstrumentationAnalysisTransform
[        ] Transforming netty-codec-http2-4.1.34.Final.jar (io.netty:netty-codec-http2:4.1.34.Final) with MergeInstrumentationAnalysisTransform
[        ] Transforming netty-handler-proxy-4.1.34.Final.jar (io.netty:netty-handler-proxy:4.1.34.Final) with InstrumentationAnalysisTransform
[        ] Transforming annotations-4.1.1.4.jar (com.google.android:annotations:4.1.1.4) with ExternalDependencyInstrumentingArtifactTransform
[        ] Transforming opencensus-api-0.21.0.jar (io.opencensus:opencensus-api:0.21.0) with ExternalDependencyInstrumentingArtifactTransform
[        ] Transforming netty-handler-proxy-4.1.34.Final.jar (io.netty:netty-handler-proxy:4.1.34.Final) with MergeInstrumentationAnalysisTransform
[        ] Transforming netty-codec-http2-4.1.34.Final.jar (io.netty:netty-codec-http2:4.1.34.Final) with ExternalDependencyInstrumentingArtifactTransform
[        ] Transforming proto-google-common-protos-1.12.0.jar (com.google.api.grpc:proto-google-common-protos:1.12.0) with InstrumentationAnalysisTransform
[        ] Transforming proto-google-common-protos-1.12.0.jar (com.google.api.grpc:proto-google-common-protos:1.12.0) with MergeInstrumentationAnalysisTransform
[        ] Transforming netty-handler-proxy-4.1.34.Final.jar (io.netty:netty-handler-proxy:4.1.34.Final) with ExternalDependencyInstrumentingArtifactTransform
[        ] Transforming json-20180813.jar (org.json:json:20180813) with InstrumentationAnalysisTransform
[        ] Transforming json-20180813.jar (org.json:json:20180813) with MergeInstrumentationAnalysisTransform
[        ] Transforming jsoup-1.13.1.jar (org.jsoup:jsoup:1.13.1) with InstrumentationAnalysisTransform
[        ] Transforming proto-google-common-protos-1.12.0.jar (com.google.api.grpc:proto-google-common-protos:1.12.0) with ExternalDependencyInstrumentingArtifactTransform
[        ] Transforming jsoup-1.13.1.jar (org.jsoup:jsoup:1.13.1) with MergeInstrumentationAnalysisTransform
[        ] Transforming json-20180813.jar (org.json:json:20180813) with ExternalDependencyInstrumentingArtifactTransform
[        ] Transforming checker-qual-3.5.0.jar (org.checkerframework:checker-qual:3.5.0) with InstrumentationAnalysisTransform
[        ] Transforming jsoup-1.13.1.jar (org.jsoup:jsoup:1.13.1) with ExternalDependencyInstrumentingArtifactTransform
[        ] Transforming checker-qual-3.5.0.jar (org.checkerframework:checker-qual:3.5.0) with MergeInstrumentationAnalysisTransform
[        ] Transforming commons-codec-1.10.jar (commons-codec:commons-codec:1.10) with InstrumentationAnalysisTransform
[        ] Transforming commons-codec-1.10.jar (commons-codec:commons-codec:1.10) with MergeInstrumentationAnalysisTransform
[        ] Transforming fastutil-8.4.0.jar (it.unimi.dsi:fastutil:8.4.0) with InstrumentationAnalysisTransform
[        ] Transforming fastutil-8.4.0.jar (it.unimi.dsi:fastutil:8.4.0) with MergeInstrumentationAnalysisTransform
[        ] Transforming json-simple-1.1.jar (com.googlecode.json-simple:json-simple:1.1) with InstrumentationAnalysisTransform
[        ] Transforming json-simple-1.1.jar (com.googlecode.json-simple:json-simple:1.1) with MergeInstrumentationAnalysisTransform
[        ] Transforming apksig-7.1.2.jar (com.android.tools.build:apksig:7.1.2) with InstrumentationAnalysisTransform
[        ] Transforming checker-qual-3.5.0.jar (org.checkerframework:checker-qual:3.5.0) with ExternalDependencyInstrumentingArtifactTransform
[        ] Transforming apksig-7.1.2.jar (com.android.tools.build:apksig:7.1.2) with MergeInstrumentationAnalysisTransform
[        ] Transforming commons-codec-1.10.jar (commons-codec:commons-codec:1.10) with ExternalDependencyInstrumentingArtifactTransform
[        ] Transforming javawriter-2.5.0.jar (com.squareup:javawriter:2.5.0) with InstrumentationAnalysisTransform
[        ] Transforming fastutil-8.4.0.jar (it.unimi.dsi:fastutil:8.4.0) with ExternalDependencyInstrumentingArtifactTransform
[        ] Transforming javawriter-2.5.0.jar (com.squareup:javawriter:2.5.0) with MergeInstrumentationAnalysisTransform
[        ] Transforming json-simple-1.1.jar (com.googlecode.json-simple:json-simple:1.1) with ExternalDependencyInstrumentingArtifactTransform
[        ] Transforming kotlin-native-utils-1.7.10.jar (org.jetbrains.kotlin:kotlin-native-utils:1.7.10) with InstrumentationAnalysisTransform
[        ] Transforming javawriter-2.5.0.jar (com.squareup:javawriter:2.5.0) with ExternalDependencyInstrumentingArtifactTransform
[        ] Transforming apksig-7.1.2.jar (com.android.tools.build:apksig:7.1.2) with ExternalDependencyInstrumentingArtifactTransform
[        ] Transforming kotlin-native-utils-1.7.10.jar (org.jetbrains.kotlin:kotlin-native-utils:1.7.10) with MergeInstrumentationAnalysisTransform
[        ] Transforming kotlin-util-io-1.7.10.jar (org.jetbrains.kotlin:kotlin-util-io:1.7.10) with InstrumentationAnalysisTransform
[        ] Transforming kotlin-util-io-1.7.10.jar (org.jetbrains.kotlin:kotlin-util-io:1.7.10) with MergeInstrumentationAnalysisTransform
[        ] Transforming kotlin-daemon-embeddable-1.7.10.jar (org.jetbrains.kotlin:kotlin-daemon-embeddable:1.7.10) with InstrumentationAnalysisTransform
[        ] Transforming kotlin-native-utils-1.7.10.jar (org.jetbrains.kotlin:kotlin-native-utils:1.7.10) with ExternalDependencyInstrumentingArtifactTransform
[        ] Transforming kotlin-daemon-embeddable-1.7.10.jar (org.jetbrains.kotlin:kotlin-daemon-embeddable:1.7.10) with MergeInstrumentationAnalysisTransform
[        ] Transforming jna-5.6.0.jar (net.java.dev.jna:jna:5.6.0) with InstrumentationAnalysisTransform
[        ] Transforming kotlin-util-io-1.7.10.jar (org.jetbrains.kotlin:kotlin-util-io:1.7.10) with ExternalDependencyInstrumentingArtifactTransform
[        ] Transforming jna-5.6.0.jar (net.java.dev.jna:jna:5.6.0) with MergeInstrumentationAnalysisTransform
[        ] Transforming kotlin-build-common-1.7.10.jar (org.jetbrains.kotlin:kotlin-build-common:1.7.10) with InstrumentationAnalysisTransform
[        ] Transforming kotlin-daemon-embeddable-1.7.10.jar (org.jetbrains.kotlin:kotlin-daemon-embeddable:1.7.10) with ExternalDependencyInstrumentingArtifactTransform
[        ] Transforming kotlin-build-common-1.7.10.jar (org.jetbrains.kotlin:kotlin-build-common:1.7.10) with MergeInstrumentationAnalysisTransform
[        ] Transforming kotlin-scripting-jvm-1.7.10.jar (org.jetbrains.kotlin:kotlin-scripting-jvm:1.7.10) with InstrumentationAnalysisTransform
[        ] Transforming jna-5.6.0.jar (net.java.dev.jna:jna:5.6.0) with ExternalDependencyInstrumentingArtifactTransform
[        ] Transforming kotlin-build-common-1.7.10.jar (org.jetbrains.kotlin:kotlin-build-common:1.7.10) with ExternalDependencyInstrumentingArtifactTransform
[        ] Transforming kotlin-scripting-jvm-1.7.10.jar (org.jetbrains.kotlin:kotlin-scripting-jvm:1.7.10) with MergeInstrumentationAnalysisTransform
[        ] Transforming kotlin-scripting-common-1.7.10.jar (org.jetbrains.kotlin:kotlin-scripting-common:1.7.10) with InstrumentationAnalysisTransform
[        ] Transforming kotlin-scripting-common-1.7.10.jar (org.jetbrains.kotlin:kotlin-scripting-common:1.7.10) with MergeInstrumentationAnalysisTransform
[        ] Transforming kotlin-scripting-jvm-1.7.10.jar (org.jetbrains.kotlin:kotlin-scripting-jvm:1.7.10) with ExternalDependencyInstrumentingArtifactTransform
[        ] Transforming failureaccess-1.0.1.jar (com.google.guava:failureaccess:1.0.1) with InstrumentationAnalysisTransform
[        ] Transforming failureaccess-1.0.1.jar (com.google.guava:failureaccess:1.0.1) with MergeInstrumentationAnalysisTransform
[        ] Transforming kotlin-scripting-common-1.7.10.jar (org.jetbrains.kotlin:kotlin-scripting-common:1.7.10) with ExternalDependencyInstrumentingArtifactTransform
[        ] Transforming listenablefuture-9999.0-empty-to-avoid-conflict-with-guava.jar (com.google.guava:listenablefuture:9999.0-empty-to-avoid-conflict-with-guava) with InstrumentationAnalysisTransform
[        ] Transforming listenablefuture-9999.0-empty-to-avoid-conflict-with-guava.jar (com.google.guava:listenablefuture:9999.0-empty-to-avoid-conflict-with-guava) with MergeInstrumentationAnalysisTransform
[        ] Transforming failureaccess-1.0.1.jar (com.google.guava:failureaccess:1.0.1) with ExternalDependencyInstrumentingArtifactTransform
[        ] Transforming jsr305-3.0.2.jar (com.google.code.findbugs:jsr305:3.0.2) with InstrumentationAnalysisTransform
[        ] Transforming jsr305-3.0.2.jar (com.google.code.findbugs:jsr305:3.0.2) with MergeInstrumentationAnalysisTransform
[        ] Transforming j2objc-annotations-1.3.jar (com.google.j2objc:j2objc-annotations:1.3) with InstrumentationAnalysisTransform
[        ] Transforming listenablefuture-9999.0-empty-to-avoid-conflict-with-guava.jar (com.google.guava:listenablefuture:9999.0-empty-to-avoid-conflict-with-guava) with ExternalDependencyInstrumentingArtifactTransform
[        ] Transforming j2objc-annotations-1.3.jar (com.google.j2objc:j2objc-annotations:1.3) with MergeInstrumentationAnalysisTransform
[        ] Transforming jsr305-3.0.2.jar (com.google.code.findbugs:jsr305:3.0.2) with ExternalDependencyInstrumentingArtifactTransform
[        ] Transforming xml-apis-1.4.01.jar (xml-apis:xml-apis:1.4.01) with InstrumentationAnalysisTransform
[        ] Transforming xml-apis-1.4.01.jar (xml-apis:xml-apis:1.4.01) with MergeInstrumentationAnalysisTransform
[        ] Transforming j2objc-annotations-1.3.jar (com.google.j2objc:j2objc-annotations:1.3) with ExternalDependencyInstrumentingArtifactTransform
[        ] Transforming commons-logging-1.2.jar (commons-logging:commons-logging:1.2) with InstrumentationAnalysisTransform
[        ] Transforming commons-logging-1.2.jar (commons-logging:commons-logging:1.2) with MergeInstrumentationAnalysisTransform
[        ] Transforming xml-apis-1.4.01.jar (xml-apis:xml-apis:1.4.01) with ExternalDependencyInstrumentingArtifactTransform
[        ] Transforming kotlin-stdlib-common-1.5.0.jar (org.jetbrains.kotlin:kotlin-stdlib-common:1.5.0) with InstrumentationAnalysisTransform
[        ] Transforming commons-logging-1.2.jar (commons-logging:commons-logging:1.2) with ExternalDependencyInstrumentingArtifactTransform
[        ] Transforming kotlin-stdlib-common-1.5.0.jar (org.jetbrains.kotlin:kotlin-stdlib-common:1.5.0) with MergeInstrumentationAnalysisTransform
[        ] Transforming grpc-context-1.21.1.jar (io.grpc:grpc-context:1.21.1) with InstrumentationAnalysisTransform
[        ] Transforming grpc-context-1.21.1.jar (io.grpc:grpc-context:1.21.1) with MergeInstrumentationAnalysisTransform
[        ] Transforming kotlin-stdlib-common-1.5.0.jar (org.jetbrains.kotlin:kotlin-stdlib-common:1.5.0) with ExternalDependencyInstrumentingArtifactTransform
[        ] Transforming animal-sniffer-annotations-1.17.jar (org.codehaus.mojo:animal-sniffer-annotations:1.17) with InstrumentationAnalysisTransform
[        ] Transforming grpc-context-1.21.1.jar (io.grpc:grpc-context:1.21.1) with ExternalDependencyInstrumentingArtifactTransform
[        ] Transforming animal-sniffer-annotations-1.17.jar (org.codehaus.mojo:animal-sniffer-annotations:1.17) with MergeInstrumentationAnalysisTransform
[        ] Transforming netty-codec-http-4.1.34.Final.jar (io.netty:netty-codec-http:4.1.34.Final) with InstrumentationAnalysisTransform
[        ] Transforming netty-codec-http-4.1.34.Final.jar (io.netty:netty-codec-http:4.1.34.Final) with MergeInstrumentationAnalysisTransform
[        ] Transforming netty-handler-4.1.34.Final.jar (io.netty:netty-handler:4.1.34.Final) with InstrumentationAnalysisTransform
[        ] Transforming animal-sniffer-annotations-1.17.jar (org.codehaus.mojo:animal-sniffer-annotations:1.17) with ExternalDependencyInstrumentingArtifactTransform
[        ] Transforming netty-handler-4.1.34.Final.jar (io.netty:netty-handler:4.1.34.Final) with MergeInstrumentationAnalysisTransform
[        ] Transforming netty-codec-http-4.1.34.Final.jar (io.netty:netty-codec-http:4.1.34.Final) with ExternalDependencyInstrumentingArtifactTransform
[        ] Transforming netty-codec-socks-4.1.34.Final.jar (io.netty:netty-codec-socks:4.1.34.Final) with InstrumentationAnalysisTransform
[        ] Transforming netty-codec-socks-4.1.34.Final.jar (io.netty:netty-codec-socks:4.1.34.Final) with MergeInstrumentationAnalysisTransform
[        ] Transforming netty-codec-4.1.34.Final.jar (io.netty:netty-codec:4.1.34.Final) with InstrumentationAnalysisTransform
[        ] Transforming netty-handler-4.1.34.Final.jar (io.netty:netty-handler:4.1.34.Final) with ExternalDependencyInstrumentingArtifactTransform
[        ] Transforming netty-codec-4.1.34.Final.jar (io.netty:netty-codec:4.1.34.Final) with MergeInstrumentationAnalysisTransform
[        ] Transforming netty-transport-4.1.34.Final.jar (io.netty:netty-transport:4.1.34.Final) with InstrumentationAnalysisTransform
[        ] Transforming netty-codec-socks-4.1.34.Final.jar (io.netty:netty-codec-socks:4.1.34.Final) with ExternalDependencyInstrumentingArtifactTransform
[        ] Transforming netty-transport-4.1.34.Final.jar (io.netty:netty-transport:4.1.34.Final) with MergeInstrumentationAnalysisTransform
[        ] Transforming netty-codec-4.1.34.Final.jar (io.netty:netty-codec:4.1.34.Final) with ExternalDependencyInstrumentingArtifactTransform
[        ] Transforming netty-buffer-4.1.34.Final.jar (io.netty:netty-buffer:4.1.34.Final) with InstrumentationAnalysisTransform
[        ] Transforming netty-buffer-4.1.34.Final.jar (io.netty:netty-buffer:4.1.34.Final) with MergeInstrumentationAnalysisTransform
[        ] Transforming netty-transport-4.1.34.Final.jar (io.netty:netty-transport:4.1.34.Final) with ExternalDependencyInstrumentingArtifactTransform
[        ] Transforming netty-resolver-4.1.34.Final.jar (io.netty:netty-resolver:4.1.34.Final) with InstrumentationAnalysisTransform
[        ] Transforming netty-buffer-4.1.34.Final.jar (io.netty:netty-buffer:4.1.34.Final) with ExternalDependencyInstrumentingArtifactTransform
[        ] Transforming netty-resolver-4.1.34.Final.jar (io.netty:netty-resolver:4.1.34.Final) with MergeInstrumentationAnalysisTransform
[        ] Transforming netty-common-4.1.34.Final.jar (io.netty:netty-common:4.1.34.Final) with InstrumentationAnalysisTransform
[        ] Transforming netty-common-4.1.34.Final.jar (io.netty:netty-common:4.1.34.Final) with MergeInstrumentationAnalysisTransform
[        ] Transforming jackson-databind-2.11.1.jar (com.fasterxml.jackson.core:jackson-databind:2.11.1) with InstrumentationAnalysisTransform
[        ] Transforming jackson-databind-2.11.1.jar (com.fasterxml.jackson.core:jackson-databind:2.11.1) with MergeInstrumentationAnalysisTransform
[        ] Transforming netty-resolver-4.1.34.Final.jar (io.netty:netty-resolver:4.1.34.Final) with ExternalDependencyInstrumentingArtifactTransform
[        ] Transforming jackson-annotations-2.11.1.jar (com.fasterxml.jackson.core:jackson-annotations:2.11.1) with InstrumentationAnalysisTransform
[        ] Transforming jackson-databind-2.11.1.jar (com.fasterxml.jackson.core:jackson-databind:2.11.1) with ExternalDependencyInstrumentingArtifactTransform
[        ] Transforming jackson-annotations-2.11.1.jar (com.fasterxml.jackson.core:jackson-annotations:2.11.1) with MergeInstrumentationAnalysisTransform
[        ] Transforming netty-common-4.1.34.Final.jar (io.netty:netty-common:4.1.34.Final) with ExternalDependencyInstrumentingArtifactTransform
[        ] Transforming jackson-core-2.11.1.jar (com.fasterxml.jackson.core:jackson-core:2.11.1) with InstrumentationAnalysisTransform
[        ] Transforming jackson-annotations-2.11.1.jar (com.fasterxml.jackson.core:jackson-annotations:2.11.1) with ExternalDependencyInstrumentingArtifactTransform
[        ] Transforming jackson-core-2.11.1.jar (com.fasterxml.jackson.core:jackson-core:2.11.1) with MergeInstrumentationAnalysisTransform
[        ] Transforming woodstox-core-6.2.1.jar (com.fasterxml.woodstox:woodstox-core:6.2.1) with InstrumentationAnalysisTransform
[        ] Transforming woodstox-core-6.2.1.jar (com.fasterxml.woodstox:woodstox-core:6.2.1) with MergeInstrumentationAnalysisTransform
[        ] Transforming jackson-core-2.11.1.jar (com.fasterxml.jackson.core:jackson-core:2.11.1) with ExternalDependencyInstrumentingArtifactTransform
[        ] Transforming stax2-api-4.2.1.jar (org.codehaus.woodstox:stax2-api:4.2.1) with InstrumentationAnalysisTransform
[        ] Transforming stax2-api-4.2.1.jar (org.codehaus.woodstox:stax2-api:4.2.1) with MergeInstrumentationAnalysisTransform
[        ] Transforming woodstox-core-6.2.1.jar (com.fasterxml.woodstox:woodstox-core:6.2.1) with ExternalDependencyInstrumentingArtifactTransform
[        ] Transforming stax2-api-4.2.1.jar (org.codehaus.woodstox:stax2-api:4.2.1) with ExternalDependencyInstrumentingArtifactTransform
[        ] Using default execution profile
[        ] Using Kotlin Gradle Plugin gradle85 variant
[  +18 ms] > Configure project :firebase_auth
[        ] Evaluating project ':firebase_auth' using build file 'C:\Users\bhavy\AppData\Local\Pub\Cache\hosted\pub.dev\firebase_auth-6.1.4\android\build.gradle'.
[        ] Using default execution profile
[        ] > Configure project :firebase_core
[        ] Evaluating project ':firebase_core' using build file 'C:\Users\bhavy\AppData\Local\Pub\Cache\hosted\pub.dev\firebase_core-4.6.0\android\build.gradle'.
[        ] Using default execution profile
[ +108 ms] > Configure project :firebase_messaging
[        ] Evaluating project ':firebase_messaging' using build file 'C:\Users\bhavy\AppData\Local\Pub\Cache\hosted\pub.dev\firebase_messaging-16.1.3\android\build.gradle'.
[        ] Using default execution profile
[  +94 ms] > Configure project :flutter_local_notifications
[        ] Evaluating project ':flutter_local_notifications' using build file 'C:\Users\bhavy\AppData\Local\Pub\Cache\hosted\pub.dev\flutter_local_notifications-17.2.4\android\build.gradle'.
[        ] Transforming gradle-7.3.1.jar (com.android.tools.build:gradle:7.3.1) with InstrumentationAnalysisTransform
[        ] Transforming lint-model-30.3.1.jar (com.android.tools.lint:lint-model:30.3.1) with InstrumentationAnalysisTransform
[        ] Transforming builder-7.3.1.jar (com.android.tools.build:builder:7.3.1) with InstrumentationAnalysisTransform
[        ] Transforming manifest-merger-30.3.1.jar (com.android.tools.build:manifest-merger:30.3.1) with InstrumentationAnalysisTransform
[        ] Transforming sdk-common-30.3.1.jar (com.android.tools:sdk-common:30.3.1) with InstrumentationAnalysisTransform
[        ] Transforming sdklib-30.3.1.jar (com.android.tools:sdklib:30.3.1) with InstrumentationAnalysisTransform
[        ] Transforming repository-30.3.1.jar (com.android.tools:repository:30.3.1) with InstrumentationAnalysisTransform
[        ] Transforming gradle-api-7.3.1.jar (com.android.tools.build:gradle-api:7.3.1) with InstrumentationAnalysisTransform
[        ] Transforming builder-test-api-7.3.1.jar (com.android.tools.build:builder-test-api:7.3.1) with InstrumentationAnalysisTransform
[        ] Transforming ddmlib-30.3.1.jar (com.android.tools.ddms:ddmlib:30.3.1) with InstrumentationAnalysisTransform
[        ] Transforming aaptcompiler-7.3.1.jar (com.android.tools.build:aaptcompiler:7.3.1) with InstrumentationAnalysisTransform
[        ] Transforming bundletool-1.9.0.jar (com.android.tools.build:bundletool:1.9.0) with InstrumentationAnalysisTransform
[        ] Transforming aapt2-proto-7.3.1-8691043.jar (com.android.tools.build:aapt2-proto:7.3.1-8691043) with InstrumentationAnalysisTransform
[        ] Transforming crash-30.3.1.jar (com.android.tools.analytics-library:crash:30.3.1) with InstrumentationAnalysisTransform
[        ] Transforming tracker-30.3.1.jar (com.android.tools.analytics-library:tracker:30.3.1) with InstrumentationAnalysisTransform
[        ] Transforming shared-30.3.1.jar (com.android.tools.analytics-library:shared:30.3.1) with InstrumentationAnalysisTransform
[        ] Transforming lint-typedef-remover-30.3.1.jar (com.android.tools.lint:lint-typedef-remover:30.3.1) with InstrumentationAnalysisTransform
[        ] Transforming databinding-compiler-common-7.3.1.jar (androidx.databinding:databinding-compiler-common:7.3.1) with InstrumentationAnalysisTransform
[        ] Transforming databinding-common-7.3.1.jar (androidx.databinding:databinding-common:7.3.1) with InstrumentationAnalysisTransform
[        ] Transforming baseLibrary-7.3.1.jar (com.android.databinding:baseLibrary:7.3.1) with InstrumentationAnalysisTransform
[        ] Transforming layoutlib-api-30.3.1.jar (com.android.tools.layoutlib:layoutlib-api:30.3.1) with InstrumentationAnalysisTransform
[        ] Transforming android-device-provider-ddmlib-proto-30.3.1.jar (com.android.tools.utp:android-device-provider-ddmlib-proto:30.3.1) with InstrumentationAnalysisTransform
[        ] Transforming android-device-provider-gradle-proto-30.3.1.jar (com.android.tools.utp:android-device-provider-gradle-proto:30.3.1) with InstrumentationAnalysisTransform
[        ] Transforming android-test-plugin-host-additional-test-output-proto-30.3.1.jar (com.android.tools.utp:android-test-plugin-host-additional-test-output-proto:30.3.1) with InstrumentationAnalysisTransform
[        ] Transforming android-test-plugin-host-coverage-proto-30.3.1.jar (com.android.tools.utp:android-test-plugin-host-coverage-proto:30.3.1) with InstrumentationAnalysisTransform
[        ] Transforming android-test-plugin-host-retention-proto-30.3.1.jar (com.android.tools.utp:android-test-plugin-host-retention-proto:30.3.1) with InstrumentationAnalysisTransform
[        ] Transforming android-test-plugin-result-listener-gradle-proto-30.3.1.jar (com.android.tools.utp:android-test-plugin-result-listener-gradle-proto:30.3.1) with InstrumentationAnalysisTransform
[        ] Transforming builder-model-7.3.1.jar (com.android.tools.build:builder-model:7.3.1) with InstrumentationAnalysisTransform
[        ] Transforming dvlib-30.3.1.jar (com.android.tools:dvlib:30.3.1) with InstrumentationAnalysisTransform
[        ] Transforming common-30.3.1.jar (com.android.tools:common:30.3.1) with InstrumentationAnalysisTransform
[        ] Transforming kotlin-stdlib-jdk8-1.5.31.jar (org.jetbrains.kotlin:kotlin-stdlib-jdk8:1.5.31) with InstrumentationAnalysisTransform
[        ] Transforming transform-api-2.0.0-deprecated-use-gradle-api.jar (com.android.tools.build:transform-api:2.0.0-deprecated-use-gradle-api) with InstrumentationAnalysisTransform
[        ] Transforming httpmime-4.5.6.jar (org.apache.httpcomponents:httpmime:4.5.6) with InstrumentationAnalysisTransform
[        ] Transforming commons-io-2.4.jar (commons-io:commons-io:2.4) with InstrumentationAnalysisTransform
[        ] Transforming jetifier-processor-1.0.0-beta10.jar (com.android.tools.build.jetifier:jetifier-processor:1.0.0-beta10) with InstrumentationAnalysisTransform
[        ] Transforming asm-commons-9.1.jar (org.ow2.asm:asm-commons:9.1) with InstrumentationAnalysisTransform
[        ] Transforming asm-util-9.1.jar (org.ow2.asm:asm-util:9.1) with InstrumentationAnalysisTransform
[        ] Transforming asm-analysis-9.1.jar (org.ow2.asm:asm-analysis:9.1) with InstrumentationAnalysisTransform
[        ] Transforming asm-tree-9.1.jar (org.ow2.asm:asm-tree:9.1) with InstrumentationAnalysisTransform
[        ] Transforming asm-9.1.jar (org.ow2.asm:asm:9.1) with InstrumentationAnalysisTransform
[        ] Transforming apkzlib-7.3.1.jar (com.android.tools.build:apkzlib:7.3.1) with InstrumentationAnalysisTransform
[        ] Transforming bcpkix-jdk15on-1.67.jar (org.bouncycastle:bcpkix-jdk15on:1.67) with InstrumentationAnalysisTransform
[        ] Transforming jaxb-runtime-2.3.2.jar (org.glassfish.jaxb:jaxb-runtime:2.3.2) with InstrumentationAnalysisTransform
[        ] Transforming jopt-simple-4.9.jar (net.sf.jopt-simple:jopt-simple:4.9) with InstrumentationAnalysisTransform
[        ] Transforming jetifier-core-1.0.0-beta10.jar (com.android.tools.build.jetifier:jetifier-core:1.0.0-beta10) with InstrumentationAnalysisTransform
[        ] Transforming javapoet-1.10.0.jar (com.squareup:javapoet:1.10.0) with InstrumentationAnalysisTransform
[        ] Transforming protobuf-java-util-3.17.2.jar (com.google.protobuf:protobuf-java-util:3.17.2) with InstrumentationAnalysisTransform
[        ] Transforming grpc-protobuf-1.39.0.jar (io.grpc:grpc-protobuf:1.39.0) with InstrumentationAnalysisTransform
[        ] Transforming tink-1.3.0-rc2.jar (com.google.crypto.tink:tink:1.3.0-rc2) with InstrumentationAnalysisTransform
[        ] Transforming protos-30.3.1.jar (com.android.tools.analytics-library:protos:30.3.1) with InstrumentationAnalysisTransform
[        ] Transforming proto-google-common-protos-2.0.1.jar (com.google.api.grpc:proto-google-common-protos:2.0.1) with InstrumentationAnalysisTransform
[        ] Transforming protobuf-java-3.17.2.jar (com.google.protobuf:protobuf-java:3.17.2) with InstrumentationAnalysisTransform
[        ] Transforming grpc-netty-1.39.0.jar (io.grpc:grpc-netty:1.39.0) with InstrumentationAnalysisTransform
[        ] Transforming grpc-core-1.39.0.jar (io.grpc:grpc-core:1.39.0) with InstrumentationAnalysisTransform
[        ] Transforming gson-2.8.6.jar (com.google.code.gson:gson:2.8.6) with InstrumentationAnalysisTransform
[        ] Transforming grpc-stub-1.39.0.jar (io.grpc:grpc-stub:1.39.0) with InstrumentationAnalysisTransform
[        ] Transforming core-proto-0.0.8-alpha07.jar (com.google.testing.platform:core-proto:0.0.8-alpha07) with InstrumentationAnalysisTransform
[        ] Transforming tensorflow-lite-metadata-0.1.0-rc2.jar (org.tensorflow:tensorflow-lite-metadata:0.1.0-rc2) with InstrumentationAnalysisTransform
[        ] Transforming flatbuffers-java-1.12.0.jar (com.google.flatbuffers:flatbuffers-java:1.12.0) with InstrumentationAnalysisTransform
[        ] Transforming jimfs-1.1.jar (com.google.jimfs:jimfs:1.1) with InstrumentationAnalysisTransform
[        ] Transforming grpc-protobuf-lite-1.39.0.jar (io.grpc:grpc-protobuf-lite:1.39.0) with InstrumentationAnalysisTransform
[        ] Transforming grpc-api-1.39.0.jar (io.grpc:grpc-api:1.39.0) with InstrumentationAnalysisTransform
[        ] Transforming guava-30.1-jre.jar (com.google.guava:guava:30.1-jre) with InstrumentationAnalysisTransform
[        ] Transforming dagger-2.28.3.jar (com.google.dagger:dagger:2.28.3) with InstrumentationAnalysisTransform
[        ] Transforming javax.inject-1.jar (javax.inject:javax.inject:1) with InstrumentationAnalysisTransform
[        ] Transforming kxml2-2.3.0.jar (net.sf.kxml:kxml2:2.3.0) with InstrumentationAnalysisTransform
[        ] Transforming bcprov-jdk15on-1.67.jar (org.bouncycastle:bcprov-jdk15on:1.67) with InstrumentationAnalysisTransform
[        ] Transforming trove4j-1.0.20181211.jar (org.jetbrains.intellij.deps:trove4j:1.0.20181211) with InstrumentationAnalysisTransform
[        ] Transforming kotlin-reflect-1.5.31.jar (org.jetbrains.kotlin:kotlin-reflect:1.5.31) with InstrumentationAnalysisTransform
[        ] Transforming xercesImpl-2.12.0.jar (xerces:xercesImpl:2.12.0) with InstrumentationAnalysisTransform
[        ] Transforming commons-compress-1.20.jar (org.apache.commons:commons-compress:1.20) with InstrumentationAnalysisTransform
[        ] Transforming httpclient-4.5.13.jar (org.apache.httpcomponents:httpclient:4.5.13) with InstrumentationAnalysisTransform
[        ] Transforming httpcore-4.4.13.jar (org.apache.httpcomponents:httpcore:4.4.13) with InstrumentationAnalysisTransform
[        ] Transforming javax.activation-1.2.0.jar (com.sun.activation:javax.activation:1.2.0) with InstrumentationAnalysisTransform
[        ] Transforming signflinger-7.3.1.jar (com.android:signflinger:7.3.1) with InstrumentationAnalysisTransform
[        ] Transforming zipflinger-7.3.1.jar (com.android:zipflinger:7.3.1) with InstrumentationAnalysisTransform
[        ] Transforming annotations-30.3.1.jar (com.android.tools:annotations:30.3.1) with InstrumentationAnalysisTransform
[        ] Transforming jna-platform-5.6.0.jar (net.java.dev.jna:jna-platform:5.6.0) with InstrumentationAnalysisTransform
[        ] Transforming juniversalchardet-1.0.3.jar (com.googlecode.juniversalchardet:juniversalchardet:1.0.3) with InstrumentationAnalysisTransform
[        ] Transforming kotlin-stdlib-jdk7-1.5.31.jar (org.jetbrains.kotlin:kotlin-stdlib-jdk7:1.5.31) with InstrumentationAnalysisTransform
[        ] Transforming kotlin-stdlib-1.5.31.jar (org.jetbrains.kotlin:kotlin-stdlib:1.5.31) with InstrumentationAnalysisTransform
[        ] Transforming annotations-13.0.jar (org.jetbrains:annotations:13.0) with InstrumentationAnalysisTransform
[        ] Transforming javax.annotation-api-1.3.2.jar (javax.annotation:javax.annotation-api:1.3.2) with InstrumentationAnalysisTransform
[        ] Transforming stax-ex-1.8.1.jar (org.jvnet.staxex:stax-ex:1.8.1) with InstrumentationAnalysisTransform
[        ] Transforming jakarta.xml.bind-api-2.3.2.jar (jakarta.xml.bind:jakarta.xml.bind-api:2.3.2) with InstrumentationAnalysisTransform
[        ] Transforming txw2-2.3.2.jar (org.glassfish.jaxb:txw2:2.3.2) with InstrumentationAnalysisTransform
[        ] Transforming istack-commons-runtime-3.0.8.jar (com.sun.istack:istack-commons-runtime:3.0.8) with InstrumentationAnalysisTransform
[        ] Transforming FastInfoset-1.2.16.jar (com.sun.xml.fastinfoset:FastInfoset:1.2.16) with InstrumentationAnalysisTransform
[        ] Transforming jakarta.activation-api-1.2.1.jar (jakarta.activation:jakarta.activation-api:1.2.1) with InstrumentationAnalysisTransform
[        ] Transforming auto-value-annotations-1.6.2.jar (com.google.auto.value:auto-value-annotations:1.6.2) with InstrumentationAnalysisTransform
[        ] Transforming error_prone_annotations-2.4.0.jar (com.google.errorprone:error_prone_annotations:2.4.0) with InstrumentationAnalysisTransform
[        ] Transforming jose4j-0.7.0.jar (org.bitbucket.b_c:jose4j:0.7.0) with InstrumentationAnalysisTransform
[        ] Transforming slf4j-api-1.7.30.jar (org.slf4j:slf4j-api:1.7.30) with InstrumentationAnalysisTransform
[        ] Transforming jdom2-2.0.6.jar (org.jdom:jdom2:2.0.6) with InstrumentationAnalysisTransform
[        ] Transforming annotations-4.1.1.4.jar (com.google.android:annotations:4.1.1.4) with InstrumentationAnalysisTransform
[        ] Transforming animal-sniffer-annotations-1.19.jar (org.codehaus.mojo:animal-sniffer-annotations:1.19) with InstrumentationAnalysisTransform
[        ] Transforming perfmark-api-0.23.0.jar (io.perfmark:perfmark-api:0.23.0) with InstrumentationAnalysisTransform
[        ] Transforming netty-codec-http2-4.1.52.Final.jar (io.netty:netty-codec-http2:4.1.52.Final) with InstrumentationAnalysisTransform
[        ] Transforming netty-handler-proxy-4.1.52.Final.jar (io.netty:netty-handler-proxy:4.1.52.Final) with InstrumentationAnalysisTransform
[        ] Transforming jsr305-3.0.2.jar (com.google.code.findbugs:jsr305:3.0.2) with InstrumentationAnalysisTransform
[        ] Transforming json-20180813.jar (org.json:json:20180813) with InstrumentationAnalysisTransform
[        ] Transforming checker-qual-3.5.0.jar (org.checkerframework:checker-qual:3.5.0) with InstrumentationAnalysisTransform
[        ] Transforming commons-codec-1.11.jar (commons-codec:commons-codec:1.11) with InstrumentationAnalysisTransform
[        ] Transforming fastutil-8.4.0.jar (it.unimi.dsi:fastutil:8.4.0) with InstrumentationAnalysisTransform
[        ] Transforming json-simple-1.1.jar (com.googlecode.json-simple:json-simple:1.1) with InstrumentationAnalysisTransform
[        ] Transforming apksig-7.3.1.jar (com.android.tools.build:apksig:7.3.1) with InstrumentationAnalysisTransform
[        ] Transforming javawriter-2.5.0.jar (com.squareup:javawriter:2.5.0) with InstrumentationAnalysisTransform
[        ] Transforming failureaccess-1.0.1.jar (com.google.guava:failureaccess:1.0.1) with InstrumentationAnalysisTransform
[        ] Transforming listenablefuture-9999.0-empty-to-avoid-conflict-with-guava.jar (com.google.guava:listenablefuture:9999.0-empty-to-avoid-conflict-with-guava) with InstrumentationAnalysisTransform
[        ] Transforming j2objc-annotations-1.3.jar (com.google.j2objc:j2objc-annotations:1.3) with InstrumentationAnalysisTransform
[        ] Transforming xml-apis-1.4.01.jar (xml-apis:xml-apis:1.4.01) with InstrumentationAnalysisTransform
[        ] Transforming commons-logging-1.2.jar (commons-logging:commons-logging:1.2) with InstrumentationAnalysisTransform
[        ] Transforming jna-5.6.0.jar (net.java.dev.jna:jna:5.6.0) with InstrumentationAnalysisTransform
[        ] Transforming kotlin-stdlib-common-1.5.31.jar (org.jetbrains.kotlin:kotlin-stdlib-common:1.5.31) with InstrumentationAnalysisTransform
[        ] Transforming grpc-context-1.39.0.jar (io.grpc:grpc-context:1.39.0) with InstrumentationAnalysisTransform
[        ] Transforming netty-codec-http-4.1.52.Final.jar (io.netty:netty-codec-http:4.1.52.Final) with InstrumentationAnalysisTransform
[        ] Transforming netty-handler-4.1.52.Final.jar (io.netty:netty-handler:4.1.52.Final) with InstrumentationAnalysisTransform
[        ] Transforming netty-codec-socks-4.1.52.Final.jar (io.netty:netty-codec-socks:4.1.52.Final) with InstrumentationAnalysisTransform
[        ] Transforming netty-codec-4.1.52.Final.jar (io.netty:netty-codec:4.1.52.Final) with InstrumentationAnalysisTransform
[        ] Transforming netty-transport-4.1.52.Final.jar (io.netty:netty-transport:4.1.52.Final) with InstrumentationAnalysisTransform
[        ] Transforming netty-buffer-4.1.52.Final.jar (io.netty:netty-buffer:4.1.52.Final) with InstrumentationAnalysisTransform
[        ] Transforming netty-resolver-4.1.52.Final.jar (io.netty:netty-resolver:4.1.52.Final) with InstrumentationAnalysisTransform
[        ] Transforming netty-common-4.1.52.Final.jar (io.netty:netty-common:4.1.52.Final) with InstrumentationAnalysisTransform
[        ] Transforming gradle-7.3.1.jar (com.android.tools.build:gradle:7.3.1) with InstrumentationAnalysisTransform
[        ] Transforming gradle-7.3.1.jar (com.android.tools.build:gradle:7.3.1) with MergeInstrumentationAnalysisTransform
[        ] Transforming lint-model-30.3.1.jar (com.android.tools.lint:lint-model:30.3.1) with InstrumentationAnalysisTransform
[        ] Transforming lint-model-30.3.1.jar (com.android.tools.lint:lint-model:30.3.1) with MergeInstrumentationAnalysisTransform
[        ] Transforming builder-7.3.1.jar (com.android.tools.build:builder:7.3.1) with InstrumentationAnalysisTransform
[        ] Transforming builder-7.3.1.jar (com.android.tools.build:builder:7.3.1) with MergeInstrumentationAnalysisTransform
[        ] Transforming manifest-merger-30.3.1.jar (com.android.tools.build:manifest-merger:30.3.1) with InstrumentationAnalysisTransform
[        ] Transforming manifest-merger-30.3.1.jar (com.android.tools.build:manifest-merger:30.3.1) with MergeInstrumentationAnalysisTransform
[        ] Transforming sdk-common-30.3.1.jar (com.android.tools:sdk-common:30.3.1) with InstrumentationAnalysisTransform
[        ] Transforming sdk-common-30.3.1.jar (com.android.tools:sdk-common:30.3.1) with MergeInstrumentationAnalysisTransform
[        ] Transforming gradle-7.3.1.jar (com.android.tools.build:gradle:7.3.1) with ExternalDependencyInstrumentingArtifactTransform
[        ] Transforming sdklib-30.3.1.jar (com.android.tools:sdklib:30.3.1) with InstrumentationAnalysisTransform
[        ] Transforming manifest-merger-30.3.1.jar (com.android.tools.build:manifest-merger:30.3.1) with ExternalDependencyInstrumentingArtifactTransform
[        ] Transforming builder-7.3.1.jar (com.android.tools.build:builder:7.3.1) with ExternalDependencyInstrumentingArtifactTransform
[        ] Transforming lint-model-30.3.1.jar (com.android.tools.lint:lint-model:30.3.1) with ExternalDependencyInstrumentingArtifactTransform
[        ] Transforming sdk-common-30.3.1.jar (com.android.tools:sdk-common:30.3.1) with ExternalDependencyInstrumentingArtifactTransform
[   +1 ms] Transforming sdklib-30.3.1.jar (com.android.tools:sdklib:30.3.1) with MergeInstrumentationAnalysisTransform
[        ] Transforming repository-30.3.1.jar (com.android.tools:repository:30.3.1) with InstrumentationAnalysisTransform
[        ] Transforming repository-30.3.1.jar (com.android.tools:repository:30.3.1) with MergeInstrumentationAnalysisTransform
[        ] Transforming gradle-api-7.3.1.jar (com.android.tools.build:gradle-api:7.3.1) with InstrumentationAnalysisTransform
[        ] Transforming gradle-api-7.3.1.jar (com.android.tools.build:gradle-api:7.3.1) with MergeInstrumentationAnalysisTransform
[        ] Transforming sdklib-30.3.1.jar (com.android.tools:sdklib:30.3.1) with ExternalDependencyInstrumentingArtifactTransform
[        ] Transforming builder-test-api-7.3.1.jar (com.android.tools.build:builder-test-api:7.3.1) with InstrumentationAnalysisTransform
[        ] Transforming repository-30.3.1.jar (com.android.tools:repository:30.3.1) with ExternalDependencyInstrumentingArtifactTransform
[        ] Transforming gradle-api-7.3.1.jar (com.android.tools.build:gradle-api:7.3.1) with ExternalDependencyInstrumentingArtifactTransform
[        ] Transforming builder-test-api-7.3.1.jar (com.android.tools.build:builder-test-api:7.3.1) with MergeInstrumentationAnalysisTransform
[        ] Transforming ddmlib-30.3.1.jar (com.android.tools.ddms:ddmlib:30.3.1) with InstrumentationAnalysisTransform
[        ] Transforming ddmlib-30.3.1.jar (com.android.tools.ddms:ddmlib:30.3.1) with MergeInstrumentationAnalysisTransform
[        ] Transforming builder-test-api-7.3.1.jar (com.android.tools.build:builder-test-api:7.3.1) with ExternalDependencyInstrumentingArtifactTransform
[        ] Transforming aaptcompiler-7.3.1.jar (com.android.tools.build:aaptcompiler:7.3.1) with InstrumentationAnalysisTransform
[        ] Transforming aaptcompiler-7.3.1.jar (com.android.tools.build:aaptcompiler:7.3.1) with MergeInstrumentationAnalysisTransform
[        ] Transforming ddmlib-30.3.1.jar (com.android.tools.ddms:ddmlib:30.3.1) with ExternalDependencyInstrumentingArtifactTransform
[        ] Transforming bundletool-1.9.0.jar (com.android.tools.build:bundletool:1.9.0) with InstrumentationAnalysisTransform
[        ] Transforming bundletool-1.9.0.jar (com.android.tools.build:bundletool:1.9.0) with MergeInstrumentationAnalysisTransform
[        ] Transforming aapt2-proto-7.3.1-8691043.jar (com.android.tools.build:aapt2-proto:7.3.1-8691043) with InstrumentationAnalysisTransform
[        ] Transforming aaptcompiler-7.3.1.jar (com.android.tools.build:aaptcompiler:7.3.1) with ExternalDependencyInstrumentingArtifactTransform
[        ] Transforming aapt2-proto-7.3.1-8691043.jar (com.android.tools.build:aapt2-proto:7.3.1-8691043) with MergeInstrumentationAnalysisTransform
[        ] Transforming bundletool-1.9.0.jar (com.android.tools.build:bundletool:1.9.0) with ExternalDependencyInstrumentingArtifactTransform
[        ] Transforming crash-30.3.1.jar (com.android.tools.analytics-library:crash:30.3.1) with InstrumentationAnalysisTransform
[        ] Transforming crash-30.3.1.jar (com.android.tools.analytics-library:crash:30.3.1) with MergeInstrumentationAnalysisTransform
[        ] Transforming tracker-30.3.1.jar (com.android.tools.analytics-library:tracker:30.3.1) with InstrumentationAnalysisTransform
[        ] Transforming aapt2-proto-7.3.1-8691043.jar (com.android.tools.build:aapt2-proto:7.3.1-8691043) with ExternalDependencyInstrumentingArtifactTransform
[        ] Transforming tracker-30.3.1.jar (com.android.tools.analytics-library:tracker:30.3.1) with MergeInstrumentationAnalysisTransform
[        ] Transforming crash-30.3.1.jar (com.android.tools.analytics-library:crash:30.3.1) with ExternalDependencyInstrumentingArtifactTransform
[        ] Transforming shared-30.3.1.jar (com.android.tools.analytics-library:shared:30.3.1) with InstrumentationAnalysisTransform
[        ] Transforming shared-30.3.1.jar (com.android.tools.analytics-library:shared:30.3.1) with MergeInstrumentationAnalysisTransform
[        ] Transforming tracker-30.3.1.jar (com.android.tools.analytics-library:tracker:30.3.1) with ExternalDependencyInstrumentingArtifactTransform
[        ] Transforming lint-typedef-remover-30.3.1.jar (com.android.tools.lint:lint-typedef-remover:30.3.1) with InstrumentationAnalysisTransform
[        ] Transforming lint-typedef-remover-30.3.1.jar (com.android.tools.lint:lint-typedef-remover:30.3.1) with MergeInstrumentationAnalysisTransform
[        ] Transforming shared-30.3.1.jar (com.android.tools.analytics-library:shared:30.3.1) with ExternalDependencyInstrumentingArtifactTransform
[        ] Transforming databinding-compiler-common-7.3.1.jar (androidx.databinding:databinding-compiler-common:7.3.1) with InstrumentationAnalysisTransform
[        ] Transforming lint-typedef-remover-30.3.1.jar (com.android.tools.lint:lint-typedef-remover:30.3.1) with ExternalDependencyInstrumentingArtifactTransform
[        ] Transforming databinding-compiler-common-7.3.1.jar (androidx.databinding:databinding-compiler-common:7.3.1) with MergeInstrumentationAnalysisTransform
[        ] Transforming databinding-common-7.3.1.jar (androidx.databinding:databinding-common:7.3.1) with InstrumentationAnalysisTransform
[        ] Transforming databinding-common-7.3.1.jar (androidx.databinding:databinding-common:7.3.1) with MergeInstrumentationAnalysisTransform
[        ] Transforming baseLibrary-7.3.1.jar (com.android.databinding:baseLibrary:7.3.1) with InstrumentationAnalysisTransform
[        ] Transforming databinding-compiler-common-7.3.1.jar (androidx.databinding:databinding-compiler-common:7.3.1) with ExternalDependencyInstrumentingArtifactTransform
[        ] Transforming baseLibrary-7.3.1.jar (com.android.databinding:baseLibrary:7.3.1) with MergeInstrumentationAnalysisTransform
[        ] Transforming databinding-common-7.3.1.jar (androidx.databinding:databinding-common:7.3.1) with ExternalDependencyInstrumentingArtifactTransform
[        ] Transforming layoutlib-api-30.3.1.jar (com.android.tools.layoutlib:layoutlib-api:30.3.1) with InstrumentationAnalysisTransform
[        ] Transforming baseLibrary-7.3.1.jar (com.android.databinding:baseLibrary:7.3.1) with ExternalDependencyInstrumentingArtifactTransform
[        ] Transforming layoutlib-api-30.3.1.jar (com.android.tools.layoutlib:layoutlib-api:30.3.1) with MergeInstrumentationAnalysisTransform
[        ] Transforming android-device-provider-ddmlib-proto-30.3.1.jar (com.android.tools.utp:android-device-provider-ddmlib-proto:30.3.1) with InstrumentationAnalysisTransform
[        ] Transforming android-device-provider-ddmlib-proto-30.3.1.jar (com.android.tools.utp:android-device-provider-ddmlib-proto:30.3.1) with MergeInstrumentationAnalysisTransform
[        ] Transforming android-device-provider-gradle-proto-30.3.1.jar (com.android.tools.utp:android-device-provider-gradle-proto:30.3.1) with InstrumentationAnalysisTransform
[        ] Transforming android-device-provider-gradle-proto-30.3.1.jar (com.android.tools.utp:android-device-provider-gradle-proto:30.3.1) with MergeInstrumentationAnalysisTransform
[        ] Transforming android-test-plugin-host-additional-test-output-proto-30.3.1.jar (com.android.tools.utp:android-test-plugin-host-additional-test-output-proto:30.3.1) with InstrumentationAnalysisTransform
[        ] Transforming layoutlib-api-30.3.1.jar (com.android.tools.layoutlib:layoutlib-api:30.3.1) with ExternalDependencyInstrumentingArtifactTransform
[        ] Transforming android-test-plugin-host-additional-test-output-proto-30.3.1.jar (com.android.tools.utp:android-test-plugin-host-additional-test-output-proto:30.3.1) with MergeInstrumentationAnalysisTransform
[        ] Transforming android-device-provider-gradle-proto-30.3.1.jar (com.android.tools.utp:android-device-provider-gradle-proto:30.3.1) with ExternalDependencyInstrumentingArtifactTransform
[        ] Transforming android-test-plugin-host-coverage-proto-30.3.1.jar (com.android.tools.utp:android-test-plugin-host-coverage-proto:30.3.1) with InstrumentationAnalysisTransform
[        ] Transforming android-device-provider-ddmlib-proto-30.3.1.jar (com.android.tools.utp:android-device-provider-ddmlib-proto:30.3.1) with ExternalDependencyInstrumentingArtifactTransform
[        ] Transforming android-test-plugin-host-coverage-proto-30.3.1.jar (com.android.tools.utp:android-test-plugin-host-coverage-proto:30.3.1) with MergeInstrumentationAnalysisTransform
[        ] Transforming android-test-plugin-host-additional-test-output-proto-30.3.1.jar (com.android.tools.utp:android-test-plugin-host-additional-test-output-proto:30.3.1) with ExternalDependencyInstrumentingArtifactTransform
[        ] Transforming android-test-plugin-host-retention-proto-30.3.1.jar (com.android.tools.utp:android-test-plugin-host-retention-proto:30.3.1) with InstrumentationAnalysisTransform
[        ] Transforming android-test-plugin-host-coverage-proto-30.3.1.jar (com.android.tools.utp:android-test-plugin-host-coverage-proto:30.3.1) with ExternalDependencyInstrumentingArtifactTransform
[        ] Transforming android-test-plugin-host-retention-proto-30.3.1.jar (com.android.tools.utp:android-test-plugin-host-retention-proto:30.3.1) with MergeInstrumentationAnalysisTransform
[        ] Transforming android-test-plugin-result-listener-gradle-proto-30.3.1.jar (com.android.tools.utp:android-test-plugin-result-listener-gradle-proto:30.3.1) with InstrumentationAnalysisTransform
[        ] Transforming android-test-plugin-result-listener-gradle-proto-30.3.1.jar (com.android.tools.utp:android-test-plugin-result-listener-gradle-proto:30.3.1) with MergeInstrumentationAnalysisTransform
[        ] Transforming builder-model-7.3.1.jar (com.android.tools.build:builder-model:7.3.1) with InstrumentationAnalysisTransform
[        ] Transforming builder-model-7.3.1.jar (com.android.tools.build:builder-model:7.3.1) with MergeInstrumentationAnalysisTransform
[        ] Transforming android-test-plugin-host-retention-proto-30.3.1.jar (com.android.tools.utp:android-test-plugin-host-retention-proto:30.3.1) with ExternalDependencyInstrumentingArtifactTransform
[        ] Transforming dvlib-30.3.1.jar (com.android.tools:dvlib:30.3.1) with InstrumentationAnalysisTransform
[        ] Transforming android-test-plugin-result-listener-gradle-proto-30.3.1.jar (com.android.tools.utp:android-test-plugin-result-listener-gradle-proto:30.3.1) with ExternalDependencyInstrumentingArtifactTransform
[        ] Transforming builder-model-7.3.1.jar (com.android.tools.build:builder-model:7.3.1) with ExternalDependencyInstrumentingArtifactTransform
[        ] Transforming dvlib-30.3.1.jar (com.android.tools:dvlib:30.3.1) with MergeInstrumentationAnalysisTransform
[        ] Transforming common-30.3.1.jar (com.android.tools:common:30.3.1) with InstrumentationAnalysisTransform
[        ] Transforming common-30.3.1.jar (com.android.tools:common:30.3.1) with MergeInstrumentationAnalysisTransform
[        ] Transforming dvlib-30.3.1.jar (com.android.tools:dvlib:30.3.1) with ExternalDependencyInstrumentingArtifactTransform
[        ] Transforming kotlin-stdlib-jdk8-1.5.31.jar (org.jetbrains.kotlin:kotlin-stdlib-jdk8:1.5.31) with InstrumentationAnalysisTransform
[        ] Transforming kotlin-stdlib-jdk8-1.5.31.jar (org.jetbrains.kotlin:kotlin-stdlib-jdk8:1.5.31) with MergeInstrumentationAnalysisTransform
[        ] Transforming transform-api-2.0.0-deprecated-use-gradle-api.jar (com.android.tools.build:transform-api:2.0.0-deprecated-use-gradle-api) with InstrumentationAnalysisTransform
[        ] Transforming transform-api-2.0.0-deprecated-use-gradle-api.jar (com.android.tools.build:transform-api:2.0.0-deprecated-use-gradle-api) with MergeInstrumentationAnalysisTransform
[        ] Transforming httpmime-4.5.6.jar (org.apache.httpcomponents:httpmime:4.5.6) with InstrumentationAnalysisTransform
[        ] Transforming common-30.3.1.jar (com.android.tools:common:30.3.1) with ExternalDependencyInstrumentingArtifactTransform
[        ] Transforming httpmime-4.5.6.jar (org.apache.httpcomponents:httpmime:4.5.6) with MergeInstrumentationAnalysisTransform
[        ] Transforming kotlin-stdlib-jdk8-1.5.31.jar (org.jetbrains.kotlin:kotlin-stdlib-jdk8:1.5.31) with ExternalDependencyInstrumentingArtifactTransform
[        ] Transforming transform-api-2.0.0-deprecated-use-gradle-api.jar (com.android.tools.build:transform-api:2.0.0-deprecated-use-gradle-api) with ExternalDependencyInstrumentingArtifactTransform
[        ] Transforming commons-io-2.4.jar (commons-io:commons-io:2.4) with InstrumentationAnalysisTransform
[        ] Transforming httpmime-4.5.6.jar (org.apache.httpcomponents:httpmime:4.5.6) with ExternalDependencyInstrumentingArtifactTransform
[        ] Transforming commons-io-2.4.jar (commons-io:commons-io:2.4) with MergeInstrumentationAnalysisTransform
[        ] Transforming jetifier-processor-1.0.0-beta10.jar (com.android.tools.build.jetifier:jetifier-processor:1.0.0-beta10) with InstrumentationAnalysisTransform
[        ] Transforming jetifier-processor-1.0.0-beta10.jar (com.android.tools.build.jetifier:jetifier-processor:1.0.0-beta10) with MergeInstrumentationAnalysisTransform
[        ] Transforming asm-commons-9.1.jar (org.ow2.asm:asm-commons:9.1) with InstrumentationAnalysisTransform
[        ] Transforming commons-io-2.4.jar (commons-io:commons-io:2.4) with ExternalDependencyInstrumentingArtifactTransform
[        ] Transforming asm-commons-9.1.jar (org.ow2.asm:asm-commons:9.1) with MergeInstrumentationAnalysisTransform
[        ] Transforming asm-util-9.1.jar (org.ow2.asm:asm-util:9.1) with InstrumentationAnalysisTransform
[        ] Transforming jetifier-processor-1.0.0-beta10.jar (com.android.tools.build.jetifier:jetifier-processor:1.0.0-beta10) with ExternalDependencyInstrumentingArtifactTransform
[        ] Transforming asm-util-9.1.jar (org.ow2.asm:asm-util:9.1) with MergeInstrumentationAnalysisTransform
[        ] Transforming asm-commons-9.1.jar (org.ow2.asm:asm-commons:9.1) with ExternalDependencyInstrumentingArtifactTransform
[        ] Transforming asm-analysis-9.1.jar (org.ow2.asm:asm-analysis:9.1) with InstrumentationAnalysisTransform
[        ] Transforming asm-analysis-9.1.jar (org.ow2.asm:asm-analysis:9.1) with MergeInstrumentationAnalysisTransform
[        ] Transforming asm-util-9.1.jar (org.ow2.asm:asm-util:9.1) with ExternalDependencyInstrumentingArtifactTransform
[        ] Transforming asm-tree-9.1.jar (org.ow2.asm:asm-tree:9.1) with InstrumentationAnalysisTransform
[        ] Transforming asm-analysis-9.1.jar (org.ow2.asm:asm-analysis:9.1) with ExternalDependencyInstrumentingArtifactTransform
[        ] Transforming asm-tree-9.1.jar (org.ow2.asm:asm-tree:9.1) with MergeInstrumentationAnalysisTransform
[        ] Transforming asm-9.1.jar (org.ow2.asm:asm:9.1) with InstrumentationAnalysisTransform
[        ] Transforming asm-9.1.jar (org.ow2.asm:asm:9.1) with MergeInstrumentationAnalysisTransform
[        ] Transforming apkzlib-7.3.1.jar (com.android.tools.build:apkzlib:7.3.1) with InstrumentationAnalysisTransform
[        ] Transforming asm-tree-9.1.jar (org.ow2.asm:asm-tree:9.1) with ExternalDependencyInstrumentingArtifactTransform
[        ] Transforming apkzlib-7.3.1.jar (com.android.tools.build:apkzlib:7.3.1) with MergeInstrumentationAnalysisTransform
[        ] Transforming asm-9.1.jar (org.ow2.asm:asm:9.1) with ExternalDependencyInstrumentingArtifactTransform
[        ] Transforming bcpkix-jdk15on-1.67.jar (org.bouncycastle:bcpkix-jdk15on:1.67) with InstrumentationAnalysisTransform
[        ] Transforming bcpkix-jdk15on-1.67.jar (org.bouncycastle:bcpkix-jdk15on:1.67) with MergeInstrumentationAnalysisTransform
[        ] Transforming apkzlib-7.3.1.jar (com.android.tools.build:apkzlib:7.3.1) with ExternalDependencyInstrumentingArtifactTransform
[        ] Transforming jaxb-runtime-2.3.2.jar (org.glassfish.jaxb:jaxb-runtime:2.3.2) with InstrumentationAnalysisTransform
[        ] Transforming bcpkix-jdk15on-1.67.jar (org.bouncycastle:bcpkix-jdk15on:1.67) with ExternalDependencyInstrumentingArtifactTransform
[        ] Transforming jaxb-runtime-2.3.2.jar (org.glassfish.jaxb:jaxb-runtime:2.3.2) with MergeInstrumentationAnalysisTransform
[        ] Transforming jopt-simple-4.9.jar (net.sf.jopt-simple:jopt-simple:4.9) with InstrumentationAnalysisTransform
[        ] Transforming jopt-simple-4.9.jar (net.sf.jopt-simple:jopt-simple:4.9) with MergeInstrumentationAnalysisTransform
[        ] Transforming jetifier-core-1.0.0-beta10.jar (com.android.tools.build.jetifier:jetifier-core:1.0.0-beta10) with InstrumentationAnalysisTransform
[        ] Transforming jetifier-core-1.0.0-beta10.jar (com.android.tools.build.jetifier:jetifier-core:1.0.0-beta10) with MergeInstrumentationAnalysisTransform
[        ] Transforming javapoet-1.10.0.jar (com.squareup:javapoet:1.10.0) with InstrumentationAnalysisTransform
[        ] Transforming javapoet-1.10.0.jar (com.squareup:javapoet:1.10.0) with MergeInstrumentationAnalysisTransform
[        ] Transforming jaxb-runtime-2.3.2.jar (org.glassfish.jaxb:jaxb-runtime:2.3.2) with ExternalDependencyInstrumentingArtifactTransform
[        ] Transforming protobuf-java-util-3.17.2.jar (com.google.protobuf:protobuf-java-util:3.17.2) with InstrumentationAnalysisTransform
[        ] Transforming jopt-simple-4.9.jar (net.sf.jopt-simple:jopt-simple:4.9) with ExternalDependencyInstrumentingArtifactTransform
[        ] Transforming javapoet-1.10.0.jar (com.squareup:javapoet:1.10.0) with ExternalDependencyInstrumentingArtifactTransform
[        ] Transforming jetifier-core-1.0.0-beta10.jar (com.android.tools.build.jetifier:jetifier-core:1.0.0-beta10) with ExternalDependencyInstrumentingArtifactTransform
[        ] Transforming protobuf-java-util-3.17.2.jar (com.google.protobuf:protobuf-java-util:3.17.2) with MergeInstrumentationAnalysisTransform
[        ] Transforming grpc-protobuf-1.39.0.jar (io.grpc:grpc-protobuf:1.39.0) with InstrumentationAnalysisTransform
[        ] Transforming grpc-protobuf-1.39.0.jar (io.grpc:grpc-protobuf:1.39.0) with MergeInstrumentationAnalysisTransform
[        ] Transforming tink-1.3.0-rc2.jar (com.google.crypto.tink:tink:1.3.0-rc2) with InstrumentationAnalysisTransform
[        ] Transforming tink-1.3.0-rc2.jar (com.google.crypto.tink:tink:1.3.0-rc2) with MergeInstrumentationAnalysisTransform
[        ] Transforming protos-30.3.1.jar (com.android.tools.analytics-library:protos:30.3.1) with InstrumentationAnalysisTransform
[        ] Transforming protos-30.3.1.jar (com.android.tools.analytics-library:protos:30.3.1) with MergeInstrumentationAnalysisTransform
[        ] Transforming proto-google-common-protos-2.0.1.jar (com.google.api.grpc:proto-google-common-protos:2.0.1) with InstrumentationAnalysisTransform
[        ] Transforming proto-google-common-protos-2.0.1.jar (com.google.api.grpc:proto-google-common-protos:2.0.1) with MergeInstrumentationAnalysisTransform
[        ] Transforming protobuf-java-3.17.2.jar (com.google.protobuf:protobuf-java:3.17.2) with InstrumentationAnalysisTransform
[        ] Transforming protobuf-java-3.17.2.jar (com.google.protobuf:protobuf-java:3.17.2) with MergeInstrumentationAnalysisTransform
[        ] Transforming protos-30.3.1.jar (com.android.tools.analytics-library:protos:30.3.1) with ExternalDependencyInstrumentingArtifactTransform
[        ] Transforming protobuf-java-util-3.17.2.jar (com.google.protobuf:protobuf-java-util:3.17.2) with ExternalDependencyInstrumentingArtifactTransform
[        ] Transforming tink-1.3.0-rc2.jar (com.google.crypto.tink:tink:1.3.0-rc2) with ExternalDependencyInstrumentingArtifactTransform
[        ] Transforming protobuf-java-3.17.2.jar (com.google.protobuf:protobuf-java:3.17.2) with ExternalDependencyInstrumentingArtifactTransform
[        ] Transforming grpc-netty-1.39.0.jar (io.grpc:grpc-netty:1.39.0) with InstrumentationAnalysisTransform
[        ] Transforming proto-google-common-protos-2.0.1.jar (com.google.api.grpc:proto-google-common-protos:2.0.1) with ExternalDependencyInstrumentingArtifactTransform
[        ] Transforming grpc-netty-1.39.0.jar (io.grpc:grpc-netty:1.39.0) with MergeInstrumentationAnalysisTransform
[        ] Transforming grpc-protobuf-1.39.0.jar (io.grpc:grpc-protobuf:1.39.0) with ExternalDependencyInstrumentingArtifactTransform
[        ] Transforming grpc-core-1.39.0.jar (io.grpc:grpc-core:1.39.0) with InstrumentationAnalysisTransform
[        ] Transforming grpc-netty-1.39.0.jar (io.grpc:grpc-netty:1.39.0) with ExternalDependencyInstrumentingArtifactTransform
[        ] Transforming grpc-core-1.39.0.jar (io.grpc:grpc-core:1.39.0) with MergeInstrumentationAnalysisTransform
[        ] Transforming gson-2.8.6.jar (com.google.code.gson:gson:2.8.6) with InstrumentationAnalysisTransform
[        ] Transforming gson-2.8.6.jar (com.google.code.gson:gson:2.8.6) with MergeInstrumentationAnalysisTransform
[        ] Transforming grpc-stub-1.39.0.jar (io.grpc:grpc-stub:1.39.0) with InstrumentationAnalysisTransform
[        ] Transforming grpc-stub-1.39.0.jar (io.grpc:grpc-stub:1.39.0) with MergeInstrumentationAnalysisTransform
[        ] Transforming core-proto-0.0.8-alpha07.jar (com.google.testing.platform:core-proto:0.0.8-alpha07) with InstrumentationAnalysisTransform
[        ] Transforming core-proto-0.0.8-alpha07.jar (com.google.testing.platform:core-proto:0.0.8-alpha07) with MergeInstrumentationAnalysisTransform
[        ] Transforming grpc-core-1.39.0.jar (io.grpc:grpc-core:1.39.0) with ExternalDependencyInstrumentingArtifactTransform
[        ] Transforming tensorflow-lite-metadata-0.1.0-rc2.jar (org.tensorflow:tensorflow-lite-metadata:0.1.0-rc2) with InstrumentationAnalysisTransform
[        ] Transforming gson-2.8.6.jar (com.google.code.gson:gson:2.8.6) with ExternalDependencyInstrumentingArtifactTransform
[        ] Transforming grpc-stub-1.39.0.jar (io.grpc:grpc-stub:1.39.0) with ExternalDependencyInstrumentingArtifactTransform
[        ] Transforming tensorflow-lite-metadata-0.1.0-rc2.jar (org.tensorflow:tensorflow-lite-metadata:0.1.0-rc2) with MergeInstrumentationAnalysisTransform
[        ] Transforming core-proto-0.0.8-alpha07.jar (com.google.testing.platform:core-proto:0.0.8-alpha07) with ExternalDependencyInstrumentingArtifactTransform
[        ] Transforming flatbuffers-java-1.12.0.jar (com.google.flatbuffers:flatbuffers-java:1.12.0) with InstrumentationAnalysisTransform
[        ] Transforming tensorflow-lite-metadata-0.1.0-rc2.jar (org.tensorflow:tensorflow-lite-metadata:0.1.0-rc2) with ExternalDependencyInstrumentingArtifactTransform
[        ] Transforming flatbuffers-java-1.12.0.jar (com.google.flatbuffers:flatbuffers-java:1.12.0) with MergeInstrumentationAnalysisTransform
[        ] Transforming jimfs-1.1.jar (com.google.jimfs:jimfs:1.1) with InstrumentationAnalysisTransform
[        ] Transforming jimfs-1.1.jar (com.google.jimfs:jimfs:1.1) with MergeInstrumentationAnalysisTransform
[        ] Transforming grpc-protobuf-lite-1.39.0.jar (io.grpc:grpc-protobuf-lite:1.39.0) with InstrumentationAnalysisTransform
[        ] Transforming flatbuffers-java-1.12.0.jar (com.google.flatbuffers:flatbuffers-java:1.12.0) with ExternalDependencyInstrumentingArtifactTransform
[        ] Transforming grpc-protobuf-lite-1.39.0.jar (io.grpc:grpc-protobuf-lite:1.39.0) with MergeInstrumentationAnalysisTransform
[        ] Transforming grpc-api-1.39.0.jar (io.grpc:grpc-api:1.39.0) with InstrumentationAnalysisTransform
[        ] Transforming jimfs-1.1.jar (com.google.jimfs:jimfs:1.1) with ExternalDependencyInstrumentingArtifactTransform
[        ] Transforming grpc-api-1.39.0.jar (io.grpc:grpc-api:1.39.0) with MergeInstrumentationAnalysisTransform
[        ] Transforming grpc-protobuf-lite-1.39.0.jar (io.grpc:grpc-protobuf-lite:1.39.0) with ExternalDependencyInstrumentingArtifactTransform
[        ] Transforming guava-30.1-jre.jar (com.google.guava:guava:30.1-jre) with InstrumentationAnalysisTransform
[        ] Transforming grpc-api-1.39.0.jar (io.grpc:grpc-api:1.39.0) with ExternalDependencyInstrumentingArtifactTransform
[        ] Transforming guava-30.1-jre.jar (com.google.guava:guava:30.1-jre) with MergeInstrumentationAnalysisTransform
[        ] Transforming dagger-2.28.3.jar (com.google.dagger:dagger:2.28.3) with InstrumentationAnalysisTransform
[        ] Transforming guava-30.1-jre.jar (com.google.guava:guava:30.1-jre) with ExternalDependencyInstrumentingArtifactTransform
[        ] Transforming dagger-2.28.3.jar (com.google.dagger:dagger:2.28.3) with MergeInstrumentationAnalysisTransform
[        ] Transforming javax.inject-1.jar (javax.inject:javax.inject:1) with InstrumentationAnalysisTransform
[        ] Transforming dagger-2.28.3.jar (com.google.dagger:dagger:2.28.3) with ExternalDependencyInstrumentingArtifactTransform
[        ] Transforming javax.inject-1.jar (javax.inject:javax.inject:1) with MergeInstrumentationAnalysisTransform
[        ] Transforming kxml2-2.3.0.jar (net.sf.kxml:kxml2:2.3.0) with InstrumentationAnalysisTransform
[        ] Transforming javax.inject-1.jar (javax.inject:javax.inject:1) with ExternalDependencyInstrumentingArtifactTransform
[        ] Transforming kxml2-2.3.0.jar (net.sf.kxml:kxml2:2.3.0) with MergeInstrumentationAnalysisTransform
[        ] Transforming bcprov-jdk15on-1.67.jar (org.bouncycastle:bcprov-jdk15on:1.67) with InstrumentationAnalysisTransform
[        ] Transforming kxml2-2.3.0.jar (net.sf.kxml:kxml2:2.3.0) with ExternalDependencyInstrumentingArtifactTransform
[        ] Transforming bcprov-jdk15on-1.67.jar (org.bouncycastle:bcprov-jdk15on:1.67) with MergeInstrumentationAnalysisTransform
[        ] Transforming trove4j-1.0.20181211.jar (org.jetbrains.intellij.deps:trove4j:1.0.20181211) with InstrumentationAnalysisTransform
[        ] Transforming trove4j-1.0.20181211.jar (org.jetbrains.intellij.deps:trove4j:1.0.20181211) with MergeInstrumentationAnalysisTransform
[        ] Transforming kotlin-reflect-1.5.31.jar (org.jetbrains.kotlin:kotlin-reflect:1.5.31) with InstrumentationAnalysisTransform
[        ] Transforming bcprov-jdk15on-1.67.jar (org.bouncycastle:bcprov-jdk15on:1.67) with ExternalDependencyInstrumentingArtifactTransform
[        ] Transforming kotlin-reflect-1.5.31.jar (org.jetbrains.kotlin:kotlin-reflect:1.5.31) with MergeInstrumentationAnalysisTransform
[        ] Transforming trove4j-1.0.20181211.jar (org.jetbrains.intellij.deps:trove4j:1.0.20181211) with ExternalDependencyInstrumentingArtifactTransform
[        ] Transforming xercesImpl-2.12.0.jar (xerces:xercesImpl:2.12.0) with InstrumentationAnalysisTransform
[        ] Transforming kotlin-reflect-1.5.31.jar (org.jetbrains.kotlin:kotlin-reflect:1.5.31) with ExternalDependencyInstrumentingArtifactTransform
[        ] Transforming xercesImpl-2.12.0.jar (xerces:xercesImpl:2.12.0) with MergeInstrumentationAnalysisTransform
[        ] Transforming commons-compress-1.20.jar (org.apache.commons:commons-compress:1.20) with InstrumentationAnalysisTransform
[        ] Transforming commons-compress-1.20.jar (org.apache.commons:commons-compress:1.20) with MergeInstrumentationAnalysisTransform
[        ] Transforming httpclient-4.5.13.jar (org.apache.httpcomponents:httpclient:4.5.13) with InstrumentationAnalysisTransform
[        ] Transforming httpclient-4.5.13.jar (org.apache.httpcomponents:httpclient:4.5.13) with MergeInstrumentationAnalysisTransform
[        ] Transforming httpcore-4.4.13.jar (org.apache.httpcomponents:httpcore:4.4.13) with InstrumentationAnalysisTransform
[        ] Transforming xercesImpl-2.12.0.jar (xerces:xercesImpl:2.12.0) with ExternalDependencyInstrumentingArtifactTransform
[        ] Transforming httpcore-4.4.13.jar (org.apache.httpcomponents:httpcore:4.4.13) with MergeInstrumentationAnalysisTransform
[        ] Transforming commons-compress-1.20.jar (org.apache.commons:commons-compress:1.20) with ExternalDependencyInstrumentingArtifactTransform
[        ] Transforming httpclient-4.5.13.jar (org.apache.httpcomponents:httpclient:4.5.13) with ExternalDependencyInstrumentingArtifactTransform
[        ] Transforming javax.activation-1.2.0.jar (com.sun.activation:javax.activation:1.2.0) with InstrumentationAnalysisTransform
[        ] Transforming httpcore-4.4.13.jar (org.apache.httpcomponents:httpcore:4.4.13) with ExternalDependencyInstrumentingArtifactTransform
[        ] Transforming javax.activation-1.2.0.jar (com.sun.activation:javax.activation:1.2.0) with MergeInstrumentationAnalysisTransform
[        ] Transforming signflinger-7.3.1.jar (com.android:signflinger:7.3.1) with InstrumentationAnalysisTransform
[        ] Transforming signflinger-7.3.1.jar (com.android:signflinger:7.3.1) with MergeInstrumentationAnalysisTransform
[        ] Transforming zipflinger-7.3.1.jar (com.android:zipflinger:7.3.1) with InstrumentationAnalysisTransform
[        ] Transforming javax.activation-1.2.0.jar (com.sun.activation:javax.activation:1.2.0) with ExternalDependencyInstrumentingArtifactTransform
[        ] Transforming zipflinger-7.3.1.jar (com.android:zipflinger:7.3.1) with MergeInstrumentationAnalysisTransform
[        ] Transforming signflinger-7.3.1.jar (com.android:signflinger:7.3.1) with ExternalDependencyInstrumentingArtifactTransform
[        ] Transforming annotations-30.3.1.jar (com.android.tools:annotations:30.3.1) with InstrumentationAnalysisTransform
[        ] Transforming annotations-30.3.1.jar (com.android.tools:annotations:30.3.1) with MergeInstrumentationAnalysisTransform
[        ] Transforming zipflinger-7.3.1.jar (com.android:zipflinger:7.3.1) with ExternalDependencyInstrumentingArtifactTransform
[        ] Transforming jna-platform-5.6.0.jar (net.java.dev.jna:jna-platform:5.6.0) with InstrumentationAnalysisTransform
[        ] Transforming annotations-30.3.1.jar (com.android.tools:annotations:30.3.1) with ExternalDependencyInstrumentingArtifactTransform
[        ] Transforming jna-platform-5.6.0.jar (net.java.dev.jna:jna-platform:5.6.0) with MergeInstrumentationAnalysisTransform
[        ] Transforming juniversalchardet-1.0.3.jar (com.googlecode.juniversalchardet:juniversalchardet:1.0.3) with InstrumentationAnalysisTransform
[        ] Transforming juniversalchardet-1.0.3.jar (com.googlecode.juniversalchardet:juniversalchardet:1.0.3) with MergeInstrumentationAnalysisTransform
[        ] Transforming kotlin-stdlib-jdk7-1.5.31.jar (org.jetbrains.kotlin:kotlin-stdlib-jdk7:1.5.31) with InstrumentationAnalysisTransform
[        ] Transforming kotlin-stdlib-jdk7-1.5.31.jar (org.jetbrains.kotlin:kotlin-stdlib-jdk7:1.5.31) with MergeInstrumentationAnalysisTransform
[        ] Transforming jna-platform-5.6.0.jar (net.java.dev.jna:jna-platform:5.6.0) with ExternalDependencyInstrumentingArtifactTransform
[        ] Transforming kotlin-stdlib-1.5.31.jar (org.jetbrains.kotlin:kotlin-stdlib:1.5.31) with InstrumentationAnalysisTransform
[        ] Transforming kotlin-stdlib-jdk7-1.5.31.jar (org.jetbrains.kotlin:kotlin-stdlib-jdk7:1.5.31) with ExternalDependencyInstrumentingArtifactTransform
[        ] Transforming juniversalchardet-1.0.3.jar (com.googlecode.juniversalchardet:juniversalchardet:1.0.3) with ExternalDependencyInstrumentingArtifactTransform
[        ] Transforming kotlin-stdlib-1.5.31.jar (org.jetbrains.kotlin:kotlin-stdlib:1.5.31) with MergeInstrumentationAnalysisTransform
[        ] Transforming annotations-13.0.jar (org.jetbrains:annotations:13.0) with InstrumentationAnalysisTransform
[        ] Transforming annotations-13.0.jar (org.jetbrains:annotations:13.0) with MergeInstrumentationAnalysisTransform
[        ] Transforming javax.annotation-api-1.3.2.jar (javax.annotation:javax.annotation-api:1.3.2) with InstrumentationAnalysisTransform
[        ] Transforming javax.annotation-api-1.3.2.jar (javax.annotation:javax.annotation-api:1.3.2) with MergeInstrumentationAnalysisTransform
[        ] Transforming stax-ex-1.8.1.jar (org.jvnet.staxex:stax-ex:1.8.1) with InstrumentationAnalysisTransform
[        ] Transforming kotlin-stdlib-1.5.31.jar (org.jetbrains.kotlin:kotlin-stdlib:1.5.31) with ExternalDependencyInstrumentingArtifactTransform
[        ] Transforming stax-ex-1.8.1.jar (org.jvnet.staxex:stax-ex:1.8.1) with MergeInstrumentationAnalysisTransform
[        ] Transforming annotations-13.0.jar (org.jetbrains:annotations:13.0) with ExternalDependencyInstrumentingArtifactTransform
[        ] Transforming javax.annotation-api-1.3.2.jar (javax.annotation:javax.annotation-api:1.3.2) with ExternalDependencyInstrumentingArtifactTransform
[        ] Transforming jakarta.xml.bind-api-2.3.2.jar (jakarta.xml.bind:jakarta.xml.bind-api:2.3.2) with InstrumentationAnalysisTransform
[        ] Transforming stax-ex-1.8.1.jar (org.jvnet.staxex:stax-ex:1.8.1) with ExternalDependencyInstrumentingArtifactTransform
[        ] Transforming jakarta.xml.bind-api-2.3.2.jar (jakarta.xml.bind:jakarta.xml.bind-api:2.3.2) with MergeInstrumentationAnalysisTransform
[        ] Transforming txw2-2.3.2.jar (org.glassfish.jaxb:txw2:2.3.2) with InstrumentationAnalysisTransform
[        ] Transforming txw2-2.3.2.jar (org.glassfish.jaxb:txw2:2.3.2) with MergeInstrumentationAnalysisTransform
[        ] Transforming istack-commons-runtime-3.0.8.jar (com.sun.istack:istack-commons-runtime:3.0.8) with InstrumentationAnalysisTransform
[        ] Transforming jakarta.xml.bind-api-2.3.2.jar (jakarta.xml.bind:jakarta.xml.bind-api:2.3.2) with ExternalDependencyInstrumentingArtifactTransform
[        ] Transforming istack-commons-runtime-3.0.8.jar (com.sun.istack:istack-commons-runtime:3.0.8) with MergeInstrumentationAnalysisTransform
[        ] Transforming FastInfoset-1.2.16.jar (com.sun.xml.fastinfoset:FastInfoset:1.2.16) with InstrumentationAnalysisTransform
[        ] Transforming txw2-2.3.2.jar (org.glassfish.jaxb:txw2:2.3.2) with ExternalDependencyInstrumentingArtifactTransform
[        ] Transforming FastInfoset-1.2.16.jar (com.sun.xml.fastinfoset:FastInfoset:1.2.16) with MergeInstrumentationAnalysisTransform
[        ] Transforming jakarta.activation-api-1.2.1.jar (jakarta.activation:jakarta.activation-api:1.2.1) with InstrumentationAnalysisTransform
[        ] Transforming istack-commons-runtime-3.0.8.jar (com.sun.istack:istack-commons-runtime:3.0.8) with ExternalDependencyInstrumentingArtifactTransform
[        ] Transforming jakarta.activation-api-1.2.1.jar (jakarta.activation:jakarta.activation-api:1.2.1) with MergeInstrumentationAnalysisTransform
[        ] Transforming auto-value-annotations-1.6.2.jar (com.google.auto.value:auto-value-annotations:1.6.2) with InstrumentationAnalysisTransform
[        ] Transforming auto-value-annotations-1.6.2.jar (com.google.auto.value:auto-value-annotations:1.6.2) with MergeInstrumentationAnalysisTransform
[        ] Transforming error_prone_annotations-2.4.0.jar (com.google.errorprone:error_prone_annotations:2.4.0) with InstrumentationAnalysisTransform
[        ] Transforming FastInfoset-1.2.16.jar (com.sun.xml.fastinfoset:FastInfoset:1.2.16) with ExternalDependencyInstrumentingArtifactTransform
[        ] Transforming error_prone_annotations-2.4.0.jar (com.google.errorprone:error_prone_annotations:2.4.0) with MergeInstrumentationAnalysisTransform
[        ] Transforming jose4j-0.7.0.jar (org.bitbucket.b_c:jose4j:0.7.0) with InstrumentationAnalysisTransform
[        ] Transforming jakarta.activation-api-1.2.1.jar (jakarta.activation:jakarta.activation-api:1.2.1) with ExternalDependencyInstrumentingArtifactTransform
[        ] Transforming jose4j-0.7.0.jar (org.bitbucket.b_c:jose4j:0.7.0) with MergeInstrumentationAnalysisTransform
[        ] Transforming auto-value-annotations-1.6.2.jar (com.google.auto.value:auto-value-annotations:1.6.2) with ExternalDependencyInstrumentingArtifactTransform
[        ] Transforming slf4j-api-1.7.30.jar (org.slf4j:slf4j-api:1.7.30) with InstrumentationAnalysisTransform
[        ] Transforming error_prone_annotations-2.4.0.jar (com.google.errorprone:error_prone_annotations:2.4.0) with ExternalDependencyInstrumentingArtifactTransform
[        ] Transforming slf4j-api-1.7.30.jar (org.slf4j:slf4j-api:1.7.30) with MergeInstrumentationAnalysisTransform
[        ] Transforming jose4j-0.7.0.jar (org.bitbucket.b_c:jose4j:0.7.0) with ExternalDependencyInstrumentingArtifactTransform
[        ] Transforming jdom2-2.0.6.jar (org.jdom:jdom2:2.0.6) with InstrumentationAnalysisTransform
[        ] Transforming jdom2-2.0.6.jar (org.jdom:jdom2:2.0.6) with MergeInstrumentationAnalysisTransform
[        ] Transforming slf4j-api-1.7.30.jar (org.slf4j:slf4j-api:1.7.30) with ExternalDependencyInstrumentingArtifactTransform
[        ] Transforming annotations-4.1.1.4.jar (com.google.android:annotations:4.1.1.4) with InstrumentationAnalysisTransform
[        ] Transforming annotations-4.1.1.4.jar (com.google.android:annotations:4.1.1.4) with MergeInstrumentationAnalysisTransform
[        ] Transforming jdom2-2.0.6.jar (org.jdom:jdom2:2.0.6) with ExternalDependencyInstrumentingArtifactTransform
[        ] Transforming animal-sniffer-annotations-1.19.jar (org.codehaus.mojo:animal-sniffer-annotations:1.19) with InstrumentationAnalysisTransform
[        ] Transforming animal-sniffer-annotations-1.19.jar (org.codehaus.mojo:animal-sniffer-annotations:1.19) with MergeInstrumentationAnalysisTransform
[        ] Transforming perfmark-api-0.23.0.jar (io.perfmark:perfmark-api:0.23.0) with InstrumentationAnalysisTransform
[        ] Transforming perfmark-api-0.23.0.jar (io.perfmark:perfmark-api:0.23.0) with MergeInstrumentationAnalysisTransform
[        ] Transforming annotations-4.1.1.4.jar (com.google.android:annotations:4.1.1.4) with ExternalDependencyInstrumentingArtifactTransform
[        ] Transforming animal-sniffer-annotations-1.19.jar (org.codehaus.mojo:animal-sniffer-annotations:1.19) with ExternalDependencyInstrumentingArtifactTransform
[        ] Transforming netty-codec-http2-4.1.52.Final.jar (io.netty:netty-codec-http2:4.1.52.Final) with InstrumentationAnalysisTransform
[        ] Transforming perfmark-api-0.23.0.jar (io.perfmark:perfmark-api:0.23.0) with ExternalDependencyInstrumentingArtifactTransform
[        ] Transforming netty-codec-http2-4.1.52.Final.jar (io.netty:netty-codec-http2:4.1.52.Final) with MergeInstrumentationAnalysisTransform
[        ] Transforming netty-handler-proxy-4.1.52.Final.jar (io.netty:netty-handler-proxy:4.1.52.Final) with InstrumentationAnalysisTransform
[        ] Transforming netty-handler-proxy-4.1.52.Final.jar (io.netty:netty-handler-proxy:4.1.52.Final) with MergeInstrumentationAnalysisTransform
[        ] Transforming jsr305-3.0.2.jar (com.google.code.findbugs:jsr305:3.0.2) with InstrumentationAnalysisTransform
[        ] Transforming jsr305-3.0.2.jar (com.google.code.findbugs:jsr305:3.0.2) with MergeInstrumentationAnalysisTransform
[        ] Transforming json-20180813.jar (org.json:json:20180813) with InstrumentationAnalysisTransform
[        ] Transforming json-20180813.jar (org.json:json:20180813) with MergeInstrumentationAnalysisTransform
[        ] Transforming checker-qual-3.5.0.jar (org.checkerframework:checker-qual:3.5.0) with InstrumentationAnalysisTransform
[        ] Transforming netty-handler-proxy-4.1.52.Final.jar (io.netty:netty-handler-proxy:4.1.52.Final) with ExternalDependencyInstrumentingArtifactTransform
[        ] Transforming netty-codec-http2-4.1.52.Final.jar (io.netty:netty-codec-http2:4.1.52.Final) with ExternalDependencyInstrumentingArtifactTransform
[        ] Transforming checker-qual-3.5.0.jar (org.checkerframework:checker-qual:3.5.0) with MergeInstrumentationAnalysisTransform
[        ] Transforming json-20180813.jar (org.json:json:20180813) with ExternalDependencyInstrumentingArtifactTransform
[        ] Transforming jsr305-3.0.2.jar (com.google.code.findbugs:jsr305:3.0.2) with ExternalDependencyInstrumentingArtifactTransform
[        ] Transforming commons-codec-1.11.jar (commons-codec:commons-codec:1.11) with InstrumentationAnalysisTransform
[        ] Transforming commons-codec-1.11.jar (commons-codec:commons-codec:1.11) with MergeInstrumentationAnalysisTransform
[        ] Transforming fastutil-8.4.0.jar (it.unimi.dsi:fastutil:8.4.0) with InstrumentationAnalysisTransform
[        ] Transforming checker-qual-3.5.0.jar (org.checkerframework:checker-qual:3.5.0) with ExternalDependencyInstrumentingArtifactTransform
[        ] Transforming fastutil-8.4.0.jar (it.unimi.dsi:fastutil:8.4.0) with MergeInstrumentationAnalysisTransform
[        ] Transforming commons-codec-1.11.jar (commons-codec:commons-codec:1.11) with ExternalDependencyInstrumentingArtifactTransform
[        ] Transforming json-simple-1.1.jar (com.googlecode.json-simple:json-simple:1.1) with InstrumentationAnalysisTransform
[        ] Transforming fastutil-8.4.0.jar (it.unimi.dsi:fastutil:8.4.0) with ExternalDependencyInstrumentingArtifactTransform
[        ] Transforming json-simple-1.1.jar (com.googlecode.json-simple:json-simple:1.1) with MergeInstrumentationAnalysisTransform
[        ] Transforming apksig-7.3.1.jar (com.android.tools.build:apksig:7.3.1) with InstrumentationAnalysisTransform
[        ] Transforming apksig-7.3.1.jar (com.android.tools.build:apksig:7.3.1) with MergeInstrumentationAnalysisTransform
[        ] Transforming json-simple-1.1.jar (com.googlecode.json-simple:json-simple:1.1) with ExternalDependencyInstrumentingArtifactTransform
[        ] Transforming javawriter-2.5.0.jar (com.squareup:javawriter:2.5.0) with InstrumentationAnalysisTransform
[        ] Transforming apksig-7.3.1.jar (com.android.tools.build:apksig:7.3.1) with ExternalDependencyInstrumentingArtifactTransform
[        ] Transforming javawriter-2.5.0.jar (com.squareup:javawriter:2.5.0) with MergeInstrumentationAnalysisTransform
[        ] Transforming failureaccess-1.0.1.jar (com.google.guava:failureaccess:1.0.1) with InstrumentationAnalysisTransform
[        ] Transforming javawriter-2.5.0.jar (com.squareup:javawriter:2.5.0) with ExternalDependencyInstrumentingArtifactTransform
[        ] Transforming failureaccess-1.0.1.jar (com.google.guava:failureaccess:1.0.1) with MergeInstrumentationAnalysisTransform
[        ] Transforming listenablefuture-9999.0-empty-to-avoid-conflict-with-guava.jar (com.google.guava:listenablefuture:9999.0-empty-to-avoid-conflict-with-guava) with InstrumentationAnalysisTransform
[        ] Transforming listenablefuture-9999.0-empty-to-avoid-conflict-with-guava.jar (com.google.guava:listenablefuture:9999.0-empty-to-avoid-conflict-with-guava) with MergeInstrumentationAnalysisTransform
[        ] Transforming j2objc-annotations-1.3.jar (com.google.j2objc:j2objc-annotations:1.3) with InstrumentationAnalysisTransform
[        ] Transforming failureaccess-1.0.1.jar (com.google.guava:failureaccess:1.0.1) with ExternalDependencyInstrumentingArtifactTransform
[        ] Transforming j2objc-annotations-1.3.jar (com.google.j2objc:j2objc-annotations:1.3) with MergeInstrumentationAnalysisTransform
[        ] Transforming xml-apis-1.4.01.jar (xml-apis:xml-apis:1.4.01) with InstrumentationAnalysisTransform
[        ] Transforming listenablefuture-9999.0-empty-to-avoid-conflict-with-guava.jar (com.google.guava:listenablefuture:9999.0-empty-to-avoid-conflict-with-guava) with ExternalDependencyInstrumentingArtifactTransform
[        ] Transforming xml-apis-1.4.01.jar (xml-apis:xml-apis:1.4.01) with MergeInstrumentationAnalysisTransform
[        ] Transforming j2objc-annotations-1.3.jar (com.google.j2objc:j2objc-annotations:1.3) with ExternalDependencyInstrumentingArtifactTransform
[        ] Transforming commons-logging-1.2.jar (commons-logging:commons-logging:1.2) with InstrumentationAnalysisTransform
[        ] Transforming xml-apis-1.4.01.jar (xml-apis:xml-apis:1.4.01) with ExternalDependencyInstrumentingArtifactTransform
[        ] Transforming commons-logging-1.2.jar (commons-logging:commons-logging:1.2) with MergeInstrumentationAnalysisTransform
[        ] Transforming jna-5.6.0.jar (net.java.dev.jna:jna:5.6.0) with InstrumentationAnalysisTransform
[        ] Transforming jna-5.6.0.jar (net.java.dev.jna:jna:5.6.0) with MergeInstrumentationAnalysisTransform
[        ] Transforming kotlin-stdlib-common-1.5.31.jar (org.jetbrains.kotlin:kotlin-stdlib-common:1.5.31) with InstrumentationAnalysisTransform
[        ] Transforming kotlin-stdlib-common-1.5.31.jar (org.jetbrains.kotlin:kotlin-stdlib-common:1.5.31) with MergeInstrumentationAnalysisTransform
[        ] Transforming commons-logging-1.2.jar (commons-logging:commons-logging:1.2) with ExternalDependencyInstrumentingArtifactTransform
[        ] Transforming jna-5.6.0.jar (net.java.dev.jna:jna:5.6.0) with ExternalDependencyInstrumentingArtifactTransform
[        ] Transforming grpc-context-1.39.0.jar (io.grpc:grpc-context:1.39.0) with InstrumentationAnalysisTransform
[        ] Transforming kotlin-stdlib-common-1.5.31.jar (org.jetbrains.kotlin:kotlin-stdlib-common:1.5.31) with ExternalDependencyInstrumentingArtifactTransform
[        ] Transforming grpc-context-1.39.0.jar (io.grpc:grpc-context:1.39.0) with MergeInstrumentationAnalysisTransform
[        ] Transforming netty-codec-http-4.1.52.Final.jar (io.netty:netty-codec-http:4.1.52.Final) with InstrumentationAnalysisTransform
[        ] Transforming netty-codec-http-4.1.52.Final.jar (io.netty:netty-codec-http:4.1.52.Final) with MergeInstrumentationAnalysisTransform
[        ] Transforming netty-handler-4.1.52.Final.jar (io.netty:netty-handler:4.1.52.Final) with InstrumentationAnalysisTransform
[        ] Transforming grpc-context-1.39.0.jar (io.grpc:grpc-context:1.39.0) with ExternalDependencyInstrumentingArtifactTransform
[        ] Transforming netty-codec-http-4.1.52.Final.jar (io.netty:netty-codec-http:4.1.52.Final) with ExternalDependencyInstrumentingArtifactTransform
[        ] Transforming netty-handler-4.1.52.Final.jar (io.netty:netty-handler:4.1.52.Final) with MergeInstrumentationAnalysisTransform
[        ] Transforming netty-codec-socks-4.1.52.Final.jar (io.netty:netty-codec-socks:4.1.52.Final) with InstrumentationAnalysisTransform
[        ] Transforming netty-codec-socks-4.1.52.Final.jar (io.netty:netty-codec-socks:4.1.52.Final) with MergeInstrumentationAnalysisTransform
[        ] Transforming netty-codec-4.1.52.Final.jar (io.netty:netty-codec:4.1.52.Final) with InstrumentationAnalysisTransform
[        ] Transforming netty-handler-4.1.52.Final.jar (io.netty:netty-handler:4.1.52.Final) with ExternalDependencyInstrumentingArtifactTransform
[        ] Transforming netty-codec-4.1.52.Final.jar (io.netty:netty-codec:4.1.52.Final) with MergeInstrumentationAnalysisTransform
[        ] Transforming netty-codec-socks-4.1.52.Final.jar (io.netty:netty-codec-socks:4.1.52.Final) with ExternalDependencyInstrumentingArtifactTransform
[        ] Transforming netty-transport-4.1.52.Final.jar (io.netty:netty-transport:4.1.52.Final) with InstrumentationAnalysisTransform
[        ] Transforming netty-codec-4.1.52.Final.jar (io.netty:netty-codec:4.1.52.Final) with ExternalDependencyInstrumentingArtifactTransform
[        ] Transforming netty-transport-4.1.52.Final.jar (io.netty:netty-transport:4.1.52.Final) with MergeInstrumentationAnalysisTransform
[        ] Transforming netty-buffer-4.1.52.Final.jar (io.netty:netty-buffer:4.1.52.Final) with InstrumentationAnalysisTransform
[        ] Transforming netty-buffer-4.1.52.Final.jar (io.netty:netty-buffer:4.1.52.Final) with MergeInstrumentationAnalysisTransform
[        ] Transforming netty-resolver-4.1.52.Final.jar (io.netty:netty-resolver:4.1.52.Final) with InstrumentationAnalysisTransform
[        ] Transforming netty-transport-4.1.52.Final.jar (io.netty:netty-transport:4.1.52.Final) with ExternalDependencyInstrumentingArtifactTransform
[        ] Transforming netty-resolver-4.1.52.Final.jar (io.netty:netty-resolver:4.1.52.Final) with MergeInstrumentationAnalysisTransform
[        ] Transforming netty-buffer-4.1.52.Final.jar (io.netty:netty-buffer:4.1.52.Final) with ExternalDependencyInstrumentingArtifactTransform
[        ] Transforming netty-common-4.1.52.Final.jar (io.netty:netty-common:4.1.52.Final) with InstrumentationAnalysisTransform
[        ] Transforming netty-resolver-4.1.52.Final.jar (io.netty:netty-resolver:4.1.52.Final) with ExternalDependencyInstrumentingArtifactTransform
[        ] Transforming netty-common-4.1.52.Final.jar (io.netty:netty-common:4.1.52.Final) with MergeInstrumentationAnalysisTransform
[        ] Transforming netty-common-4.1.52.Final.jar (io.netty:netty-common:4.1.52.Final) with ExternalDependencyInstrumentingArtifactTransform
[        ] Using default execution profile
[ +138 ms] > Configure project :flutter_tts
[        ] Evaluating project ':flutter_tts' using build file 'C:\Users\bhavy\AppData\Local\Pub\Cache\hosted\pub.dev\flutter_tts-4.2.5\android\build.gradle'.
[        ] Transforming gradle-8.13.0.jar (com.android.tools.build:gradle:8.13.0) with InstrumentationAnalysisTransform
[        ] Transforming kotlin-gradle-plugin-model-2.2.20.jar (org.jetbrains.kotlin:kotlin-gradle-plugin-model:2.2.20) with InstrumentationAnalysisTransform
[        ] Transforming fus-statistics-gradle-plugin-2.2.20-gradle811.jar (org.jetbrains.kotlin:fus-statistics-gradle-plugin:2.2.20) with InstrumentationAnalysisTransform
[        ] Transforming kotlin-gradle-plugin-api-2.2.20.jar (org.jetbrains.kotlin:kotlin-gradle-plugin-api:2.2.20) with InstrumentationAnalysisTransform
[        ] Transforming kotlin-gradle-plugin-api-2.2.20-gradle811.jar (org.jetbrains.kotlin:kotlin-gradle-plugin-api:2.2.20) with InstrumentationAnalysisTransform
[        ] Transforming kotlin-gradle-plugin-2.2.20-gradle811.jar (org.jetbrains.kotlin:kotlin-gradle-plugin:2.2.20) with InstrumentationAnalysisTransform
[        ] Transforming gradle-api-8.13.0.jar (com.android.tools.build:gradle-api:8.13.0) with InstrumentationAnalysisTransform
[        ] Transforming gradle-common-api-8.13.0.jar (com.android.tools.build:gradle-common-api:8.13.0) with InstrumentationAnalysisTransform
[        ] Transforming gradle-settings-api-8.13.0.jar (com.android.tools.build:gradle-settings-api:8.13.0) with InstrumentationAnalysisTransform
[        ] Transforming lint-model-31.13.0.jar (com.android.tools.lint:lint-model:31.13.0) with InstrumentationAnalysisTransform
[        ] Transforming builder-8.13.0.jar (com.android.tools.build:builder:8.13.0) with InstrumentationAnalysisTransform
[        ] Transforming manifest-merger-31.13.0.jar (com.android.tools.build:manifest-merger:31.13.0) with InstrumentationAnalysisTransform
[        ] Transforming sdk-common-31.13.0.jar (com.android.tools:sdk-common:31.13.0) with InstrumentationAnalysisTransform
[        ] Transforming sdklib-31.13.0.jar (com.android.tools:sdklib:31.13.0) with InstrumentationAnalysisTransform
[        ] Transforming repository-31.13.0.jar (com.android.tools:repository:31.13.0) with InstrumentationAnalysisTransform
[        ] Transforming builder-test-api-8.13.0.jar (com.android.tools.build:builder-test-api:8.13.0) with InstrumentationAnalysisTransform
[        ] Transforming ddmlib-31.13.0.jar (com.android.tools.ddms:ddmlib:31.13.0) with InstrumentationAnalysisTransform
[        ] Transforming aaptcompiler-8.13.0.jar (com.android.tools.build:aaptcompiler:8.13.0) with InstrumentationAnalysisTransform
[        ] Transforming bundletool-1.18.1.jar (com.android.tools.build:bundletool:1.18.1) with InstrumentationAnalysisTransform
[        ] Transforming aapt2-proto-8.13.0-13719691.jar (com.android.tools.build:aapt2-proto:8.13.0-13719691) with InstrumentationAnalysisTransform
[        ] Transforming crash-31.13.0.jar (com.android.tools.analytics-library:crash:31.13.0) with InstrumentationAnalysisTransform
[        ] Transforming tracker-31.13.0.jar (com.android.tools.analytics-library:tracker:31.13.0) with InstrumentationAnalysisTransform
[        ] Transforming shared-31.13.0.jar (com.android.tools.analytics-library:shared:31.13.0) with InstrumentationAnalysisTransform
[        ] Transforming lint-typedef-remover-31.13.0.jar (com.android.tools.lint:lint-typedef-remover:31.13.0) with InstrumentationAnalysisTransform
[        ] Transforming databinding-compiler-common-8.13.0.jar (androidx.databinding:databinding-compiler-common:8.13.0) with InstrumentationAnalysisTransform
[        ] Transforming databinding-common-8.13.0.jar (androidx.databinding:databinding-common:8.13.0) with InstrumentationAnalysisTransform
[        ] Transforming baseLibrary-8.13.0.jar (com.android.databinding:baseLibrary:8.13.0) with InstrumentationAnalysisTransform
[        ] Transforming layoutlib-api-31.13.0.jar (com.android.tools.layoutlib:layoutlib-api:31.13.0) with InstrumentationAnalysisTransform
[        ] Transforming android-device-provider-ddmlib-proto-31.13.0.jar (com.android.tools.utp:android-device-provider-ddmlib-proto:31.13.0) with InstrumentationAnalysisTransform
[        ] Transforming android-device-provider-profile-proto-31.13.0.jar (com.android.tools.utp:android-device-provider-profile-proto:31.13.0) with InstrumentationAnalysisTransform
[        ] Transforming android-test-plugin-host-additional-test-output-proto-31.13.0.jar (com.android.tools.utp:android-test-plugin-host-additional-test-output-proto:31.13.0) with InstrumentationAnalysisTransform
[        ] Transforming android-test-plugin-host-coverage-proto-31.13.0.jar (com.android.tools.utp:android-test-plugin-host-coverage-proto:31.13.0) with InstrumentationAnalysisTransform
[        ] Transforming android-test-plugin-host-emulator-control-proto-31.13.0.jar (com.android.tools.utp:android-test-plugin-host-emulator-control-proto:31.13.0) with InstrumentationAnalysisTransform
[        ] Transforming android-test-plugin-host-logcat-proto-31.13.0.jar (com.android.tools.utp:android-test-plugin-host-logcat-proto:31.13.0) with InstrumentationAnalysisTransform
[        ] Transforming android-test-plugin-host-apk-installer-proto-31.13.0.jar (com.android.tools.utp:android-test-plugin-host-apk-installer-proto:31.13.0) with InstrumentationAnalysisTransform
[        ] Transforming android-test-plugin-result-listener-gradle-proto-31.13.0.jar (com.android.tools.utp:android-test-plugin-result-listener-gradle-proto:31.13.0) with InstrumentationAnalysisTransform
[        ] Transforming jetifier-processor-1.0.0-beta10.jar (com.android.tools.build.jetifier:jetifier-processor:1.0.0-beta10) with InstrumentationAnalysisTransform
[        ] Transforming jetifier-core-1.0.0-beta10.jar (com.android.tools.build.jetifier:jetifier-core:1.0.0-beta10) with InstrumentationAnalysisTransform
[        ] Transforming builder-model-8.13.0.jar (com.android.tools.build:builder-model:8.13.0) with InstrumentationAnalysisTransform
[        ] Transforming kotlin-reflect-2.2.0.jar (org.jetbrains.kotlin:kotlin-reflect:2.2.0) with InstrumentationAnalysisTransform
[        ] Transforming dvlib-31.13.0.jar (com.android.tools:dvlib:31.13.0) with InstrumentationAnalysisTransform
[        ] Transforming common-31.13.0.jar (com.android.tools:common:31.13.0) with InstrumentationAnalysisTransform
[        ] Transforming kotlin-stdlib-jdk8-2.2.0.jar (org.jetbrains.kotlin:kotlin-stdlib-jdk8:2.2.0) with InstrumentationAnalysisTransform
[        ] Transforming kotlin-compiler-runner-2.2.20.jar (org.jetbrains.kotlin:kotlin-compiler-runner:2.2.20) with InstrumentationAnalysisTransform
[        ] Transforming kotlinx-coroutines-core-jvm-1.9.0.jar (org.jetbrains.kotlinx:kotlinx-coroutines-core-jvm:1.9.0) with InstrumentationAnalysisTransform
[        ] Transforming kotlin-stdlib-jdk7-2.2.0.jar (org.jetbrains.kotlin:kotlin-stdlib-jdk7:2.2.0) with InstrumentationAnalysisTransform
[        ] Transforming kotlin-stdlib-2.2.0.jar (org.jetbrains.kotlin:kotlin-stdlib:2.2.0) with InstrumentationAnalysisTransform
[        ] Transforming transform-api-2.0.0-deprecated-use-gradle-api.jar (com.android.tools.build:transform-api:2.0.0-deprecated-use-gradle-api) with InstrumentationAnalysisTransform
[        ] Transforming httpmime-4.5.6.jar (org.apache.httpcomponents:httpmime:4.5.6) with InstrumentationAnalysisTransform
[        ] Transforming commons-io-2.16.1.jar (commons-io:commons-io:2.16.1) with InstrumentationAnalysisTransform
[        ] Transforming asm-commons-9.8.jar (org.ow2.asm:asm-commons:9.8) with InstrumentationAnalysisTransform
[        ] Transforming asm-util-9.8.jar (org.ow2.asm:asm-util:9.8) with InstrumentationAnalysisTransform
[        ] Transforming asm-analysis-9.8.jar (org.ow2.asm:asm-analysis:9.8) with InstrumentationAnalysisTransform
[        ] Transforming asm-tree-9.8.jar (org.ow2.asm:asm-tree:9.8) with InstrumentationAnalysisTransform
[        ] Transforming asm-9.8.jar (org.ow2.asm:asm:9.8) with InstrumentationAnalysisTransform
[        ] Transforming apkzlib-8.13.0.jar (com.android.tools.build:apkzlib:8.13.0) with InstrumentationAnalysisTransform
[        ] Transforming bcpkix-jdk18on-1.79.jar (org.bouncycastle:bcpkix-jdk18on:1.79) with InstrumentationAnalysisTransform
[        ] Transforming jaxb-runtime-2.3.2.jar (org.glassfish.jaxb:jaxb-runtime:2.3.2) with InstrumentationAnalysisTransform
[        ] Transforming jopt-simple-4.9.jar (net.sf.jopt-simple:jopt-simple:4.9) with InstrumentationAnalysisTransform
[        ] Transforming javapoet-1.10.0.jar (com.squareup:javapoet:1.10.0) with InstrumentationAnalysisTransform
[        ] Transforming protobuf-java-util-3.25.5.jar (com.google.protobuf:protobuf-java-util:3.25.5) with InstrumentationAnalysisTransform
[        ] Transforming grpc-protobuf-1.69.1.jar (io.grpc:grpc-protobuf:1.69.1) with InstrumentationAnalysisTransform
[        ] Transforming tink-1.7.0.jar (com.google.crypto.tink:tink:1.7.0) with InstrumentationAnalysisTransform
[        ] Transforming core-proto-0.0.9-alpha03.jar (com.google.testing.platform:core-proto:0.0.9-alpha03) with InstrumentationAnalysisTransform
[        ] Transforming protos-31.13.0.jar (com.android.tools.analytics-library:protos:31.13.0) with InstrumentationAnalysisTransform
[        ] Transforming proto-google-common-protos-2.48.0.jar (com.google.api.grpc:proto-google-common-protos:2.48.0) with InstrumentationAnalysisTransform
[        ] Transforming protobuf-java-3.25.5.jar (com.google.protobuf:protobuf-java:3.25.5) with InstrumentationAnalysisTransform
[        ] Transforming grpc-netty-1.69.1.jar (io.grpc:grpc-netty:1.69.1) with InstrumentationAnalysisTransform
[        ] Transforming grpc-inprocess-1.69.1.jar (io.grpc:grpc-inprocess:1.69.1) with InstrumentationAnalysisTransform
[        ] Transforming grpc-util-1.69.1.jar (io.grpc:grpc-util:1.69.1) with InstrumentationAnalysisTransform
[        ] Transforming grpc-core-1.69.1.jar (io.grpc:grpc-core:1.69.1) with InstrumentationAnalysisTransform
[        ] Transforming kotlin-build-statistics-2.2.20.jar (org.jetbrains.kotlin:kotlin-build-statistics:2.2.20) with InstrumentationAnalysisTransform
[        ] Transforming gson-2.11.0.jar (com.google.code.gson:gson:2.11.0) with InstrumentationAnalysisTransform
[        ] Transforming grpc-stub-1.69.1.jar (io.grpc:grpc-stub:1.69.1) with InstrumentationAnalysisTransform
[        ] Transforming tensorflow-lite-metadata-0.2.0.jar (org.tensorflow:tensorflow-lite-metadata:0.2.0) with InstrumentationAnalysisTransform
[        ] Transforming flatbuffers-java-1.12.0.jar (com.google.flatbuffers:flatbuffers-java:1.12.0) with InstrumentationAnalysisTransform
[        ] Transforming kotlin-gradle-plugin-idea-proto-2.2.20.jar (org.jetbrains.kotlin:kotlin-gradle-plugin-idea-proto:2.2.20) with InstrumentationAnalysisTransform
[        ] Transforming kotlin-gradle-plugin-idea-2.2.20.jar (org.jetbrains.kotlin:kotlin-gradle-plugin-idea:2.2.20) with InstrumentationAnalysisTransform
[        ] Transforming kotlin-klib-commonizer-api-2.2.20.jar (org.jetbrains.kotlin:kotlin-klib-commonizer-api:2.2.20) with InstrumentationAnalysisTransform
[        ] Transforming kotlin-util-klib-metadata-2.2.20.jar (org.jetbrains.kotlin:kotlin-util-klib-metadata:2.2.20) with InstrumentationAnalysisTransform
[        ] Transforming abi-tools-api-2.2.20.jar (org.jetbrains.kotlin:abi-tools-api:2.2.20) with InstrumentationAnalysisTransform
[        ] Transforming jimfs-1.1.jar (com.google.jimfs:jimfs:1.1) with InstrumentationAnalysisTransform
[        ] Transforming grpc-context-1.69.1.jar (io.grpc:grpc-context:1.69.1) with InstrumentationAnalysisTransform
[        ] Transforming grpc-protobuf-lite-1.69.1.jar (io.grpc:grpc-protobuf-lite:1.69.1) with InstrumentationAnalysisTransform
[        ] Transforming grpc-api-1.69.1.jar (io.grpc:grpc-api:1.69.1) with InstrumentationAnalysisTransform
[        ] Transforming guava-33.3.1-jre.jar (com.google.guava:guava:33.3.1-jre) with InstrumentationAnalysisTransform
[        ] Transforming dagger-2.28.3.jar (com.google.dagger:dagger:2.28.3) with InstrumentationAnalysisTransform
[        ] Transforming javax.inject-1.jar (javax.inject:javax.inject:1) with InstrumentationAnalysisTransform
[        ] Transforming kxml2-2.3.0.jar (net.sf.kxml:kxml2:2.3.0) with InstrumentationAnalysisTransform
[        ] Transforming commons-compress-1.21.jar (org.apache.commons:commons-compress:1.21) with InstrumentationAnalysisTransform
[        ] Transforming bcutil-jdk18on-1.79.jar (org.bouncycastle:bcutil-jdk18on:1.79) with InstrumentationAnalysisTransform
[        ] Transforming bcprov-jdk18on-1.79.jar (org.bouncycastle:bcprov-jdk18on:1.79) with InstrumentationAnalysisTransform
[        ] Transforming httpclient-4.5.14.jar (org.apache.httpcomponents:httpclient:4.5.14) with InstrumentationAnalysisTransform
[        ] Transforming httpcore-4.4.16.jar (org.apache.httpcomponents:httpcore:4.4.16) with InstrumentationAnalysisTransform
[        ] Transforming javax.activation-1.2.0.jar (com.sun.activation:javax.activation:1.2.0) with InstrumentationAnalysisTransform
[        ] Transforming annotations-23.0.0.jar (org.jetbrains:annotations:23.0.0) with InstrumentationAnalysisTransform
[        ] Transforming signflinger-8.13.0.jar (com.android:signflinger:8.13.0) with InstrumentationAnalysisTransform
[        ] Transforming zipflinger-8.13.0.jar (com.android:zipflinger:8.13.0) with InstrumentationAnalysisTransform
[        ] Transforming annotations-31.13.0.jar (com.android.tools:annotations:31.13.0) with InstrumentationAnalysisTransform
[        ] Transforming jna-platform-5.6.0.jar (net.java.dev.jna:jna-platform:5.6.0) with InstrumentationAnalysisTransform
[        ] Transforming juniversalchardet-1.0.3.jar (com.googlecode.juniversalchardet:juniversalchardet:1.0.3) with InstrumentationAnalysisTransform
[        ] Transforming javax.annotation-api-1.3.2.jar (javax.annotation:javax.annotation-api:1.3.2) with InstrumentationAnalysisTransform
[        ] Transforming stax-ex-1.8.1.jar (org.jvnet.staxex:stax-ex:1.8.1) with InstrumentationAnalysisTransform
[        ] Transforming jakarta.xml.bind-api-2.3.2.jar (jakarta.xml.bind:jakarta.xml.bind-api:2.3.2) with InstrumentationAnalysisTransform
[        ] Transforming txw2-2.3.2.jar (org.glassfish.jaxb:txw2:2.3.2) with InstrumentationAnalysisTransform
[        ] Transforming istack-commons-runtime-3.0.8.jar (com.sun.istack:istack-commons-runtime:3.0.8) with InstrumentationAnalysisTransform
[        ] Transforming FastInfoset-1.2.16.jar (com.sun.xml.fastinfoset:FastInfoset:1.2.16) with InstrumentationAnalysisTransform
[        ] Transforming jakarta.activation-api-1.2.1.jar (jakarta.activation:jakarta.activation-api:1.2.1) with InstrumentationAnalysisTransform
[        ] Transforming auto-value-annotations-1.6.2.jar (com.google.auto.value:auto-value-annotations:1.6.2) with InstrumentationAnalysisTransform
[        ] Transforming error_prone_annotations-2.30.0.jar (com.google.errorprone:error_prone_annotations:2.30.0) with InstrumentationAnalysisTransform
[        ] Transforming jose4j-0.9.5.jar (org.bitbucket.b_c:jose4j:0.9.5) with InstrumentationAnalysisTransform
[        ] Transforming slf4j-api-1.7.30.jar (org.slf4j:slf4j-api:1.7.30) with InstrumentationAnalysisTransform
[        ] Transforming jdom2-2.0.6.jar (org.jdom:jdom2:2.0.6) with InstrumentationAnalysisTransform
[        ] Transforming jsr305-3.0.2.jar (com.google.code.findbugs:jsr305:3.0.2) with InstrumentationAnalysisTransform
[        ] Transforming j2objc-annotations-3.0.0.jar (com.google.j2objc:j2objc-annotations:3.0.0) with InstrumentationAnalysisTransform
[        ] Transforming annotations-4.1.1.4.jar (com.google.android:annotations:4.1.1.4) with InstrumentationAnalysisTransform
[        ] Transforming animal-sniffer-annotations-1.24.jar (org.codehaus.mojo:animal-sniffer-annotations:1.24) with InstrumentationAnalysisTransform
[        ] Transforming perfmark-api-0.27.0.jar (io.perfmark:perfmark-api:0.27.0) with InstrumentationAnalysisTransform
[        ] Transforming netty-codec-http2-4.1.110.Final.jar (io.netty:netty-codec-http2:4.1.110.Final) with InstrumentationAnalysisTransform
[        ] Transforming netty-handler-proxy-4.1.110.Final.jar (io.netty:netty-handler-proxy:4.1.110.Final) with InstrumentationAnalysisTransform
[        ] Transforming netty-codec-http-4.1.110.Final.jar (io.netty:netty-codec-http:4.1.110.Final) with InstrumentationAnalysisTransform
[        ] Transforming netty-handler-4.1.110.Final.jar (io.netty:netty-handler:4.1.110.Final) with InstrumentationAnalysisTransform
[        ] Transforming netty-transport-native-unix-common-4.1.110.Final.jar (io.netty:netty-transport-native-unix-common:4.1.110.Final) with InstrumentationAnalysisTransform
[        ] Transforming checker-qual-3.43.0.jar (org.checkerframework:checker-qual:3.43.0) with InstrumentationAnalysisTransform
[        ] Transforming apksig-8.13.0.jar (com.android.tools.build:apksig:8.13.0) with InstrumentationAnalysisTransform
[        ] Transforming javawriter-2.5.0.jar (com.squareup:javawriter:2.5.0) with InstrumentationAnalysisTransform
[        ] Transforming kotlin-gradle-plugin-annotations-2.2.20.jar (org.jetbrains.kotlin:kotlin-gradle-plugin-annotations:2.2.20) with InstrumentationAnalysisTransform
[        ] Transforming kotlin-native-utils-2.2.20.jar (org.jetbrains.kotlin:kotlin-native-utils:2.2.20) with InstrumentationAnalysisTransform
[        ] Transforming kotlin-tooling-core-2.2.20.jar (org.jetbrains.kotlin:kotlin-tooling-core:2.2.20) with InstrumentationAnalysisTransform
[        ] Transforming kotlin-build-tools-api-2.2.20.jar (org.jetbrains.kotlin:kotlin-build-tools-api:2.2.20) with InstrumentationAnalysisTransform
[        ] Transforming kotlin-util-klib-2.2.20.jar (org.jetbrains.kotlin:kotlin-util-klib:2.2.20) with InstrumentationAnalysisTransform
[        ] Transforming kotlin-util-io-2.2.20.jar (org.jetbrains.kotlin:kotlin-util-io:2.2.20) with InstrumentationAnalysisTransform
[        ] Transforming kotlin-daemon-client-2.2.20.jar (org.jetbrains.kotlin:kotlin-daemon-client:2.2.20) with InstrumentationAnalysisTransform
[        ] Transforming failureaccess-1.0.2.jar (com.google.guava:failureaccess:1.0.2) with InstrumentationAnalysisTransform
[        ] Transforming listenablefuture-9999.0-empty-to-avoid-conflict-with-guava.jar (com.google.guava:listenablefuture:9999.0-empty-to-avoid-conflict-with-guava) with InstrumentationAnalysisTransform
[        ] Transforming commons-logging-1.2.jar (commons-logging:commons-logging:1.2) with InstrumentationAnalysisTransform
[        ] Transforming commons-codec-1.11.jar (commons-codec:commons-codec:1.11) with InstrumentationAnalysisTransform
[        ] Transforming jna-5.6.0.jar (net.java.dev.jna:jna:5.6.0) with InstrumentationAnalysisTransform
[        ] Transforming netty-codec-socks-4.1.110.Final.jar (io.netty:netty-codec-socks:4.1.110.Final) with InstrumentationAnalysisTransform
[        ] Transforming netty-codec-4.1.110.Final.jar (io.netty:netty-codec:4.1.110.Final) with InstrumentationAnalysisTransform
[        ] Transforming netty-transport-4.1.110.Final.jar (io.netty:netty-transport:4.1.110.Final) with InstrumentationAnalysisTransform
[        ] Transforming netty-buffer-4.1.110.Final.jar (io.netty:netty-buffer:4.1.110.Final) with InstrumentationAnalysisTransform
[        ] Transforming netty-resolver-4.1.110.Final.jar (io.netty:netty-resolver:4.1.110.Final) with InstrumentationAnalysisTransform
[        ] Transforming netty-common-4.1.110.Final.jar (io.netty:netty-common:4.1.110.Final) with InstrumentationAnalysisTransform
[        ] Transforming gradle-8.13.0.jar (com.android.tools.build:gradle:8.13.0) with InstrumentationAnalysisTransform
[        ] Transforming gradle-8.13.0.jar (com.android.tools.build:gradle:8.13.0) with MergeInstrumentationAnalysisTransform
[        ] Transforming kotlin-gradle-plugin-model-2.2.20.jar (org.jetbrains.kotlin:kotlin-gradle-plugin-model:2.2.20) with InstrumentationAnalysisTransform
[        ] Transforming kotlin-gradle-plugin-model-2.2.20.jar (org.jetbrains.kotlin:kotlin-gradle-plugin-model:2.2.20) with MergeInstrumentationAnalysisTransform
[        ] Transforming fus-statistics-gradle-plugin-2.2.20-gradle811.jar (org.jetbrains.kotlin:fus-statistics-gradle-plugin:2.2.20) with InstrumentationAnalysisTransform
[        ] Transforming fus-statistics-gradle-plugin-2.2.20-gradle811.jar (org.jetbrains.kotlin:fus-statistics-gradle-plugin:2.2.20) with MergeInstrumentationAnalysisTransform
[        ] Transforming gradle-8.13.0.jar (com.android.tools.build:gradle:8.13.0) with ExternalDependencyInstrumentingArtifactTransform
[        ] Transforming kotlin-gradle-plugin-model-2.2.20.jar (org.jetbrains.kotlin:kotlin-gradle-plugin-model:2.2.20) with ExternalDependencyInstrumentingArtifactTransform
[        ] Transforming kotlin-gradle-plugin-api-2.2.20.jar (org.jetbrains.kotlin:kotlin-gradle-plugin-api:2.2.20) with InstrumentationAnalysisTransform
[        ] Transforming fus-statistics-gradle-plugin-2.2.20-gradle811.jar (org.jetbrains.kotlin:fus-statistics-gradle-plugin:2.2.20) with ExternalDependencyInstrumentingArtifactTransform
[        ] Transforming kotlin-gradle-plugin-api-2.2.20.jar (org.jetbrains.kotlin:kotlin-gradle-plugin-api:2.2.20) with MergeInstrumentationAnalysisTransform
[        ] Transforming kotlin-gradle-plugin-api-2.2.20-gradle811.jar (org.jetbrains.kotlin:kotlin-gradle-plugin-api:2.2.20) with InstrumentationAnalysisTransform
[        ] Transforming kotlin-gradle-plugin-api-2.2.20-gradle811.jar (org.jetbrains.kotlin:kotlin-gradle-plugin-api:2.2.20) with MergeInstrumentationAnalysisTransform
[        ] Transforming kotlin-gradle-plugin-api-2.2.20.jar (org.jetbrains.kotlin:kotlin-gradle-plugin-api:2.2.20) with ExternalDependencyInstrumentingArtifactTransform
[        ] Transforming kotlin-gradle-plugin-2.2.20-gradle811.jar (org.jetbrains.kotlin:kotlin-gradle-plugin:2.2.20) with InstrumentationAnalysisTransform
[        ] Transforming kotlin-gradle-plugin-2.2.20-gradle811.jar (org.jetbrains.kotlin:kotlin-gradle-plugin:2.2.20) with MergeInstrumentationAnalysisTransform
[        ] Transforming gradle-api-8.13.0.jar (com.android.tools.build:gradle-api:8.13.0) with InstrumentationAnalysisTransform
[        ] Transforming kotlin-gradle-plugin-api-2.2.20-gradle811.jar (org.jetbrains.kotlin:kotlin-gradle-plugin-api:2.2.20) with ExternalDependencyInstrumentingArtifactTransform
[        ] Transforming gradle-api-8.13.0.jar (com.android.tools.build:gradle-api:8.13.0) with MergeInstrumentationAnalysisTransform
[        ] Transforming gradle-common-api-8.13.0.jar (com.android.tools.build:gradle-common-api:8.13.0) with InstrumentationAnalysisTransform
[        ] Transforming kotlin-gradle-plugin-2.2.20-gradle811.jar (org.jetbrains.kotlin:kotlin-gradle-plugin:2.2.20) with ExternalDependencyInstrumentingArtifactTransform
[        ] Transforming gradle-common-api-8.13.0.jar (com.android.tools.build:gradle-common-api:8.13.0) with MergeInstrumentationAnalysisTransform
[        ] Transforming gradle-settings-api-8.13.0.jar (com.android.tools.build:gradle-settings-api:8.13.0) with InstrumentationAnalysisTransform
[        ] Transforming gradle-api-8.13.0.jar (com.android.tools.build:gradle-api:8.13.0) with ExternalDependencyInstrumentingArtifactTransform
[        ] Transforming gradle-settings-api-8.13.0.jar (com.android.tools.build:gradle-settings-api:8.13.0) with MergeInstrumentationAnalysisTransform
[        ] Transforming gradle-common-api-8.13.0.jar (com.android.tools.build:gradle-common-api:8.13.0) with ExternalDependencyInstrumentingArtifactTransform
[        ] Transforming gradle-settings-api-8.13.0.jar (com.android.tools.build:gradle-settings-api:8.13.0) with ExternalDependencyInstrumentingArtifactTransform
[        ] Transforming lint-model-31.13.0.jar (com.android.tools.lint:lint-model:31.13.0) with InstrumentationAnalysisTransform
[        ] Transforming lint-model-31.13.0.jar (com.android.tools.lint:lint-model:31.13.0) with MergeInstrumentationAnalysisTransform
[        ] Transforming builder-8.13.0.jar (com.android.tools.build:builder:8.13.0) with InstrumentationAnalysisTransform
[        ] Transforming builder-8.13.0.jar (com.android.tools.build:builder:8.13.0) with MergeInstrumentationAnalysisTransform
[        ] Transforming manifest-merger-31.13.0.jar (com.android.tools.build:manifest-merger:31.13.0) with InstrumentationAnalysisTransform
[        ] Transforming manifest-merger-31.13.0.jar (com.android.tools.build:manifest-merger:31.13.0) with MergeInstrumentationAnalysisTransform
[        ] Transforming lint-model-31.13.0.jar (com.android.tools.lint:lint-model:31.13.0) with ExternalDependencyInstrumentingArtifactTransform
[        ] Transforming builder-8.13.0.jar (com.android.tools.build:builder:8.13.0) with ExternalDependencyInstrumentingArtifactTransform
[        ] Transforming manifest-merger-31.13.0.jar (com.android.tools.build:manifest-merger:31.13.0) with ExternalDependencyInstrumentingArtifactTransform
[        ] Transforming sdk-common-31.13.0.jar (com.android.tools:sdk-common:31.13.0) with InstrumentationAnalysisTransform
[        ] Transforming sdk-common-31.13.0.jar (com.android.tools:sdk-common:31.13.0) with MergeInstrumentationAnalysisTransform
[        ] Transforming sdklib-31.13.0.jar (com.android.tools:sdklib:31.13.0) with InstrumentationAnalysisTransform
[        ] Transforming sdklib-31.13.0.jar (com.android.tools:sdklib:31.13.0) with MergeInstrumentationAnalysisTransform
[        ] Transforming repository-31.13.0.jar (com.android.tools:repository:31.13.0) with InstrumentationAnalysisTransform
[        ] Transforming repository-31.13.0.jar (com.android.tools:repository:31.13.0) with MergeInstrumentationAnalysisTransform
[        ] Transforming sdk-common-31.13.0.jar (com.android.tools:sdk-common:31.13.0) with ExternalDependencyInstrumentingArtifactTransform
[        ] Transforming builder-test-api-8.13.0.jar (com.android.tools.build:builder-test-api:8.13.0) with InstrumentationAnalysisTransform
[        ] Transforming builder-test-api-8.13.0.jar (com.android.tools.build:builder-test-api:8.13.0) with MergeInstrumentationAnalysisTransform
[        ] Transforming ddmlib-31.13.0.jar (com.android.tools.ddms:ddmlib:31.13.0) with InstrumentationAnalysisTransform
[        ] Transforming sdklib-31.13.0.jar (com.android.tools:sdklib:31.13.0) with ExternalDependencyInstrumentingArtifactTransform
[        ] Transforming ddmlib-31.13.0.jar (com.android.tools.ddms:ddmlib:31.13.0) with MergeInstrumentationAnalysisTransform
[        ] Transforming aaptcompiler-8.13.0.jar (com.android.tools.build:aaptcompiler:8.13.0) with InstrumentationAnalysisTransform
[        ] Transforming builder-test-api-8.13.0.jar (com.android.tools.build:builder-test-api:8.13.0) with ExternalDependencyInstrumentingArtifactTransform
[        ] Transforming repository-31.13.0.jar (com.android.tools:repository:31.13.0) with ExternalDependencyInstrumentingArtifactTransform
[        ] Transforming ddmlib-31.13.0.jar (com.android.tools.ddms:ddmlib:31.13.0) with ExternalDependencyInstrumentingArtifactTransform
[        ] Transforming aaptcompiler-8.13.0.jar (com.android.tools.build:aaptcompiler:8.13.0) with MergeInstrumentationAnalysisTransform
[        ] Transforming bundletool-1.18.1.jar (com.android.tools.build:bundletool:1.18.1) with InstrumentationAnalysisTransform
[        ] Transforming bundletool-1.18.1.jar (com.android.tools.build:bundletool:1.18.1) with MergeInstrumentationAnalysisTransform
[        ] Transforming aapt2-proto-8.13.0-13719691.jar (com.android.tools.build:aapt2-proto:8.13.0-13719691) with InstrumentationAnalysisTransform
[        ] Transforming aaptcompiler-8.13.0.jar (com.android.tools.build:aaptcompiler:8.13.0) with ExternalDependencyInstrumentingArtifactTransform
[        ] Transforming bundletool-1.18.1.jar (com.android.tools.build:bundletool:1.18.1) with ExternalDependencyInstrumentingArtifactTransform
[        ] Transforming aapt2-proto-8.13.0-13719691.jar (com.android.tools.build:aapt2-proto:8.13.0-13719691) with MergeInstrumentationAnalysisTransform
[        ] Transforming crash-31.13.0.jar (com.android.tools.analytics-library:crash:31.13.0) with InstrumentationAnalysisTransform
[        ] Transforming crash-31.13.0.jar (com.android.tools.analytics-library:crash:31.13.0) with MergeInstrumentationAnalysisTransform
[        ] Transforming tracker-31.13.0.jar (com.android.tools.analytics-library:tracker:31.13.0) with InstrumentationAnalysisTransform
[        ] Transforming tracker-31.13.0.jar (com.android.tools.analytics-library:tracker:31.13.0) with MergeInstrumentationAnalysisTransform
[        ] Transforming aapt2-proto-8.13.0-13719691.jar (com.android.tools.build:aapt2-proto:8.13.0-13719691) with ExternalDependencyInstrumentingArtifactTransform
[        ] Transforming crash-31.13.0.jar (com.android.tools.analytics-library:crash:31.13.0) with ExternalDependencyInstrumentingArtifactTransform
[        ] Transforming shared-31.13.0.jar (com.android.tools.analytics-library:shared:31.13.0) with InstrumentationAnalysisTransform
[        ] Transforming tracker-31.13.0.jar (com.android.tools.analytics-library:tracker:31.13.0) with ExternalDependencyInstrumentingArtifactTransform
[        ] Transforming shared-31.13.0.jar (com.android.tools.analytics-library:shared:31.13.0) with MergeInstrumentationAnalysisTransform
[        ] Transforming lint-typedef-remover-31.13.0.jar (com.android.tools.lint:lint-typedef-remover:31.13.0) with InstrumentationAnalysisTransform
[        ] Transforming lint-typedef-remover-31.13.0.jar (com.android.tools.lint:lint-typedef-remover:31.13.0) with MergeInstrumentationAnalysisTransform
[        ] Transforming databinding-compiler-common-8.13.0.jar (androidx.databinding:databinding-compiler-common:8.13.0) with InstrumentationAnalysisTransform
[        ] Transforming databinding-compiler-common-8.13.0.jar (androidx.databinding:databinding-compiler-common:8.13.0) with MergeInstrumentationAnalysisTransform
[        ] Transforming shared-31.13.0.jar (com.android.tools.analytics-library:shared:31.13.0) with ExternalDependencyInstrumentingArtifactTransform
[        ] Transforming databinding-common-8.13.0.jar (androidx.databinding:databinding-common:8.13.0) with InstrumentationAnalysisTransform
[        ] Transforming lint-typedef-remover-31.13.0.jar (com.android.tools.lint:lint-typedef-remover:31.13.0) with ExternalDependencyInstrumentingArtifactTransform
[        ] Transforming databinding-common-8.13.0.jar (androidx.databinding:databinding-common:8.13.0) with MergeInstrumentationAnalysisTransform
[        ] Transforming baseLibrary-8.13.0.jar (com.android.databinding:baseLibrary:8.13.0) with InstrumentationAnalysisTransform
[        ] Transforming databinding-compiler-common-8.13.0.jar (androidx.databinding:databinding-compiler-common:8.13.0) with ExternalDependencyInstrumentingArtifactTransform
[        ] Transforming baseLibrary-8.13.0.jar (com.android.databinding:baseLibrary:8.13.0) with MergeInstrumentationAnalysisTransform
[        ] Transforming databinding-common-8.13.0.jar (androidx.databinding:databinding-common:8.13.0) with ExternalDependencyInstrumentingArtifactTransform
[        ] Transforming layoutlib-api-31.13.0.jar (com.android.tools.layoutlib:layoutlib-api:31.13.0) with InstrumentationAnalysisTransform
[        ] Transforming layoutlib-api-31.13.0.jar (com.android.tools.layoutlib:layoutlib-api:31.13.0) with MergeInstrumentationAnalysisTransform
[        ] Transforming baseLibrary-8.13.0.jar (com.android.databinding:baseLibrary:8.13.0) with ExternalDependencyInstrumentingArtifactTransform
[        ] Transforming android-device-provider-ddmlib-proto-31.13.0.jar (com.android.tools.utp:android-device-provider-ddmlib-proto:31.13.0) with InstrumentationAnalysisTransform
[        ] Transforming android-device-provider-ddmlib-proto-31.13.0.jar (com.android.tools.utp:android-device-provider-ddmlib-proto:31.13.0) with MergeInstrumentationAnalysisTransform
[        ] Transforming android-device-provider-profile-proto-31.13.0.jar (com.android.tools.utp:android-device-provider-profile-proto:31.13.0) with InstrumentationAnalysisTransform
[        ] Transforming layoutlib-api-31.13.0.jar (com.android.tools.layoutlib:layoutlib-api:31.13.0) with ExternalDependencyInstrumentingArtifactTransform
[        ] Transforming android-device-provider-profile-proto-31.13.0.jar (com.android.tools.utp:android-device-provider-profile-proto:31.13.0) with MergeInstrumentationAnalysisTransform
[        ] Transforming android-device-provider-ddmlib-proto-31.13.0.jar (com.android.tools.utp:android-device-provider-ddmlib-proto:31.13.0) with ExternalDependencyInstrumentingArtifactTransform
[        ] Transforming android-test-plugin-host-additional-test-output-proto-31.13.0.jar (com.android.tools.utp:android-test-plugin-host-additional-test-output-proto:31.13.0) with InstrumentationAnalysisTransform
[        ] Transforming android-test-plugin-host-additional-test-output-proto-31.13.0.jar (com.android.tools.utp:android-test-plugin-host-additional-test-output-proto:31.13.0) with MergeInstrumentationAnalysisTransform
[        ] Transforming android-device-provider-profile-proto-31.13.0.jar (com.android.tools.utp:android-device-provider-profile-proto:31.13.0) with ExternalDependencyInstrumentingArtifactTransform
[        ] Transforming android-test-plugin-host-coverage-proto-31.13.0.jar (com.android.tools.utp:android-test-plugin-host-coverage-proto:31.13.0) with InstrumentationAnalysisTransform
[        ] Transforming android-test-plugin-host-additional-test-output-proto-31.13.0.jar (com.android.tools.utp:android-test-plugin-host-additional-test-output-proto:31.13.0) with ExternalDependencyInstrumentingArtifactTransform
[        ] Transforming android-test-plugin-host-coverage-proto-31.13.0.jar (com.android.tools.utp:android-test-plugin-host-coverage-proto:31.13.0) with MergeInstrumentationAnalysisTransform
[        ] Transforming android-test-plugin-host-emulator-control-proto-31.13.0.jar (com.android.tools.utp:android-test-plugin-host-emulator-control-proto:31.13.0) with InstrumentationAnalysisTransform
[        ] Transforming android-test-plugin-host-emulator-control-proto-31.13.0.jar (com.android.tools.utp:android-test-plugin-host-emulator-control-proto:31.13.0) with MergeInstrumentationAnalysisTransform
[        ] Transforming android-test-plugin-host-logcat-proto-31.13.0.jar (com.android.tools.utp:android-test-plugin-host-logcat-proto:31.13.0) with InstrumentationAnalysisTransform
[        ] Transforming android-test-plugin-host-coverage-proto-31.13.0.jar (com.android.tools.utp:android-test-plugin-host-coverage-proto:31.13.0) with ExternalDependencyInstrumentingArtifactTransform
[        ] Transforming android-test-plugin-host-logcat-proto-31.13.0.jar (com.android.tools.utp:android-test-plugin-host-logcat-proto:31.13.0) with MergeInstrumentationAnalysisTransform
[        ] Transforming android-test-plugin-host-apk-installer-proto-31.13.0.jar (com.android.tools.utp:android-test-plugin-host-apk-installer-proto:31.13.0) with InstrumentationAnalysisTransform
[        ] Transforming android-test-plugin-host-apk-installer-proto-31.13.0.jar (com.android.tools.utp:android-test-plugin-host-apk-installer-proto:31.13.0) with MergeInstrumentationAnalysisTransform
[        ] Transforming android-test-plugin-result-listener-gradle-proto-31.13.0.jar (com.android.tools.utp:android-test-plugin-result-listener-gradle-proto:31.13.0) with InstrumentationAnalysisTransform
[        ] Transforming android-test-plugin-result-listener-gradle-proto-31.13.0.jar (com.android.tools.utp:android-test-plugin-result-listener-gradle-proto:31.13.0) with MergeInstrumentationAnalysisTransform
[        ] Transforming jetifier-processor-1.0.0-beta10.jar (com.android.tools.build.jetifier:jetifier-processor:1.0.0-beta10) with InstrumentationAnalysisTransform
[        ] Transforming android-test-plugin-host-emulator-control-proto-31.13.0.jar (com.android.tools.utp:android-test-plugin-host-emulator-control-proto:31.13.0) with ExternalDependencyInstrumentingArtifactTransform
[        ] Transforming jetifier-processor-1.0.0-beta10.jar (com.android.tools.build.jetifier:jetifier-processor:1.0.0-beta10) with MergeInstrumentationAnalysisTransform
[        ] Transforming android-test-plugin-host-logcat-proto-31.13.0.jar (com.android.tools.utp:android-test-plugin-host-logcat-proto:31.13.0) with ExternalDependencyInstrumentingArtifactTransform
[        ] Transforming android-test-plugin-host-apk-installer-proto-31.13.0.jar (com.android.tools.utp:android-test-plugin-host-apk-installer-proto:31.13.0) with ExternalDependencyInstrumentingArtifactTransform
[        ] Transforming jetifier-processor-1.0.0-beta10.jar (com.android.tools.build.jetifier:jetifier-processor:1.0.0-beta10) with ExternalDependencyInstrumentingArtifactTransform
[        ] Transforming jetifier-core-1.0.0-beta10.jar (com.android.tools.build.jetifier:jetifier-core:1.0.0-beta10) with InstrumentationAnalysisTransform
[        ] Transforming android-test-plugin-result-listener-gradle-proto-31.13.0.jar (com.android.tools.utp:android-test-plugin-result-listener-gradle-proto:31.13.0) with ExternalDependencyInstrumentingArtifactTransform
[        ] Transforming jetifier-core-1.0.0-beta10.jar (com.android.tools.build.jetifier:jetifier-core:1.0.0-beta10) with MergeInstrumentationAnalysisTransform
[        ] Transforming builder-model-8.13.0.jar (com.android.tools.build:builder-model:8.13.0) with InstrumentationAnalysisTransform
[        ] Transforming builder-model-8.13.0.jar (com.android.tools.build:builder-model:8.13.0) with MergeInstrumentationAnalysisTransform
[        ] Transforming kotlin-reflect-2.2.0.jar (org.jetbrains.kotlin:kotlin-reflect:2.2.0) with InstrumentationAnalysisTransform
[        ] Transforming kotlin-reflect-2.2.0.jar (org.jetbrains.kotlin:kotlin-reflect:2.2.0) with MergeInstrumentationAnalysisTransform
[        ] Transforming jetifier-core-1.0.0-beta10.jar (com.android.tools.build.jetifier:jetifier-core:1.0.0-beta10) with ExternalDependencyInstrumentingArtifactTransform
[        ] Transforming dvlib-31.13.0.jar (com.android.tools:dvlib:31.13.0) with InstrumentationAnalysisTransform
[        ] Transforming builder-model-8.13.0.jar (com.android.tools.build:builder-model:8.13.0) with ExternalDependencyInstrumentingArtifactTransform
[        ] Transforming dvlib-31.13.0.jar (com.android.tools:dvlib:31.13.0) with MergeInstrumentationAnalysisTransform
[        ] Transforming kotlin-reflect-2.2.0.jar (org.jetbrains.kotlin:kotlin-reflect:2.2.0) with ExternalDependencyInstrumentingArtifactTransform
[        ] Transforming common-31.13.0.jar (com.android.tools:common:31.13.0) with InstrumentationAnalysisTransform
[        ] Transforming common-31.13.0.jar (com.android.tools:common:31.13.0) with MergeInstrumentationAnalysisTransform
[        ] Transforming kotlin-stdlib-jdk8-2.2.0.jar (org.jetbrains.kotlin:kotlin-stdlib-jdk8:2.2.0) with InstrumentationAnalysisTransform
[        ] Transforming dvlib-31.13.0.jar (com.android.tools:dvlib:31.13.0) with ExternalDependencyInstrumentingArtifactTransform
[        ] Transforming kotlin-stdlib-jdk8-2.2.0.jar (org.jetbrains.kotlin:kotlin-stdlib-jdk8:2.2.0) with MergeInstrumentationAnalysisTransform
[        ] Transforming kotlin-compiler-runner-2.2.20.jar (org.jetbrains.kotlin:kotlin-compiler-runner:2.2.20) with InstrumentationAnalysisTransform
[        ] Transforming common-31.13.0.jar (com.android.tools:common:31.13.0) with ExternalDependencyInstrumentingArtifactTransform
[        ] Transforming kotlin-compiler-runner-2.2.20.jar (org.jetbrains.kotlin:kotlin-compiler-runner:2.2.20) with MergeInstrumentationAnalysisTransform
[        ] Transforming kotlin-stdlib-jdk8-2.2.0.jar (org.jetbrains.kotlin:kotlin-stdlib-jdk8:2.2.0) with ExternalDependencyInstrumentingArtifactTransform
[        ] Transforming kotlinx-coroutines-core-jvm-1.9.0.jar (org.jetbrains.kotlinx:kotlinx-coroutines-core-jvm:1.9.0) with InstrumentationAnalysisTransform
[        ] Transforming kotlinx-coroutines-core-jvm-1.9.0.jar (org.jetbrains.kotlinx:kotlinx-coroutines-core-jvm:1.9.0) with MergeInstrumentationAnalysisTransform
[        ] Transforming kotlin-compiler-runner-2.2.20.jar (org.jetbrains.kotlin:kotlin-compiler-runner:2.2.20) with ExternalDependencyInstrumentingArtifactTransform
[        ] Transforming kotlin-stdlib-jdk7-2.2.0.jar (org.jetbrains.kotlin:kotlin-stdlib-jdk7:2.2.0) with InstrumentationAnalysisTransform
[        ] Transforming kotlin-stdlib-jdk7-2.2.0.jar (org.jetbrains.kotlin:kotlin-stdlib-jdk7:2.2.0) with MergeInstrumentationAnalysisTransform
[        ] Transforming kotlin-stdlib-2.2.0.jar (org.jetbrains.kotlin:kotlin-stdlib:2.2.0) with InstrumentationAnalysisTransform
[        ] Transforming kotlinx-coroutines-core-jvm-1.9.0.jar (org.jetbrains.kotlinx:kotlinx-coroutines-core-jvm:1.9.0) with ExternalDependencyInstrumentingArtifactTransform
[        ] Transforming kotlin-stdlib-2.2.0.jar (org.jetbrains.kotlin:kotlin-stdlib:2.2.0) with MergeInstrumentationAnalysisTransform
[        ] Transforming transform-api-2.0.0-deprecated-use-gradle-api.jar (com.android.tools.build:transform-api:2.0.0-deprecated-use-gradle-api) with InstrumentationAnalysisTransform
[        ] Transforming kotlin-stdlib-jdk7-2.2.0.jar (org.jetbrains.kotlin:kotlin-stdlib-jdk7:2.2.0) with ExternalDependencyInstrumentingArtifactTransform
[        ] Transforming transform-api-2.0.0-deprecated-use-gradle-api.jar (com.android.tools.build:transform-api:2.0.0-deprecated-use-gradle-api) with MergeInstrumentationAnalysisTransform
[        ] Transforming httpmime-4.5.6.jar (org.apache.httpcomponents:httpmime:4.5.6) with InstrumentationAnalysisTransform
[        ] Transforming kotlin-stdlib-2.2.0.jar (org.jetbrains.kotlin:kotlin-stdlib:2.2.0) with ExternalDependencyInstrumentingArtifactTransform
[        ] Transforming httpmime-4.5.6.jar (org.apache.httpcomponents:httpmime:4.5.6) with MergeInstrumentationAnalysisTransform
[        ] Transforming commons-io-2.16.1.jar (commons-io:commons-io:2.16.1) with InstrumentationAnalysisTransform
[        ] Transforming transform-api-2.0.0-deprecated-use-gradle-api.jar (com.android.tools.build:transform-api:2.0.0-deprecated-use-gradle-api) with ExternalDependencyInstrumentingArtifactTransform
[        ] Transforming commons-io-2.16.1.jar (commons-io:commons-io:2.16.1) with MergeInstrumentationAnalysisTransform
[        ] Transforming asm-commons-9.8.jar (org.ow2.asm:asm-commons:9.8) with InstrumentationAnalysisTransform
[        ] Transforming httpmime-4.5.6.jar (org.apache.httpcomponents:httpmime:4.5.6) with ExternalDependencyInstrumentingArtifactTransform
[        ] Transforming asm-commons-9.8.jar (org.ow2.asm:asm-commons:9.8) with MergeInstrumentationAnalysisTransform
[        ] Transforming asm-util-9.8.jar (org.ow2.asm:asm-util:9.8) with InstrumentationAnalysisTransform
[        ] Transforming commons-io-2.16.1.jar (commons-io:commons-io:2.16.1) with ExternalDependencyInstrumentingArtifactTransform
[        ] Transforming asm-util-9.8.jar (org.ow2.asm:asm-util:9.8) with MergeInstrumentationAnalysisTransform
[        ] Transforming asm-analysis-9.8.jar (org.ow2.asm:asm-analysis:9.8) with InstrumentationAnalysisTransform
[        ] Transforming asm-commons-9.8.jar (org.ow2.asm:asm-commons:9.8) with ExternalDependencyInstrumentingArtifactTransform
[        ] Transforming asm-analysis-9.8.jar (org.ow2.asm:asm-analysis:9.8) with MergeInstrumentationAnalysisTransform
[        ] Transforming asm-util-9.8.jar (org.ow2.asm:asm-util:9.8) with ExternalDependencyInstrumentingArtifactTransform
[        ] Transforming asm-tree-9.8.jar (org.ow2.asm:asm-tree:9.8) with InstrumentationAnalysisTransform
[        ] Transforming asm-analysis-9.8.jar (org.ow2.asm:asm-analysis:9.8) with ExternalDependencyInstrumentingArtifactTransform
[        ] Transforming asm-tree-9.8.jar (org.ow2.asm:asm-tree:9.8) with MergeInstrumentationAnalysisTransform
[        ] Transforming asm-9.8.jar (org.ow2.asm:asm:9.8) with InstrumentationAnalysisTransform
[        ] Transforming asm-9.8.jar (org.ow2.asm:asm:9.8) with MergeInstrumentationAnalysisTransform
[        ] Transforming apkzlib-8.13.0.jar (com.android.tools.build:apkzlib:8.13.0) with InstrumentationAnalysisTransform
[        ] Transforming asm-tree-9.8.jar (org.ow2.asm:asm-tree:9.8) with ExternalDependencyInstrumentingArtifactTransform
[        ] Transforming apkzlib-8.13.0.jar (com.android.tools.build:apkzlib:8.13.0) with MergeInstrumentationAnalysisTransform
[        ] Transforming asm-9.8.jar (org.ow2.asm:asm:9.8) with ExternalDependencyInstrumentingArtifactTransform
[        ] Transforming bcpkix-jdk18on-1.79.jar (org.bouncycastle:bcpkix-jdk18on:1.79) with InstrumentationAnalysisTransform
[        ] Transforming bcpkix-jdk18on-1.79.jar (org.bouncycastle:bcpkix-jdk18on:1.79) with MergeInstrumentationAnalysisTransform
[        ] Transforming apkzlib-8.13.0.jar (com.android.tools.build:apkzlib:8.13.0) with ExternalDependencyInstrumentingArtifactTransform
[        ] Transforming jaxb-runtime-2.3.2.jar (org.glassfish.jaxb:jaxb-runtime:2.3.2) with InstrumentationAnalysisTransform
[        ] Transforming jaxb-runtime-2.3.2.jar (org.glassfish.jaxb:jaxb-runtime:2.3.2) with MergeInstrumentationAnalysisTransform
[        ] Transforming jopt-simple-4.9.jar (net.sf.jopt-simple:jopt-simple:4.9) with InstrumentationAnalysisTransform
[        ] Transforming jopt-simple-4.9.jar (net.sf.jopt-simple:jopt-simple:4.9) with MergeInstrumentationAnalysisTransform
[        ] Transforming javapoet-1.10.0.jar (com.squareup:javapoet:1.10.0) with InstrumentationAnalysisTransform
[        ] Transforming javapoet-1.10.0.jar (com.squareup:javapoet:1.10.0) with MergeInstrumentationAnalysisTransform
[        ] Transforming protobuf-java-util-3.25.5.jar (com.google.protobuf:protobuf-java-util:3.25.5) with InstrumentationAnalysisTransform
[        ] Transforming jopt-simple-4.9.jar (net.sf.jopt-simple:jopt-simple:4.9) with ExternalDependencyInstrumentingArtifactTransform
[        ] Transforming bcpkix-jdk18on-1.79.jar (org.bouncycastle:bcpkix-jdk18on:1.79) with ExternalDependencyInstrumentingArtifactTransform
[        ] Transforming javapoet-1.10.0.jar (com.squareup:javapoet:1.10.0) with ExternalDependencyInstrumentingArtifactTransform
[        ] Transforming protobuf-java-util-3.25.5.jar (com.google.protobuf:protobuf-java-util:3.25.5) with MergeInstrumentationAnalysisTransform
[        ] Transforming grpc-protobuf-1.69.1.jar (io.grpc:grpc-protobuf:1.69.1) with InstrumentationAnalysisTransform
[        ] Transforming grpc-protobuf-1.69.1.jar (io.grpc:grpc-protobuf:1.69.1) with MergeInstrumentationAnalysisTransform
[        ] Transforming tink-1.7.0.jar (com.google.crypto.tink:tink:1.7.0) with InstrumentationAnalysisTransform
[        ] Transforming tink-1.7.0.jar (com.google.crypto.tink:tink:1.7.0) with MergeInstrumentationAnalysisTransform
[        ] Transforming core-proto-0.0.9-alpha03.jar (com.google.testing.platform:core-proto:0.0.9-alpha03) with InstrumentationAnalysisTransform
[        ] Transforming core-proto-0.0.9-alpha03.jar (com.google.testing.platform:core-proto:0.0.9-alpha03) with MergeInstrumentationAnalysisTransform
[        ] Transforming protos-31.13.0.jar (com.android.tools.analytics-library:protos:31.13.0) with InstrumentationAnalysisTransform
[        ] Transforming protos-31.13.0.jar (com.android.tools.analytics-library:protos:31.13.0) with MergeInstrumentationAnalysisTransform
[        ] Transforming proto-google-common-protos-2.48.0.jar (com.google.api.grpc:proto-google-common-protos:2.48.0) with InstrumentationAnalysisTransform
[        ] Transforming protobuf-java-util-3.25.5.jar (com.google.protobuf:protobuf-java-util:3.25.5) with ExternalDependencyInstrumentingArtifactTransform
[        ] Transforming jaxb-runtime-2.3.2.jar (org.glassfish.jaxb:jaxb-runtime:2.3.2) with ExternalDependencyInstrumentingArtifactTransform
[        ] Transforming grpc-protobuf-1.69.1.jar (io.grpc:grpc-protobuf:1.69.1) with ExternalDependencyInstrumentingArtifactTransform
[        ] Transforming proto-google-common-protos-2.48.0.jar (com.google.api.grpc:proto-google-common-protos:2.48.0) with MergeInstrumentationAnalysisTransform
[        ] Transforming protobuf-java-3.25.5.jar (com.google.protobuf:protobuf-java:3.25.5) with InstrumentationAnalysisTransform
[        ] Transforming protobuf-java-3.25.5.jar (com.google.protobuf:protobuf-java:3.25.5) with MergeInstrumentationAnalysisTransform
[        ] Transforming grpc-netty-1.69.1.jar (io.grpc:grpc-netty:1.69.1) with InstrumentationAnalysisTransform
[        ] Transforming grpc-netty-1.69.1.jar (io.grpc:grpc-netty:1.69.1) with MergeInstrumentationAnalysisTransform
[        ] Transforming grpc-inprocess-1.69.1.jar (io.grpc:grpc-inprocess:1.69.1) with InstrumentationAnalysisTransform
[        ] Transforming grpc-inprocess-1.69.1.jar (io.grpc:grpc-inprocess:1.69.1) with MergeInstrumentationAnalysisTransform
[        ] Transforming core-proto-0.0.9-alpha03.jar (com.google.testing.platform:core-proto:0.0.9-alpha03) with ExternalDependencyInstrumentingArtifactTransform
[        ] Transforming tink-1.7.0.jar (com.google.crypto.tink:tink:1.7.0) with ExternalDependencyInstrumentingArtifactTransform
[        ] Transforming proto-google-common-protos-2.48.0.jar (com.google.api.grpc:proto-google-common-protos:2.48.0) with ExternalDependencyInstrumentingArtifactTransform
[        ] Transforming grpc-util-1.69.1.jar (io.grpc:grpc-util:1.69.1) with InstrumentationAnalysisTransform
[        ] Transforming protos-31.13.0.jar (com.android.tools.analytics-library:protos:31.13.0) with ExternalDependencyInstrumentingArtifactTransform
[        ] Transforming grpc-inprocess-1.69.1.jar (io.grpc:grpc-inprocess:1.69.1) with ExternalDependencyInstrumentingArtifactTransform
[        ] Transforming grpc-util-1.69.1.jar (io.grpc:grpc-util:1.69.1) with MergeInstrumentationAnalysisTransform
[        ] Transforming protobuf-java-3.25.5.jar (com.google.protobuf:protobuf-java:3.25.5) with ExternalDependencyInstrumentingArtifactTransform
[        ] Transforming grpc-netty-1.69.1.jar (io.grpc:grpc-netty:1.69.1) with ExternalDependencyInstrumentingArtifactTransform
[        ] Transforming grpc-util-1.69.1.jar (io.grpc:grpc-util:1.69.1) with ExternalDependencyInstrumentingArtifactTransform
[        ] Transforming grpc-core-1.69.1.jar (io.grpc:grpc-core:1.69.1) with InstrumentationAnalysisTransform
[        ] Transforming grpc-core-1.69.1.jar (io.grpc:grpc-core:1.69.1) with MergeInstrumentationAnalysisTransform
[        ] Transforming kotlin-build-statistics-2.2.20.jar (org.jetbrains.kotlin:kotlin-build-statistics:2.2.20) with InstrumentationAnalysisTransform
[        ] Transforming kotlin-build-statistics-2.2.20.jar (org.jetbrains.kotlin:kotlin-build-statistics:2.2.20) with MergeInstrumentationAnalysisTransform
[        ] Transforming gson-2.11.0.jar (com.google.code.gson:gson:2.11.0) with InstrumentationAnalysisTransform
[        ] Transforming gson-2.11.0.jar (com.google.code.gson:gson:2.11.0) with MergeInstrumentationAnalysisTransform
[        ] Transforming grpc-core-1.69.1.jar (io.grpc:grpc-core:1.69.1) with ExternalDependencyInstrumentingArtifactTransform
[        ] Transforming grpc-stub-1.69.1.jar (io.grpc:grpc-stub:1.69.1) with InstrumentationAnalysisTransform
[        ] Transforming kotlin-build-statistics-2.2.20.jar (org.jetbrains.kotlin:kotlin-build-statistics:2.2.20) with ExternalDependencyInstrumentingArtifactTransform
[        ] Transforming grpc-stub-1.69.1.jar (io.grpc:grpc-stub:1.69.1) with MergeInstrumentationAnalysisTransform
[        ] Transforming tensorflow-lite-metadata-0.2.0.jar (org.tensorflow:tensorflow-lite-metadata:0.2.0) with InstrumentationAnalysisTransform
[        ] Transforming tensorflow-lite-metadata-0.2.0.jar (org.tensorflow:tensorflow-lite-metadata:0.2.0) with MergeInstrumentationAnalysisTransform
[        ] Transforming gson-2.11.0.jar (com.google.code.gson:gson:2.11.0) with ExternalDependencyInstrumentingArtifactTransform
[        ] Transforming flatbuffers-java-1.12.0.jar (com.google.flatbuffers:flatbuffers-java:1.12.0) with InstrumentationAnalysisTransform
[        ] Transforming grpc-stub-1.69.1.jar (io.grpc:grpc-stub:1.69.1) with ExternalDependencyInstrumentingArtifactTransform
[        ] Transforming flatbuffers-java-1.12.0.jar (com.google.flatbuffers:flatbuffers-java:1.12.0) with MergeInstrumentationAnalysisTransform
[        ] Transforming kotlin-gradle-plugin-idea-proto-2.2.20.jar (org.jetbrains.kotlin:kotlin-gradle-plugin-idea-proto:2.2.20) with InstrumentationAnalysisTransform
[        ] Transforming kotlin-gradle-plugin-idea-proto-2.2.20.jar (org.jetbrains.kotlin:kotlin-gradle-plugin-idea-proto:2.2.20) with MergeInstrumentationAnalysisTransform
[        ] Transforming tensorflow-lite-metadata-0.2.0.jar (org.tensorflow:tensorflow-lite-metadata:0.2.0) with ExternalDependencyInstrumentingArtifactTransform
[        ] Transforming kotlin-gradle-plugin-idea-2.2.20.jar (org.jetbrains.kotlin:kotlin-gradle-plugin-idea:2.2.20) with InstrumentationAnalysisTransform
[        ] Transforming flatbuffers-java-1.12.0.jar (com.google.flatbuffers:flatbuffers-java:1.12.0) with ExternalDependencyInstrumentingArtifactTransform
[        ] Transforming kotlin-gradle-plugin-idea-2.2.20.jar (org.jetbrains.kotlin:kotlin-gradle-plugin-idea:2.2.20) with MergeInstrumentationAnalysisTransform
[        ] Transforming kotlin-klib-commonizer-api-2.2.20.jar (org.jetbrains.kotlin:kotlin-klib-commonizer-api:2.2.20) with InstrumentationAnalysisTransform
[        ] Transforming kotlin-klib-commonizer-api-2.2.20.jar (org.jetbrains.kotlin:kotlin-klib-commonizer-api:2.2.20) with MergeInstrumentationAnalysisTransform
[        ] Transforming kotlin-gradle-plugin-idea-proto-2.2.20.jar (org.jetbrains.kotlin:kotlin-gradle-plugin-idea-proto:2.2.20) with ExternalDependencyInstrumentingArtifactTransform
[        ] Transforming kotlin-util-klib-metadata-2.2.20.jar (org.jetbrains.kotlin:kotlin-util-klib-metadata:2.2.20) with InstrumentationAnalysisTransform
[        ] Transforming kotlin-gradle-plugin-idea-2.2.20.jar (org.jetbrains.kotlin:kotlin-gradle-plugin-idea:2.2.20) with ExternalDependencyInstrumentingArtifactTransform
[        ] Transforming kotlin-util-klib-metadata-2.2.20.jar (org.jetbrains.kotlin:kotlin-util-klib-metadata:2.2.20) with MergeInstrumentationAnalysisTransform
[        ] Transforming abi-tools-api-2.2.20.jar (org.jetbrains.kotlin:abi-tools-api:2.2.20) with InstrumentationAnalysisTransform
[        ] Transforming kotlin-klib-commonizer-api-2.2.20.jar (org.jetbrains.kotlin:kotlin-klib-commonizer-api:2.2.20) with ExternalDependencyInstrumentingArtifactTransform
[        ] Transforming abi-tools-api-2.2.20.jar (org.jetbrains.kotlin:abi-tools-api:2.2.20) with MergeInstrumentationAnalysisTransform
[        ] Transforming kotlin-util-klib-metadata-2.2.20.jar (org.jetbrains.kotlin:kotlin-util-klib-metadata:2.2.20) with ExternalDependencyInstrumentingArtifactTransform
[        ] Transforming jimfs-1.1.jar (com.google.jimfs:jimfs:1.1) with InstrumentationAnalysisTransform
[        ] Transforming jimfs-1.1.jar (com.google.jimfs:jimfs:1.1) with MergeInstrumentationAnalysisTransform
[        ] Transforming abi-tools-api-2.2.20.jar (org.jetbrains.kotlin:abi-tools-api:2.2.20) with ExternalDependencyInstrumentingArtifactTransform
[        ] Transforming grpc-context-1.69.1.jar (io.grpc:grpc-context:1.69.1) with InstrumentationAnalysisTransform
[        ] Transforming grpc-context-1.69.1.jar (io.grpc:grpc-context:1.69.1) with MergeInstrumentationAnalysisTransform
[        ] Transforming grpc-protobuf-lite-1.69.1.jar (io.grpc:grpc-protobuf-lite:1.69.1) with InstrumentationAnalysisTransform
[        ] Transforming jimfs-1.1.jar (com.google.jimfs:jimfs:1.1) with ExternalDependencyInstrumentingArtifactTransform
[        ] Transforming grpc-context-1.69.1.jar (io.grpc:grpc-context:1.69.1) with ExternalDependencyInstrumentingArtifactTransform
[        ] Transforming grpc-protobuf-lite-1.69.1.jar (io.grpc:grpc-protobuf-lite:1.69.1) with MergeInstrumentationAnalysisTransform
[        ] Transforming grpc-api-1.69.1.jar (io.grpc:grpc-api:1.69.1) with InstrumentationAnalysisTransform
[        ] Transforming grpc-api-1.69.1.jar (io.grpc:grpc-api:1.69.1) with MergeInstrumentationAnalysisTransform
[        ] Transforming guava-33.3.1-jre.jar (com.google.guava:guava:33.3.1-jre) with InstrumentationAnalysisTransform
[        ] Transforming grpc-protobuf-lite-1.69.1.jar (io.grpc:grpc-protobuf-lite:1.69.1) with ExternalDependencyInstrumentingArtifactTransform
[        ] Transforming guava-33.3.1-jre.jar (com.google.guava:guava:33.3.1-jre) with MergeInstrumentationAnalysisTransform
[        ] Transforming dagger-2.28.3.jar (com.google.dagger:dagger:2.28.3) with InstrumentationAnalysisTransform
[        ] Transforming grpc-api-1.69.1.jar (io.grpc:grpc-api:1.69.1) with ExternalDependencyInstrumentingArtifactTransform
[        ] Transforming dagger-2.28.3.jar (com.google.dagger:dagger:2.28.3) with MergeInstrumentationAnalysisTransform
[        ] Transforming javax.inject-1.jar (javax.inject:javax.inject:1) with InstrumentationAnalysisTransform
[        ] Transforming guava-33.3.1-jre.jar (com.google.guava:guava:33.3.1-jre) with ExternalDependencyInstrumentingArtifactTransform
[        ] Transforming dagger-2.28.3.jar (com.google.dagger:dagger:2.28.3) with ExternalDependencyInstrumentingArtifactTransform
[        ] Transforming javax.inject-1.jar (javax.inject:javax.inject:1) with MergeInstrumentationAnalysisTransform
[        ] Transforming kxml2-2.3.0.jar (net.sf.kxml:kxml2:2.3.0) with InstrumentationAnalysisTransform
[        ] Transforming kxml2-2.3.0.jar (net.sf.kxml:kxml2:2.3.0) with MergeInstrumentationAnalysisTransform
[        ] Transforming javax.inject-1.jar (javax.inject:javax.inject:1) with ExternalDependencyInstrumentingArtifactTransform
[        ] Transforming commons-compress-1.21.jar (org.apache.commons:commons-compress:1.21) with InstrumentationAnalysisTransform
[        ] Transforming commons-compress-1.21.jar (org.apache.commons:commons-compress:1.21) with MergeInstrumentationAnalysisTransform
[        ] Transforming bcutil-jdk18on-1.79.jar (org.bouncycastle:bcutil-jdk18on:1.79) with InstrumentationAnalysisTransform
[        ] Transforming kxml2-2.3.0.jar (net.sf.kxml:kxml2:2.3.0) with ExternalDependencyInstrumentingArtifactTransform
[        ] Transforming bcutil-jdk18on-1.79.jar (org.bouncycastle:bcutil-jdk18on:1.79) with MergeInstrumentationAnalysisTransform
[        ] Transforming commons-compress-1.21.jar (org.apache.commons:commons-compress:1.21) with ExternalDependencyInstrumentingArtifactTransform
[        ] Transforming bcprov-jdk18on-1.79.jar (org.bouncycastle:bcprov-jdk18on:1.79) with InstrumentationAnalysisTransform
[        ] Transforming bcprov-jdk18on-1.79.jar (org.bouncycastle:bcprov-jdk18on:1.79) with MergeInstrumentationAnalysisTransform
[        ] Transforming bcutil-jdk18on-1.79.jar (org.bouncycastle:bcutil-jdk18on:1.79) with ExternalDependencyInstrumentingArtifactTransform
[        ] Transforming httpclient-4.5.14.jar (org.apache.httpcomponents:httpclient:4.5.14) with InstrumentationAnalysisTransform
[        ] Transforming httpclient-4.5.14.jar (org.apache.httpcomponents:httpclient:4.5.14) with MergeInstrumentationAnalysisTransform
[        ] Transforming bcprov-jdk18on-1.79.jar (org.bouncycastle:bcprov-jdk18on:1.79) with ExternalDependencyInstrumentingArtifactTransform
[        ] Transforming httpcore-4.4.16.jar (org.apache.httpcomponents:httpcore:4.4.16) with InstrumentationAnalysisTransform
[        ] Transforming httpcore-4.4.16.jar (org.apache.httpcomponents:httpcore:4.4.16) with MergeInstrumentationAnalysisTransform
[        ] Transforming httpclient-4.5.14.jar (org.apache.httpcomponents:httpclient:4.5.14) with ExternalDependencyInstrumentingArtifactTransform
[        ] Transforming javax.activation-1.2.0.jar (com.sun.activation:javax.activation:1.2.0) with InstrumentationAnalysisTransform
[        ] Transforming javax.activation-1.2.0.jar (com.sun.activation:javax.activation:1.2.0) with MergeInstrumentationAnalysisTransform
[        ] Transforming annotations-23.0.0.jar (org.jetbrains:annotations:23.0.0) with InstrumentationAnalysisTransform
[        ] Transforming httpcore-4.4.16.jar (org.apache.httpcomponents:httpcore:4.4.16) with ExternalDependencyInstrumentingArtifactTransform
[        ] Transforming annotations-23.0.0.jar (org.jetbrains:annotations:23.0.0) with MergeInstrumentationAnalysisTransform
[        ] Transforming javax.activation-1.2.0.jar (com.sun.activation:javax.activation:1.2.0) with ExternalDependencyInstrumentingArtifactTransform
[        ] Transforming signflinger-8.13.0.jar (com.android:signflinger:8.13.0) with InstrumentationAnalysisTransform
[        ] Transforming signflinger-8.13.0.jar (com.android:signflinger:8.13.0) with MergeInstrumentationAnalysisTransform
[        ] Transforming zipflinger-8.13.0.jar (com.android:zipflinger:8.13.0) with InstrumentationAnalysisTransform
[        ] Transforming annotations-23.0.0.jar (org.jetbrains:annotations:23.0.0) with ExternalDependencyInstrumentingArtifactTransform
[        ] Transforming zipflinger-8.13.0.jar (com.android:zipflinger:8.13.0) with MergeInstrumentationAnalysisTransform
[        ] Transforming annotations-31.13.0.jar (com.android.tools:annotations:31.13.0) with InstrumentationAnalysisTransform
[        ] Transforming annotations-31.13.0.jar (com.android.tools:annotations:31.13.0) with MergeInstrumentationAnalysisTransform
[        ] Transforming signflinger-8.13.0.jar (com.android:signflinger:8.13.0) with ExternalDependencyInstrumentingArtifactTransform
[        ] Transforming zipflinger-8.13.0.jar (com.android:zipflinger:8.13.0) with ExternalDependencyInstrumentingArtifactTransform
[        ] Transforming jna-platform-5.6.0.jar (net.java.dev.jna:jna-platform:5.6.0) with InstrumentationAnalysisTransform
[        ] Transforming annotations-31.13.0.jar (com.android.tools:annotations:31.13.0) with ExternalDependencyInstrumentingArtifactTransform
[        ] Transforming jna-platform-5.6.0.jar (net.java.dev.jna:jna-platform:5.6.0) with MergeInstrumentationAnalysisTransform
[        ] Transforming juniversalchardet-1.0.3.jar (com.googlecode.juniversalchardet:juniversalchardet:1.0.3) with InstrumentationAnalysisTransform
[        ] Transforming juniversalchardet-1.0.3.jar (com.googlecode.juniversalchardet:juniversalchardet:1.0.3) with MergeInstrumentationAnalysisTransform
[        ] Transforming javax.annotation-api-1.3.2.jar (javax.annotation:javax.annotation-api:1.3.2) with InstrumentationAnalysisTransform
[        ] Transforming javax.annotation-api-1.3.2.jar (javax.annotation:javax.annotation-api:1.3.2) with MergeInstrumentationAnalysisTransform
[        ] Transforming jna-platform-5.6.0.jar (net.java.dev.jna:jna-platform:5.6.0) with ExternalDependencyInstrumentingArtifactTransform
[        ] Transforming juniversalchardet-1.0.3.jar (com.googlecode.juniversalchardet:juniversalchardet:1.0.3) with ExternalDependencyInstrumentingArtifactTransform
[        ] Transforming stax-ex-1.8.1.jar (org.jvnet.staxex:stax-ex:1.8.1) with InstrumentationAnalysisTransform
[        ] Transforming javax.annotation-api-1.3.2.jar (javax.annotation:javax.annotation-api:1.3.2) with ExternalDependencyInstrumentingArtifactTransform
[        ] Transforming stax-ex-1.8.1.jar (org.jvnet.staxex:stax-ex:1.8.1) with MergeInstrumentationAnalysisTransform
[        ] Transforming jakarta.xml.bind-api-2.3.2.jar (jakarta.xml.bind:jakarta.xml.bind-api:2.3.2) with InstrumentationAnalysisTransform
[        ] Transforming jakarta.xml.bind-api-2.3.2.jar (jakarta.xml.bind:jakarta.xml.bind-api:2.3.2) with MergeInstrumentationAnalysisTransform
[        ] Transforming txw2-2.3.2.jar (org.glassfish.jaxb:txw2:2.3.2) with InstrumentationAnalysisTransform
[        ] Transforming txw2-2.3.2.jar (org.glassfish.jaxb:txw2:2.3.2) with MergeInstrumentationAnalysisTransform
[        ] Transforming stax-ex-1.8.1.jar (org.jvnet.staxex:stax-ex:1.8.1) with ExternalDependencyInstrumentingArtifactTransform
[        ] Transforming istack-commons-runtime-3.0.8.jar (com.sun.istack:istack-commons-runtime:3.0.8) with InstrumentationAnalysisTransform
[        ] Transforming jakarta.xml.bind-api-2.3.2.jar (jakarta.xml.bind:jakarta.xml.bind-api:2.3.2) with ExternalDependencyInstrumentingArtifactTransform
[        ] Transforming txw2-2.3.2.jar (org.glassfish.jaxb:txw2:2.3.2) with ExternalDependencyInstrumentingArtifactTransform
[        ] Transforming istack-commons-runtime-3.0.8.jar (com.sun.istack:istack-commons-runtime:3.0.8) with MergeInstrumentationAnalysisTransform
[        ] Transforming FastInfoset-1.2.16.jar (com.sun.xml.fastinfoset:FastInfoset:1.2.16) with InstrumentationAnalysisTransform
[        ] Transforming FastInfoset-1.2.16.jar (com.sun.xml.fastinfoset:FastInfoset:1.2.16) with MergeInstrumentationAnalysisTransform
[        ] Transforming jakarta.activation-api-1.2.1.jar (jakarta.activation:jakarta.activation-api:1.2.1) with InstrumentationAnalysisTransform
[        ] Transforming istack-commons-runtime-3.0.8.jar (com.sun.istack:istack-commons-runtime:3.0.8) with ExternalDependencyInstrumentingArtifactTransform
[        ] Transforming jakarta.activation-api-1.2.1.jar (jakarta.activation:jakarta.activation-api:1.2.1) with MergeInstrumentationAnalysisTransform
[        ] Transforming auto-value-annotations-1.6.2.jar (com.google.auto.value:auto-value-annotations:1.6.2) with InstrumentationAnalysisTransform
[        ] Transforming FastInfoset-1.2.16.jar (com.sun.xml.fastinfoset:FastInfoset:1.2.16) with ExternalDependencyInstrumentingArtifactTransform
[        ] Transforming jakarta.activation-api-1.2.1.jar (jakarta.activation:jakarta.activation-api:1.2.1) with ExternalDependencyInstrumentingArtifactTransform
[        ] Transforming auto-value-annotations-1.6.2.jar (com.google.auto.value:auto-value-annotations:1.6.2) with MergeInstrumentationAnalysisTransform
[        ] Transforming error_prone_annotations-2.30.0.jar (com.google.errorprone:error_prone_annotations:2.30.0) with InstrumentationAnalysisTransform
[        ] Transforming error_prone_annotations-2.30.0.jar (com.google.errorprone:error_prone_annotations:2.30.0) with MergeInstrumentationAnalysisTransform
[        ] Transforming jose4j-0.9.5.jar (org.bitbucket.b_c:jose4j:0.9.5) with InstrumentationAnalysisTransform
[        ] Transforming auto-value-annotations-1.6.2.jar (com.google.auto.value:auto-value-annotations:1.6.2) with ExternalDependencyInstrumentingArtifactTransform
[        ] Transforming jose4j-0.9.5.jar (org.bitbucket.b_c:jose4j:0.9.5) with MergeInstrumentationAnalysisTransform
[        ] Transforming slf4j-api-1.7.30.jar (org.slf4j:slf4j-api:1.7.30) with InstrumentationAnalysisTransform
[        ] Transforming error_prone_annotations-2.30.0.jar (com.google.errorprone:error_prone_annotations:2.30.0) with ExternalDependencyInstrumentingArtifactTransform
[        ] Transforming jose4j-0.9.5.jar (org.bitbucket.b_c:jose4j:0.9.5) with ExternalDependencyInstrumentingArtifactTransform
[        ] Transforming slf4j-api-1.7.30.jar (org.slf4j:slf4j-api:1.7.30) with MergeInstrumentationAnalysisTransform
[        ] Transforming jdom2-2.0.6.jar (org.jdom:jdom2:2.0.6) with InstrumentationAnalysisTransform
[        ] Transforming jdom2-2.0.6.jar (org.jdom:jdom2:2.0.6) with MergeInstrumentationAnalysisTransform
[        ] Transforming jsr305-3.0.2.jar (com.google.code.findbugs:jsr305:3.0.2) with InstrumentationAnalysisTransform
[        ] Transforming jsr305-3.0.2.jar (com.google.code.findbugs:jsr305:3.0.2) with MergeInstrumentationAnalysisTransform
[        ] Transforming j2objc-annotations-3.0.0.jar (com.google.j2objc:j2objc-annotations:3.0.0) with InstrumentationAnalysisTransform
[        ] Transforming j2objc-annotations-3.0.0.jar (com.google.j2objc:j2objc-annotations:3.0.0) with MergeInstrumentationAnalysisTransform
[        ] Transforming annotations-4.1.1.4.jar (com.google.android:annotations:4.1.1.4) with InstrumentationAnalysisTransform
[        ] Transforming slf4j-api-1.7.30.jar (org.slf4j:slf4j-api:1.7.30) with ExternalDependencyInstrumentingArtifactTransform
[        ] Transforming jdom2-2.0.6.jar (org.jdom:jdom2:2.0.6) with ExternalDependencyInstrumentingArtifactTransform
[        ] Transforming j2objc-annotations-3.0.0.jar (com.google.j2objc:j2objc-annotations:3.0.0) with ExternalDependencyInstrumentingArtifactTransform
[        ] Transforming annotations-4.1.1.4.jar (com.google.android:annotations:4.1.1.4) with MergeInstrumentationAnalysisTransform
[        ] Transforming jsr305-3.0.2.jar (com.google.code.findbugs:jsr305:3.0.2) with ExternalDependencyInstrumentingArtifactTransform
[        ] Transforming animal-sniffer-annotations-1.24.jar (org.codehaus.mojo:animal-sniffer-annotations:1.24) with InstrumentationAnalysisTransform
[        ] Transforming animal-sniffer-annotations-1.24.jar (org.codehaus.mojo:animal-sniffer-annotations:1.24) with MergeInstrumentationAnalysisTransform
[        ] Transforming annotations-4.1.1.4.jar (com.google.android:annotations:4.1.1.4) with ExternalDependencyInstrumentingArtifactTransform
[        ] Transforming perfmark-api-0.27.0.jar (io.perfmark:perfmark-api:0.27.0) with InstrumentationAnalysisTransform
[        ] Transforming perfmark-api-0.27.0.jar (io.perfmark:perfmark-api:0.27.0) with MergeInstrumentationAnalysisTransform
[        ] Transforming netty-codec-http2-4.1.110.Final.jar (io.netty:netty-codec-http2:4.1.110.Final) with InstrumentationAnalysisTransform
[        ] Transforming animal-sniffer-annotations-1.24.jar (org.codehaus.mojo:animal-sniffer-annotations:1.24) with ExternalDependencyInstrumentingArtifactTransform
[        ] Transforming netty-codec-http2-4.1.110.Final.jar (io.netty:netty-codec-http2:4.1.110.Final) with MergeInstrumentationAnalysisTransform
[        ] Transforming netty-handler-proxy-4.1.110.Final.jar (io.netty:netty-handler-proxy:4.1.110.Final) with InstrumentationAnalysisTransform
[        ] Transforming perfmark-api-0.27.0.jar (io.perfmark:perfmark-api:0.27.0) with ExternalDependencyInstrumentingArtifactTransform
[        ] Transforming netty-handler-proxy-4.1.110.Final.jar (io.netty:netty-handler-proxy:4.1.110.Final) with MergeInstrumentationAnalysisTransform
[        ] Transforming netty-codec-http2-4.1.110.Final.jar (io.netty:netty-codec-http2:4.1.110.Final) with ExternalDependencyInstrumentingArtifactTransform
[        ] Transforming netty-codec-http-4.1.110.Final.jar (io.netty:netty-codec-http:4.1.110.Final) with InstrumentationAnalysisTransform
[        ] Transforming netty-codec-http-4.1.110.Final.jar (io.netty:netty-codec-http:4.1.110.Final) with MergeInstrumentationAnalysisTransform
[        ] Transforming netty-handler-4.1.110.Final.jar (io.netty:netty-handler:4.1.110.Final) with InstrumentationAnalysisTransform
[        ] Transforming netty-handler-proxy-4.1.110.Final.jar (io.netty:netty-handler-proxy:4.1.110.Final) with ExternalDependencyInstrumentingArtifactTransform
[        ] Transforming netty-handler-4.1.110.Final.jar (io.netty:netty-handler:4.1.110.Final) with MergeInstrumentationAnalysisTransform
[        ] Transforming netty-transport-native-unix-common-4.1.110.Final.jar (io.netty:netty-transport-native-unix-common:4.1.110.Final) with InstrumentationAnalysisTransform
[        ] Transforming netty-codec-http-4.1.110.Final.jar (io.netty:netty-codec-http:4.1.110.Final) with ExternalDependencyInstrumentingArtifactTransform
[        ] Transforming netty-transport-native-unix-common-4.1.110.Final.jar (io.netty:netty-transport-native-unix-common:4.1.110.Final) with MergeInstrumentationAnalysisTransform
[        ] Transforming netty-handler-4.1.110.Final.jar (io.netty:netty-handler:4.1.110.Final) with ExternalDependencyInstrumentingArtifactTransform
[        ] Transforming checker-qual-3.43.0.jar (org.checkerframework:checker-qual:3.43.0) with InstrumentationAnalysisTransform
[        ] Transforming checker-qual-3.43.0.jar (org.checkerframework:checker-qual:3.43.0) with MergeInstrumentationAnalysisTransform
[        ] Transforming netty-transport-native-unix-common-4.1.110.Final.jar (io.netty:netty-transport-native-unix-common:4.1.110.Final) with ExternalDependencyInstrumentingArtifactTransform
[        ] Transforming apksig-8.13.0.jar (com.android.tools.build:apksig:8.13.0) with InstrumentationAnalysisTransform
[        ] Transforming checker-qual-3.43.0.jar (org.checkerframework:checker-qual:3.43.0) with ExternalDependencyInstrumentingArtifactTransform
[        ] Transforming apksig-8.13.0.jar (com.android.tools.build:apksig:8.13.0) with MergeInstrumentationAnalysisTransform
[        ] Transforming javawriter-2.5.0.jar (com.squareup:javawriter:2.5.0) with InstrumentationAnalysisTransform
[        ] Transforming javawriter-2.5.0.jar (com.squareup:javawriter:2.5.0) with MergeInstrumentationAnalysisTransform
[        ] Transforming kotlin-gradle-plugin-annotations-2.2.20.jar (org.jetbrains.kotlin:kotlin-gradle-plugin-annotations:2.2.20) with InstrumentationAnalysisTransform
[        ] Transforming apksig-8.13.0.jar (com.android.tools.build:apksig:8.13.0) with ExternalDependencyInstrumentingArtifactTransform
[        ] Transforming kotlin-gradle-plugin-annotations-2.2.20.jar (org.jetbrains.kotlin:kotlin-gradle-plugin-annotations:2.2.20) with MergeInstrumentationAnalysisTransform
[        ] Transforming kotlin-native-utils-2.2.20.jar (org.jetbrains.kotlin:kotlin-native-utils:2.2.20) with InstrumentationAnalysisTransform
[        ] Transforming javawriter-2.5.0.jar (com.squareup:javawriter:2.5.0) with ExternalDependencyInstrumentingArtifactTransform
[        ] Transforming kotlin-native-utils-2.2.20.jar (org.jetbrains.kotlin:kotlin-native-utils:2.2.20) with MergeInstrumentationAnalysisTransform
[        ] Transforming kotlin-gradle-plugin-annotations-2.2.20.jar (org.jetbrains.kotlin:kotlin-gradle-plugin-annotations:2.2.20) with ExternalDependencyInstrumentingArtifactTransform
[        ] Transforming kotlin-tooling-core-2.2.20.jar (org.jetbrains.kotlin:kotlin-tooling-core:2.2.20) with InstrumentationAnalysisTransform
[        ] Transforming kotlin-native-utils-2.2.20.jar (org.jetbrains.kotlin:kotlin-native-utils:2.2.20) with ExternalDependencyInstrumentingArtifactTransform
[        ] Transforming kotlin-tooling-core-2.2.20.jar (org.jetbrains.kotlin:kotlin-tooling-core:2.2.20) with MergeInstrumentationAnalysisTransform
[        ] Transforming kotlin-build-tools-api-2.2.20.jar (org.jetbrains.kotlin:kotlin-build-tools-api:2.2.20) with InstrumentationAnalysisTransform
[        ] Transforming kotlin-build-tools-api-2.2.20.jar (org.jetbrains.kotlin:kotlin-build-tools-api:2.2.20) with MergeInstrumentationAnalysisTransform
[        ] Transforming kotlin-util-klib-2.2.20.jar (org.jetbrains.kotlin:kotlin-util-klib:2.2.20) with InstrumentationAnalysisTransform
[        ] Transforming kotlin-tooling-core-2.2.20.jar (org.jetbrains.kotlin:kotlin-tooling-core:2.2.20) with ExternalDependencyInstrumentingArtifactTransform
[        ] Transforming kotlin-build-tools-api-2.2.20.jar (org.jetbrains.kotlin:kotlin-build-tools-api:2.2.20) with ExternalDependencyInstrumentingArtifactTransform
[        ] Transforming kotlin-util-klib-2.2.20.jar (org.jetbrains.kotlin:kotlin-util-klib:2.2.20) with MergeInstrumentationAnalysisTransform
[        ] Transforming kotlin-util-io-2.2.20.jar (org.jetbrains.kotlin:kotlin-util-io:2.2.20) with InstrumentationAnalysisTransform
[        ] Transforming kotlin-util-io-2.2.20.jar (org.jetbrains.kotlin:kotlin-util-io:2.2.20) with MergeInstrumentationAnalysisTransform
[        ] Transforming kotlin-util-klib-2.2.20.jar (org.jetbrains.kotlin:kotlin-util-klib:2.2.20) with ExternalDependencyInstrumentingArtifactTransform
[        ] Transforming kotlin-daemon-client-2.2.20.jar (org.jetbrains.kotlin:kotlin-daemon-client:2.2.20) with InstrumentationAnalysisTransform
[        ] Transforming kotlin-util-io-2.2.20.jar (org.jetbrains.kotlin:kotlin-util-io:2.2.20) with ExternalDependencyInstrumentingArtifactTransform
[        ] Transforming kotlin-daemon-client-2.2.20.jar (org.jetbrains.kotlin:kotlin-daemon-client:2.2.20) with MergeInstrumentationAnalysisTransform
[        ] Transforming failureaccess-1.0.2.jar (com.google.guava:failureaccess:1.0.2) with InstrumentationAnalysisTransform
[        ] Transforming failureaccess-1.0.2.jar (com.google.guava:failureaccess:1.0.2) with MergeInstrumentationAnalysisTransform
[        ] Transforming listenablefuture-9999.0-empty-to-avoid-conflict-with-guava.jar (com.google.guava:listenablefuture:9999.0-empty-to-avoid-conflict-with-guava) with InstrumentationAnalysisTransform
[        ] Transforming kotlin-daemon-client-2.2.20.jar (org.jetbrains.kotlin:kotlin-daemon-client:2.2.20) with ExternalDependencyInstrumentingArtifactTransform
[        ] Transforming listenablefuture-9999.0-empty-to-avoid-conflict-with-guava.jar (com.google.guava:listenablefuture:9999.0-empty-to-avoid-conflict-with-guava) with MergeInstrumentationAnalysisTransform
[        ] Transforming failureaccess-1.0.2.jar (com.google.guava:failureaccess:1.0.2) with ExternalDependencyInstrumentingArtifactTransform
[        ] Transforming commons-logging-1.2.jar (commons-logging:commons-logging:1.2) with InstrumentationAnalysisTransform
[        ] Transforming listenablefuture-9999.0-empty-to-avoid-conflict-with-guava.jar (com.google.guava:listenablefuture:9999.0-empty-to-avoid-conflict-with-guava) with ExternalDependencyInstrumentingArtifactTransform
[        ] Transforming commons-logging-1.2.jar (commons-logging:commons-logging:1.2) with MergeInstrumentationAnalysisTransform
[        ] Transforming commons-codec-1.11.jar (commons-codec:commons-codec:1.11) with InstrumentationAnalysisTransform
[        ] Transforming commons-codec-1.11.jar (commons-codec:commons-codec:1.11) with MergeInstrumentationAnalysisTransform
[        ] Transforming jna-5.6.0.jar (net.java.dev.jna:jna:5.6.0) with InstrumentationAnalysisTransform
[        ] Transforming jna-5.6.0.jar (net.java.dev.jna:jna:5.6.0) with MergeInstrumentationAnalysisTransform
[        ] Transforming commons-logging-1.2.jar (commons-logging:commons-logging:1.2) with ExternalDependencyInstrumentingArtifactTransform
[        ] Transforming netty-codec-socks-4.1.110.Final.jar (io.netty:netty-codec-socks:4.1.110.Final) with InstrumentationAnalysisTransform
[        ] Transforming commons-codec-1.11.jar (commons-codec:commons-codec:1.11) with ExternalDependencyInstrumentingArtifactTransform
[        ] Transforming netty-codec-socks-4.1.110.Final.jar (io.netty:netty-codec-socks:4.1.110.Final) with MergeInstrumentationAnalysisTransform
[        ] Transforming netty-codec-4.1.110.Final.jar (io.netty:netty-codec:4.1.110.Final) with InstrumentationAnalysisTransform
[        ] Transforming jna-5.6.0.jar (net.java.dev.jna:jna:5.6.0) with ExternalDependencyInstrumentingArtifactTransform
[        ] Transforming netty-codec-4.1.110.Final.jar (io.netty:netty-codec:4.1.110.Final) with MergeInstrumentationAnalysisTransform
[        ] Transforming netty-codec-socks-4.1.110.Final.jar (io.netty:netty-codec-socks:4.1.110.Final) with ExternalDependencyInstrumentingArtifactTransform
[        ] Transforming netty-transport-4.1.110.Final.jar (io.netty:netty-transport:4.1.110.Final) with InstrumentationAnalysisTransform
[        ] Transforming netty-transport-4.1.110.Final.jar (io.netty:netty-transport:4.1.110.Final) with MergeInstrumentationAnalysisTransform
[        ] Transforming netty-codec-4.1.110.Final.jar (io.netty:netty-codec:4.1.110.Final) with ExternalDependencyInstrumentingArtifactTransform
[        ] Transforming netty-buffer-4.1.110.Final.jar (io.netty:netty-buffer:4.1.110.Final) with InstrumentationAnalysisTransform
[        ] Transforming netty-buffer-4.1.110.Final.jar (io.netty:netty-buffer:4.1.110.Final) with MergeInstrumentationAnalysisTransform
[   +2 ms] Transforming netty-transport-4.1.110.Final.jar (io.netty:netty-transport:4.1.110.Final) with ExternalDependencyInstrumentingArtifactTransform
[        ] Transforming netty-resolver-4.1.110.Final.jar (io.netty:netty-resolver:4.1.110.Final) with InstrumentationAnalysisTransform
[        ] Transforming netty-buffer-4.1.110.Final.jar (io.netty:netty-buffer:4.1.110.Final) with ExternalDependencyInstrumentingArtifactTransform
[        ] Transforming netty-resolver-4.1.110.Final.jar (io.netty:netty-resolver:4.1.110.Final) with MergeInstrumentationAnalysisTransform
[        ] Transforming netty-common-4.1.110.Final.jar (io.netty:netty-common:4.1.110.Final) with InstrumentationAnalysisTransform
[        ] Transforming netty-common-4.1.110.Final.jar (io.netty:netty-common:4.1.110.Final) with MergeInstrumentationAnalysisTransform
[        ] Transforming netty-resolver-4.1.110.Final.jar (io.netty:netty-resolver:4.1.110.Final) with ExternalDependencyInstrumentingArtifactTransform
[        ] Transforming netty-common-4.1.110.Final.jar (io.netty:netty-common:4.1.110.Final) with ExternalDependencyInstrumentingArtifactTransform
[        ] Using default execution profile
[        ] Using Kotlin Gradle Plugin gradle85 variant
[  +25 ms] > Configure project :google_sign_in_android
[        ] Evaluating project ':google_sign_in_android' using build file 'C:\Users\bhavy\AppData\Local\Pub\Cache\hosted\pub.dev\google_sign_in_android-6.2.1\android\build.gradle'.
[        ] Transforming gradle-8.5.0.jar (com.android.tools.build:gradle:8.5.0) with InstrumentationAnalysisTransform
[        ] Transforming gradle-settings-api-8.5.0.jar (com.android.tools.build:gradle-settings-api:8.5.0) with InstrumentationAnalysisTransform
[        ] Transforming lint-model-31.5.0.jar (com.android.tools.lint:lint-model:31.5.0) with InstrumentationAnalysisTransform
[        ] Transforming builder-8.5.0.jar (com.android.tools.build:builder:8.5.0) with InstrumentationAnalysisTransform
[        ] Transforming manifest-merger-31.5.0.jar (com.android.tools.build:manifest-merger:31.5.0) with InstrumentationAnalysisTransform
[        ] Transforming sdk-common-31.5.0.jar (com.android.tools:sdk-common:31.5.0) with InstrumentationAnalysisTransform
[        ] Transforming sdklib-31.5.0.jar (com.android.tools:sdklib:31.5.0) with InstrumentationAnalysisTransform
[        ] Transforming repository-31.5.0.jar (com.android.tools:repository:31.5.0) with InstrumentationAnalysisTransform
[        ] Transforming gradle-api-8.5.0.jar (com.android.tools.build:gradle-api:8.5.0) with InstrumentationAnalysisTransform
[        ] Transforming builder-test-api-8.5.0.jar (com.android.tools.build:builder-test-api:8.5.0) with InstrumentationAnalysisTransform
[        ] Transforming ddmlib-31.5.0.jar (com.android.tools.ddms:ddmlib:31.5.0) with InstrumentationAnalysisTransform
[        ] Transforming aaptcompiler-8.5.0.jar (com.android.tools.build:aaptcompiler:8.5.0) with InstrumentationAnalysisTransform
[        ] Transforming bundletool-1.16.0.jar (com.android.tools.build:bundletool:1.16.0) with InstrumentationAnalysisTransform
[        ] Transforming aapt2-proto-8.5.0-11315950.jar (com.android.tools.build:aapt2-proto:8.5.0-11315950) with InstrumentationAnalysisTransform
[        ] Transforming crash-31.5.0.jar (com.android.tools.analytics-library:crash:31.5.0) with InstrumentationAnalysisTransform
[        ] Transforming tracker-31.5.0.jar (com.android.tools.analytics-library:tracker:31.5.0) with InstrumentationAnalysisTransform
[        ] Transforming shared-31.5.0.jar (com.android.tools.analytics-library:shared:31.5.0) with InstrumentationAnalysisTransform
[        ] Transforming lint-typedef-remover-31.5.0.jar (com.android.tools.lint:lint-typedef-remover:31.5.0) with InstrumentationAnalysisTransform
[        ] Transforming databinding-compiler-common-8.5.0.jar (androidx.databinding:databinding-compiler-common:8.5.0) with InstrumentationAnalysisTransform
[        ] Transforming databinding-common-8.5.0.jar (androidx.databinding:databinding-common:8.5.0) with InstrumentationAnalysisTransform
[        ] Transforming baseLibrary-8.5.0.jar (com.android.databinding:baseLibrary:8.5.0) with InstrumentationAnalysisTransform
[        ] Transforming layoutlib-api-31.5.0.jar (com.android.tools.layoutlib:layoutlib-api:31.5.0) with InstrumentationAnalysisTransform
[        ] Transforming android-device-provider-ddmlib-proto-31.5.0.jar (com.android.tools.utp:android-device-provider-ddmlib-proto:31.5.0) with InstrumentationAnalysisTransform
[        ] Transforming android-device-provider-gradle-proto-31.5.0.jar (com.android.tools.utp:android-device-provider-gradle-proto:31.5.0) with InstrumentationAnalysisTransform
[        ] Transforming android-test-plugin-host-additional-test-output-proto-31.5.0.jar (com.android.tools.utp:android-test-plugin-host-additional-test-output-proto:31.5.0) with InstrumentationAnalysisTransform
[        ] Transforming android-test-plugin-host-coverage-proto-31.5.0.jar (com.android.tools.utp:android-test-plugin-host-coverage-proto:31.5.0) with InstrumentationAnalysisTransform
[        ] Transforming android-test-plugin-host-emulator-control-proto-31.5.0.jar (com.android.tools.utp:android-test-plugin-host-emulator-control-proto:31.5.0) with InstrumentationAnalysisTransform
[        ] Transforming android-test-plugin-host-logcat-proto-31.5.0.jar (com.android.tools.utp:android-test-plugin-host-logcat-proto:31.5.0) with InstrumentationAnalysisTransform
[        ] Transforming android-test-plugin-host-apk-installer-proto-31.5.0.jar (com.android.tools.utp:android-test-plugin-host-apk-installer-proto:31.5.0) with InstrumentationAnalysisTransform
[        ] Transforming android-test-plugin-host-retention-proto-31.5.0.jar (com.android.tools.utp:android-test-plugin-host-retention-proto:31.5.0) with InstrumentationAnalysisTransform
[        ] Transforming android-test-plugin-result-listener-gradle-proto-31.5.0.jar (com.android.tools.utp:android-test-plugin-result-listener-gradle-proto:31.5.0) with InstrumentationAnalysisTransform
[        ] Transforming builder-model-8.5.0.jar (com.android.tools.build:builder-model:8.5.0) with InstrumentationAnalysisTransform
[        ] Transforming dvlib-31.5.0.jar (com.android.tools:dvlib:31.5.0) with InstrumentationAnalysisTransform
[        ] Transforming common-31.5.0.jar (com.android.tools:common:31.5.0) with InstrumentationAnalysisTransform
[        ] Transforming jetifier-processor-1.0.0-beta10.jar (com.android.tools.build.jetifier:jetifier-processor:1.0.0-beta10) with InstrumentationAnalysisTransform
[        ] Transforming jetifier-core-1.0.0-beta10.jar (com.android.tools.build.jetifier:jetifier-core:1.0.0-beta10) with InstrumentationAnalysisTransform
[        ] Transforming kotlin-reflect-1.9.20.jar (org.jetbrains.kotlin:kotlin-reflect:1.9.20) with InstrumentationAnalysisTransform
[        ] Transforming kotlin-stdlib-jdk7-1.9.20.jar (org.jetbrains.kotlin:kotlin-stdlib-jdk7:1.9.20) with InstrumentationAnalysisTransform
[        ] Transforming kotlin-stdlib-1.9.20.jar (org.jetbrains.kotlin:kotlin-stdlib:1.9.20) with InstrumentationAnalysisTransform
[        ] Transforming kotlin-stdlib-jdk8-1.9.20.jar (org.jetbrains.kotlin:kotlin-stdlib-jdk8:1.9.20) with InstrumentationAnalysisTransform
[        ] Transforming transform-api-2.0.0-deprecated-use-gradle-api.jar (com.android.tools.build:transform-api:2.0.0-deprecated-use-gradle-api) with InstrumentationAnalysisTransform
[        ] Transforming httpmime-4.5.6.jar (org.apache.httpcomponents:httpmime:4.5.6) with InstrumentationAnalysisTransform
[        ] Transforming commons-io-2.13.0.jar (commons-io:commons-io:2.13.0) with InstrumentationAnalysisTransform
[        ] Transforming asm-commons-9.6.jar (org.ow2.asm:asm-commons:9.6) with InstrumentationAnalysisTransform
[        ] Transforming asm-util-9.6.jar (org.ow2.asm:asm-util:9.6) with InstrumentationAnalysisTransform
[        ] Transforming asm-analysis-9.6.jar (org.ow2.asm:asm-analysis:9.6) with InstrumentationAnalysisTransform
[        ] Transforming asm-tree-9.6.jar (org.ow2.asm:asm-tree:9.6) with InstrumentationAnalysisTransform
[        ] Transforming asm-9.6.jar (org.ow2.asm:asm:9.6) with InstrumentationAnalysisTransform
[        ] Transforming apkzlib-8.5.0.jar (com.android.tools.build:apkzlib:8.5.0) with InstrumentationAnalysisTransform
[        ] Transforming bcpkix-jdk18on-1.77.jar (org.bouncycastle:bcpkix-jdk18on:1.77) with InstrumentationAnalysisTransform
[        ] Transforming jaxb-runtime-2.3.2.jar (org.glassfish.jaxb:jaxb-runtime:2.3.2) with InstrumentationAnalysisTransform
[        ] Transforming jopt-simple-4.9.jar (net.sf.jopt-simple:jopt-simple:4.9) with InstrumentationAnalysisTransform
[        ] Transforming javapoet-1.10.0.jar (com.squareup:javapoet:1.10.0) with InstrumentationAnalysisTransform
[        ] Transforming protobuf-java-util-3.22.3.jar (com.google.protobuf:protobuf-java-util:3.22.3) with InstrumentationAnalysisTransform
[        ] Transforming grpc-protobuf-1.57.0.jar (io.grpc:grpc-protobuf:1.57.0) with InstrumentationAnalysisTransform
[        ] Transforming tink-1.7.0.jar (com.google.crypto.tink:tink:1.7.0) with InstrumentationAnalysisTransform
[        ] Transforming protos-31.5.0.jar (com.android.tools.analytics-library:protos:31.5.0) with InstrumentationAnalysisTransform
[        ] Transforming proto-google-common-protos-2.17.0.jar (com.google.api.grpc:proto-google-common-protos:2.17.0) with InstrumentationAnalysisTransform
[        ] Transforming protobuf-java-3.22.3.jar (com.google.protobuf:protobuf-java:3.22.3) with InstrumentationAnalysisTransform
[        ] Transforming grpc-netty-1.57.0.jar (io.grpc:grpc-netty:1.57.0) with InstrumentationAnalysisTransform
[        ] Transforming grpc-core-1.57.0.jar (io.grpc:grpc-core:1.57.0) with InstrumentationAnalysisTransform
[        ] Transforming gson-2.10.1.jar (com.google.code.gson:gson:2.10.1) with InstrumentationAnalysisTransform
[        ] Transforming grpc-stub-1.57.0.jar (io.grpc:grpc-stub:1.57.0) with InstrumentationAnalysisTransform
[        ] Transforming core-proto-0.0.9-alpha02.jar (com.google.testing.platform:core-proto:0.0.9-alpha02) with InstrumentationAnalysisTransform
[        ] Transforming kxml2-2.3.0.jar (net.sf.kxml:kxml2:2.3.0) with InstrumentationAnalysisTransform
[        ] Transforming tensorflow-lite-metadata-0.1.0-rc2.jar (org.tensorflow:tensorflow-lite-metadata:0.1.0-rc2) with InstrumentationAnalysisTransform
[        ] Transforming flatbuffers-java-1.12.0.jar (com.google.flatbuffers:flatbuffers-java:1.12.0) with InstrumentationAnalysisTransform
[        ] Transforming jimfs-1.1.jar (com.google.jimfs:jimfs:1.1) with InstrumentationAnalysisTransform
[        ] Transforming grpc-context-1.57.0.jar (io.grpc:grpc-context:1.57.0) with InstrumentationAnalysisTransform
[        ] Transforming grpc-protobuf-lite-1.57.0.jar (io.grpc:grpc-protobuf-lite:1.57.0) with InstrumentationAnalysisTransform
[        ] Transforming grpc-api-1.57.0.jar (io.grpc:grpc-api:1.57.0) with InstrumentationAnalysisTransform
[        ] Transforming guava-32.0.1-jre.jar (com.google.guava:guava:32.0.1-jre) with InstrumentationAnalysisTransform
[        ] Transforming dagger-2.28.3.jar (com.google.dagger:dagger:2.28.3) with InstrumentationAnalysisTransform
[        ] Transforming javax.inject-1.jar (javax.inject:javax.inject:1) with InstrumentationAnalysisTransform
[        ] Transforming bcutil-jdk18on-1.77.jar (org.bouncycastle:bcutil-jdk18on:1.77) with InstrumentationAnalysisTransform
[        ] Transforming bcprov-jdk18on-1.77.jar (org.bouncycastle:bcprov-jdk18on:1.77) with InstrumentationAnalysisTransform
[        ] Transforming trove4j-1.0.20200330.jar (org.jetbrains.intellij.deps:trove4j:1.0.20200330) with InstrumentationAnalysisTransform
[        ] Transforming commons-compress-1.21.jar (org.apache.commons:commons-compress:1.21) with InstrumentationAnalysisTransform
[        ] Transforming httpclient-4.5.14.jar (org.apache.httpcomponents:httpclient:4.5.14) with InstrumentationAnalysisTransform
[        ] Transforming httpcore-4.4.16.jar (org.apache.httpcomponents:httpcore:4.4.16) with InstrumentationAnalysisTransform
[        ] Transforming javax.activation-1.2.0.jar (com.sun.activation:javax.activation:1.2.0) with InstrumentationAnalysisTransform
[        ] Transforming annotations-23.0.0.jar (org.jetbrains:annotations:23.0.0) with InstrumentationAnalysisTransform
[        ] Transforming signflinger-8.5.0.jar (com.android:signflinger:8.5.0) with InstrumentationAnalysisTransform
[        ] Transforming zipflinger-8.5.0.jar (com.android:zipflinger:8.5.0) with InstrumentationAnalysisTransform
[        ] Transforming annotations-31.5.0.jar (com.android.tools:annotations:31.5.0) with InstrumentationAnalysisTransform
[        ] Transforming jna-platform-5.6.0.jar (net.java.dev.jna:jna-platform:5.6.0) with InstrumentationAnalysisTransform
[        ] Transforming juniversalchardet-1.0.3.jar (com.googlecode.juniversalchardet:juniversalchardet:1.0.3) with InstrumentationAnalysisTransform
[        ] Transforming javax.annotation-api-1.3.2.jar (javax.annotation:javax.annotation-api:1.3.2) with InstrumentationAnalysisTransform
[        ] Transforming stax-ex-1.8.1.jar (org.jvnet.staxex:stax-ex:1.8.1) with InstrumentationAnalysisTransform
[        ] Transforming jakarta.xml.bind-api-2.3.2.jar (jakarta.xml.bind:jakarta.xml.bind-api:2.3.2) with InstrumentationAnalysisTransform
[        ] Transforming txw2-2.3.2.jar (org.glassfish.jaxb:txw2:2.3.2) with InstrumentationAnalysisTransform
[        ] Transforming istack-commons-runtime-3.0.8.jar (com.sun.istack:istack-commons-runtime:3.0.8) with InstrumentationAnalysisTransform
[        ] Transforming FastInfoset-1.2.16.jar (com.sun.xml.fastinfoset:FastInfoset:1.2.16) with InstrumentationAnalysisTransform
[        ] Transforming jakarta.activation-api-1.2.1.jar (jakarta.activation:jakarta.activation-api:1.2.1) with InstrumentationAnalysisTransform
[        ] Transforming auto-value-annotations-1.6.2.jar (com.google.auto.value:auto-value-annotations:1.6.2) with InstrumentationAnalysisTransform
[        ] Transforming error_prone_annotations-2.18.0.jar (com.google.errorprone:error_prone_annotations:2.18.0) with InstrumentationAnalysisTransform
[        ] Transforming jose4j-0.9.5.jar (org.bitbucket.b_c:jose4j:0.9.5) with InstrumentationAnalysisTransform
[        ] Transforming slf4j-api-1.7.30.jar (org.slf4j:slf4j-api:1.7.30) with InstrumentationAnalysisTransform
[        ] Transforming jdom2-2.0.6.jar (org.jdom:jdom2:2.0.6) with InstrumentationAnalysisTransform
[        ] Transforming jsr305-3.0.2.jar (com.google.code.findbugs:jsr305:3.0.2) with InstrumentationAnalysisTransform
[        ] Transforming j2objc-annotations-2.8.jar (com.google.j2objc:j2objc-annotations:2.8) with InstrumentationAnalysisTransform
[        ] Transforming annotations-4.1.1.4.jar (com.google.android:annotations:4.1.1.4) with InstrumentationAnalysisTransform
[        ] Transforming animal-sniffer-annotations-1.23.jar (org.codehaus.mojo:animal-sniffer-annotations:1.23) with InstrumentationAnalysisTransform
[        ] Transforming perfmark-api-0.26.0.jar (io.perfmark:perfmark-api:0.26.0) with InstrumentationAnalysisTransform
[        ] Transforming netty-codec-http2-4.1.93.Final.jar (io.netty:netty-codec-http2:4.1.93.Final) with InstrumentationAnalysisTransform
[        ] Transforming netty-handler-proxy-4.1.93.Final.jar (io.netty:netty-handler-proxy:4.1.93.Final) with InstrumentationAnalysisTransform
[        ] Transforming netty-codec-http-4.1.93.Final.jar (io.netty:netty-codec-http:4.1.93.Final) with InstrumentationAnalysisTransform
[        ] Transforming netty-handler-4.1.93.Final.jar (io.netty:netty-handler:4.1.93.Final) with InstrumentationAnalysisTransform
[        ] Transforming netty-transport-native-unix-common-4.1.93.Final.jar (io.netty:netty-transport-native-unix-common:4.1.93.Final) with InstrumentationAnalysisTransform
[        ] Transforming checker-qual-3.33.0.jar (org.checkerframework:checker-qual:3.33.0) with InstrumentationAnalysisTransform
[        ] Transforming commons-codec-1.11.jar (commons-codec:commons-codec:1.11) with InstrumentationAnalysisTransform
[        ] Transforming apksig-8.5.0.jar (com.android.tools.build:apksig:8.5.0) with InstrumentationAnalysisTransform
[        ] Transforming javawriter-2.5.0.jar (com.squareup:javawriter:2.5.0) with InstrumentationAnalysisTransform
[        ] Transforming failureaccess-1.0.1.jar (com.google.guava:failureaccess:1.0.1) with InstrumentationAnalysisTransform
[        ] Transforming listenablefuture-9999.0-empty-to-avoid-conflict-with-guava.jar (com.google.guava:listenablefuture:9999.0-empty-to-avoid-conflict-with-guava) with InstrumentationAnalysisTransform
[        ] Transforming commons-logging-1.2.jar (commons-logging:commons-logging:1.2) with InstrumentationAnalysisTransform
[        ] Transforming jna-5.6.0.jar (net.java.dev.jna:jna:5.6.0) with InstrumentationAnalysisTransform
[        ] Transforming netty-codec-socks-4.1.93.Final.jar (io.netty:netty-codec-socks:4.1.93.Final) with InstrumentationAnalysisTransform
[        ] Transforming netty-codec-4.1.93.Final.jar (io.netty:netty-codec:4.1.93.Final) with InstrumentationAnalysisTransform
[        ] Transforming netty-transport-4.1.93.Final.jar (io.netty:netty-transport:4.1.93.Final) with InstrumentationAnalysisTransform
[        ] Transforming netty-buffer-4.1.93.Final.jar (io.netty:netty-buffer:4.1.93.Final) with InstrumentationAnalysisTransform
[        ] Transforming netty-resolver-4.1.93.Final.jar (io.netty:netty-resolver:4.1.93.Final) with InstrumentationAnalysisTransform
[        ] Transforming netty-common-4.1.93.Final.jar (io.netty:netty-common:4.1.93.Final) with InstrumentationAnalysisTransform
[        ] Transforming gradle-8.5.0.jar (com.android.tools.build:gradle:8.5.0) with InstrumentationAnalysisTransform
[        ] Transforming gradle-8.5.0.jar (com.android.tools.build:gradle:8.5.0) with MergeInstrumentationAnalysisTransform
[        ] Transforming gradle-settings-api-8.5.0.jar (com.android.tools.build:gradle-settings-api:8.5.0) with InstrumentationAnalysisTransform
[        ] Transforming gradle-settings-api-8.5.0.jar (com.android.tools.build:gradle-settings-api:8.5.0) with MergeInstrumentationAnalysisTransform
[        ] Transforming gradle-8.5.0.jar (com.android.tools.build:gradle:8.5.0) with ExternalDependencyInstrumentingArtifactTransform
[        ] Transforming lint-model-31.5.0.jar (com.android.tools.lint:lint-model:31.5.0) with InstrumentationAnalysisTransform
[        ] Transforming lint-model-31.5.0.jar (com.android.tools.lint:lint-model:31.5.0) with MergeInstrumentationAnalysisTransform
[        ] Transforming gradle-settings-api-8.5.0.jar (com.android.tools.build:gradle-settings-api:8.5.0) with ExternalDependencyInstrumentingArtifactTransform
[        ] Transforming builder-8.5.0.jar (com.android.tools.build:builder:8.5.0) with InstrumentationAnalysisTransform
[        ] Transforming builder-8.5.0.jar (com.android.tools.build:builder:8.5.0) with MergeInstrumentationAnalysisTransform
[        ] Transforming manifest-merger-31.5.0.jar (com.android.tools.build:manifest-merger:31.5.0) with InstrumentationAnalysisTransform
[        ] Transforming lint-model-31.5.0.jar (com.android.tools.lint:lint-model:31.5.0) with ExternalDependencyInstrumentingArtifactTransform
[        ] Transforming manifest-merger-31.5.0.jar (com.android.tools.build:manifest-merger:31.5.0) with MergeInstrumentationAnalysisTransform
[        ] Transforming builder-8.5.0.jar (com.android.tools.build:builder:8.5.0) with ExternalDependencyInstrumentingArtifactTransform
[        ] Transforming sdk-common-31.5.0.jar (com.android.tools:sdk-common:31.5.0) with InstrumentationAnalysisTransform
[        ] Transforming manifest-merger-31.5.0.jar (com.android.tools.build:manifest-merger:31.5.0) with ExternalDependencyInstrumentingArtifactTransform
[        ] Transforming sdk-common-31.5.0.jar (com.android.tools:sdk-common:31.5.0) with MergeInstrumentationAnalysisTransform
[        ] Transforming sdklib-31.5.0.jar (com.android.tools:sdklib:31.5.0) with InstrumentationAnalysisTransform
[        ] Transforming sdklib-31.5.0.jar (com.android.tools:sdklib:31.5.0) with MergeInstrumentationAnalysisTransform
[        ] Transforming repository-31.5.0.jar (com.android.tools:repository:31.5.0) with InstrumentationAnalysisTransform
[        ] Transforming repository-31.5.0.jar (com.android.tools:repository:31.5.0) with MergeInstrumentationAnalysisTransform
[        ] Transforming sdk-common-31.5.0.jar (com.android.tools:sdk-common:31.5.0) with ExternalDependencyInstrumentingArtifactTransform
[        ] Transforming sdklib-31.5.0.jar (com.android.tools:sdklib:31.5.0) with ExternalDependencyInstrumentingArtifactTransform
[        ] Transforming gradle-api-8.5.0.jar (com.android.tools.build:gradle-api:8.5.0) with InstrumentationAnalysisTransform
[        ] Transforming repository-31.5.0.jar (com.android.tools:repository:31.5.0) with ExternalDependencyInstrumentingArtifactTransform
[        ] Transforming gradle-api-8.5.0.jar (com.android.tools.build:gradle-api:8.5.0) with MergeInstrumentationAnalysisTransform
[        ] Transforming builder-test-api-8.5.0.jar (com.android.tools.build:builder-test-api:8.5.0) with InstrumentationAnalysisTransform
[        ] Transforming builder-test-api-8.5.0.jar (com.android.tools.build:builder-test-api:8.5.0) with MergeInstrumentationAnalysisTransform
[        ] Transforming ddmlib-31.5.0.jar (com.android.tools.ddms:ddmlib:31.5.0) with InstrumentationAnalysisTransform
[        ] Transforming ddmlib-31.5.0.jar (com.android.tools.ddms:ddmlib:31.5.0) with MergeInstrumentationAnalysisTransform
[        ] Transforming gradle-api-8.5.0.jar (com.android.tools.build:gradle-api:8.5.0) with ExternalDependencyInstrumentingArtifactTransform
[        ] Transforming builder-test-api-8.5.0.jar (com.android.tools.build:builder-test-api:8.5.0) with ExternalDependencyInstrumentingArtifactTransform
[        ] Transforming aaptcompiler-8.5.0.jar (com.android.tools.build:aaptcompiler:8.5.0) with InstrumentationAnalysisTransform
[        ] Transforming ddmlib-31.5.0.jar (com.android.tools.ddms:ddmlib:31.5.0) with ExternalDependencyInstrumentingArtifactTransform
[        ] Transforming aaptcompiler-8.5.0.jar (com.android.tools.build:aaptcompiler:8.5.0) with MergeInstrumentationAnalysisTransform
[        ] Transforming bundletool-1.16.0.jar (com.android.tools.build:bundletool:1.16.0) with InstrumentationAnalysisTransform
[        ] Transforming bundletool-1.16.0.jar (com.android.tools.build:bundletool:1.16.0) with MergeInstrumentationAnalysisTransform
[        ] Transforming aaptcompiler-8.5.0.jar (com.android.tools.build:aaptcompiler:8.5.0) with ExternalDependencyInstrumentingArtifactTransform
[        ] Transforming aapt2-proto-8.5.0-11315950.jar (com.android.tools.build:aapt2-proto:8.5.0-11315950) with InstrumentationAnalysisTransform
[        ] Transforming bundletool-1.16.0.jar (com.android.tools.build:bundletool:1.16.0) with ExternalDependencyInstrumentingArtifactTransform
[        ] Transforming aapt2-proto-8.5.0-11315950.jar (com.android.tools.build:aapt2-proto:8.5.0-11315950) with MergeInstrumentationAnalysisTransform
[        ] Transforming crash-31.5.0.jar (com.android.tools.analytics-library:crash:31.5.0) with InstrumentationAnalysisTransform
[        ] Transforming aapt2-proto-8.5.0-11315950.jar (com.android.tools.build:aapt2-proto:8.5.0-11315950) with ExternalDependencyInstrumentingArtifactTransform
[        ] Transforming crash-31.5.0.jar (com.android.tools.analytics-library:crash:31.5.0) with MergeInstrumentationAnalysisTransform
[        ] Transforming tracker-31.5.0.jar (com.android.tools.analytics-library:tracker:31.5.0) with InstrumentationAnalysisTransform
[        ] Transforming crash-31.5.0.jar (com.android.tools.analytics-library:crash:31.5.0) with ExternalDependencyInstrumentingArtifactTransform
[        ] Transforming tracker-31.5.0.jar (com.android.tools.analytics-library:tracker:31.5.0) with MergeInstrumentationAnalysisTransform
[        ] Transforming shared-31.5.0.jar (com.android.tools.analytics-library:shared:31.5.0) with InstrumentationAnalysisTransform
[        ] Transforming shared-31.5.0.jar (com.android.tools.analytics-library:shared:31.5.0) with MergeInstrumentationAnalysisTransform
[        ] Transforming tracker-31.5.0.jar (com.android.tools.analytics-library:tracker:31.5.0) with ExternalDependencyInstrumentingArtifactTransform
[        ] Transforming lint-typedef-remover-31.5.0.jar (com.android.tools.lint:lint-typedef-remover:31.5.0) with InstrumentationAnalysisTransform
[        ] Transforming lint-typedef-remover-31.5.0.jar (com.android.tools.lint:lint-typedef-remover:31.5.0) with MergeInstrumentationAnalysisTransform
[        ] Transforming databinding-compiler-common-8.5.0.jar (androidx.databinding:databinding-compiler-common:8.5.0) with InstrumentationAnalysisTransform
[        ] Transforming shared-31.5.0.jar (com.android.tools.analytics-library:shared:31.5.0) with ExternalDependencyInstrumentingArtifactTransform
[        ] Transforming databinding-compiler-common-8.5.0.jar (androidx.databinding:databinding-compiler-common:8.5.0) with MergeInstrumentationAnalysisTransform
[        ] Transforming databinding-common-8.5.0.jar (androidx.databinding:databinding-common:8.5.0) with InstrumentationAnalysisTransform
[        ] Transforming lint-typedef-remover-31.5.0.jar (com.android.tools.lint:lint-typedef-remover:31.5.0) with ExternalDependencyInstrumentingArtifactTransform
[        ] Transforming databinding-common-8.5.0.jar (androidx.databinding:databinding-common:8.5.0) with MergeInstrumentationAnalysisTransform
[        ] Transforming databinding-compiler-common-8.5.0.jar (androidx.databinding:databinding-compiler-common:8.5.0) with ExternalDependencyInstrumentingArtifactTransform
[        ] Transforming baseLibrary-8.5.0.jar (com.android.databinding:baseLibrary:8.5.0) with InstrumentationAnalysisTransform
[        ] Transforming databinding-common-8.5.0.jar (androidx.databinding:databinding-common:8.5.0) with ExternalDependencyInstrumentingArtifactTransform
[        ] Transforming baseLibrary-8.5.0.jar (com.android.databinding:baseLibrary:8.5.0) with MergeInstrumentationAnalysisTransform
[        ] Transforming layoutlib-api-31.5.0.jar (com.android.tools.layoutlib:layoutlib-api:31.5.0) with InstrumentationAnalysisTransform
[        ] Transforming layoutlib-api-31.5.0.jar (com.android.tools.layoutlib:layoutlib-api:31.5.0) with MergeInstrumentationAnalysisTransform
[        ] Transforming android-device-provider-ddmlib-proto-31.5.0.jar (com.android.tools.utp:android-device-provider-ddmlib-proto:31.5.0) with InstrumentationAnalysisTransform
[        ] Transforming baseLibrary-8.5.0.jar (com.android.databinding:baseLibrary:8.5.0) with ExternalDependencyInstrumentingArtifactTransform
[        ] Transforming android-device-provider-ddmlib-proto-31.5.0.jar (com.android.tools.utp:android-device-provider-ddmlib-proto:31.5.0) with MergeInstrumentationAnalysisTransform
[        ] Transforming layoutlib-api-31.5.0.jar (com.android.tools.layoutlib:layoutlib-api:31.5.0) with ExternalDependencyInstrumentingArtifactTransform
[        ] Transforming android-device-provider-gradle-proto-31.5.0.jar (com.android.tools.utp:android-device-provider-gradle-proto:31.5.0) with InstrumentationAnalysisTransform
[        ] Transforming android-device-provider-ddmlib-proto-31.5.0.jar (com.android.tools.utp:android-device-provider-ddmlib-proto:31.5.0) with ExternalDependencyInstrumentingArtifactTransform
[        ] Transforming android-device-provider-gradle-proto-31.5.0.jar (com.android.tools.utp:android-device-provider-gradle-proto:31.5.0) with MergeInstrumentationAnalysisTransform
[        ] Transforming android-test-plugin-host-additional-test-output-proto-31.5.0.jar (com.android.tools.utp:android-test-plugin-host-additional-test-output-proto:31.5.0) with InstrumentationAnalysisTransform
[        ] Transforming android-test-plugin-host-additional-test-output-proto-31.5.0.jar (com.android.tools.utp:android-test-plugin-host-additional-test-output-proto:31.5.0) with MergeInstrumentationAnalysisTransform
[        ] Transforming android-device-provider-gradle-proto-31.5.0.jar (com.android.tools.utp:android-device-provider-gradle-proto:31.5.0) with ExternalDependencyInstrumentingArtifactTransform
[        ] Transforming android-test-plugin-host-coverage-proto-31.5.0.jar (com.android.tools.utp:android-test-plugin-host-coverage-proto:31.5.0) with InstrumentationAnalysisTransform
[        ] Transforming android-test-plugin-host-additional-test-output-proto-31.5.0.jar (com.android.tools.utp:android-test-plugin-host-additional-test-output-proto:31.5.0) with ExternalDependencyInstrumentingArtifactTransform
[        ] Transforming android-test-plugin-host-coverage-proto-31.5.0.jar (com.android.tools.utp:android-test-plugin-host-coverage-proto:31.5.0) with MergeInstrumentationAnalysisTransform
[        ] Transforming android-test-plugin-host-emulator-control-proto-31.5.0.jar (com.android.tools.utp:android-test-plugin-host-emulator-control-proto:31.5.0) with InstrumentationAnalysisTransform
[        ] Transforming android-test-plugin-host-coverage-proto-31.5.0.jar (com.android.tools.utp:android-test-plugin-host-coverage-proto:31.5.0) with ExternalDependencyInstrumentingArtifactTransform
[        ] Transforming android-test-plugin-host-emulator-control-proto-31.5.0.jar (com.android.tools.utp:android-test-plugin-host-emulator-control-proto:31.5.0) with MergeInstrumentationAnalysisTransform
[        ] Transforming android-test-plugin-host-logcat-proto-31.5.0.jar (com.android.tools.utp:android-test-plugin-host-logcat-proto:31.5.0) with InstrumentationAnalysisTransform
[        ] Transforming android-test-plugin-host-emulator-control-proto-31.5.0.jar (com.android.tools.utp:android-test-plugin-host-emulator-control-proto:31.5.0) with ExternalDependencyInstrumentingArtifactTransform
[        ] Transforming android-test-plugin-host-logcat-proto-31.5.0.jar (com.android.tools.utp:android-test-plugin-host-logcat-proto:31.5.0) with MergeInstrumentationAnalysisTransform
[        ] Transforming android-test-plugin-host-apk-installer-proto-31.5.0.jar (com.android.tools.utp:android-test-plugin-host-apk-installer-proto:31.5.0) with InstrumentationAnalysisTransform
[        ] Transforming android-test-plugin-host-logcat-proto-31.5.0.jar (com.android.tools.utp:android-test-plugin-host-logcat-proto:31.5.0) with ExternalDependencyInstrumentingArtifactTransform
[        ] Transforming android-test-plugin-host-apk-installer-proto-31.5.0.jar (com.android.tools.utp:android-test-plugin-host-apk-installer-proto:31.5.0) with MergeInstrumentationAnalysisTransform
[        ] Transforming android-test-plugin-host-retention-proto-31.5.0.jar (com.android.tools.utp:android-test-plugin-host-retention-proto:31.5.0) with InstrumentationAnalysisTransform
[        ] Transforming android-test-plugin-host-retention-proto-31.5.0.jar (com.android.tools.utp:android-test-plugin-host-retention-proto:31.5.0) with MergeInstrumentationAnalysisTransform
[        ] Transforming android-test-plugin-result-listener-gradle-proto-31.5.0.jar (com.android.tools.utp:android-test-plugin-result-listener-gradle-proto:31.5.0) with InstrumentationAnalysisTransform
[        ] Transforming android-test-plugin-host-retention-proto-31.5.0.jar (com.android.tools.utp:android-test-plugin-host-retention-proto:31.5.0) with ExternalDependencyInstrumentingArtifactTransform
[        ] Transforming android-test-plugin-result-listener-gradle-proto-31.5.0.jar (com.android.tools.utp:android-test-plugin-result-listener-gradle-proto:31.5.0) with MergeInstrumentationAnalysisTransform
[        ] Transforming android-test-plugin-host-apk-installer-proto-31.5.0.jar (com.android.tools.utp:android-test-plugin-host-apk-installer-proto:31.5.0) with ExternalDependencyInstrumentingArtifactTransform
[        ] Transforming builder-model-8.5.0.jar (com.android.tools.build:builder-model:8.5.0) with InstrumentationAnalysisTransform
[        ] Transforming builder-model-8.5.0.jar (com.android.tools.build:builder-model:8.5.0) with MergeInstrumentationAnalysisTransform
[        ] Transforming android-test-plugin-result-listener-gradle-proto-31.5.0.jar (com.android.tools.utp:android-test-plugin-result-listener-gradle-proto:31.5.0) with ExternalDependencyInstrumentingArtifactTransform
[        ] Transforming dvlib-31.5.0.jar (com.android.tools:dvlib:31.5.0) with InstrumentationAnalysisTransform
[        ] Transforming builder-model-8.5.0.jar (com.android.tools.build:builder-model:8.5.0) with ExternalDependencyInstrumentingArtifactTransform
[        ] Transforming dvlib-31.5.0.jar (com.android.tools:dvlib:31.5.0) with MergeInstrumentationAnalysisTransform
[        ] Transforming common-31.5.0.jar (com.android.tools:common:31.5.0) with InstrumentationAnalysisTransform
[        ] Transforming dvlib-31.5.0.jar (com.android.tools:dvlib:31.5.0) with ExternalDependencyInstrumentingArtifactTransform
[        ] Transforming common-31.5.0.jar (com.android.tools:common:31.5.0) with MergeInstrumentationAnalysisTransform
[        ] Transforming jetifier-processor-1.0.0-beta10.jar (com.android.tools.build.jetifier:jetifier-processor:1.0.0-beta10) with InstrumentationAnalysisTransform
[        ] Transforming jetifier-processor-1.0.0-beta10.jar (com.android.tools.build.jetifier:jetifier-processor:1.0.0-beta10) with MergeInstrumentationAnalysisTransform
[        ] Transforming jetifier-core-1.0.0-beta10.jar (com.android.tools.build.jetifier:jetifier-core:1.0.0-beta10) with InstrumentationAnalysisTransform
[        ] Transforming common-31.5.0.jar (com.android.tools:common:31.5.0) with ExternalDependencyInstrumentingArtifactTransform
[        ] Transforming jetifier-core-1.0.0-beta10.jar (com.android.tools.build.jetifier:jetifier-core:1.0.0-beta10) with MergeInstrumentationAnalysisTransform
[        ] Transforming jetifier-processor-1.0.0-beta10.jar (com.android.tools.build.jetifier:jetifier-processor:1.0.0-beta10) with ExternalDependencyInstrumentingArtifactTransform
[        ] Transforming kotlin-reflect-1.9.20.jar (org.jetbrains.kotlin:kotlin-reflect:1.9.20) with InstrumentationAnalysisTransform
[        ] Transforming jetifier-core-1.0.0-beta10.jar (com.android.tools.build.jetifier:jetifier-core:1.0.0-beta10) with ExternalDependencyInstrumentingArtifactTransform
[        ] Transforming kotlin-reflect-1.9.20.jar (org.jetbrains.kotlin:kotlin-reflect:1.9.20) with MergeInstrumentationAnalysisTransform
[        ] Transforming kotlin-stdlib-jdk7-1.9.20.jar (org.jetbrains.kotlin:kotlin-stdlib-jdk7:1.9.20) with InstrumentationAnalysisTransform
[        ] Transforming kotlin-stdlib-jdk7-1.9.20.jar (org.jetbrains.kotlin:kotlin-stdlib-jdk7:1.9.20) with MergeInstrumentationAnalysisTransform
[        ] Transforming kotlin-stdlib-1.9.20.jar (org.jetbrains.kotlin:kotlin-stdlib:1.9.20) with InstrumentationAnalysisTransform
[        ] Transforming kotlin-reflect-1.9.20.jar (org.jetbrains.kotlin:kotlin-reflect:1.9.20) with ExternalDependencyInstrumentingArtifactTransform
[        ] Transforming kotlin-stdlib-jdk7-1.9.20.jar (org.jetbrains.kotlin:kotlin-stdlib-jdk7:1.9.20) with ExternalDependencyInstrumentingArtifactTransform
[        ] Transforming kotlin-stdlib-1.9.20.jar (org.jetbrains.kotlin:kotlin-stdlib:1.9.20) with MergeInstrumentationAnalysisTransform
[        ] Transforming kotlin-stdlib-jdk8-1.9.20.jar (org.jetbrains.kotlin:kotlin-stdlib-jdk8:1.9.20) with InstrumentationAnalysisTransform
[        ] Transforming kotlin-stdlib-jdk8-1.9.20.jar (org.jetbrains.kotlin:kotlin-stdlib-jdk8:1.9.20) with MergeInstrumentationAnalysisTransform
[        ] Transforming kotlin-stdlib-1.9.20.jar (org.jetbrains.kotlin:kotlin-stdlib:1.9.20) with ExternalDependencyInstrumentingArtifactTransform
[        ] Transforming transform-api-2.0.0-deprecated-use-gradle-api.jar (com.android.tools.build:transform-api:2.0.0-deprecated-use-gradle-api) with InstrumentationAnalysisTransform
[        ] Transforming transform-api-2.0.0-deprecated-use-gradle-api.jar (com.android.tools.build:transform-api:2.0.0-deprecated-use-gradle-api) with MergeInstrumentationAnalysisTransform
[        ] Transforming kotlin-stdlib-jdk8-1.9.20.jar (org.jetbrains.kotlin:kotlin-stdlib-jdk8:1.9.20) with ExternalDependencyInstrumentingArtifactTransform
[        ] Transforming httpmime-4.5.6.jar (org.apache.httpcomponents:httpmime:4.5.6) with InstrumentationAnalysisTransform
[        ] Transforming httpmime-4.5.6.jar (org.apache.httpcomponents:httpmime:4.5.6) with MergeInstrumentationAnalysisTransform
[        ] Transforming transform-api-2.0.0-deprecated-use-gradle-api.jar (com.android.tools.build:transform-api:2.0.0-deprecated-use-gradle-api) with ExternalDependencyInstrumentingArtifactTransform
[        ] Transforming httpmime-4.5.6.jar (org.apache.httpcomponents:httpmime:4.5.6) with ExternalDependencyInstrumentingArtifactTransform
[        ] Transforming commons-io-2.13.0.jar (commons-io:commons-io:2.13.0) with InstrumentationAnalysisTransform
[        ] Transforming commons-io-2.13.0.jar (commons-io:commons-io:2.13.0) with MergeInstrumentationAnalysisTransform
[        ] Transforming asm-commons-9.6.jar (org.ow2.asm:asm-commons:9.6) with InstrumentationAnalysisTransform
[        ] Transforming asm-commons-9.6.jar (org.ow2.asm:asm-commons:9.6) with MergeInstrumentationAnalysisTransform
[        ] Transforming asm-util-9.6.jar (org.ow2.asm:asm-util:9.6) with InstrumentationAnalysisTransform
[        ] Transforming commons-io-2.13.0.jar (commons-io:commons-io:2.13.0) with ExternalDependencyInstrumentingArtifactTransform
[        ] Transforming asm-util-9.6.jar (org.ow2.asm:asm-util:9.6) with MergeInstrumentationAnalysisTransform
[        ] Transforming asm-commons-9.6.jar (org.ow2.asm:asm-commons:9.6) with ExternalDependencyInstrumentingArtifactTransform
[        ] Transforming asm-analysis-9.6.jar (org.ow2.asm:asm-analysis:9.6) with InstrumentationAnalysisTransform
[        ] Transforming asm-analysis-9.6.jar (org.ow2.asm:asm-analysis:9.6) with MergeInstrumentationAnalysisTransform
[        ] Transforming asm-tree-9.6.jar (org.ow2.asm:asm-tree:9.6) with InstrumentationAnalysisTransform
[        ] Transforming asm-util-9.6.jar (org.ow2.asm:asm-util:9.6) with ExternalDependencyInstrumentingArtifactTransform
[        ] Transforming asm-tree-9.6.jar (org.ow2.asm:asm-tree:9.6) with MergeInstrumentationAnalysisTransform
[        ] Transforming asm-analysis-9.6.jar (org.ow2.asm:asm-analysis:9.6) with ExternalDependencyInstrumentingArtifactTransform
[        ] Transforming asm-9.6.jar (org.ow2.asm:asm:9.6) with InstrumentationAnalysisTransform
[        ] Transforming asm-9.6.jar (org.ow2.asm:asm:9.6) with MergeInstrumentationAnalysisTransform
[        ] Transforming asm-tree-9.6.jar (org.ow2.asm:asm-tree:9.6) with ExternalDependencyInstrumentingArtifactTransform
[        ] Transforming apkzlib-8.5.0.jar (com.android.tools.build:apkzlib:8.5.0) with InstrumentationAnalysisTransform
[        ] Transforming apkzlib-8.5.0.jar (com.android.tools.build:apkzlib:8.5.0) with MergeInstrumentationAnalysisTransform
[        ] Transforming asm-9.6.jar (org.ow2.asm:asm:9.6) with ExternalDependencyInstrumentingArtifactTransform
[        ] Transforming bcpkix-jdk18on-1.77.jar (org.bouncycastle:bcpkix-jdk18on:1.77) with InstrumentationAnalysisTransform
[        ] Transforming apkzlib-8.5.0.jar (com.android.tools.build:apkzlib:8.5.0) with ExternalDependencyInstrumentingArtifactTransform
[        ] Transforming bcpkix-jdk18on-1.77.jar (org.bouncycastle:bcpkix-jdk18on:1.77) with MergeInstrumentationAnalysisTransform
[        ] Transforming jaxb-runtime-2.3.2.jar (org.glassfish.jaxb:jaxb-runtime:2.3.2) with InstrumentationAnalysisTransform
[        ] Transforming bcpkix-jdk18on-1.77.jar (org.bouncycastle:bcpkix-jdk18on:1.77) with ExternalDependencyInstrumentingArtifactTransform
[        ] Transforming jaxb-runtime-2.3.2.jar (org.glassfish.jaxb:jaxb-runtime:2.3.2) with MergeInstrumentationAnalysisTransform
[        ] Transforming jopt-simple-4.9.jar (net.sf.jopt-simple:jopt-simple:4.9) with InstrumentationAnalysisTransform
[        ] Transforming jopt-simple-4.9.jar (net.sf.jopt-simple:jopt-simple:4.9) with MergeInstrumentationAnalysisTransform
[        ] Transforming javapoet-1.10.0.jar (com.squareup:javapoet:1.10.0) with InstrumentationAnalysisTransform
[        ] Transforming jaxb-runtime-2.3.2.jar (org.glassfish.jaxb:jaxb-runtime:2.3.2) with ExternalDependencyInstrumentingArtifactTransform
[        ] Transforming javapoet-1.10.0.jar (com.squareup:javapoet:1.10.0) with MergeInstrumentationAnalysisTransform
[        ] Transforming protobuf-java-util-3.22.3.jar (com.google.protobuf:protobuf-java-util:3.22.3) with InstrumentationAnalysisTransform
[        ] Transforming jopt-simple-4.9.jar (net.sf.jopt-simple:jopt-simple:4.9) with ExternalDependencyInstrumentingArtifactTransform
[        ] Transforming protobuf-java-util-3.22.3.jar (com.google.protobuf:protobuf-java-util:3.22.3) with MergeInstrumentationAnalysisTransform
[        ] Transforming javapoet-1.10.0.jar (com.squareup:javapoet:1.10.0) with ExternalDependencyInstrumentingArtifactTransform
[        ] Transforming grpc-protobuf-1.57.0.jar (io.grpc:grpc-protobuf:1.57.0) with InstrumentationAnalysisTransform
[        ] Transforming protobuf-java-util-3.22.3.jar (com.google.protobuf:protobuf-java-util:3.22.3) with ExternalDependencyInstrumentingArtifactTransform
[        ] Transforming grpc-protobuf-1.57.0.jar (io.grpc:grpc-protobuf:1.57.0) with MergeInstrumentationAnalysisTransform
[        ] Transforming tink-1.7.0.jar (com.google.crypto.tink:tink:1.7.0) with InstrumentationAnalysisTransform
[        ] Transforming tink-1.7.0.jar (com.google.crypto.tink:tink:1.7.0) with MergeInstrumentationAnalysisTransform
[        ] Transforming protos-31.5.0.jar (com.android.tools.analytics-library:protos:31.5.0) with InstrumentationAnalysisTransform
[        ] Transforming grpc-protobuf-1.57.0.jar (io.grpc:grpc-protobuf:1.57.0) with ExternalDependencyInstrumentingArtifactTransform
[        ] Transforming tink-1.7.0.jar (com.google.crypto.tink:tink:1.7.0) with ExternalDependencyInstrumentingArtifactTransform
[        ] Transforming protos-31.5.0.jar (com.android.tools.analytics-library:protos:31.5.0) with MergeInstrumentationAnalysisTransform
[        ] Transforming proto-google-common-protos-2.17.0.jar (com.google.api.grpc:proto-google-common-protos:2.17.0) with InstrumentationAnalysisTransform
[        ] Transforming proto-google-common-protos-2.17.0.jar (com.google.api.grpc:proto-google-common-protos:2.17.0) with MergeInstrumentationAnalysisTransform
[        ] Transforming protos-31.5.0.jar (com.android.tools.analytics-library:protos:31.5.0) with ExternalDependencyInstrumentingArtifactTransform
[        ] Transforming protobuf-java-3.22.3.jar (com.google.protobuf:protobuf-java:3.22.3) with InstrumentationAnalysisTransform
[        ] Transforming proto-google-common-protos-2.17.0.jar (com.google.api.grpc:proto-google-common-protos:2.17.0) with ExternalDependencyInstrumentingArtifactTransform
[        ] Transforming protobuf-java-3.22.3.jar (com.google.protobuf:protobuf-java:3.22.3) with MergeInstrumentationAnalysisTransform
[        ] Transforming grpc-netty-1.57.0.jar (io.grpc:grpc-netty:1.57.0) with InstrumentationAnalysisTransform
[        ] Transforming grpc-netty-1.57.0.jar (io.grpc:grpc-netty:1.57.0) with MergeInstrumentationAnalysisTransform
[        ] Transforming grpc-core-1.57.0.jar (io.grpc:grpc-core:1.57.0) with InstrumentationAnalysisTransform
[        ] Transforming protobuf-java-3.22.3.jar (com.google.protobuf:protobuf-java:3.22.3) with ExternalDependencyInstrumentingArtifactTransform
[        ] Transforming grpc-core-1.57.0.jar (io.grpc:grpc-core:1.57.0) with MergeInstrumentationAnalysisTransform
[        ] Transforming grpc-netty-1.57.0.jar (io.grpc:grpc-netty:1.57.0) with ExternalDependencyInstrumentingArtifactTransform
[        ] Transforming gson-2.10.1.jar (com.google.code.gson:gson:2.10.1) with InstrumentationAnalysisTransform
[        ] Transforming grpc-core-1.57.0.jar (io.grpc:grpc-core:1.57.0) with ExternalDependencyInstrumentingArtifactTransform
[        ] Transforming gson-2.10.1.jar (com.google.code.gson:gson:2.10.1) with MergeInstrumentationAnalysisTransform
[        ] Transforming grpc-stub-1.57.0.jar (io.grpc:grpc-stub:1.57.0) with InstrumentationAnalysisTransform
[        ] Transforming gson-2.10.1.jar (com.google.code.gson:gson:2.10.1) with ExternalDependencyInstrumentingArtifactTransform
[        ] Transforming grpc-stub-1.57.0.jar (io.grpc:grpc-stub:1.57.0) with MergeInstrumentationAnalysisTransform
[        ] Transforming core-proto-0.0.9-alpha02.jar (com.google.testing.platform:core-proto:0.0.9-alpha02) with InstrumentationAnalysisTransform
[        ] Transforming grpc-stub-1.57.0.jar (io.grpc:grpc-stub:1.57.0) with ExternalDependencyInstrumentingArtifactTransform
[        ] Transforming core-proto-0.0.9-alpha02.jar (com.google.testing.platform:core-proto:0.0.9-alpha02) with MergeInstrumentationAnalysisTransform
[        ] Transforming kxml2-2.3.0.jar (net.sf.kxml:kxml2:2.3.0) with InstrumentationAnalysisTransform
[        ] Transforming kxml2-2.3.0.jar (net.sf.kxml:kxml2:2.3.0) with MergeInstrumentationAnalysisTransform
[        ] Transforming tensorflow-lite-metadata-0.1.0-rc2.jar (org.tensorflow:tensorflow-lite-metadata:0.1.0-rc2) with InstrumentationAnalysisTransform
[        ] Transforming core-proto-0.0.9-alpha02.jar (com.google.testing.platform:core-proto:0.0.9-alpha02) with ExternalDependencyInstrumentingArtifactTransform
[        ] Transforming tensorflow-lite-metadata-0.1.0-rc2.jar (org.tensorflow:tensorflow-lite-metadata:0.1.0-rc2) with MergeInstrumentationAnalysisTransform
[        ] Transforming kxml2-2.3.0.jar (net.sf.kxml:kxml2:2.3.0) with ExternalDependencyInstrumentingArtifactTransform
[        ] Transforming flatbuffers-java-1.12.0.jar (com.google.flatbuffers:flatbuffers-java:1.12.0) with InstrumentationAnalysisTransform
[        ] Transforming tensorflow-lite-metadata-0.1.0-rc2.jar (org.tensorflow:tensorflow-lite-metadata:0.1.0-rc2) with ExternalDependencyInstrumentingArtifactTransform
[        ] Transforming flatbuffers-java-1.12.0.jar (com.google.flatbuffers:flatbuffers-java:1.12.0) with MergeInstrumentationAnalysisTransform
[        ] Transforming jimfs-1.1.jar (com.google.jimfs:jimfs:1.1) with InstrumentationAnalysisTransform
[        ] Transforming flatbuffers-java-1.12.0.jar (com.google.flatbuffers:flatbuffers-java:1.12.0) with ExternalDependencyInstrumentingArtifactTransform
[        ] Transforming jimfs-1.1.jar (com.google.jimfs:jimfs:1.1) with MergeInstrumentationAnalysisTransform
[        ] Transforming grpc-context-1.57.0.jar (io.grpc:grpc-context:1.57.0) with InstrumentationAnalysisTransform
[        ] Transforming jimfs-1.1.jar (com.google.jimfs:jimfs:1.1) with ExternalDependencyInstrumentingArtifactTransform
[        ] Transforming grpc-context-1.57.0.jar (io.grpc:grpc-context:1.57.0) with MergeInstrumentationAnalysisTransform
[        ] Transforming grpc-protobuf-lite-1.57.0.jar (io.grpc:grpc-protobuf-lite:1.57.0) with InstrumentationAnalysisTransform
[        ] Transforming grpc-context-1.57.0.jar (io.grpc:grpc-context:1.57.0) with ExternalDependencyInstrumentingArtifactTransform
[        ] Transforming grpc-protobuf-lite-1.57.0.jar (io.grpc:grpc-protobuf-lite:1.57.0) with MergeInstrumentationAnalysisTransform
[        ] Transforming grpc-api-1.57.0.jar (io.grpc:grpc-api:1.57.0) with InstrumentationAnalysisTransform
[        ] Transforming grpc-api-1.57.0.jar (io.grpc:grpc-api:1.57.0) with MergeInstrumentationAnalysisTransform
[        ] Transforming guava-32.0.1-jre.jar (com.google.guava:guava:32.0.1-jre) with InstrumentationAnalysisTransform
[        ] Transforming grpc-protobuf-lite-1.57.0.jar (io.grpc:grpc-protobuf-lite:1.57.0) with ExternalDependencyInstrumentingArtifactTransform
[        ] Transforming grpc-api-1.57.0.jar (io.grpc:grpc-api:1.57.0) with ExternalDependencyInstrumentingArtifactTransform
[        ] Transforming guava-32.0.1-jre.jar (com.google.guava:guava:32.0.1-jre) with MergeInstrumentationAnalysisTransform
[        ] Transforming dagger-2.28.3.jar (com.google.dagger:dagger:2.28.3) with InstrumentationAnalysisTransform
[        ] Transforming dagger-2.28.3.jar (com.google.dagger:dagger:2.28.3) with MergeInstrumentationAnalysisTransform
[        ] Transforming guava-32.0.1-jre.jar (com.google.guava:guava:32.0.1-jre) with ExternalDependencyInstrumentingArtifactTransform
[        ] Transforming javax.inject-1.jar (javax.inject:javax.inject:1) with InstrumentationAnalysisTransform
[        ] Transforming javax.inject-1.jar (javax.inject:javax.inject:1) with MergeInstrumentationAnalysisTransform
[        ] Transforming dagger-2.28.3.jar (com.google.dagger:dagger:2.28.3) with ExternalDependencyInstrumentingArtifactTransform
[        ] Transforming bcutil-jdk18on-1.77.jar (org.bouncycastle:bcutil-jdk18on:1.77) with InstrumentationAnalysisTransform
[        ] Transforming javax.inject-1.jar (javax.inject:javax.inject:1) with ExternalDependencyInstrumentingArtifactTransform
[        ] Transforming bcutil-jdk18on-1.77.jar (org.bouncycastle:bcutil-jdk18on:1.77) with MergeInstrumentationAnalysisTransform
[        ] Transforming bcprov-jdk18on-1.77.jar (org.bouncycastle:bcprov-jdk18on:1.77) with InstrumentationAnalysisTransform
[        ] Transforming bcprov-jdk18on-1.77.jar (org.bouncycastle:bcprov-jdk18on:1.77) with MergeInstrumentationAnalysisTransform
[        ] Transforming bcutil-jdk18on-1.77.jar (org.bouncycastle:bcutil-jdk18on:1.77) with ExternalDependencyInstrumentingArtifactTransform
[        ] Transforming trove4j-1.0.20200330.jar (org.jetbrains.intellij.deps:trove4j:1.0.20200330) with InstrumentationAnalysisTransform
[        ] Transforming bcprov-jdk18on-1.77.jar (org.bouncycastle:bcprov-jdk18on:1.77) with ExternalDependencyInstrumentingArtifactTransform
[        ] Transforming trove4j-1.0.20200330.jar (org.jetbrains.intellij.deps:trove4j:1.0.20200330) with MergeInstrumentationAnalysisTransform
[        ] Transforming commons-compress-1.21.jar (org.apache.commons:commons-compress:1.21) with InstrumentationAnalysisTransform
[        ] Transforming trove4j-1.0.20200330.jar (org.jetbrains.intellij.deps:trove4j:1.0.20200330) with ExternalDependencyInstrumentingArtifactTransform
[        ] Transforming commons-compress-1.21.jar (org.apache.commons:commons-compress:1.21) with MergeInstrumentationAnalysisTransform
[        ] Transforming httpclient-4.5.14.jar (org.apache.httpcomponents:httpclient:4.5.14) with InstrumentationAnalysisTransform
[        ] Transforming httpclient-4.5.14.jar (org.apache.httpcomponents:httpclient:4.5.14) with MergeInstrumentationAnalysisTransform
[        ] Transforming httpcore-4.4.16.jar (org.apache.httpcomponents:httpcore:4.4.16) with InstrumentationAnalysisTransform
[        ] Transforming commons-compress-1.21.jar (org.apache.commons:commons-compress:1.21) with ExternalDependencyInstrumentingArtifactTransform
[        ] Transforming httpcore-4.4.16.jar (org.apache.httpcomponents:httpcore:4.4.16) with MergeInstrumentationAnalysisTransform
[        ] Transforming javax.activation-1.2.0.jar (com.sun.activation:javax.activation:1.2.0) with InstrumentationAnalysisTransform
[        ] Transforming httpclient-4.5.14.jar (org.apache.httpcomponents:httpclient:4.5.14) with ExternalDependencyInstrumentingArtifactTransform
[        ] Transforming javax.activation-1.2.0.jar (com.sun.activation:javax.activation:1.2.0) with MergeInstrumentationAnalysisTransform
[        ] Transforming httpcore-4.4.16.jar (org.apache.httpcomponents:httpcore:4.4.16) with ExternalDependencyInstrumentingArtifactTransform
[        ] Transforming annotations-23.0.0.jar (org.jetbrains:annotations:23.0.0) with InstrumentationAnalysisTransform
[        ] Transforming annotations-23.0.0.jar (org.jetbrains:annotations:23.0.0) with MergeInstrumentationAnalysisTransform
[        ] Transforming javax.activation-1.2.0.jar (com.sun.activation:javax.activation:1.2.0) with ExternalDependencyInstrumentingArtifactTransform
[        ] Transforming signflinger-8.5.0.jar (com.android:signflinger:8.5.0) with InstrumentationAnalysisTransform
[        ] Transforming signflinger-8.5.0.jar (com.android:signflinger:8.5.0) with MergeInstrumentationAnalysisTransform
[        ] Transforming annotations-23.0.0.jar (org.jetbrains:annotations:23.0.0) with ExternalDependencyInstrumentingArtifactTransform
[        ] Transforming zipflinger-8.5.0.jar (com.android:zipflinger:8.5.0) with InstrumentationAnalysisTransform
[        ] Transforming zipflinger-8.5.0.jar (com.android:zipflinger:8.5.0) with MergeInstrumentationAnalysisTransform
[        ] Transforming signflinger-8.5.0.jar (com.android:signflinger:8.5.0) with ExternalDependencyInstrumentingArtifactTransform
[        ] Transforming annotations-31.5.0.jar (com.android.tools:annotations:31.5.0) with InstrumentationAnalysisTransform
[        ] Transforming zipflinger-8.5.0.jar (com.android:zipflinger:8.5.0) with ExternalDependencyInstrumentingArtifactTransform
[        ] Transforming annotations-31.5.0.jar (com.android.tools:annotations:31.5.0) with MergeInstrumentationAnalysisTransform
[        ] Transforming jna-platform-5.6.0.jar (net.java.dev.jna:jna-platform:5.6.0) with InstrumentationAnalysisTransform
[        ] Transforming jna-platform-5.6.0.jar (net.java.dev.jna:jna-platform:5.6.0) with MergeInstrumentationAnalysisTransform
[        ] Transforming annotations-31.5.0.jar (com.android.tools:annotations:31.5.0) with ExternalDependencyInstrumentingArtifactTransform
[        ] Transforming juniversalchardet-1.0.3.jar (com.googlecode.juniversalchardet:juniversalchardet:1.0.3) with InstrumentationAnalysisTransform
[        ] Transforming jna-platform-5.6.0.jar (net.java.dev.jna:jna-platform:5.6.0) with ExternalDependencyInstrumentingArtifactTransform
[        ] Transforming juniversalchardet-1.0.3.jar (com.googlecode.juniversalchardet:juniversalchardet:1.0.3) with MergeInstrumentationAnalysisTransform
[        ] Transforming javax.annotation-api-1.3.2.jar (javax.annotation:javax.annotation-api:1.3.2) with InstrumentationAnalysisTransform
[        ] Transforming javax.annotation-api-1.3.2.jar (javax.annotation:javax.annotation-api:1.3.2) with MergeInstrumentationAnalysisTransform
[        ] Transforming stax-ex-1.8.1.jar (org.jvnet.staxex:stax-ex:1.8.1) with InstrumentationAnalysisTransform
[        ] Transforming juniversalchardet-1.0.3.jar (com.googlecode.juniversalchardet:juniversalchardet:1.0.3) with ExternalDependencyInstrumentingArtifactTransform
[        ] Transforming stax-ex-1.8.1.jar (org.jvnet.staxex:stax-ex:1.8.1) with MergeInstrumentationAnalysisTransform
[        ] Transforming jakarta.xml.bind-api-2.3.2.jar (jakarta.xml.bind:jakarta.xml.bind-api:2.3.2) with InstrumentationAnalysisTransform
[        ] Transforming javax.annotation-api-1.3.2.jar (javax.annotation:javax.annotation-api:1.3.2) with ExternalDependencyInstrumentingArtifactTransform
[        ] Transforming jakarta.xml.bind-api-2.3.2.jar (jakarta.xml.bind:jakarta.xml.bind-api:2.3.2) with MergeInstrumentationAnalysisTransform
[        ] Transforming txw2-2.3.2.jar (org.glassfish.jaxb:txw2:2.3.2) with InstrumentationAnalysisTransform
[        ] Transforming stax-ex-1.8.1.jar (org.jvnet.staxex:stax-ex:1.8.1) with ExternalDependencyInstrumentingArtifactTransform
[        ] Transforming jakarta.xml.bind-api-2.3.2.jar (jakarta.xml.bind:jakarta.xml.bind-api:2.3.2) with ExternalDependencyInstrumentingArtifactTransform
[        ] Transforming txw2-2.3.2.jar (org.glassfish.jaxb:txw2:2.3.2) with MergeInstrumentationAnalysisTransform
[        ] Transforming istack-commons-runtime-3.0.8.jar (com.sun.istack:istack-commons-runtime:3.0.8) with InstrumentationAnalysisTransform
[        ] Transforming istack-commons-runtime-3.0.8.jar (com.sun.istack:istack-commons-runtime:3.0.8) with MergeInstrumentationAnalysisTransform
[        ] Transforming FastInfoset-1.2.16.jar (com.sun.xml.fastinfoset:FastInfoset:1.2.16) with InstrumentationAnalysisTransform
[        ] Transforming txw2-2.3.2.jar (org.glassfish.jaxb:txw2:2.3.2) with ExternalDependencyInstrumentingArtifactTransform
[        ] Transforming istack-commons-runtime-3.0.8.jar (com.sun.istack:istack-commons-runtime:3.0.8) with ExternalDependencyInstrumentingArtifactTransform
[        ] Transforming FastInfoset-1.2.16.jar (com.sun.xml.fastinfoset:FastInfoset:1.2.16) with MergeInstrumentationAnalysisTransform
[        ] Transforming jakarta.activation-api-1.2.1.jar (jakarta.activation:jakarta.activation-api:1.2.1) with InstrumentationAnalysisTransform
[        ] Transforming jakarta.activation-api-1.2.1.jar (jakarta.activation:jakarta.activation-api:1.2.1) with MergeInstrumentationAnalysisTransform
[        ] Transforming auto-value-annotations-1.6.2.jar (com.google.auto.value:auto-value-annotations:1.6.2) with InstrumentationAnalysisTransform
[        ] Transforming FastInfoset-1.2.16.jar (com.sun.xml.fastinfoset:FastInfoset:1.2.16) with ExternalDependencyInstrumentingArtifactTransform
[        ] Transforming auto-value-annotations-1.6.2.jar (com.google.auto.value:auto-value-annotations:1.6.2) with MergeInstrumentationAnalysisTransform
[        ] Transforming jakarta.activation-api-1.2.1.jar (jakarta.activation:jakarta.activation-api:1.2.1) with ExternalDependencyInstrumentingArtifactTransform
[        ] Transforming error_prone_annotations-2.18.0.jar (com.google.errorprone:error_prone_annotations:2.18.0) with InstrumentationAnalysisTransform
[        ] Transforming auto-value-annotations-1.6.2.jar (com.google.auto.value:auto-value-annotations:1.6.2) with ExternalDependencyInstrumentingArtifactTransform
[        ] Transforming error_prone_annotations-2.18.0.jar (com.google.errorprone:error_prone_annotations:2.18.0) with MergeInstrumentationAnalysisTransform
[        ] Transforming jose4j-0.9.5.jar (org.bitbucket.b_c:jose4j:0.9.5) with InstrumentationAnalysisTransform
[        ] Transforming error_prone_annotations-2.18.0.jar (com.google.errorprone:error_prone_annotations:2.18.0) with ExternalDependencyInstrumentingArtifactTransform
[        ] Transforming jose4j-0.9.5.jar (org.bitbucket.b_c:jose4j:0.9.5) with MergeInstrumentationAnalysisTransform
[        ] Transforming slf4j-api-1.7.30.jar (org.slf4j:slf4j-api:1.7.30) with InstrumentationAnalysisTransform
[        ] Transforming slf4j-api-1.7.30.jar (org.slf4j:slf4j-api:1.7.30) with MergeInstrumentationAnalysisTransform
[        ] Transforming jdom2-2.0.6.jar (org.jdom:jdom2:2.0.6) with InstrumentationAnalysisTransform
[        ] Transforming jdom2-2.0.6.jar (org.jdom:jdom2:2.0.6) with MergeInstrumentationAnalysisTransform
[        ] Transforming jsr305-3.0.2.jar (com.google.code.findbugs:jsr305:3.0.2) with InstrumentationAnalysisTransform
[        ] Transforming slf4j-api-1.7.30.jar (org.slf4j:slf4j-api:1.7.30) with ExternalDependencyInstrumentingArtifactTransform
[        ] Transforming jose4j-0.9.5.jar (org.bitbucket.b_c:jose4j:0.9.5) with ExternalDependencyInstrumentingArtifactTransform
[        ] Transforming jsr305-3.0.2.jar (com.google.code.findbugs:jsr305:3.0.2) with MergeInstrumentationAnalysisTransform
[        ] Transforming jdom2-2.0.6.jar (org.jdom:jdom2:2.0.6) with ExternalDependencyInstrumentingArtifactTransform
[        ] Transforming j2objc-annotations-2.8.jar (com.google.j2objc:j2objc-annotations:2.8) with InstrumentationAnalysisTransform
[        ] Transforming j2objc-annotations-2.8.jar (com.google.j2objc:j2objc-annotations:2.8) with MergeInstrumentationAnalysisTransform
[        ] Transforming jsr305-3.0.2.jar (com.google.code.findbugs:jsr305:3.0.2) with ExternalDependencyInstrumentingArtifactTransform
[        ] Transforming annotations-4.1.1.4.jar (com.google.android:annotations:4.1.1.4) with InstrumentationAnalysisTransform
[        ] Transforming j2objc-annotations-2.8.jar (com.google.j2objc:j2objc-annotations:2.8) with ExternalDependencyInstrumentingArtifactTransform
[        ] Transforming annotations-4.1.1.4.jar (com.google.android:annotations:4.1.1.4) with MergeInstrumentationAnalysisTransform
[        ] Transforming animal-sniffer-annotations-1.23.jar (org.codehaus.mojo:animal-sniffer-annotations:1.23) with InstrumentationAnalysisTransform
[        ] Transforming annotations-4.1.1.4.jar (com.google.android:annotations:4.1.1.4) with ExternalDependencyInstrumentingArtifactTransform
[        ] Transforming animal-sniffer-annotations-1.23.jar (org.codehaus.mojo:animal-sniffer-annotations:1.23) with MergeInstrumentationAnalysisTransform
[        ] Transforming perfmark-api-0.26.0.jar (io.perfmark:perfmark-api:0.26.0) with InstrumentationAnalysisTransform
[        ] Transforming perfmark-api-0.26.0.jar (io.perfmark:perfmark-api:0.26.0) with MergeInstrumentationAnalysisTransform
[        ] Transforming netty-codec-http2-4.1.93.Final.jar (io.netty:netty-codec-http2:4.1.93.Final) with InstrumentationAnalysisTransform
[        ] Transforming animal-sniffer-annotations-1.23.jar (org.codehaus.mojo:animal-sniffer-annotations:1.23) with ExternalDependencyInstrumentingArtifactTransform
[        ] Transforming netty-codec-http2-4.1.93.Final.jar (io.netty:netty-codec-http2:4.1.93.Final) with MergeInstrumentationAnalysisTransform
[        ] Transforming perfmark-api-0.26.0.jar (io.perfmark:perfmark-api:0.26.0) with ExternalDependencyInstrumentingArtifactTransform
[        ] Transforming netty-handler-proxy-4.1.93.Final.jar (io.netty:netty-handler-proxy:4.1.93.Final) with InstrumentationAnalysisTransform
[        ] Transforming netty-handler-proxy-4.1.93.Final.jar (io.netty:netty-handler-proxy:4.1.93.Final) with MergeInstrumentationAnalysisTransform
[        ] Transforming netty-codec-http2-4.1.93.Final.jar (io.netty:netty-codec-http2:4.1.93.Final) with ExternalDependencyInstrumentingArtifactTransform
[        ] Transforming netty-codec-http-4.1.93.Final.jar (io.netty:netty-codec-http:4.1.93.Final) with InstrumentationAnalysisTransform
[        ] Transforming netty-codec-http-4.1.93.Final.jar (io.netty:netty-codec-http:4.1.93.Final) with MergeInstrumentationAnalysisTransform
[        ] Transforming netty-handler-proxy-4.1.93.Final.jar (io.netty:netty-handler-proxy:4.1.93.Final) with ExternalDependencyInstrumentingArtifactTransform
[        ] Transforming netty-handler-4.1.93.Final.jar (io.netty:netty-handler:4.1.93.Final) with InstrumentationAnalysisTransform
[        ] Transforming netty-codec-http-4.1.93.Final.jar (io.netty:netty-codec-http:4.1.93.Final) with ExternalDependencyInstrumentingArtifactTransform
[        ] Transforming netty-handler-4.1.93.Final.jar (io.netty:netty-handler:4.1.93.Final) with MergeInstrumentationAnalysisTransform
[        ] Transforming netty-transport-native-unix-common-4.1.93.Final.jar (io.netty:netty-transport-native-unix-common:4.1.93.Final) with InstrumentationAnalysisTransform
[        ] Transforming netty-handler-4.1.93.Final.jar (io.netty:netty-handler:4.1.93.Final) with ExternalDependencyInstrumentingArtifactTransform
[        ] Transforming netty-transport-native-unix-common-4.1.93.Final.jar (io.netty:netty-transport-native-unix-common:4.1.93.Final) with MergeInstrumentationAnalysisTransform
[        ] Transforming checker-qual-3.33.0.jar (org.checkerframework:checker-qual:3.33.0) with InstrumentationAnalysisTransform
[        ] Transforming checker-qual-3.33.0.jar (org.checkerframework:checker-qual:3.33.0) with MergeInstrumentationAnalysisTransform
[        ] Transforming commons-codec-1.11.jar (commons-codec:commons-codec:1.11) with InstrumentationAnalysisTransform
[        ] Transforming netty-transport-native-unix-common-4.1.93.Final.jar (io.netty:netty-transport-native-unix-common:4.1.93.Final) with ExternalDependencyInstrumentingArtifactTransform
[        ] Transforming commons-codec-1.11.jar (commons-codec:commons-codec:1.11) with MergeInstrumentationAnalysisTransform
[        ] Transforming checker-qual-3.33.0.jar (org.checkerframework:checker-qual:3.33.0) with ExternalDependencyInstrumentingArtifactTransform
[        ] Transforming apksig-8.5.0.jar (com.android.tools.build:apksig:8.5.0) with InstrumentationAnalysisTransform
[        ] Transforming apksig-8.5.0.jar (com.android.tools.build:apksig:8.5.0) with MergeInstrumentationAnalysisTransform
[        ] Transforming commons-codec-1.11.jar (commons-codec:commons-codec:1.11) with ExternalDependencyInstrumentingArtifactTransform
[        ] Transforming javawriter-2.5.0.jar (com.squareup:javawriter:2.5.0) with InstrumentationAnalysisTransform
[        ] Transforming apksig-8.5.0.jar (com.android.tools.build:apksig:8.5.0) with ExternalDependencyInstrumentingArtifactTransform
[        ] Transforming javawriter-2.5.0.jar (com.squareup:javawriter:2.5.0) with MergeInstrumentationAnalysisTransform
[        ] Transforming failureaccess-1.0.1.jar (com.google.guava:failureaccess:1.0.1) with InstrumentationAnalysisTransform
[        ] Transforming failureaccess-1.0.1.jar (com.google.guava:failureaccess:1.0.1) with MergeInstrumentationAnalysisTransform
[        ] Transforming listenablefuture-9999.0-empty-to-avoid-conflict-with-guava.jar (com.google.guava:listenablefuture:9999.0-empty-to-avoid-conflict-with-guava) with InstrumentationAnalysisTransform
[        ] Transforming javawriter-2.5.0.jar (com.squareup:javawriter:2.5.0) with ExternalDependencyInstrumentingArtifactTransform
[        ] Transforming listenablefuture-9999.0-empty-to-avoid-conflict-with-guava.jar (com.google.guava:listenablefuture:9999.0-empty-to-avoid-conflict-with-guava) with MergeInstrumentationAnalysisTransform
[        ] Transforming failureaccess-1.0.1.jar (com.google.guava:failureaccess:1.0.1) with ExternalDependencyInstrumentingArtifactTransform
[        ] Transforming commons-logging-1.2.jar (commons-logging:commons-logging:1.2) with InstrumentationAnalysisTransform
[        ] Transforming commons-logging-1.2.jar (commons-logging:commons-logging:1.2) with MergeInstrumentationAnalysisTransform
[        ] Transforming jna-5.6.0.jar (net.java.dev.jna:jna:5.6.0) with InstrumentationAnalysisTransform
[        ] Transforming listenablefuture-9999.0-empty-to-avoid-conflict-with-guava.jar (com.google.guava:listenablefuture:9999.0-empty-to-avoid-conflict-with-guava) with ExternalDependencyInstrumentingArtifactTransform
[        ] Transforming commons-logging-1.2.jar (commons-logging:commons-logging:1.2) with ExternalDependencyInstrumentingArtifactTransform
[        ] Transforming jna-5.6.0.jar (net.java.dev.jna:jna:5.6.0) with MergeInstrumentationAnalysisTransform
[        ] Transforming netty-codec-socks-4.1.93.Final.jar (io.netty:netty-codec-socks:4.1.93.Final) with InstrumentationAnalysisTransform
[        ] Transforming netty-codec-socks-4.1.93.Final.jar (io.netty:netty-codec-socks:4.1.93.Final) with MergeInstrumentationAnalysisTransform
[        ] Transforming netty-codec-4.1.93.Final.jar (io.netty:netty-codec:4.1.93.Final) with InstrumentationAnalysisTransform
[        ] Transforming jna-5.6.0.jar (net.java.dev.jna:jna:5.6.0) with ExternalDependencyInstrumentingArtifactTransform
[        ] Transforming netty-codec-4.1.93.Final.jar (io.netty:netty-codec:4.1.93.Final) with MergeInstrumentationAnalysisTransform
[        ] Transforming netty-transport-4.1.93.Final.jar (io.netty:netty-transport:4.1.93.Final) with InstrumentationAnalysisTransform
[        ] Transforming netty-codec-socks-4.1.93.Final.jar (io.netty:netty-codec-socks:4.1.93.Final) with ExternalDependencyInstrumentingArtifactTransform
[        ] Transforming netty-transport-4.1.93.Final.jar (io.netty:netty-transport:4.1.93.Final) with MergeInstrumentationAnalysisTransform
[        ] Transforming netty-codec-4.1.93.Final.jar (io.netty:netty-codec:4.1.93.Final) with ExternalDependencyInstrumentingArtifactTransform
[        ] Transforming netty-buffer-4.1.93.Final.jar (io.netty:netty-buffer:4.1.93.Final) with InstrumentationAnalysisTransform
[        ] Transforming netty-transport-4.1.93.Final.jar (io.netty:netty-transport:4.1.93.Final) with ExternalDependencyInstrumentingArtifactTransform
[        ] Transforming netty-buffer-4.1.93.Final.jar (io.netty:netty-buffer:4.1.93.Final) with MergeInstrumentationAnalysisTransform
[        ] Transforming netty-resolver-4.1.93.Final.jar (io.netty:netty-resolver:4.1.93.Final) with InstrumentationAnalysisTransform
[        ] Transforming netty-resolver-4.1.93.Final.jar (io.netty:netty-resolver:4.1.93.Final) with MergeInstrumentationAnalysisTransform
[        ] Transforming netty-buffer-4.1.93.Final.jar (io.netty:netty-buffer:4.1.93.Final) with ExternalDependencyInstrumentingArtifactTransform
[        ] Transforming netty-common-4.1.93.Final.jar (io.netty:netty-common:4.1.93.Final) with InstrumentationAnalysisTransform
[        ] Transforming netty-resolver-4.1.93.Final.jar (io.netty:netty-resolver:4.1.93.Final) with ExternalDependencyInstrumentingArtifactTransform
[        ] Transforming netty-common-4.1.93.Final.jar (io.netty:netty-common:4.1.93.Final) with MergeInstrumentationAnalysisTransform
[        ] Transforming netty-common-4.1.93.Final.jar (io.netty:netty-common:4.1.93.Final) with ExternalDependencyInstrumentingArtifactTransform
[        ] Using default execution profile
[  +50 ms] > Configure project :path_provider_android
[        ] Evaluating project ':path_provider_android' using build file 'C:\Users\bhavy\AppData\Local\Pub\Cache\hosted\pub.dev\path_provider_android-2.2.22\android\build.gradle'.
[        ] Transforming gradle-8.13.1.jar (com.android.tools.build:gradle:8.13.1) with InstrumentationAnalysisTransform
[        ] Transforming gradle-api-8.13.1.jar (com.android.tools.build:gradle-api:8.13.1) with InstrumentationAnalysisTransform
[        ] Transforming gradle-common-api-8.13.1.jar (com.android.tools.build:gradle-common-api:8.13.1) with InstrumentationAnalysisTransform
[        ] Transforming gradle-settings-api-8.13.1.jar (com.android.tools.build:gradle-settings-api:8.13.1) with InstrumentationAnalysisTransform
[        ] Transforming lint-model-31.13.1.jar (com.android.tools.lint:lint-model:31.13.1) with InstrumentationAnalysisTransform
[        ] Transforming builder-8.13.1.jar (com.android.tools.build:builder:8.13.1) with InstrumentationAnalysisTransform
[        ] Transforming manifest-merger-31.13.1.jar (com.android.tools.build:manifest-merger:31.13.1) with InstrumentationAnalysisTransform
[        ] Transforming sdk-common-31.13.1.jar (com.android.tools:sdk-common:31.13.1) with InstrumentationAnalysisTransform
[        ] Transforming sdklib-31.13.1.jar (com.android.tools:sdklib:31.13.1) with InstrumentationAnalysisTransform
[        ] Transforming repository-31.13.1.jar (com.android.tools:repository:31.13.1) with InstrumentationAnalysisTransform
[        ] Transforming builder-test-api-8.13.1.jar (com.android.tools.build:builder-test-api:8.13.1) with InstrumentationAnalysisTransform
[        ] Transforming ddmlib-31.13.1.jar (com.android.tools.ddms:ddmlib:31.13.1) with InstrumentationAnalysisTransform
[        ] Transforming aaptcompiler-8.13.1.jar (com.android.tools.build:aaptcompiler:8.13.1) with InstrumentationAnalysisTransform
[        ] Transforming bundletool-1.18.1.jar (com.android.tools.build:bundletool:1.18.1) with InstrumentationAnalysisTransform
[        ] Transforming aapt2-proto-8.13.1-13719691.jar (com.android.tools.build:aapt2-proto:8.13.1-13719691) with InstrumentationAnalysisTransform
[        ] Transforming crash-31.13.1.jar (com.android.tools.analytics-library:crash:31.13.1) with InstrumentationAnalysisTransform
[        ] Transforming tracker-31.13.1.jar (com.android.tools.analytics-library:tracker:31.13.1) with InstrumentationAnalysisTransform
[        ] Transforming shared-31.13.1.jar (com.android.tools.analytics-library:shared:31.13.1) with InstrumentationAnalysisTransform
[        ] Transforming lint-typedef-remover-31.13.1.jar (com.android.tools.lint:lint-typedef-remover:31.13.1) with InstrumentationAnalysisTransform
[        ] Transforming databinding-compiler-common-8.13.1.jar (androidx.databinding:databinding-compiler-common:8.13.1) with InstrumentationAnalysisTransform
[        ] Transforming databinding-common-8.13.1.jar (androidx.databinding:databinding-common:8.13.1) with InstrumentationAnalysisTransform
[        ] Transforming baseLibrary-8.13.1.jar (com.android.databinding:baseLibrary:8.13.1) with InstrumentationAnalysisTransform
[        ] Transforming layoutlib-api-31.13.1.jar (com.android.tools.layoutlib:layoutlib-api:31.13.1) with InstrumentationAnalysisTransform
[        ] Transforming android-device-provider-ddmlib-proto-31.13.1.jar (com.android.tools.utp:android-device-provider-ddmlib-proto:31.13.1) with InstrumentationAnalysisTransform
[        ] Transforming android-device-provider-profile-proto-31.13.1.jar (com.android.tools.utp:android-device-provider-profile-proto:31.13.1) with InstrumentationAnalysisTransform
[        ] Transforming android-test-plugin-host-additional-test-output-proto-31.13.1.jar (com.android.tools.utp:android-test-plugin-host-additional-test-output-proto:31.13.1) with InstrumentationAnalysisTransform
[        ] Transforming android-test-plugin-host-coverage-proto-31.13.1.jar (com.android.tools.utp:android-test-plugin-host-coverage-proto:31.13.1) with InstrumentationAnalysisTransform
[        ] Transforming android-test-plugin-host-emulator-control-proto-31.13.1.jar (com.android.tools.utp:android-test-plugin-host-emulator-control-proto:31.13.1) with InstrumentationAnalysisTransform
[        ] Transforming android-test-plugin-host-logcat-proto-31.13.1.jar (com.android.tools.utp:android-test-plugin-host-logcat-proto:31.13.1) with InstrumentationAnalysisTransform
[        ] Transforming android-test-plugin-host-apk-installer-proto-31.13.1.jar (com.android.tools.utp:android-test-plugin-host-apk-installer-proto:31.13.1) with InstrumentationAnalysisTransform
[        ] Transforming android-test-plugin-result-listener-gradle-proto-31.13.1.jar (com.android.tools.utp:android-test-plugin-result-listener-gradle-proto:31.13.1) with InstrumentationAnalysisTransform
[        ] Transforming jetifier-processor-1.0.0-beta10.jar (com.android.tools.build.jetifier:jetifier-processor:1.0.0-beta10) with InstrumentationAnalysisTransform
[        ] Transforming jetifier-core-1.0.0-beta10.jar (com.android.tools.build.jetifier:jetifier-core:1.0.0-beta10) with InstrumentationAnalysisTransform
[        ] Transforming builder-model-8.13.1.jar (com.android.tools.build:builder-model:8.13.1) with InstrumentationAnalysisTransform
[        ] Transforming kotlin-reflect-2.2.0.jar (org.jetbrains.kotlin:kotlin-reflect:2.2.0) with InstrumentationAnalysisTransform
[        ] Transforming dvlib-31.13.1.jar (com.android.tools:dvlib:31.13.1) with InstrumentationAnalysisTransform
[        ] Transforming common-31.13.1.jar (com.android.tools:common:31.13.1) with InstrumentationAnalysisTransform
[        ] Transforming kotlin-stdlib-jdk8-2.2.0.jar (org.jetbrains.kotlin:kotlin-stdlib-jdk8:2.2.0) with InstrumentationAnalysisTransform
[        ] Transforming kotlinx-coroutines-core-jvm-1.9.0.jar (org.jetbrains.kotlinx:kotlinx-coroutines-core-jvm:1.9.0) with InstrumentationAnalysisTransform
[        ] Transforming kotlin-stdlib-jdk7-2.2.0.jar (org.jetbrains.kotlin:kotlin-stdlib-jdk7:2.2.0) with InstrumentationAnalysisTransform
[        ] Transforming kotlin-stdlib-2.2.0.jar (org.jetbrains.kotlin:kotlin-stdlib:2.2.0) with InstrumentationAnalysisTransform
[        ] Transforming transform-api-2.0.0-deprecated-use-gradle-api.jar (com.android.tools.build:transform-api:2.0.0-deprecated-use-gradle-api) with InstrumentationAnalysisTransform
[        ] Transforming httpmime-4.5.6.jar (org.apache.httpcomponents:httpmime:4.5.6) with InstrumentationAnalysisTransform
[        ] Transforming commons-io-2.16.1.jar (commons-io:commons-io:2.16.1) with InstrumentationAnalysisTransform
[        ] Transforming asm-commons-9.8.jar (org.ow2.asm:asm-commons:9.8) with InstrumentationAnalysisTransform
[        ] Transforming asm-util-9.8.jar (org.ow2.asm:asm-util:9.8) with InstrumentationAnalysisTransform
[        ] Transforming asm-analysis-9.8.jar (org.ow2.asm:asm-analysis:9.8) with InstrumentationAnalysisTransform
[        ] Transforming asm-tree-9.8.jar (org.ow2.asm:asm-tree:9.8) with InstrumentationAnalysisTransform
[        ] Transforming asm-9.8.jar (org.ow2.asm:asm:9.8) with InstrumentationAnalysisTransform
[        ] Transforming apkzlib-8.13.1.jar (com.android.tools.build:apkzlib:8.13.1) with InstrumentationAnalysisTransform
[        ] Transforming bcpkix-jdk18on-1.79.jar (org.bouncycastle:bcpkix-jdk18on:1.79) with InstrumentationAnalysisTransform
[        ] Transforming jaxb-runtime-2.3.2.jar (org.glassfish.jaxb:jaxb-runtime:2.3.2) with InstrumentationAnalysisTransform
[        ] Transforming jopt-simple-4.9.jar (net.sf.jopt-simple:jopt-simple:4.9) with InstrumentationAnalysisTransform
[        ] Transforming javapoet-1.10.0.jar (com.squareup:javapoet:1.10.0) with InstrumentationAnalysisTransform
[        ] Transforming protobuf-java-util-3.25.5.jar (com.google.protobuf:protobuf-java-util:3.25.5) with InstrumentationAnalysisTransform
[        ] Transforming grpc-protobuf-1.69.1.jar (io.grpc:grpc-protobuf:1.69.1) with InstrumentationAnalysisTransform
[        ] Transforming tink-1.7.0.jar (com.google.crypto.tink:tink:1.7.0) with InstrumentationAnalysisTransform
[        ] Transforming core-proto-0.0.9-alpha03.jar (com.google.testing.platform:core-proto:0.0.9-alpha03) with InstrumentationAnalysisTransform
[        ] Transforming protos-31.13.1.jar (com.android.tools.analytics-library:protos:31.13.1) with InstrumentationAnalysisTransform
[        ] Transforming proto-google-common-protos-2.48.0.jar (com.google.api.grpc:proto-google-common-protos:2.48.0) with InstrumentationAnalysisTransform
[        ] Transforming protobuf-java-3.25.5.jar (com.google.protobuf:protobuf-java:3.25.5) with InstrumentationAnalysisTransform
[        ] Transforming grpc-netty-1.69.1.jar (io.grpc:grpc-netty:1.69.1) with InstrumentationAnalysisTransform
[        ] Transforming grpc-inprocess-1.69.1.jar (io.grpc:grpc-inprocess:1.69.1) with InstrumentationAnalysisTransform
[        ] Transforming grpc-util-1.69.1.jar (io.grpc:grpc-util:1.69.1) with InstrumentationAnalysisTransform
[        ] Transforming grpc-core-1.69.1.jar (io.grpc:grpc-core:1.69.1) with InstrumentationAnalysisTransform
[        ] Transforming gson-2.11.0.jar (com.google.code.gson:gson:2.11.0) with InstrumentationAnalysisTransform
[        ] Transforming grpc-stub-1.69.1.jar (io.grpc:grpc-stub:1.69.1) with InstrumentationAnalysisTransform
[        ] Transforming tensorflow-lite-metadata-0.2.0.jar (org.tensorflow:tensorflow-lite-metadata:0.2.0) with InstrumentationAnalysisTransform
[        ] Transforming flatbuffers-java-1.12.0.jar (com.google.flatbuffers:flatbuffers-java:1.12.0) with InstrumentationAnalysisTransform
[        ] Transforming jimfs-1.1.jar (com.google.jimfs:jimfs:1.1) with InstrumentationAnalysisTransform
[        ] Transforming grpc-context-1.69.1.jar (io.grpc:grpc-context:1.69.1) with InstrumentationAnalysisTransform
[        ] Transforming grpc-protobuf-lite-1.69.1.jar (io.grpc:grpc-protobuf-lite:1.69.1) with InstrumentationAnalysisTransform
[        ] Transforming grpc-api-1.69.1.jar (io.grpc:grpc-api:1.69.1) with InstrumentationAnalysisTransform
[        ] Transforming guava-33.3.1-jre.jar (com.google.guava:guava:33.3.1-jre) with InstrumentationAnalysisTransform
[        ] Transforming dagger-2.28.3.jar (com.google.dagger:dagger:2.28.3) with InstrumentationAnalysisTransform
[        ] Transforming javax.inject-1.jar (javax.inject:javax.inject:1) with InstrumentationAnalysisTransform
[        ] Transforming kxml2-2.3.0.jar (net.sf.kxml:kxml2:2.3.0) with InstrumentationAnalysisTransform
[        ] Transforming commons-compress-1.21.jar (org.apache.commons:commons-compress:1.21) with InstrumentationAnalysisTransform
[        ] Transforming bcutil-jdk18on-1.79.jar (org.bouncycastle:bcutil-jdk18on:1.79) with InstrumentationAnalysisTransform
[        ] Transforming bcprov-jdk18on-1.79.jar (org.bouncycastle:bcprov-jdk18on:1.79) with InstrumentationAnalysisTransform
[        ] Transforming httpclient-4.5.14.jar (org.apache.httpcomponents:httpclient:4.5.14) with InstrumentationAnalysisTransform
[        ] Transforming httpcore-4.4.16.jar (org.apache.httpcomponents:httpcore:4.4.16) with InstrumentationAnalysisTransform
[        ] Transforming javax.activation-1.2.0.jar (com.sun.activation:javax.activation:1.2.0) with InstrumentationAnalysisTransform
[        ] Transforming annotations-23.0.0.jar (org.jetbrains:annotations:23.0.0) with InstrumentationAnalysisTransform
[        ] Transforming signflinger-8.13.1.jar (com.android:signflinger:8.13.1) with InstrumentationAnalysisTransform
[        ] Transforming zipflinger-8.13.1.jar (com.android:zipflinger:8.13.1) with InstrumentationAnalysisTransform
[        ] Transforming annotations-31.13.1.jar (com.android.tools:annotations:31.13.1) with InstrumentationAnalysisTransform
[        ] Transforming jna-platform-5.6.0.jar (net.java.dev.jna:jna-platform:5.6.0) with InstrumentationAnalysisTransform
[        ] Transforming juniversalchardet-1.0.3.jar (com.googlecode.juniversalchardet:juniversalchardet:1.0.3) with InstrumentationAnalysisTransform
[        ] Transforming javax.annotation-api-1.3.2.jar (javax.annotation:javax.annotation-api:1.3.2) with InstrumentationAnalysisTransform
[        ] Transforming stax-ex-1.8.1.jar (org.jvnet.staxex:stax-ex:1.8.1) with InstrumentationAnalysisTransform
[        ] Transforming jakarta.xml.bind-api-2.3.2.jar (jakarta.xml.bind:jakarta.xml.bind-api:2.3.2) with InstrumentationAnalysisTransform
[        ] Transforming txw2-2.3.2.jar (org.glassfish.jaxb:txw2:2.3.2) with InstrumentationAnalysisTransform
[        ] Transforming istack-commons-runtime-3.0.8.jar (com.sun.istack:istack-commons-runtime:3.0.8) with InstrumentationAnalysisTransform
[        ] Transforming FastInfoset-1.2.16.jar (com.sun.xml.fastinfoset:FastInfoset:1.2.16) with InstrumentationAnalysisTransform
[        ] Transforming jakarta.activation-api-1.2.1.jar (jakarta.activation:jakarta.activation-api:1.2.1) with InstrumentationAnalysisTransform
[        ] Transforming auto-value-annotations-1.6.2.jar (com.google.auto.value:auto-value-annotations:1.6.2) with InstrumentationAnalysisTransform
[        ] Transforming error_prone_annotations-2.30.0.jar (com.google.errorprone:error_prone_annotations:2.30.0) with InstrumentationAnalysisTransform
[        ] Transforming jose4j-0.9.5.jar (org.bitbucket.b_c:jose4j:0.9.5) with InstrumentationAnalysisTransform
[        ] Transforming slf4j-api-1.7.30.jar (org.slf4j:slf4j-api:1.7.30) with InstrumentationAnalysisTransform
[        ] Transforming jdom2-2.0.6.jar (org.jdom:jdom2:2.0.6) with InstrumentationAnalysisTransform
[        ] Transforming jsr305-3.0.2.jar (com.google.code.findbugs:jsr305:3.0.2) with InstrumentationAnalysisTransform
[        ] Transforming j2objc-annotations-3.0.0.jar (com.google.j2objc:j2objc-annotations:3.0.0) with InstrumentationAnalysisTransform
[        ] Transforming annotations-4.1.1.4.jar (com.google.android:annotations:4.1.1.4) with InstrumentationAnalysisTransform
[        ] Transforming animal-sniffer-annotations-1.24.jar (org.codehaus.mojo:animal-sniffer-annotations:1.24) with InstrumentationAnalysisTransform
[        ] Transforming perfmark-api-0.27.0.jar (io.perfmark:perfmark-api:0.27.0) with InstrumentationAnalysisTransform
[        ] Transforming netty-codec-http2-4.1.110.Final.jar (io.netty:netty-codec-http2:4.1.110.Final) with InstrumentationAnalysisTransform
[        ] Transforming netty-handler-proxy-4.1.110.Final.jar (io.netty:netty-handler-proxy:4.1.110.Final) with InstrumentationAnalysisTransform
[        ] Transforming netty-codec-http-4.1.110.Final.jar (io.netty:netty-codec-http:4.1.110.Final) with InstrumentationAnalysisTransform
[        ] Transforming netty-handler-4.1.110.Final.jar (io.netty:netty-handler:4.1.110.Final) with InstrumentationAnalysisTransform
[        ] Transforming netty-transport-native-unix-common-4.1.110.Final.jar (io.netty:netty-transport-native-unix-common:4.1.110.Final) with InstrumentationAnalysisTransform
[        ] Transforming checker-qual-3.43.0.jar (org.checkerframework:checker-qual:3.43.0) with InstrumentationAnalysisTransform
[        ] Transforming apksig-8.13.1.jar (com.android.tools.build:apksig:8.13.1) with InstrumentationAnalysisTransform
[        ] Transforming javawriter-2.5.0.jar (com.squareup:javawriter:2.5.0) with InstrumentationAnalysisTransform
[        ] Transforming failureaccess-1.0.2.jar (com.google.guava:failureaccess:1.0.2) with InstrumentationAnalysisTransform
[        ] Transforming listenablefuture-9999.0-empty-to-avoid-conflict-with-guava.jar (com.google.guava:listenablefuture:9999.0-empty-to-avoid-conflict-with-guava) with InstrumentationAnalysisTransform
[        ] Transforming commons-logging-1.2.jar (commons-logging:commons-logging:1.2) with InstrumentationAnalysisTransform
[        ] Transforming commons-codec-1.11.jar (commons-codec:commons-codec:1.11) with InstrumentationAnalysisTransform
[        ] Transforming jna-5.6.0.jar (net.java.dev.jna:jna:5.6.0) with InstrumentationAnalysisTransform
[        ] Transforming netty-codec-socks-4.1.110.Final.jar (io.netty:netty-codec-socks:4.1.110.Final) with InstrumentationAnalysisTransform
[        ] Transforming netty-codec-4.1.110.Final.jar (io.netty:netty-codec:4.1.110.Final) with InstrumentationAnalysisTransform
[        ] Transforming netty-transport-4.1.110.Final.jar (io.netty:netty-transport:4.1.110.Final) with InstrumentationAnalysisTransform
[        ] Transforming netty-buffer-4.1.110.Final.jar (io.netty:netty-buffer:4.1.110.Final) with InstrumentationAnalysisTransform
[        ] Transforming netty-resolver-4.1.110.Final.jar (io.netty:netty-resolver:4.1.110.Final) with InstrumentationAnalysisTransform
[        ] Transforming netty-common-4.1.110.Final.jar (io.netty:netty-common:4.1.110.Final) with InstrumentationAnalysisTransform
[        ] Transforming gradle-8.13.1.jar (com.android.tools.build:gradle:8.13.1) with InstrumentationAnalysisTransform
[        ] Transforming gradle-8.13.1.jar (com.android.tools.build:gradle:8.13.1) with MergeInstrumentationAnalysisTransform
[        ] Transforming gradle-api-8.13.1.jar (com.android.tools.build:gradle-api:8.13.1) with InstrumentationAnalysisTransform
[        ] Transforming gradle-api-8.13.1.jar (com.android.tools.build:gradle-api:8.13.1) with MergeInstrumentationAnalysisTransform
[        ] Transforming gradle-common-api-8.13.1.jar (com.android.tools.build:gradle-common-api:8.13.1) with InstrumentationAnalysisTransform
[        ] Transforming gradle-common-api-8.13.1.jar (com.android.tools.build:gradle-common-api:8.13.1) with MergeInstrumentationAnalysisTransform
[        ] Transforming gradle-settings-api-8.13.1.jar (com.android.tools.build:gradle-settings-api:8.13.1) with InstrumentationAnalysisTransform
[        ] Transforming gradle-settings-api-8.13.1.jar (com.android.tools.build:gradle-settings-api:8.13.1) with MergeInstrumentationAnalysisTransform
[        ] Transforming gradle-8.13.1.jar (com.android.tools.build:gradle:8.13.1) with ExternalDependencyInstrumentingArtifactTransform
[        ] Transforming gradle-api-8.13.1.jar (com.android.tools.build:gradle-api:8.13.1) with ExternalDependencyInstrumentingArtifactTransform
[        ] Transforming lint-model-31.13.1.jar (com.android.tools.lint:lint-model:31.13.1) with InstrumentationAnalysisTransform
[        ] Transforming gradle-common-api-8.13.1.jar (com.android.tools.build:gradle-common-api:8.13.1) with ExternalDependencyInstrumentingArtifactTransform
[        ] Transforming lint-model-31.13.1.jar (com.android.tools.lint:lint-model:31.13.1) with MergeInstrumentationAnalysisTransform
[        ] Transforming gradle-settings-api-8.13.1.jar (com.android.tools.build:gradle-settings-api:8.13.1) with ExternalDependencyInstrumentingArtifactTransform
[        ] Transforming builder-8.13.1.jar (com.android.tools.build:builder:8.13.1) with InstrumentationAnalysisTransform
[        ] Transforming builder-8.13.1.jar (com.android.tools.build:builder:8.13.1) with MergeInstrumentationAnalysisTransform
[        ] Transforming lint-model-31.13.1.jar (com.android.tools.lint:lint-model:31.13.1) with ExternalDependencyInstrumentingArtifactTransform
[        ] Transforming manifest-merger-31.13.1.jar (com.android.tools.build:manifest-merger:31.13.1) with InstrumentationAnalysisTransform
[        ] Transforming manifest-merger-31.13.1.jar (com.android.tools.build:manifest-merger:31.13.1) with MergeInstrumentationAnalysisTransform
[        ] Transforming builder-8.13.1.jar (com.android.tools.build:builder:8.13.1) with ExternalDependencyInstrumentingArtifactTransform
[        ] Transforming sdk-common-31.13.1.jar (com.android.tools:sdk-common:31.13.1) with InstrumentationAnalysisTransform
[        ] Transforming sdk-common-31.13.1.jar (com.android.tools:sdk-common:31.13.1) with MergeInstrumentationAnalysisTransform
[        ] Transforming sdklib-31.13.1.jar (com.android.tools:sdklib:31.13.1) with InstrumentationAnalysisTransform
[        ] Transforming manifest-merger-31.13.1.jar (com.android.tools.build:manifest-merger:31.13.1) with ExternalDependencyInstrumentingArtifactTransform
[        ] Transforming sdklib-31.13.1.jar (com.android.tools:sdklib:31.13.1) with MergeInstrumentationAnalysisTransform
[        ] Transforming sdk-common-31.13.1.jar (com.android.tools:sdk-common:31.13.1) with ExternalDependencyInstrumentingArtifactTransform
[        ] Transforming repository-31.13.1.jar (com.android.tools:repository:31.13.1) with InstrumentationAnalysisTransform
[        ] Transforming repository-31.13.1.jar (com.android.tools:repository:31.13.1) with MergeInstrumentationAnalysisTransform
[        ] Transforming builder-test-api-8.13.1.jar (com.android.tools.build:builder-test-api:8.13.1) with InstrumentationAnalysisTransform
[        ] Transforming sdklib-31.13.1.jar (com.android.tools:sdklib:31.13.1) with ExternalDependencyInstrumentingArtifactTransform
[        ] Transforming builder-test-api-8.13.1.jar (com.android.tools.build:builder-test-api:8.13.1) with MergeInstrumentationAnalysisTransform
[        ] Transforming repository-31.13.1.jar (com.android.tools:repository:31.13.1) with ExternalDependencyInstrumentingArtifactTransform
[        ] Transforming ddmlib-31.13.1.jar (com.android.tools.ddms:ddmlib:31.13.1) with InstrumentationAnalysisTransform
[        ] Transforming builder-test-api-8.13.1.jar (com.android.tools.build:builder-test-api:8.13.1) with ExternalDependencyInstrumentingArtifactTransform
[        ] Transforming ddmlib-31.13.1.jar (com.android.tools.ddms:ddmlib:31.13.1) with MergeInstrumentationAnalysisTransform
[        ] Transforming aaptcompiler-8.13.1.jar (com.android.tools.build:aaptcompiler:8.13.1) with InstrumentationAnalysisTransform
[        ] Transforming aaptcompiler-8.13.1.jar (com.android.tools.build:aaptcompiler:8.13.1) with MergeInstrumentationAnalysisTransform
[        ] Transforming ddmlib-31.13.1.jar (com.android.tools.ddms:ddmlib:31.13.1) with ExternalDependencyInstrumentingArtifactTransform
[        ] Transforming aaptcompiler-8.13.1.jar (com.android.tools.build:aaptcompiler:8.13.1) with ExternalDependencyInstrumentingArtifactTransform
[        ] Transforming bundletool-1.18.1.jar (com.android.tools.build:bundletool:1.18.1) with InstrumentationAnalysisTransform
[        ] Transforming bundletool-1.18.1.jar (com.android.tools.build:bundletool:1.18.1) with MergeInstrumentationAnalysisTransform
[        ] Transforming aapt2-proto-8.13.1-13719691.jar (com.android.tools.build:aapt2-proto:8.13.1-13719691) with InstrumentationAnalysisTransform
[        ] Transforming aapt2-proto-8.13.1-13719691.jar (com.android.tools.build:aapt2-proto:8.13.1-13719691) with MergeInstrumentationAnalysisTransform
[        ] Transforming bundletool-1.18.1.jar (com.android.tools.build:bundletool:1.18.1) with ExternalDependencyInstrumentingArtifactTransform
[        ] Transforming crash-31.13.1.jar (com.android.tools.analytics-library:crash:31.13.1) with InstrumentationAnalysisTransform
[        ] Transforming crash-31.13.1.jar (com.android.tools.analytics-library:crash:31.13.1) with MergeInstrumentationAnalysisTransform
[        ] Transforming tracker-31.13.1.jar (com.android.tools.analytics-library:tracker:31.13.1) with InstrumentationAnalysisTransform
[        ] Transforming aapt2-proto-8.13.1-13719691.jar (com.android.tools.build:aapt2-proto:8.13.1-13719691) with ExternalDependencyInstrumentingArtifactTransform
[        ] Transforming tracker-31.13.1.jar (com.android.tools.analytics-library:tracker:31.13.1) with MergeInstrumentationAnalysisTransform
[        ] Transforming crash-31.13.1.jar (com.android.tools.analytics-library:crash:31.13.1) with ExternalDependencyInstrumentingArtifactTransform
[        ] Transforming shared-31.13.1.jar (com.android.tools.analytics-library:shared:31.13.1) with InstrumentationAnalysisTransform
[        ] Transforming shared-31.13.1.jar (com.android.tools.analytics-library:shared:31.13.1) with MergeInstrumentationAnalysisTransform
[        ] Transforming lint-typedef-remover-31.13.1.jar (com.android.tools.lint:lint-typedef-remover:31.13.1) with InstrumentationAnalysisTransform
[        ] Transforming tracker-31.13.1.jar (com.android.tools.analytics-library:tracker:31.13.1) with ExternalDependencyInstrumentingArtifactTransform
[        ] Transforming lint-typedef-remover-31.13.1.jar (com.android.tools.lint:lint-typedef-remover:31.13.1) with MergeInstrumentationAnalysisTransform
[        ] Transforming databinding-compiler-common-8.13.1.jar (androidx.databinding:databinding-compiler-common:8.13.1) with InstrumentationAnalysisTransform
[        ] Transforming shared-31.13.1.jar (com.android.tools.analytics-library:shared:31.13.1) with ExternalDependencyInstrumentingArtifactTransform
[        ] Transforming databinding-compiler-common-8.13.1.jar (androidx.databinding:databinding-compiler-common:8.13.1) with MergeInstrumentationAnalysisTransform
[        ] Transforming lint-typedef-remover-31.13.1.jar (com.android.tools.lint:lint-typedef-remover:31.13.1) with ExternalDependencyInstrumentingArtifactTransform
[        ] Transforming databinding-common-8.13.1.jar (androidx.databinding:databinding-common:8.13.1) with InstrumentationAnalysisTransform
[        ] Transforming databinding-compiler-common-8.13.1.jar (androidx.databinding:databinding-compiler-common:8.13.1) with ExternalDependencyInstrumentingArtifactTransform
[        ] Transforming databinding-common-8.13.1.jar (androidx.databinding:databinding-common:8.13.1) with MergeInstrumentationAnalysisTransform
[        ] Transforming baseLibrary-8.13.1.jar (com.android.databinding:baseLibrary:8.13.1) with InstrumentationAnalysisTransform
[        ] Transforming baseLibrary-8.13.1.jar (com.android.databinding:baseLibrary:8.13.1) with MergeInstrumentationAnalysisTransform
[        ] Transforming layoutlib-api-31.13.1.jar (com.android.tools.layoutlib:layoutlib-api:31.13.1) with InstrumentationAnalysisTransform
[        ] Transforming databinding-common-8.13.1.jar (androidx.databinding:databinding-common:8.13.1) with ExternalDependencyInstrumentingArtifactTransform
[        ] Transforming layoutlib-api-31.13.1.jar (com.android.tools.layoutlib:layoutlib-api:31.13.1) with MergeInstrumentationAnalysisTransform
[        ] Transforming android-device-provider-ddmlib-proto-31.13.1.jar (com.android.tools.utp:android-device-provider-ddmlib-proto:31.13.1) with InstrumentationAnalysisTransform
[        ] Transforming baseLibrary-8.13.1.jar (com.android.databinding:baseLibrary:8.13.1) with ExternalDependencyInstrumentingArtifactTransform
[        ] Transforming layoutlib-api-31.13.1.jar (com.android.tools.layoutlib:layoutlib-api:31.13.1) with ExternalDependencyInstrumentingArtifactTransform
[        ] Transforming android-device-provider-ddmlib-proto-31.13.1.jar (com.android.tools.utp:android-device-provider-ddmlib-proto:31.13.1) with MergeInstrumentationAnalysisTransform
[        ] Transforming android-device-provider-profile-proto-31.13.1.jar (com.android.tools.utp:android-device-provider-profile-proto:31.13.1) with InstrumentationAnalysisTransform
[        ] Transforming android-device-provider-profile-proto-31.13.1.jar (com.android.tools.utp:android-device-provider-profile-proto:31.13.1) with MergeInstrumentationAnalysisTransform
[        ] Transforming android-test-plugin-host-additional-test-output-proto-31.13.1.jar (com.android.tools.utp:android-test-plugin-host-additional-test-output-proto:31.13.1) with InstrumentationAnalysisTransform
[        ] Transforming android-device-provider-ddmlib-proto-31.13.1.jar (com.android.tools.utp:android-device-provider-ddmlib-proto:31.13.1) with ExternalDependencyInstrumentingArtifactTransform
[        ] Transforming android-test-plugin-host-additional-test-output-proto-31.13.1.jar (com.android.tools.utp:android-test-plugin-host-additional-test-output-proto:31.13.1) with MergeInstrumentationAnalysisTransform
[        ] Transforming android-device-provider-profile-proto-31.13.1.jar (com.android.tools.utp:android-device-provider-profile-proto:31.13.1) with ExternalDependencyInstrumentingArtifactTransform
[        ] Transforming android-test-plugin-host-coverage-proto-31.13.1.jar (com.android.tools.utp:android-test-plugin-host-coverage-proto:31.13.1) with InstrumentationAnalysisTransform
[        ] Transforming android-test-plugin-host-additional-test-output-proto-31.13.1.jar (com.android.tools.utp:android-test-plugin-host-additional-test-output-proto:31.13.1) with ExternalDependencyInstrumentingArtifactTransform
[        ] Transforming android-test-plugin-host-coverage-proto-31.13.1.jar (com.android.tools.utp:android-test-plugin-host-coverage-proto:31.13.1) with MergeInstrumentationAnalysisTransform
[        ] Transforming android-test-plugin-host-emulator-control-proto-31.13.1.jar (com.android.tools.utp:android-test-plugin-host-emulator-control-proto:31.13.1) with InstrumentationAnalysisTransform
[        ] Transforming android-test-plugin-host-emulator-control-proto-31.13.1.jar (com.android.tools.utp:android-test-plugin-host-emulator-control-proto:31.13.1) with MergeInstrumentationAnalysisTransform
[        ] Transforming android-test-plugin-host-logcat-proto-31.13.1.jar (com.android.tools.utp:android-test-plugin-host-logcat-proto:31.13.1) with InstrumentationAnalysisTransform
[        ] Transforming android-test-plugin-host-coverage-proto-31.13.1.jar (com.android.tools.utp:android-test-plugin-host-coverage-proto:31.13.1) with ExternalDependencyInstrumentingArtifactTransform
[        ] Transforming android-test-plugin-host-logcat-proto-31.13.1.jar (com.android.tools.utp:android-test-plugin-host-logcat-proto:31.13.1) with MergeInstrumentationAnalysisTransform
[        ] Transforming android-test-plugin-host-apk-installer-proto-31.13.1.jar (com.android.tools.utp:android-test-plugin-host-apk-installer-proto:31.13.1) with InstrumentationAnalysisTransform
[        ] Transforming android-test-plugin-host-emulator-control-proto-31.13.1.jar (com.android.tools.utp:android-test-plugin-host-emulator-control-proto:31.13.1) with ExternalDependencyInstrumentingArtifactTransform
[        ] Transforming android-test-plugin-host-apk-installer-proto-31.13.1.jar (com.android.tools.utp:android-test-plugin-host-apk-installer-proto:31.13.1) with MergeInstrumentationAnalysisTransform
[        ] Transforming android-test-plugin-host-logcat-proto-31.13.1.jar (com.android.tools.utp:android-test-plugin-host-logcat-proto:31.13.1) with ExternalDependencyInstrumentingArtifactTransform
[        ] Transforming android-test-plugin-result-listener-gradle-proto-31.13.1.jar (com.android.tools.utp:android-test-plugin-result-listener-gradle-proto:31.13.1) with InstrumentationAnalysisTransform
[        ] Transforming android-test-plugin-host-apk-installer-proto-31.13.1.jar (com.android.tools.utp:android-test-plugin-host-apk-installer-proto:31.13.1) with ExternalDependencyInstrumentingArtifactTransform
[        ] Transforming android-test-plugin-result-listener-gradle-proto-31.13.1.jar (com.android.tools.utp:android-test-plugin-result-listener-gradle-proto:31.13.1) with MergeInstrumentationAnalysisTransform
[        ] Transforming jetifier-processor-1.0.0-beta10.jar (com.android.tools.build.jetifier:jetifier-processor:1.0.0-beta10) with InstrumentationAnalysisTransform
[        ] Transforming jetifier-processor-1.0.0-beta10.jar (com.android.tools.build.jetifier:jetifier-processor:1.0.0-beta10) with MergeInstrumentationAnalysisTransform
[        ] Transforming android-test-plugin-result-listener-gradle-proto-31.13.1.jar (com.android.tools.utp:android-test-plugin-result-listener-gradle-proto:31.13.1) with ExternalDependencyInstrumentingArtifactTransform
[        ] Transforming jetifier-core-1.0.0-beta10.jar (com.android.tools.build.jetifier:jetifier-core:1.0.0-beta10) with InstrumentationAnalysisTransform
[        ] Transforming jetifier-processor-1.0.0-beta10.jar (com.android.tools.build.jetifier:jetifier-processor:1.0.0-beta10) with ExternalDependencyInstrumentingArtifactTransform
[        ] Transforming jetifier-core-1.0.0-beta10.jar (com.android.tools.build.jetifier:jetifier-core:1.0.0-beta10) with MergeInstrumentationAnalysisTransform
[        ] Transforming builder-model-8.13.1.jar (com.android.tools.build:builder-model:8.13.1) with InstrumentationAnalysisTransform
[        ] Transforming builder-model-8.13.1.jar (com.android.tools.build:builder-model:8.13.1) with MergeInstrumentationAnalysisTransform
[        ] Transforming kotlin-reflect-2.2.0.jar (org.jetbrains.kotlin:kotlin-reflect:2.2.0) with InstrumentationAnalysisTransform
[        ] Transforming jetifier-core-1.0.0-beta10.jar (com.android.tools.build.jetifier:jetifier-core:1.0.0-beta10) with ExternalDependencyInstrumentingArtifactTransform
[        ] Transforming kotlin-reflect-2.2.0.jar (org.jetbrains.kotlin:kotlin-reflect:2.2.0) with MergeInstrumentationAnalysisTransform
[        ] Transforming builder-model-8.13.1.jar (com.android.tools.build:builder-model:8.13.1) with ExternalDependencyInstrumentingArtifactTransform
[        ] Transforming dvlib-31.13.1.jar (com.android.tools:dvlib:31.13.1) with InstrumentationAnalysisTransform
[        ] Transforming dvlib-31.13.1.jar (com.android.tools:dvlib:31.13.1) with MergeInstrumentationAnalysisTransform
[        ] Transforming kotlin-reflect-2.2.0.jar (org.jetbrains.kotlin:kotlin-reflect:2.2.0) with ExternalDependencyInstrumentingArtifactTransform
[        ] Transforming common-31.13.1.jar (com.android.tools:common:31.13.1) with InstrumentationAnalysisTransform
[        ] Transforming common-31.13.1.jar (com.android.tools:common:31.13.1) with MergeInstrumentationAnalysisTransform
[        ] Transforming dvlib-31.13.1.jar (com.android.tools:dvlib:31.13.1) with ExternalDependencyInstrumentingArtifactTransform
[        ] Transforming kotlin-stdlib-jdk8-2.2.0.jar (org.jetbrains.kotlin:kotlin-stdlib-jdk8:2.2.0) with InstrumentationAnalysisTransform
[        ] Transforming common-31.13.1.jar (com.android.tools:common:31.13.1) with ExternalDependencyInstrumentingArtifactTransform
[        ] Transforming kotlin-stdlib-jdk8-2.2.0.jar (org.jetbrains.kotlin:kotlin-stdlib-jdk8:2.2.0) with MergeInstrumentationAnalysisTransform
[        ] Transforming kotlinx-coroutines-core-jvm-1.9.0.jar (org.jetbrains.kotlinx:kotlinx-coroutines-core-jvm:1.9.0) with InstrumentationAnalysisTransform
[        ] Transforming kotlin-stdlib-jdk8-2.2.0.jar (org.jetbrains.kotlin:kotlin-stdlib-jdk8:2.2.0) with ExternalDependencyInstrumentingArtifactTransform
[        ] Transforming kotlinx-coroutines-core-jvm-1.9.0.jar (org.jetbrains.kotlinx:kotlinx-coroutines-core-jvm:1.9.0) with MergeInstrumentationAnalysisTransform
[        ] Transforming kotlin-stdlib-jdk7-2.2.0.jar (org.jetbrains.kotlin:kotlin-stdlib-jdk7:2.2.0) with InstrumentationAnalysisTransform
[        ] Transforming kotlin-stdlib-jdk7-2.2.0.jar (org.jetbrains.kotlin:kotlin-stdlib-jdk7:2.2.0) with MergeInstrumentationAnalysisTransform
[        ] Transforming kotlinx-coroutines-core-jvm-1.9.0.jar (org.jetbrains.kotlinx:kotlinx-coroutines-core-jvm:1.9.0) with ExternalDependencyInstrumentingArtifactTransform
[        ] Transforming kotlin-stdlib-2.2.0.jar (org.jetbrains.kotlin:kotlin-stdlib:2.2.0) with InstrumentationAnalysisTransform
[        ] Transforming kotlin-stdlib-jdk7-2.2.0.jar (org.jetbrains.kotlin:kotlin-stdlib-jdk7:2.2.0) with ExternalDependencyInstrumentingArtifactTransform
[        ] Transforming kotlin-stdlib-2.2.0.jar (org.jetbrains.kotlin:kotlin-stdlib:2.2.0) with MergeInstrumentationAnalysisTransform
[        ] Transforming transform-api-2.0.0-deprecated-use-gradle-api.jar (com.android.tools.build:transform-api:2.0.0-deprecated-use-gradle-api) with InstrumentationAnalysisTransform
[        ] Transforming transform-api-2.0.0-deprecated-use-gradle-api.jar (com.android.tools.build:transform-api:2.0.0-deprecated-use-gradle-api) with MergeInstrumentationAnalysisTransform
[        ] Transforming httpmime-4.5.6.jar (org.apache.httpcomponents:httpmime:4.5.6) with InstrumentationAnalysisTransform
[        ] Transforming kotlin-stdlib-2.2.0.jar (org.jetbrains.kotlin:kotlin-stdlib:2.2.0) with ExternalDependencyInstrumentingArtifactTransform
[        ] Transforming httpmime-4.5.6.jar (org.apache.httpcomponents:httpmime:4.5.6) with MergeInstrumentationAnalysisTransform
[        ] Transforming commons-io-2.16.1.jar (commons-io:commons-io:2.16.1) with InstrumentationAnalysisTransform
[        ] Transforming transform-api-2.0.0-deprecated-use-gradle-api.jar (com.android.tools.build:transform-api:2.0.0-deprecated-use-gradle-api) with ExternalDependencyInstrumentingArtifactTransform
[        ] Transforming commons-io-2.16.1.jar (commons-io:commons-io:2.16.1) with MergeInstrumentationAnalysisTransform
[        ] Transforming httpmime-4.5.6.jar (org.apache.httpcomponents:httpmime:4.5.6) with ExternalDependencyInstrumentingArtifactTransform
[        ] Transforming asm-commons-9.8.jar (org.ow2.asm:asm-commons:9.8) with InstrumentationAnalysisTransform
[        ] Transforming commons-io-2.16.1.jar (commons-io:commons-io:2.16.1) with ExternalDependencyInstrumentingArtifactTransform
[        ] Transforming asm-commons-9.8.jar (org.ow2.asm:asm-commons:9.8) with MergeInstrumentationAnalysisTransform
[        ] Transforming asm-util-9.8.jar (org.ow2.asm:asm-util:9.8) with InstrumentationAnalysisTransform
[        ] Transforming asm-util-9.8.jar (org.ow2.asm:asm-util:9.8) with MergeInstrumentationAnalysisTransform
[        ] Transforming asm-analysis-9.8.jar (org.ow2.asm:asm-analysis:9.8) with InstrumentationAnalysisTransform
[        ] Transforming asm-commons-9.8.jar (org.ow2.asm:asm-commons:9.8) with ExternalDependencyInstrumentingArtifactTransform
[        ] Transforming asm-analysis-9.8.jar (org.ow2.asm:asm-analysis:9.8) with MergeInstrumentationAnalysisTransform
[        ] Transforming asm-util-9.8.jar (org.ow2.asm:asm-util:9.8) with ExternalDependencyInstrumentingArtifactTransform
[        ] Transforming asm-tree-9.8.jar (org.ow2.asm:asm-tree:9.8) with InstrumentationAnalysisTransform
[        ] Transforming asm-tree-9.8.jar (org.ow2.asm:asm-tree:9.8) with MergeInstrumentationAnalysisTransform
[        ] Transforming asm-analysis-9.8.jar (org.ow2.asm:asm-analysis:9.8) with ExternalDependencyInstrumentingArtifactTransform
[        ] Transforming asm-9.8.jar (org.ow2.asm:asm:9.8) with InstrumentationAnalysisTransform
[        ] Transforming asm-tree-9.8.jar (org.ow2.asm:asm-tree:9.8) with ExternalDependencyInstrumentingArtifactTransform
[        ] Transforming asm-9.8.jar (org.ow2.asm:asm:9.8) with MergeInstrumentationAnalysisTransform
[        ] Transforming apkzlib-8.13.1.jar (com.android.tools.build:apkzlib:8.13.1) with InstrumentationAnalysisTransform
[        ] Transforming apkzlib-8.13.1.jar (com.android.tools.build:apkzlib:8.13.1) with MergeInstrumentationAnalysisTransform
[        ] Transforming asm-9.8.jar (org.ow2.asm:asm:9.8) with ExternalDependencyInstrumentingArtifactTransform
[        ] Transforming bcpkix-jdk18on-1.79.jar (org.bouncycastle:bcpkix-jdk18on:1.79) with InstrumentationAnalysisTransform
[        ] Transforming apkzlib-8.13.1.jar (com.android.tools.build:apkzlib:8.13.1) with ExternalDependencyInstrumentingArtifactTransform
[        ] Transforming bcpkix-jdk18on-1.79.jar (org.bouncycastle:bcpkix-jdk18on:1.79) with MergeInstrumentationAnalysisTransform
[        ] Transforming jaxb-runtime-2.3.2.jar (org.glassfish.jaxb:jaxb-runtime:2.3.2) with InstrumentationAnalysisTransform
[        ] Transforming jaxb-runtime-2.3.2.jar (org.glassfish.jaxb:jaxb-runtime:2.3.2) with MergeInstrumentationAnalysisTransform
[        ] Transforming jopt-simple-4.9.jar (net.sf.jopt-simple:jopt-simple:4.9) with InstrumentationAnalysisTransform
[        ] Transforming bcpkix-jdk18on-1.79.jar (org.bouncycastle:bcpkix-jdk18on:1.79) with ExternalDependencyInstrumentingArtifactTransform
[        ] Transforming jaxb-runtime-2.3.2.jar (org.glassfish.jaxb:jaxb-runtime:2.3.2) with ExternalDependencyInstrumentingArtifactTransform
[        ] Transforming jopt-simple-4.9.jar (net.sf.jopt-simple:jopt-simple:4.9) with MergeInstrumentationAnalysisTransform
[        ] Transforming javapoet-1.10.0.jar (com.squareup:javapoet:1.10.0) with InstrumentationAnalysisTransform
[        ] Transforming javapoet-1.10.0.jar (com.squareup:javapoet:1.10.0) with MergeInstrumentationAnalysisTransform
[        ] Transforming jopt-simple-4.9.jar (net.sf.jopt-simple:jopt-simple:4.9) with ExternalDependencyInstrumentingArtifactTransform
[        ] Transforming protobuf-java-util-3.25.5.jar (com.google.protobuf:protobuf-java-util:3.25.5) with InstrumentationAnalysisTransform
[        ] Transforming protobuf-java-util-3.25.5.jar (com.google.protobuf:protobuf-java-util:3.25.5) with MergeInstrumentationAnalysisTransform
[        ] Transforming grpc-protobuf-1.69.1.jar (io.grpc:grpc-protobuf:1.69.1) with InstrumentationAnalysisTransform
[        ] Transforming javapoet-1.10.0.jar (com.squareup:javapoet:1.10.0) with ExternalDependencyInstrumentingArtifactTransform
[        ] Transforming grpc-protobuf-1.69.1.jar (io.grpc:grpc-protobuf:1.69.1) with MergeInstrumentationAnalysisTransform
[        ] Transforming tink-1.7.0.jar (com.google.crypto.tink:tink:1.7.0) with InstrumentationAnalysisTransform
[        ] Transforming protobuf-java-util-3.25.5.jar (com.google.protobuf:protobuf-java-util:3.25.5) with ExternalDependencyInstrumentingArtifactTransform
[        ] Transforming tink-1.7.0.jar (com.google.crypto.tink:tink:1.7.0) with MergeInstrumentationAnalysisTransform
[        ] Transforming grpc-protobuf-1.69.1.jar (io.grpc:grpc-protobuf:1.69.1) with ExternalDependencyInstrumentingArtifactTransform
[        ] Transforming core-proto-0.0.9-alpha03.jar (com.google.testing.platform:core-proto:0.0.9-alpha03) with InstrumentationAnalysisTransform
[        ] Transforming tink-1.7.0.jar (com.google.crypto.tink:tink:1.7.0) with ExternalDependencyInstrumentingArtifactTransform
[        ] Transforming core-proto-0.0.9-alpha03.jar (com.google.testing.platform:core-proto:0.0.9-alpha03) with MergeInstrumentationAnalysisTransform
[        ] Transforming protos-31.13.1.jar (com.android.tools.analytics-library:protos:31.13.1) with InstrumentationAnalysisTransform
[        ] Transforming core-proto-0.0.9-alpha03.jar (com.google.testing.platform:core-proto:0.0.9-alpha03) with ExternalDependencyInstrumentingArtifactTransform
[        ] Transforming protos-31.13.1.jar (com.android.tools.analytics-library:protos:31.13.1) with MergeInstrumentationAnalysisTransform
[        ] Transforming proto-google-common-protos-2.48.0.jar (com.google.api.grpc:proto-google-common-protos:2.48.0) with InstrumentationAnalysisTransform
[        ] Transforming proto-google-common-protos-2.48.0.jar (com.google.api.grpc:proto-google-common-protos:2.48.0) with MergeInstrumentationAnalysisTransform
[        ] Transforming protobuf-java-3.25.5.jar (com.google.protobuf:protobuf-java:3.25.5) with InstrumentationAnalysisTransform
[        ] Transforming protobuf-java-3.25.5.jar (com.google.protobuf:protobuf-java:3.25.5) with MergeInstrumentationAnalysisTransform
[        ] Transforming grpc-netty-1.69.1.jar (io.grpc:grpc-netty:1.69.1) with InstrumentationAnalysisTransform
[        ] Transforming grpc-netty-1.69.1.jar (io.grpc:grpc-netty:1.69.1) with MergeInstrumentationAnalysisTransform
[        ] Transforming grpc-inprocess-1.69.1.jar (io.grpc:grpc-inprocess:1.69.1) with InstrumentationAnalysisTransform
[        ] Transforming grpc-inprocess-1.69.1.jar (io.grpc:grpc-inprocess:1.69.1) with MergeInstrumentationAnalysisTransform
[        ] Transforming grpc-util-1.69.1.jar (io.grpc:grpc-util:1.69.1) with InstrumentationAnalysisTransform
[        ] Transforming grpc-util-1.69.1.jar (io.grpc:grpc-util:1.69.1) with MergeInstrumentationAnalysisTransform
[        ] Transforming grpc-core-1.69.1.jar (io.grpc:grpc-core:1.69.1) with InstrumentationAnalysisTransform
[        ] Transforming protos-31.13.1.jar (com.android.tools.analytics-library:protos:31.13.1) with ExternalDependencyInstrumentingArtifactTransform
[        ] Transforming grpc-netty-1.69.1.jar (io.grpc:grpc-netty:1.69.1) with ExternalDependencyInstrumentingArtifactTransform
[        ] Transforming grpc-core-1.69.1.jar (io.grpc:grpc-core:1.69.1) with MergeInstrumentationAnalysisTransform
[        ] Transforming gson-2.11.0.jar (com.google.code.gson:gson:2.11.0) with InstrumentationAnalysisTransform
[        ] Transforming gson-2.11.0.jar (com.google.code.gson:gson:2.11.0) with MergeInstrumentationAnalysisTransform
[        ] Transforming grpc-stub-1.69.1.jar (io.grpc:grpc-stub:1.69.1) with InstrumentationAnalysisTransform
[        ] Transforming grpc-core-1.69.1.jar (io.grpc:grpc-core:1.69.1) with ExternalDependencyInstrumentingArtifactTransform
[        ] Transforming grpc-stub-1.69.1.jar (io.grpc:grpc-stub:1.69.1) with MergeInstrumentationAnalysisTransform
[        ] Transforming tensorflow-lite-metadata-0.2.0.jar (org.tensorflow:tensorflow-lite-metadata:0.2.0) with InstrumentationAnalysisTransform
[        ] Transforming tensorflow-lite-metadata-0.2.0.jar (org.tensorflow:tensorflow-lite-metadata:0.2.0) with MergeInstrumentationAnalysisTransform
[        ] Transforming proto-google-common-protos-2.48.0.jar (com.google.api.grpc:proto-google-common-protos:2.48.0) with ExternalDependencyInstrumentingArtifactTransform
[        ] Transforming gson-2.11.0.jar (com.google.code.gson:gson:2.11.0) with ExternalDependencyInstrumentingArtifactTransform
[        ] Transforming protobuf-java-3.25.5.jar (com.google.protobuf:protobuf-java:3.25.5) with ExternalDependencyInstrumentingArtifactTransform
[        ] Transforming tensorflow-lite-metadata-0.2.0.jar (org.tensorflow:tensorflow-lite-metadata:0.2.0) with ExternalDependencyInstrumentingArtifactTransform
[        ] Transforming grpc-stub-1.69.1.jar (io.grpc:grpc-stub:1.69.1) with ExternalDependencyInstrumentingArtifactTransform
[        ] Transforming flatbuffers-java-1.12.0.jar (com.google.flatbuffers:flatbuffers-java:1.12.0) with InstrumentationAnalysisTransform
[        ] Transforming grpc-inprocess-1.69.1.jar (io.grpc:grpc-inprocess:1.69.1) with ExternalDependencyInstrumentingArtifactTransform
[        ] Transforming grpc-util-1.69.1.jar (io.grpc:grpc-util:1.69.1) with ExternalDependencyInstrumentingArtifactTransform
[        ] Transforming flatbuffers-java-1.12.0.jar (com.google.flatbuffers:flatbuffers-java:1.12.0) with MergeInstrumentationAnalysisTransform
[        ] Transforming jimfs-1.1.jar (com.google.jimfs:jimfs:1.1) with InstrumentationAnalysisTransform
[        ] Transforming jimfs-1.1.jar (com.google.jimfs:jimfs:1.1) with MergeInstrumentationAnalysisTransform
[        ] Transforming grpc-context-1.69.1.jar (io.grpc:grpc-context:1.69.1) with InstrumentationAnalysisTransform
[        ] Transforming flatbuffers-java-1.12.0.jar (com.google.flatbuffers:flatbuffers-java:1.12.0) with ExternalDependencyInstrumentingArtifactTransform
[        ] Transforming grpc-context-1.69.1.jar (io.grpc:grpc-context:1.69.1) with MergeInstrumentationAnalysisTransform
[        ] Transforming jimfs-1.1.jar (com.google.jimfs:jimfs:1.1) with ExternalDependencyInstrumentingArtifactTransform
[        ] Transforming grpc-protobuf-lite-1.69.1.jar (io.grpc:grpc-protobuf-lite:1.69.1) with InstrumentationAnalysisTransform
[        ] Transforming grpc-context-1.69.1.jar (io.grpc:grpc-context:1.69.1) with ExternalDependencyInstrumentingArtifactTransform
[        ] Transforming grpc-protobuf-lite-1.69.1.jar (io.grpc:grpc-protobuf-lite:1.69.1) with MergeInstrumentationAnalysisTransform
[        ] Transforming grpc-api-1.69.1.jar (io.grpc:grpc-api:1.69.1) with InstrumentationAnalysisTransform
[        ] Transforming grpc-protobuf-lite-1.69.1.jar (io.grpc:grpc-protobuf-lite:1.69.1) with ExternalDependencyInstrumentingArtifactTransform
[        ] Transforming grpc-api-1.69.1.jar (io.grpc:grpc-api:1.69.1) with MergeInstrumentationAnalysisTransform
[        ] Transforming guava-33.3.1-jre.jar (com.google.guava:guava:33.3.1-jre) with InstrumentationAnalysisTransform
[        ] Transforming guava-33.3.1-jre.jar (com.google.guava:guava:33.3.1-jre) with MergeInstrumentationAnalysisTransform
[        ] Transforming dagger-2.28.3.jar (com.google.dagger:dagger:2.28.3) with InstrumentationAnalysisTransform
[        ] Transforming grpc-api-1.69.1.jar (io.grpc:grpc-api:1.69.1) with ExternalDependencyInstrumentingArtifactTransform
[        ] Transforming dagger-2.28.3.jar (com.google.dagger:dagger:2.28.3) with MergeInstrumentationAnalysisTransform
[        ] Transforming guava-33.3.1-jre.jar (com.google.guava:guava:33.3.1-jre) with ExternalDependencyInstrumentingArtifactTransform
[        ] Transforming javax.inject-1.jar (javax.inject:javax.inject:1) with InstrumentationAnalysisTransform
[        ] Transforming dagger-2.28.3.jar (com.google.dagger:dagger:2.28.3) with ExternalDependencyInstrumentingArtifactTransform
[        ] Transforming javax.inject-1.jar (javax.inject:javax.inject:1) with MergeInstrumentationAnalysisTransform
[        ] Transforming kxml2-2.3.0.jar (net.sf.kxml:kxml2:2.3.0) with InstrumentationAnalysisTransform
[        ] Transforming kxml2-2.3.0.jar (net.sf.kxml:kxml2:2.3.0) with MergeInstrumentationAnalysisTransform
[        ] Transforming commons-compress-1.21.jar (org.apache.commons:commons-compress:1.21) with InstrumentationAnalysisTransform
[        ] Transforming kxml2-2.3.0.jar (net.sf.kxml:kxml2:2.3.0) with ExternalDependencyInstrumentingArtifactTransform
[        ] Transforming javax.inject-1.jar (javax.inject:javax.inject:1) with ExternalDependencyInstrumentingArtifactTransform
[        ] Transforming commons-compress-1.21.jar (org.apache.commons:commons-compress:1.21) with MergeInstrumentationAnalysisTransform
[        ] Transforming bcutil-jdk18on-1.79.jar (org.bouncycastle:bcutil-jdk18on:1.79) with InstrumentationAnalysisTransform
[        ] Transforming commons-compress-1.21.jar (org.apache.commons:commons-compress:1.21) with ExternalDependencyInstrumentingArtifactTransform
[        ] Transforming bcutil-jdk18on-1.79.jar (org.bouncycastle:bcutil-jdk18on:1.79) with MergeInstrumentationAnalysisTransform
[        ] Transforming bcprov-jdk18on-1.79.jar (org.bouncycastle:bcprov-jdk18on:1.79) with InstrumentationAnalysisTransform
[        ] Transforming bcutil-jdk18on-1.79.jar (org.bouncycastle:bcutil-jdk18on:1.79) with ExternalDependencyInstrumentingArtifactTransform
[        ] Transforming bcprov-jdk18on-1.79.jar (org.bouncycastle:bcprov-jdk18on:1.79) with MergeInstrumentationAnalysisTransform
[        ] Transforming httpclient-4.5.14.jar (org.apache.httpcomponents:httpclient:4.5.14) with InstrumentationAnalysisTransform
[        ] Transforming httpclient-4.5.14.jar (org.apache.httpcomponents:httpclient:4.5.14) with MergeInstrumentationAnalysisTransform
[        ] Transforming bcprov-jdk18on-1.79.jar (org.bouncycastle:bcprov-jdk18on:1.79) with ExternalDependencyInstrumentingArtifactTransform
[        ] Transforming httpcore-4.4.16.jar (org.apache.httpcomponents:httpcore:4.4.16) with InstrumentationAnalysisTransform
[        ] Transforming httpclient-4.5.14.jar (org.apache.httpcomponents:httpclient:4.5.14) with ExternalDependencyInstrumentingArtifactTransform
[        ] Transforming httpcore-4.4.16.jar (org.apache.httpcomponents:httpcore:4.4.16) with MergeInstrumentationAnalysisTransform
[        ] Transforming javax.activation-1.2.0.jar (com.sun.activation:javax.activation:1.2.0) with InstrumentationAnalysisTransform
[        ] Transforming javax.activation-1.2.0.jar (com.sun.activation:javax.activation:1.2.0) with MergeInstrumentationAnalysisTransform
[        ] Transforming annotations-23.0.0.jar (org.jetbrains:annotations:23.0.0) with InstrumentationAnalysisTransform
[        ] Transforming httpcore-4.4.16.jar (org.apache.httpcomponents:httpcore:4.4.16) with ExternalDependencyInstrumentingArtifactTransform
[        ] Transforming annotations-23.0.0.jar (org.jetbrains:annotations:23.0.0) with MergeInstrumentationAnalysisTransform
[        ] Transforming javax.activation-1.2.0.jar (com.sun.activation:javax.activation:1.2.0) with ExternalDependencyInstrumentingArtifactTransform
[        ] Transforming signflinger-8.13.1.jar (com.android:signflinger:8.13.1) with InstrumentationAnalysisTransform
[        ] Transforming signflinger-8.13.1.jar (com.android:signflinger:8.13.1) with MergeInstrumentationAnalysisTransform
[        ] Transforming zipflinger-8.13.1.jar (com.android:zipflinger:8.13.1) with InstrumentationAnalysisTransform
[        ] Transforming zipflinger-8.13.1.jar (com.android:zipflinger:8.13.1) with MergeInstrumentationAnalysisTransform
[        ] Transforming annotations-23.0.0.jar (org.jetbrains:annotations:23.0.0) with ExternalDependencyInstrumentingArtifactTransform
[        ] Transforming annotations-31.13.1.jar (com.android.tools:annotations:31.13.1) with InstrumentationAnalysisTransform
[        ] Transforming signflinger-8.13.1.jar (com.android:signflinger:8.13.1) with ExternalDependencyInstrumentingArtifactTransform
[        ] Transforming annotations-31.13.1.jar (com.android.tools:annotations:31.13.1) with MergeInstrumentationAnalysisTransform
[        ] Transforming zipflinger-8.13.1.jar (com.android:zipflinger:8.13.1) with ExternalDependencyInstrumentingArtifactTransform
[        ] Transforming jna-platform-5.6.0.jar (net.java.dev.jna:jna-platform:5.6.0) with InstrumentationAnalysisTransform
[        ] Transforming annotations-31.13.1.jar (com.android.tools:annotations:31.13.1) with ExternalDependencyInstrumentingArtifactTransform
[        ] Transforming jna-platform-5.6.0.jar (net.java.dev.jna:jna-platform:5.6.0) with MergeInstrumentationAnalysisTransform
[        ] Transforming juniversalchardet-1.0.3.jar (com.googlecode.juniversalchardet:juniversalchardet:1.0.3) with InstrumentationAnalysisTransform
[        ] Transforming juniversalchardet-1.0.3.jar (com.googlecode.juniversalchardet:juniversalchardet:1.0.3) with MergeInstrumentationAnalysisTransform
[        ] Transforming javax.annotation-api-1.3.2.jar (javax.annotation:javax.annotation-api:1.3.2) with InstrumentationAnalysisTransform
[        ] Transforming jna-platform-5.6.0.jar (net.java.dev.jna:jna-platform:5.6.0) with ExternalDependencyInstrumentingArtifactTransform
[        ] Transforming javax.annotation-api-1.3.2.jar (javax.annotation:javax.annotation-api:1.3.2) with MergeInstrumentationAnalysisTransform
[        ] Transforming stax-ex-1.8.1.jar (org.jvnet.staxex:stax-ex:1.8.1) with InstrumentationAnalysisTransform
[        ] Transforming juniversalchardet-1.0.3.jar (com.googlecode.juniversalchardet:juniversalchardet:1.0.3) with ExternalDependencyInstrumentingArtifactTransform
[        ] Transforming stax-ex-1.8.1.jar (org.jvnet.staxex:stax-ex:1.8.1) with MergeInstrumentationAnalysisTransform
[        ] Transforming jakarta.xml.bind-api-2.3.2.jar (jakarta.xml.bind:jakarta.xml.bind-api:2.3.2) with InstrumentationAnalysisTransform
[        ] Transforming javax.annotation-api-1.3.2.jar (javax.annotation:javax.annotation-api:1.3.2) with ExternalDependencyInstrumentingArtifactTransform
[        ] Transforming jakarta.xml.bind-api-2.3.2.jar (jakarta.xml.bind:jakarta.xml.bind-api:2.3.2) with MergeInstrumentationAnalysisTransform
[        ] Transforming stax-ex-1.8.1.jar (org.jvnet.staxex:stax-ex:1.8.1) with ExternalDependencyInstrumentingArtifactTransform
[        ] Transforming txw2-2.3.2.jar (org.glassfish.jaxb:txw2:2.3.2) with InstrumentationAnalysisTransform
[        ] Transforming txw2-2.3.2.jar (org.glassfish.jaxb:txw2:2.3.2) with MergeInstrumentationAnalysisTransform
[        ] Transforming istack-commons-runtime-3.0.8.jar (com.sun.istack:istack-commons-runtime:3.0.8) with InstrumentationAnalysisTransform
[        ] Transforming jakarta.xml.bind-api-2.3.2.jar (jakarta.xml.bind:jakarta.xml.bind-api:2.3.2) with ExternalDependencyInstrumentingArtifactTransform
[        ] Transforming istack-commons-runtime-3.0.8.jar (com.sun.istack:istack-commons-runtime:3.0.8) with MergeInstrumentationAnalysisTransform
[        ] Transforming txw2-2.3.2.jar (org.glassfish.jaxb:txw2:2.3.2) with ExternalDependencyInstrumentingArtifactTransform
[        ] Transforming FastInfoset-1.2.16.jar (com.sun.xml.fastinfoset:FastInfoset:1.2.16) with InstrumentationAnalysisTransform
[        ] Transforming istack-commons-runtime-3.0.8.jar (com.sun.istack:istack-commons-runtime:3.0.8) with ExternalDependencyInstrumentingArtifactTransform
[        ] Transforming FastInfoset-1.2.16.jar (com.sun.xml.fastinfoset:FastInfoset:1.2.16) with MergeInstrumentationAnalysisTransform
[        ] Transforming jakarta.activation-api-1.2.1.jar (jakarta.activation:jakarta.activation-api:1.2.1) with InstrumentationAnalysisTransform
[        ] Transforming jakarta.activation-api-1.2.1.jar (jakarta.activation:jakarta.activation-api:1.2.1) with MergeInstrumentationAnalysisTransform
[        ] Transforming FastInfoset-1.2.16.jar (com.sun.xml.fastinfoset:FastInfoset:1.2.16) with ExternalDependencyInstrumentingArtifactTransform
[        ] Transforming auto-value-annotations-1.6.2.jar (com.google.auto.value:auto-value-annotations:1.6.2) with InstrumentationAnalysisTransform
[        ] Transforming jakarta.activation-api-1.2.1.jar (jakarta.activation:jakarta.activation-api:1.2.1) with ExternalDependencyInstrumentingArtifactTransform
[        ] Transforming auto-value-annotations-1.6.2.jar (com.google.auto.value:auto-value-annotations:1.6.2) with MergeInstrumentationAnalysisTransform
[        ] Transforming error_prone_annotations-2.30.0.jar (com.google.errorprone:error_prone_annotations:2.30.0) with InstrumentationAnalysisTransform
[        ] Transforming error_prone_annotations-2.30.0.jar (com.google.errorprone:error_prone_annotations:2.30.0) with MergeInstrumentationAnalysisTransform
[        ] Transforming jose4j-0.9.5.jar (org.bitbucket.b_c:jose4j:0.9.5) with InstrumentationAnalysisTransform
[        ] Transforming auto-value-annotations-1.6.2.jar (com.google.auto.value:auto-value-annotations:1.6.2) with ExternalDependencyInstrumentingArtifactTransform
[        ] Transforming jose4j-0.9.5.jar (org.bitbucket.b_c:jose4j:0.9.5) with MergeInstrumentationAnalysisTransform
[        ] Transforming slf4j-api-1.7.30.jar (org.slf4j:slf4j-api:1.7.30) with InstrumentationAnalysisTransform
[        ] Transforming error_prone_annotations-2.30.0.jar (com.google.errorprone:error_prone_annotations:2.30.0) with ExternalDependencyInstrumentingArtifactTransform
[        ] Transforming slf4j-api-1.7.30.jar (org.slf4j:slf4j-api:1.7.30) with MergeInstrumentationAnalysisTransform
[        ] Transforming jose4j-0.9.5.jar (org.bitbucket.b_c:jose4j:0.9.5) with ExternalDependencyInstrumentingArtifactTransform
[        ] Transforming jdom2-2.0.6.jar (org.jdom:jdom2:2.0.6) with InstrumentationAnalysisTransform
[        ] Transforming slf4j-api-1.7.30.jar (org.slf4j:slf4j-api:1.7.30) with ExternalDependencyInstrumentingArtifactTransform
[        ] Transforming jdom2-2.0.6.jar (org.jdom:jdom2:2.0.6) with MergeInstrumentationAnalysisTransform
[        ] Transforming jsr305-3.0.2.jar (com.google.code.findbugs:jsr305:3.0.2) with InstrumentationAnalysisTransform
[        ] Transforming jsr305-3.0.2.jar (com.google.code.findbugs:jsr305:3.0.2) with MergeInstrumentationAnalysisTransform
[        ] Transforming jdom2-2.0.6.jar (org.jdom:jdom2:2.0.6) with ExternalDependencyInstrumentingArtifactTransform
[        ] Transforming j2objc-annotations-3.0.0.jar (com.google.j2objc:j2objc-annotations:3.0.0) with InstrumentationAnalysisTransform
[        ] Transforming j2objc-annotations-3.0.0.jar (com.google.j2objc:j2objc-annotations:3.0.0) with MergeInstrumentationAnalysisTransform
[        ] Transforming annotations-4.1.1.4.jar (com.google.android:annotations:4.1.1.4) with InstrumentationAnalysisTransform
[        ] Transforming jsr305-3.0.2.jar (com.google.code.findbugs:jsr305:3.0.2) with ExternalDependencyInstrumentingArtifactTransform
[        ] Transforming annotations-4.1.1.4.jar (com.google.android:annotations:4.1.1.4) with MergeInstrumentationAnalysisTransform
[        ] Transforming j2objc-annotations-3.0.0.jar (com.google.j2objc:j2objc-annotations:3.0.0) with ExternalDependencyInstrumentingArtifactTransform
[        ] Transforming animal-sniffer-annotations-1.24.jar (org.codehaus.mojo:animal-sniffer-annotations:1.24) with InstrumentationAnalysisTransform
[        ] Transforming annotations-4.1.1.4.jar (com.google.android:annotations:4.1.1.4) with ExternalDependencyInstrumentingArtifactTransform
[        ] Transforming animal-sniffer-annotations-1.24.jar (org.codehaus.mojo:animal-sniffer-annotations:1.24) with MergeInstrumentationAnalysisTransform
[        ] Transforming perfmark-api-0.27.0.jar (io.perfmark:perfmark-api:0.27.0) with InstrumentationAnalysisTransform
[        ] Transforming perfmark-api-0.27.0.jar (io.perfmark:perfmark-api:0.27.0) with MergeInstrumentationAnalysisTransform
[        ] Transforming animal-sniffer-annotations-1.24.jar (org.codehaus.mojo:animal-sniffer-annotations:1.24) with ExternalDependencyInstrumentingArtifactTransform
[        ] Transforming netty-codec-http2-4.1.110.Final.jar (io.netty:netty-codec-http2:4.1.110.Final) with InstrumentationAnalysisTransform
[        ] Transforming perfmark-api-0.27.0.jar (io.perfmark:perfmark-api:0.27.0) with ExternalDependencyInstrumentingArtifactTransform
[        ] Transforming netty-codec-http2-4.1.110.Final.jar (io.netty:netty-codec-http2:4.1.110.Final) with MergeInstrumentationAnalysisTransform
[        ] Transforming netty-handler-proxy-4.1.110.Final.jar (io.netty:netty-handler-proxy:4.1.110.Final) with InstrumentationAnalysisTransform
[        ] Transforming netty-handler-proxy-4.1.110.Final.jar (io.netty:netty-handler-proxy:4.1.110.Final) with MergeInstrumentationAnalysisTransform
[        ] Transforming netty-codec-http-4.1.110.Final.jar (io.netty:netty-codec-http:4.1.110.Final) with InstrumentationAnalysisTransform
[        ] Transforming netty-codec-http2-4.1.110.Final.jar (io.netty:netty-codec-http2:4.1.110.Final) with ExternalDependencyInstrumentingArtifactTransform
[        ] Transforming netty-codec-http-4.1.110.Final.jar (io.netty:netty-codec-http:4.1.110.Final) with MergeInstrumentationAnalysisTransform
[        ] Transforming netty-handler-4.1.110.Final.jar (io.netty:netty-handler:4.1.110.Final) with InstrumentationAnalysisTransform
[        ] Transforming netty-handler-proxy-4.1.110.Final.jar (io.netty:netty-handler-proxy:4.1.110.Final) with ExternalDependencyInstrumentingArtifactTransform
[        ] Transforming netty-codec-http-4.1.110.Final.jar (io.netty:netty-codec-http:4.1.110.Final) with ExternalDependencyInstrumentingArtifactTransform
[        ] Transforming netty-handler-4.1.110.Final.jar (io.netty:netty-handler:4.1.110.Final) with MergeInstrumentationAnalysisTransform
[        ] Transforming netty-transport-native-unix-common-4.1.110.Final.jar (io.netty:netty-transport-native-unix-common:4.1.110.Final) with InstrumentationAnalysisTransform
[        ] Transforming netty-transport-native-unix-common-4.1.110.Final.jar (io.netty:netty-transport-native-unix-common:4.1.110.Final) with MergeInstrumentationAnalysisTransform
[        ] Transforming checker-qual-3.43.0.jar (org.checkerframework:checker-qual:3.43.0) with InstrumentationAnalysisTransform
[        ] Transforming checker-qual-3.43.0.jar (org.checkerframework:checker-qual:3.43.0) with MergeInstrumentationAnalysisTransform
[        ] Transforming apksig-8.13.1.jar (com.android.tools.build:apksig:8.13.1) with InstrumentationAnalysisTransform
[        ] Transforming netty-handler-4.1.110.Final.jar (io.netty:netty-handler:4.1.110.Final) with ExternalDependencyInstrumentingArtifactTransform
[        ] Transforming apksig-8.13.1.jar (com.android.tools.build:apksig:8.13.1) with MergeInstrumentationAnalysisTransform
[        ] Transforming javawriter-2.5.0.jar (com.squareup:javawriter:2.5.0) with InstrumentationAnalysisTransform
[        ] Transforming netty-transport-native-unix-common-4.1.110.Final.jar (io.netty:netty-transport-native-unix-common:4.1.110.Final) with ExternalDependencyInstrumentingArtifactTransform
[        ] Transforming checker-qual-3.43.0.jar (org.checkerframework:checker-qual:3.43.0) with ExternalDependencyInstrumentingArtifactTransform
[        ] Transforming javawriter-2.5.0.jar (com.squareup:javawriter:2.5.0) with MergeInstrumentationAnalysisTransform
[        ] Transforming apksig-8.13.1.jar (com.android.tools.build:apksig:8.13.1) with ExternalDependencyInstrumentingArtifactTransform
[        ] Transforming failureaccess-1.0.2.jar (com.google.guava:failureaccess:1.0.2) with InstrumentationAnalysisTransform
[        ] Transforming javawriter-2.5.0.jar (com.squareup:javawriter:2.5.0) with ExternalDependencyInstrumentingArtifactTransform
[        ] Transforming failureaccess-1.0.2.jar (com.google.guava:failureaccess:1.0.2) with MergeInstrumentationAnalysisTransform
[        ] Transforming listenablefuture-9999.0-empty-to-avoid-conflict-with-guava.jar (com.google.guava:listenablefuture:9999.0-empty-to-avoid-conflict-with-guava) with InstrumentationAnalysisTransform
[        ] Transforming listenablefuture-9999.0-empty-to-avoid-conflict-with-guava.jar (com.google.guava:listenablefuture:9999.0-empty-to-avoid-conflict-with-guava) with MergeInstrumentationAnalysisTransform
[        ] Transforming commons-logging-1.2.jar (commons-logging:commons-logging:1.2) with InstrumentationAnalysisTransform
[        ] Transforming failureaccess-1.0.2.jar (com.google.guava:failureaccess:1.0.2) with ExternalDependencyInstrumentingArtifactTransform
[        ] Transforming commons-logging-1.2.jar (commons-logging:commons-logging:1.2) with MergeInstrumentationAnalysisTransform
[        ] Transforming listenablefuture-9999.0-empty-to-avoid-conflict-with-guava.jar (com.google.guava:listenablefuture:9999.0-empty-to-avoid-conflict-with-guava) with ExternalDependencyInstrumentingArtifactTransform
[        ] Transforming commons-codec-1.11.jar (commons-codec:commons-codec:1.11) with InstrumentationAnalysisTransform
[        ] Transforming commons-logging-1.2.jar (commons-logging:commons-logging:1.2) with ExternalDependencyInstrumentingArtifactTransform
[        ] Transforming commons-codec-1.11.jar (commons-codec:commons-codec:1.11) with MergeInstrumentationAnalysisTransform
[        ] Transforming jna-5.6.0.jar (net.java.dev.jna:jna:5.6.0) with InstrumentationAnalysisTransform
[        ] Transforming jna-5.6.0.jar (net.java.dev.jna:jna:5.6.0) with MergeInstrumentationAnalysisTransform
[        ] Transforming netty-codec-socks-4.1.110.Final.jar (io.netty:netty-codec-socks:4.1.110.Final) with InstrumentationAnalysisTransform
[        ] Transforming commons-codec-1.11.jar (commons-codec:commons-codec:1.11) with ExternalDependencyInstrumentingArtifactTransform
[        ] Transforming netty-codec-socks-4.1.110.Final.jar (io.netty:netty-codec-socks:4.1.110.Final) with MergeInstrumentationAnalysisTransform
[        ] Transforming jna-5.6.0.jar (net.java.dev.jna:jna:5.6.0) with ExternalDependencyInstrumentingArtifactTransform
[        ] Transforming netty-codec-4.1.110.Final.jar (io.netty:netty-codec:4.1.110.Final) with InstrumentationAnalysisTransform
[        ] Transforming netty-codec-4.1.110.Final.jar (io.netty:netty-codec:4.1.110.Final) with MergeInstrumentationAnalysisTransform
[        ] Transforming netty-codec-socks-4.1.110.Final.jar (io.netty:netty-codec-socks:4.1.110.Final) with ExternalDependencyInstrumentingArtifactTransform
[        ] Transforming netty-transport-4.1.110.Final.jar (io.netty:netty-transport:4.1.110.Final) with InstrumentationAnalysisTransform
[        ] Transforming netty-codec-4.1.110.Final.jar (io.netty:netty-codec:4.1.110.Final) with ExternalDependencyInstrumentingArtifactTransform
[        ] Transforming netty-transport-4.1.110.Final.jar (io.netty:netty-transport:4.1.110.Final) with MergeInstrumentationAnalysisTransform
[        ] Transforming netty-buffer-4.1.110.Final.jar (io.netty:netty-buffer:4.1.110.Final) with InstrumentationAnalysisTransform
[        ] Transforming netty-buffer-4.1.110.Final.jar (io.netty:netty-buffer:4.1.110.Final) with MergeInstrumentationAnalysisTransform
[        ] Transforming netty-resolver-4.1.110.Final.jar (io.netty:netty-resolver:4.1.110.Final) with InstrumentationAnalysisTransform
[        ] Transforming netty-transport-4.1.110.Final.jar (io.netty:netty-transport:4.1.110.Final) with ExternalDependencyInstrumentingArtifactTransform
[        ] Transforming netty-resolver-4.1.110.Final.jar (io.netty:netty-resolver:4.1.110.Final) with MergeInstrumentationAnalysisTransform
[        ] Transforming netty-common-4.1.110.Final.jar (io.netty:netty-common:4.1.110.Final) with InstrumentationAnalysisTransform
[        ] Transforming netty-buffer-4.1.110.Final.jar (io.netty:netty-buffer:4.1.110.Final) with ExternalDependencyInstrumentingArtifactTransform
[        ] Transforming netty-common-4.1.110.Final.jar (io.netty:netty-common:4.1.110.Final) with MergeInstrumentationAnalysisTransform
[        ] Transforming netty-resolver-4.1.110.Final.jar (io.netty:netty-resolver:4.1.110.Final) with ExternalDependencyInstrumentingArtifactTransform
[        ] Transforming netty-common-4.1.110.Final.jar (io.netty:netty-common:4.1.110.Final) with ExternalDependencyInstrumentingArtifactTransform
[        ] Using default execution profile
[ +147 ms] > Configure project :shared_preferences_android
[        ] Evaluating project ':shared_preferences_android' using build file 'C:\Users\bhavy\AppData\Local\Pub\Cache\hosted\pub.dev\shared_preferences_android-2.4.20\android\build.gradle'.
[        ] Transforming gradle-8.13.1.jar (com.android.tools.build:gradle:8.13.1) with InstrumentationAnalysisTransform
[        ] Transforming fus-statistics-gradle-plugin-2.3.0-gradle811.jar (org.jetbrains.kotlin:fus-statistics-gradle-plugin:2.3.0) with InstrumentationAnalysisTransform
[        ] Transforming kotlin-gradle-plugin-api-2.3.0-gradle811.jar (org.jetbrains.kotlin:kotlin-gradle-plugin-api:2.3.0) with InstrumentationAnalysisTransform
[        ] Transforming kotlin-gradle-plugin-2.3.0-gradle811.jar (org.jetbrains.kotlin:kotlin-gradle-plugin:2.3.0) with InstrumentationAnalysisTransform
[        ] Transforming gradle-api-8.13.1.jar (com.android.tools.build:gradle-api:8.13.1) with InstrumentationAnalysisTransform
[        ] Transforming gradle-common-api-8.13.1.jar (com.android.tools.build:gradle-common-api:8.13.1) with InstrumentationAnalysisTransform
[        ] Transforming gradle-settings-api-8.13.1.jar (com.android.tools.build:gradle-settings-api:8.13.1) with InstrumentationAnalysisTransform
[        ] Transforming lint-model-31.13.1.jar (com.android.tools.lint:lint-model:31.13.1) with InstrumentationAnalysisTransform
[        ] Transforming builder-8.13.1.jar (com.android.tools.build:builder:8.13.1) with InstrumentationAnalysisTransform
[        ] Transforming manifest-merger-31.13.1.jar (com.android.tools.build:manifest-merger:31.13.1) with InstrumentationAnalysisTransform
[        ] Transforming sdk-common-31.13.1.jar (com.android.tools:sdk-common:31.13.1) with InstrumentationAnalysisTransform
[        ] Transforming sdklib-31.13.1.jar (com.android.tools:sdklib:31.13.1) with InstrumentationAnalysisTransform
[        ] Transforming repository-31.13.1.jar (com.android.tools:repository:31.13.1) with InstrumentationAnalysisTransform
[        ] Transforming builder-test-api-8.13.1.jar (com.android.tools.build:builder-test-api:8.13.1) with InstrumentationAnalysisTransform
[        ] Transforming ddmlib-31.13.1.jar (com.android.tools.ddms:ddmlib:31.13.1) with InstrumentationAnalysisTransform
[        ] Transforming aaptcompiler-8.13.1.jar (com.android.tools.build:aaptcompiler:8.13.1) with InstrumentationAnalysisTransform
[        ] Transforming bundletool-1.18.1.jar (com.android.tools.build:bundletool:1.18.1) with InstrumentationAnalysisTransform
[        ] Transforming aapt2-proto-8.13.1-13719691.jar (com.android.tools.build:aapt2-proto:8.13.1-13719691) with InstrumentationAnalysisTransform
[        ] Transforming crash-31.13.1.jar (com.android.tools.analytics-library:crash:31.13.1) with InstrumentationAnalysisTransform
[        ] Transforming tracker-31.13.1.jar (com.android.tools.analytics-library:tracker:31.13.1) with InstrumentationAnalysisTransform
[        ] Transforming shared-31.13.1.jar (com.android.tools.analytics-library:shared:31.13.1) with InstrumentationAnalysisTransform
[        ] Transforming lint-typedef-remover-31.13.1.jar (com.android.tools.lint:lint-typedef-remover:31.13.1) with InstrumentationAnalysisTransform
[        ] Transforming databinding-compiler-common-8.13.1.jar (androidx.databinding:databinding-compiler-common:8.13.1) with InstrumentationAnalysisTransform
[        ] Transforming databinding-common-8.13.1.jar (androidx.databinding:databinding-common:8.13.1) with InstrumentationAnalysisTransform
[        ] Transforming baseLibrary-8.13.1.jar (com.android.databinding:baseLibrary:8.13.1) with InstrumentationAnalysisTransform
[        ] Transforming layoutlib-api-31.13.1.jar (com.android.tools.layoutlib:layoutlib-api:31.13.1) with InstrumentationAnalysisTransform
[        ] Transforming android-device-provider-ddmlib-proto-31.13.1.jar (com.android.tools.utp:android-device-provider-ddmlib-proto:31.13.1) with InstrumentationAnalysisTransform
[        ] Transforming android-device-provider-profile-proto-31.13.1.jar (com.android.tools.utp:android-device-provider-profile-proto:31.13.1) with InstrumentationAnalysisTransform
[        ] Transforming android-test-plugin-host-additional-test-output-proto-31.13.1.jar (com.android.tools.utp:android-test-plugin-host-additional-test-output-proto:31.13.1) with InstrumentationAnalysisTransform
[        ] Transforming android-test-plugin-host-coverage-proto-31.13.1.jar (com.android.tools.utp:android-test-plugin-host-coverage-proto:31.13.1) with InstrumentationAnalysisTransform
[        ] Transforming android-test-plugin-host-emulator-control-proto-31.13.1.jar (com.android.tools.utp:android-test-plugin-host-emulator-control-proto:31.13.1) with InstrumentationAnalysisTransform
[        ] Transforming android-test-plugin-host-logcat-proto-31.13.1.jar (com.android.tools.utp:android-test-plugin-host-logcat-proto:31.13.1) with InstrumentationAnalysisTransform
[        ] Transforming android-test-plugin-host-apk-installer-proto-31.13.1.jar (com.android.tools.utp:android-test-plugin-host-apk-installer-proto:31.13.1) with InstrumentationAnalysisTransform
[        ] Transforming android-test-plugin-result-listener-gradle-proto-31.13.1.jar (com.android.tools.utp:android-test-plugin-result-listener-gradle-proto:31.13.1) with InstrumentationAnalysisTransform
[        ] Transforming jetifier-processor-1.0.0-beta10.jar (com.android.tools.build.jetifier:jetifier-processor:1.0.0-beta10) with InstrumentationAnalysisTransform
[        ] Transforming jetifier-core-1.0.0-beta10.jar (com.android.tools.build.jetifier:jetifier-core:1.0.0-beta10) with InstrumentationAnalysisTransform
[        ] Transforming builder-model-8.13.1.jar (com.android.tools.build:builder-model:8.13.1) with InstrumentationAnalysisTransform
[        ] Transforming kotlin-reflect-2.2.0.jar (org.jetbrains.kotlin:kotlin-reflect:2.2.0) with InstrumentationAnalysisTransform
[        ] Transforming dvlib-31.13.1.jar (com.android.tools:dvlib:31.13.1) with InstrumentationAnalysisTransform
[        ] Transforming common-31.13.1.jar (com.android.tools:common:31.13.1) with InstrumentationAnalysisTransform
[        ] Transforming kotlin-stdlib-jdk8-2.2.0.jar (org.jetbrains.kotlin:kotlin-stdlib-jdk8:2.2.0) with InstrumentationAnalysisTransform
[        ] Transforming kotlin-compiler-runner-2.3.0.jar (org.jetbrains.kotlin:kotlin-compiler-runner:2.3.0) with InstrumentationAnalysisTransform
[        ] Transforming kotlinx-coroutines-core-jvm-1.9.0.jar (org.jetbrains.kotlinx:kotlinx-coroutines-core-jvm:1.9.0) with InstrumentationAnalysisTransform
[        ] Transforming kotlin-stdlib-jdk7-2.2.0.jar (org.jetbrains.kotlin:kotlin-stdlib-jdk7:2.2.0) with InstrumentationAnalysisTransform
[        ] Transforming kotlin-stdlib-2.2.0.jar (org.jetbrains.kotlin:kotlin-stdlib:2.2.0) with InstrumentationAnalysisTransform
[        ] Transforming transform-api-2.0.0-deprecated-use-gradle-api.jar (com.android.tools.build:transform-api:2.0.0-deprecated-use-gradle-api) with InstrumentationAnalysisTransform
[        ] Transforming httpmime-4.5.6.jar (org.apache.httpcomponents:httpmime:4.5.6) with InstrumentationAnalysisTransform
[        ] Transforming commons-io-2.16.1.jar (commons-io:commons-io:2.16.1) with InstrumentationAnalysisTransform
[        ] Transforming asm-commons-9.8.jar (org.ow2.asm:asm-commons:9.8) with InstrumentationAnalysisTransform
[        ] Transforming asm-util-9.8.jar (org.ow2.asm:asm-util:9.8) with InstrumentationAnalysisTransform
[        ] Transforming asm-analysis-9.8.jar (org.ow2.asm:asm-analysis:9.8) with InstrumentationAnalysisTransform
[        ] Transforming asm-tree-9.8.jar (org.ow2.asm:asm-tree:9.8) with InstrumentationAnalysisTransform
[        ] Transforming asm-9.8.jar (org.ow2.asm:asm:9.8) with InstrumentationAnalysisTransform
[        ] Transforming apkzlib-8.13.1.jar (com.android.tools.build:apkzlib:8.13.1) with InstrumentationAnalysisTransform
[        ] Transforming bcpkix-jdk18on-1.79.jar (org.bouncycastle:bcpkix-jdk18on:1.79) with InstrumentationAnalysisTransform
[        ] Transforming jaxb-runtime-2.3.2.jar (org.glassfish.jaxb:jaxb-runtime:2.3.2) with InstrumentationAnalysisTransform
[        ] Transforming jopt-simple-4.9.jar (net.sf.jopt-simple:jopt-simple:4.9) with InstrumentationAnalysisTransform
[        ] Transforming javapoet-1.10.0.jar (com.squareup:javapoet:1.10.0) with InstrumentationAnalysisTransform
[        ] Transforming protobuf-java-util-3.25.5.jar (com.google.protobuf:protobuf-java-util:3.25.5) with InstrumentationAnalysisTransform
[        ] Transforming grpc-protobuf-1.69.1.jar (io.grpc:grpc-protobuf:1.69.1) with InstrumentationAnalysisTransform
[        ] Transforming tink-1.7.0.jar (com.google.crypto.tink:tink:1.7.0) with InstrumentationAnalysisTransform
[        ] Transforming core-proto-0.0.9-alpha03.jar (com.google.testing.platform:core-proto:0.0.9-alpha03) with InstrumentationAnalysisTransform
[        ] Transforming protos-31.13.1.jar (com.android.tools.analytics-library:protos:31.13.1) with InstrumentationAnalysisTransform
[        ] Transforming proto-google-common-protos-2.48.0.jar (com.google.api.grpc:proto-google-common-protos:2.48.0) with InstrumentationAnalysisTransform
[        ] Transforming protobuf-java-3.25.5.jar (com.google.protobuf:protobuf-java:3.25.5) with InstrumentationAnalysisTransform
[        ] Transforming grpc-netty-1.69.1.jar (io.grpc:grpc-netty:1.69.1) with InstrumentationAnalysisTransform
[        ] Transforming grpc-inprocess-1.69.1.jar (io.grpc:grpc-inprocess:1.69.1) with InstrumentationAnalysisTransform
[        ] Transforming grpc-util-1.69.1.jar (io.grpc:grpc-util:1.69.1) with InstrumentationAnalysisTransform
[        ] Transforming grpc-core-1.69.1.jar (io.grpc:grpc-core:1.69.1) with InstrumentationAnalysisTransform
[        ] Transforming kotlin-build-statistics-2.3.0.jar (org.jetbrains.kotlin:kotlin-build-statistics:2.3.0) with InstrumentationAnalysisTransform
[        ] Transforming gson-2.11.0.jar (com.google.code.gson:gson:2.11.0) with InstrumentationAnalysisTransform
[        ] Transforming grpc-stub-1.69.1.jar (io.grpc:grpc-stub:1.69.1) with InstrumentationAnalysisTransform
[        ] Transforming tensorflow-lite-metadata-0.2.0.jar (org.tensorflow:tensorflow-lite-metadata:0.2.0) with InstrumentationAnalysisTransform
[        ] Transforming flatbuffers-java-1.12.0.jar (com.google.flatbuffers:flatbuffers-java:1.12.0) with InstrumentationAnalysisTransform
[        ] Transforming kotlin-gradle-plugin-idea-proto-2.3.0.jar (org.jetbrains.kotlin:kotlin-gradle-plugin-idea-proto:2.3.0) with InstrumentationAnalysisTransform
[        ] Transforming kotlin-gradle-plugin-idea-2.3.0.jar (org.jetbrains.kotlin:kotlin-gradle-plugin-idea:2.3.0) with InstrumentationAnalysisTransform
[        ] Transforming kotlin-klib-commonizer-api-2.3.0.jar (org.jetbrains.kotlin:kotlin-klib-commonizer-api:2.3.0) with InstrumentationAnalysisTransform
[        ] Transforming kotlin-util-klib-metadata-2.3.0.jar (org.jetbrains.kotlin:kotlin-util-klib-metadata:2.3.0) with InstrumentationAnalysisTransform
[        ] Transforming abi-tools-api-2.3.0.jar (org.jetbrains.kotlin:abi-tools-api:2.3.0) with InstrumentationAnalysisTransform
[        ] Transforming jimfs-1.1.jar (com.google.jimfs:jimfs:1.1) with InstrumentationAnalysisTransform
[        ] Transforming grpc-context-1.69.1.jar (io.grpc:grpc-context:1.69.1) with InstrumentationAnalysisTransform
[        ] Transforming grpc-protobuf-lite-1.69.1.jar (io.grpc:grpc-protobuf-lite:1.69.1) with InstrumentationAnalysisTransform
[        ] Transforming grpc-api-1.69.1.jar (io.grpc:grpc-api:1.69.1) with InstrumentationAnalysisTransform
[        ] Transforming guava-33.3.1-jre.jar (com.google.guava:guava:33.3.1-jre) with InstrumentationAnalysisTransform
[        ] Transforming dagger-2.28.3.jar (com.google.dagger:dagger:2.28.3) with InstrumentationAnalysisTransform
[        ] Transforming javax.inject-1.jar (javax.inject:javax.inject:1) with InstrumentationAnalysisTransform
[        ] Transforming kxml2-2.3.0.jar (net.sf.kxml:kxml2:2.3.0) with InstrumentationAnalysisTransform
[        ] Transforming commons-compress-1.21.jar (org.apache.commons:commons-compress:1.21) with InstrumentationAnalysisTransform
[        ] Transforming bcutil-jdk18on-1.79.jar (org.bouncycastle:bcutil-jdk18on:1.79) with InstrumentationAnalysisTransform
[        ] Transforming bcprov-jdk18on-1.79.jar (org.bouncycastle:bcprov-jdk18on:1.79) with InstrumentationAnalysisTransform
[        ] Transforming httpclient-4.5.14.jar (org.apache.httpcomponents:httpclient:4.5.14) with InstrumentationAnalysisTransform
[        ] Transforming httpcore-4.4.16.jar (org.apache.httpcomponents:httpcore:4.4.16) with InstrumentationAnalysisTransform
[        ] Transforming javax.activation-1.2.0.jar (com.sun.activation:javax.activation:1.2.0) with InstrumentationAnalysisTransform
[        ] Transforming annotations-23.0.0.jar (org.jetbrains:annotations:23.0.0) with InstrumentationAnalysisTransform
[        ] Transforming signflinger-8.13.1.jar (com.android:signflinger:8.13.1) with InstrumentationAnalysisTransform
[        ] Transforming zipflinger-8.13.1.jar (com.android:zipflinger:8.13.1) with InstrumentationAnalysisTransform
[        ] Transforming annotations-31.13.1.jar (com.android.tools:annotations:31.13.1) with InstrumentationAnalysisTransform
[        ] Transforming jna-platform-5.6.0.jar (net.java.dev.jna:jna-platform:5.6.0) with InstrumentationAnalysisTransform
[        ] Transforming juniversalchardet-1.0.3.jar (com.googlecode.juniversalchardet:juniversalchardet:1.0.3) with InstrumentationAnalysisTransform
[        ] Transforming javax.annotation-api-1.3.2.jar (javax.annotation:javax.annotation-api:1.3.2) with InstrumentationAnalysisTransform
[        ] Transforming stax-ex-1.8.1.jar (org.jvnet.staxex:stax-ex:1.8.1) with InstrumentationAnalysisTransform
[        ] Transforming jakarta.xml.bind-api-2.3.2.jar (jakarta.xml.bind:jakarta.xml.bind-api:2.3.2) with InstrumentationAnalysisTransform
[        ] Transforming txw2-2.3.2.jar (org.glassfish.jaxb:txw2:2.3.2) with InstrumentationAnalysisTransform
[        ] Transforming istack-commons-runtime-3.0.8.jar (com.sun.istack:istack-commons-runtime:3.0.8) with InstrumentationAnalysisTransform
[        ] Transforming FastInfoset-1.2.16.jar (com.sun.xml.fastinfoset:FastInfoset:1.2.16) with InstrumentationAnalysisTransform
[        ] Transforming jakarta.activation-api-1.2.1.jar (jakarta.activation:jakarta.activation-api:1.2.1) with InstrumentationAnalysisTransform
[        ] Transforming auto-value-annotations-1.6.2.jar (com.google.auto.value:auto-value-annotations:1.6.2) with InstrumentationAnalysisTransform
[        ] Transforming error_prone_annotations-2.30.0.jar (com.google.errorprone:error_prone_annotations:2.30.0) with InstrumentationAnalysisTransform
[        ] Transforming jose4j-0.9.5.jar (org.bitbucket.b_c:jose4j:0.9.5) with InstrumentationAnalysisTransform
[        ] Transforming slf4j-api-1.7.30.jar (org.slf4j:slf4j-api:1.7.30) with InstrumentationAnalysisTransform
[        ] Transforming jdom2-2.0.6.jar (org.jdom:jdom2:2.0.6) with InstrumentationAnalysisTransform
[        ] Transforming jsr305-3.0.2.jar (com.google.code.findbugs:jsr305:3.0.2) with InstrumentationAnalysisTransform
[        ] Transforming j2objc-annotations-3.0.0.jar (com.google.j2objc:j2objc-annotations:3.0.0) with InstrumentationAnalysisTransform
[        ] Transforming annotations-4.1.1.4.jar (com.google.android:annotations:4.1.1.4) with InstrumentationAnalysisTransform
[        ] Transforming animal-sniffer-annotations-1.24.jar (org.codehaus.mojo:animal-sniffer-annotations:1.24) with InstrumentationAnalysisTransform
[        ] Transforming perfmark-api-0.27.0.jar (io.perfmark:perfmark-api:0.27.0) with InstrumentationAnalysisTransform
[        ] Transforming netty-codec-http2-4.1.110.Final.jar (io.netty:netty-codec-http2:4.1.110.Final) with InstrumentationAnalysisTransform
[        ] Transforming netty-handler-proxy-4.1.110.Final.jar (io.netty:netty-handler-proxy:4.1.110.Final) with InstrumentationAnalysisTransform
[        ] Transforming netty-codec-http-4.1.110.Final.jar (io.netty:netty-codec-http:4.1.110.Final) with InstrumentationAnalysisTransform
[        ] Transforming netty-handler-4.1.110.Final.jar (io.netty:netty-handler:4.1.110.Final) with InstrumentationAnalysisTransform
[        ] Transforming netty-transport-native-unix-common-4.1.110.Final.jar (io.netty:netty-transport-native-unix-common:4.1.110.Final) with InstrumentationAnalysisTransform
[        ] Transforming checker-qual-3.43.0.jar (org.checkerframework:checker-qual:3.43.0) with InstrumentationAnalysisTransform
[        ] Transforming apksig-8.13.1.jar (com.android.tools.build:apksig:8.13.1) with InstrumentationAnalysisTransform
[        ] Transforming javawriter-2.5.0.jar (com.squareup:javawriter:2.5.0) with InstrumentationAnalysisTransform
[        ] Transforming kotlin-gradle-plugin-annotations-2.3.0.jar (org.jetbrains.kotlin:kotlin-gradle-plugin-annotations:2.3.0) with InstrumentationAnalysisTransform
[        ] Transforming kotlin-native-utils-2.3.0.jar (org.jetbrains.kotlin:kotlin-native-utils:2.3.0) with InstrumentationAnalysisTransform
[        ] Transforming kotlin-tooling-core-2.3.0.jar (org.jetbrains.kotlin:kotlin-tooling-core:2.3.0) with InstrumentationAnalysisTransform
[        ] Transforming kotlin-build-tools-api-2.3.0.jar (org.jetbrains.kotlin:kotlin-build-tools-api:2.3.0) with InstrumentationAnalysisTransform
[        ] Transforming kotlin-util-klib-2.3.0.jar (org.jetbrains.kotlin:kotlin-util-klib:2.3.0) with InstrumentationAnalysisTransform
[        ] Transforming kotlin-util-io-2.3.0.jar (org.jetbrains.kotlin:kotlin-util-io:2.3.0) with InstrumentationAnalysisTransform
[        ] Transforming kotlin-daemon-client-2.3.0.jar (org.jetbrains.kotlin:kotlin-daemon-client:2.3.0) with InstrumentationAnalysisTransform
[        ] Transforming failureaccess-1.0.2.jar (com.google.guava:failureaccess:1.0.2) with InstrumentationAnalysisTransform
[        ] Transforming listenablefuture-9999.0-empty-to-avoid-conflict-with-guava.jar (com.google.guava:listenablefuture:9999.0-empty-to-avoid-conflict-with-guava) with InstrumentationAnalysisTransform
[        ] Transforming commons-logging-1.2.jar (commons-logging:commons-logging:1.2) with InstrumentationAnalysisTransform
[        ] Transforming commons-codec-1.11.jar (commons-codec:commons-codec:1.11) with InstrumentationAnalysisTransform
[        ] Transforming jna-5.6.0.jar (net.java.dev.jna:jna:5.6.0) with InstrumentationAnalysisTransform
[        ] Transforming netty-codec-socks-4.1.110.Final.jar (io.netty:netty-codec-socks:4.1.110.Final) with InstrumentationAnalysisTransform
[        ] Transforming netty-codec-4.1.110.Final.jar (io.netty:netty-codec:4.1.110.Final) with InstrumentationAnalysisTransform
[        ] Transforming netty-transport-4.1.110.Final.jar (io.netty:netty-transport:4.1.110.Final) with InstrumentationAnalysisTransform
[        ] Transforming netty-buffer-4.1.110.Final.jar (io.netty:netty-buffer:4.1.110.Final) with InstrumentationAnalysisTransform
[        ] Transforming netty-resolver-4.1.110.Final.jar (io.netty:netty-resolver:4.1.110.Final) with InstrumentationAnalysisTransform
[        ] Transforming netty-common-4.1.110.Final.jar (io.netty:netty-common:4.1.110.Final) with InstrumentationAnalysisTransform
[        ] Transforming gradle-8.13.1.jar (com.android.tools.build:gradle:8.13.1) with InstrumentationAnalysisTransform
[        ] Transforming gradle-8.13.1.jar (com.android.tools.build:gradle:8.13.1) with MergeInstrumentationAnalysisTransform
[        ] Transforming fus-statistics-gradle-plugin-2.3.0-gradle811.jar (org.jetbrains.kotlin:fus-statistics-gradle-plugin:2.3.0) with InstrumentationAnalysisTransform
[        ] Transforming fus-statistics-gradle-plugin-2.3.0-gradle811.jar (org.jetbrains.kotlin:fus-statistics-gradle-plugin:2.3.0) with MergeInstrumentationAnalysisTransform
[        ] Transforming kotlin-gradle-plugin-api-2.3.0-gradle811.jar (org.jetbrains.kotlin:kotlin-gradle-plugin-api:2.3.0) with InstrumentationAnalysisTransform
[        ] Transforming kotlin-gradle-plugin-api-2.3.0-gradle811.jar (org.jetbrains.kotlin:kotlin-gradle-plugin-api:2.3.0) with MergeInstrumentationAnalysisTransform
[        ] Transforming gradle-8.13.1.jar (com.android.tools.build:gradle:8.13.1) with ExternalDependencyInstrumentingArtifactTransform
[        ] Transforming kotlin-gradle-plugin-2.3.0-gradle811.jar (org.jetbrains.kotlin:kotlin-gradle-plugin:2.3.0) with InstrumentationAnalysisTransform
[        ] Transforming kotlin-gradle-plugin-api-2.3.0-gradle811.jar (org.jetbrains.kotlin:kotlin-gradle-plugin-api:2.3.0) with ExternalDependencyInstrumentingArtifactTransform
[        ] Transforming kotlin-gradle-plugin-2.3.0-gradle811.jar (org.jetbrains.kotlin:kotlin-gradle-plugin:2.3.0) with MergeInstrumentationAnalysisTransform
[        ] Transforming fus-statistics-gradle-plugin-2.3.0-gradle811.jar (org.jetbrains.kotlin:fus-statistics-gradle-plugin:2.3.0) with ExternalDependencyInstrumentingArtifactTransform
[        ] Transforming gradle-api-8.13.1.jar (com.android.tools.build:gradle-api:8.13.1) with InstrumentationAnalysisTransform
[        ] Transforming gradle-api-8.13.1.jar (com.android.tools.build:gradle-api:8.13.1) with MergeInstrumentationAnalysisTransform
[        ] Transforming kotlin-gradle-plugin-2.3.0-gradle811.jar (org.jetbrains.kotlin:kotlin-gradle-plugin:2.3.0) with ExternalDependencyInstrumentingArtifactTransform
[        ] Transforming gradle-common-api-8.13.1.jar (com.android.tools.build:gradle-common-api:8.13.1) with InstrumentationAnalysisTransform
[        ] Transforming gradle-api-8.13.1.jar (com.android.tools.build:gradle-api:8.13.1) with ExternalDependencyInstrumentingArtifactTransform
[        ] Transforming gradle-common-api-8.13.1.jar (com.android.tools.build:gradle-common-api:8.13.1) with MergeInstrumentationAnalysisTransform
[        ] Transforming gradle-settings-api-8.13.1.jar (com.android.tools.build:gradle-settings-api:8.13.1) with InstrumentationAnalysisTransform
[        ] Transforming gradle-settings-api-8.13.1.jar (com.android.tools.build:gradle-settings-api:8.13.1) with MergeInstrumentationAnalysisTransform
[        ] Transforming lint-model-31.13.1.jar (com.android.tools.lint:lint-model:31.13.1) with InstrumentationAnalysisTransform
[        ] Transforming gradle-common-api-8.13.1.jar (com.android.tools.build:gradle-common-api:8.13.1) with ExternalDependencyInstrumentingArtifactTransform
[        ] Transforming lint-model-31.13.1.jar (com.android.tools.lint:lint-model:31.13.1) with MergeInstrumentationAnalysisTransform
[        ] Transforming builder-8.13.1.jar (com.android.tools.build:builder:8.13.1) with InstrumentationAnalysisTransform
[        ] Transforming gradle-settings-api-8.13.1.jar (com.android.tools.build:gradle-settings-api:8.13.1) with ExternalDependencyInstrumentingArtifactTransform
[        ] Transforming builder-8.13.1.jar (com.android.tools.build:builder:8.13.1) with MergeInstrumentationAnalysisTransform
[        ] Transforming manifest-merger-31.13.1.jar (com.android.tools.build:manifest-merger:31.13.1) with InstrumentationAnalysisTransform
[        ] Transforming lint-model-31.13.1.jar (com.android.tools.lint:lint-model:31.13.1) with ExternalDependencyInstrumentingArtifactTransform
[        ] Transforming manifest-merger-31.13.1.jar (com.android.tools.build:manifest-merger:31.13.1) with MergeInstrumentationAnalysisTransform
[        ] Transforming sdk-common-31.13.1.jar (com.android.tools:sdk-common:31.13.1) with InstrumentationAnalysisTransform
[        ] Transforming sdk-common-31.13.1.jar (com.android.tools:sdk-common:31.13.1) with MergeInstrumentationAnalysisTransform
[        ] Transforming builder-8.13.1.jar (com.android.tools.build:builder:8.13.1) with ExternalDependencyInstrumentingArtifactTransform
[        ] Transforming sdklib-31.13.1.jar (com.android.tools:sdklib:31.13.1) with InstrumentationAnalysisTransform
[        ] Transforming manifest-merger-31.13.1.jar (com.android.tools.build:manifest-merger:31.13.1) with ExternalDependencyInstrumentingArtifactTransform
[        ] Transforming sdklib-31.13.1.jar (com.android.tools:sdklib:31.13.1) with MergeInstrumentationAnalysisTransform
[        ] Transforming repository-31.13.1.jar (com.android.tools:repository:31.13.1) with InstrumentationAnalysisTransform
[        ] Transforming repository-31.13.1.jar (com.android.tools:repository:31.13.1) with MergeInstrumentationAnalysisTransform
[        ] Transforming sdk-common-31.13.1.jar (com.android.tools:sdk-common:31.13.1) with ExternalDependencyInstrumentingArtifactTransform
[        ] Transforming sdklib-31.13.1.jar (com.android.tools:sdklib:31.13.1) with ExternalDependencyInstrumentingArtifactTransform
[        ] Transforming builder-test-api-8.13.1.jar (com.android.tools.build:builder-test-api:8.13.1) with InstrumentationAnalysisTransform
[        ] Transforming repository-31.13.1.jar (com.android.tools:repository:31.13.1) with ExternalDependencyInstrumentingArtifactTransform
[        ] Transforming builder-test-api-8.13.1.jar (com.android.tools.build:builder-test-api:8.13.1) with MergeInstrumentationAnalysisTransform
[        ] Transforming ddmlib-31.13.1.jar (com.android.tools.ddms:ddmlib:31.13.1) with InstrumentationAnalysisTransform
[        ] Transforming ddmlib-31.13.1.jar (com.android.tools.ddms:ddmlib:31.13.1) with MergeInstrumentationAnalysisTransform
[        ] Transforming builder-test-api-8.13.1.jar (com.android.tools.build:builder-test-api:8.13.1) with ExternalDependencyInstrumentingArtifactTransform
[        ] Transforming aaptcompiler-8.13.1.jar (com.android.tools.build:aaptcompiler:8.13.1) with InstrumentationAnalysisTransform
[        ] Transforming aaptcompiler-8.13.1.jar (com.android.tools.build:aaptcompiler:8.13.1) with MergeInstrumentationAnalysisTransform
[        ] Transforming bundletool-1.18.1.jar (com.android.tools.build:bundletool:1.18.1) with InstrumentationAnalysisTransform
[        ] Transforming ddmlib-31.13.1.jar (com.android.tools.ddms:ddmlib:31.13.1) with ExternalDependencyInstrumentingArtifactTransform
[        ] Transforming bundletool-1.18.1.jar (com.android.tools.build:bundletool:1.18.1) with MergeInstrumentationAnalysisTransform
[        ] Transforming aapt2-proto-8.13.1-13719691.jar (com.android.tools.build:aapt2-proto:8.13.1-13719691) with InstrumentationAnalysisTransform
[        ] Transforming aaptcompiler-8.13.1.jar (com.android.tools.build:aaptcompiler:8.13.1) with ExternalDependencyInstrumentingArtifactTransform
[        ] Transforming aapt2-proto-8.13.1-13719691.jar (com.android.tools.build:aapt2-proto:8.13.1-13719691) with MergeInstrumentationAnalysisTransform
[        ] Transforming crash-31.13.1.jar (com.android.tools.analytics-library:crash:31.13.1) with InstrumentationAnalysisTransform
[        ] Transforming bundletool-1.18.1.jar (com.android.tools.build:bundletool:1.18.1) with ExternalDependencyInstrumentingArtifactTransform
[        ] Transforming crash-31.13.1.jar (com.android.tools.analytics-library:crash:31.13.1) with MergeInstrumentationAnalysisTransform
[        ] Transforming tracker-31.13.1.jar (com.android.tools.analytics-library:tracker:31.13.1) with InstrumentationAnalysisTransform
[        ] Transforming aapt2-proto-8.13.1-13719691.jar (com.android.tools.build:aapt2-proto:8.13.1-13719691) with ExternalDependencyInstrumentingArtifactTransform
[        ] Transforming tracker-31.13.1.jar (com.android.tools.analytics-library:tracker:31.13.1) with MergeInstrumentationAnalysisTransform
[        ] Transforming crash-31.13.1.jar (com.android.tools.analytics-library:crash:31.13.1) with ExternalDependencyInstrumentingArtifactTransform
[        ] Transforming shared-31.13.1.jar (com.android.tools.analytics-library:shared:31.13.1) with InstrumentationAnalysisTransform
[        ] Transforming shared-31.13.1.jar (com.android.tools.analytics-library:shared:31.13.1) with MergeInstrumentationAnalysisTransform
[        ] Transforming lint-typedef-remover-31.13.1.jar (com.android.tools.lint:lint-typedef-remover:31.13.1) with InstrumentationAnalysisTransform
[        ] Transforming tracker-31.13.1.jar (com.android.tools.analytics-library:tracker:31.13.1) with ExternalDependencyInstrumentingArtifactTransform
[        ] Transforming lint-typedef-remover-31.13.1.jar (com.android.tools.lint:lint-typedef-remover:31.13.1) with MergeInstrumentationAnalysisTransform
[        ] Transforming databinding-compiler-common-8.13.1.jar (androidx.databinding:databinding-compiler-common:8.13.1) with InstrumentationAnalysisTransform
[        ] Transforming shared-31.13.1.jar (com.android.tools.analytics-library:shared:31.13.1) with ExternalDependencyInstrumentingArtifactTransform
[        ] Transforming databinding-compiler-common-8.13.1.jar (androidx.databinding:databinding-compiler-common:8.13.1) with MergeInstrumentationAnalysisTransform
[        ] Transforming lint-typedef-remover-31.13.1.jar (com.android.tools.lint:lint-typedef-remover:31.13.1) with ExternalDependencyInstrumentingArtifactTransform
[        ] Transforming databinding-common-8.13.1.jar (androidx.databinding:databinding-common:8.13.1) with InstrumentationAnalysisTransform
[        ] Transforming databinding-common-8.13.1.jar (androidx.databinding:databinding-common:8.13.1) with MergeInstrumentationAnalysisTransform
[        ] Transforming baseLibrary-8.13.1.jar (com.android.databinding:baseLibrary:8.13.1) with InstrumentationAnalysisTransform
[        ] Transforming databinding-compiler-common-8.13.1.jar (androidx.databinding:databinding-compiler-common:8.13.1) with ExternalDependencyInstrumentingArtifactTransform
[        ] Transforming baseLibrary-8.13.1.jar (com.android.databinding:baseLibrary:8.13.1) with MergeInstrumentationAnalysisTransform
[        ] Transforming layoutlib-api-31.13.1.jar (com.android.tools.layoutlib:layoutlib-api:31.13.1) with InstrumentationAnalysisTransform
[        ] Transforming layoutlib-api-31.13.1.jar (com.android.tools.layoutlib:layoutlib-api:31.13.1) with MergeInstrumentationAnalysisTransform
[        ] Transforming android-device-provider-ddmlib-proto-31.13.1.jar (com.android.tools.utp:android-device-provider-ddmlib-proto:31.13.1) with InstrumentationAnalysisTransform
[        ] Transforming databinding-common-8.13.1.jar (androidx.databinding:databinding-common:8.13.1) with ExternalDependencyInstrumentingArtifactTransform
[        ] Transforming android-device-provider-ddmlib-proto-31.13.1.jar (com.android.tools.utp:android-device-provider-ddmlib-proto:31.13.1) with MergeInstrumentationAnalysisTransform
[        ] Transforming baseLibrary-8.13.1.jar (com.android.databinding:baseLibrary:8.13.1) with ExternalDependencyInstrumentingArtifactTransform
[        ] Transforming layoutlib-api-31.13.1.jar (com.android.tools.layoutlib:layoutlib-api:31.13.1) with ExternalDependencyInstrumentingArtifactTransform
[        ] Transforming android-device-provider-profile-proto-31.13.1.jar (com.android.tools.utp:android-device-provider-profile-proto:31.13.1) with InstrumentationAnalysisTransform
[        ] Transforming android-device-provider-profile-proto-31.13.1.jar (com.android.tools.utp:android-device-provider-profile-proto:31.13.1) with MergeInstrumentationAnalysisTransform
[        ] Transforming android-device-provider-ddmlib-proto-31.13.1.jar (com.android.tools.utp:android-device-provider-ddmlib-proto:31.13.1) with ExternalDependencyInstrumentingArtifactTransform
[        ] Transforming android-test-plugin-host-additional-test-output-proto-31.13.1.jar (com.android.tools.utp:android-test-plugin-host-additional-test-output-proto:31.13.1) with InstrumentationAnalysisTransform
[        ] Transforming android-test-plugin-host-additional-test-output-proto-31.13.1.jar (com.android.tools.utp:android-test-plugin-host-additional-test-output-proto:31.13.1) with MergeInstrumentationAnalysisTransform
[        ] Transforming android-test-plugin-host-coverage-proto-31.13.1.jar (com.android.tools.utp:android-test-plugin-host-coverage-proto:31.13.1) with InstrumentationAnalysisTransform
[        ] Transforming android-device-provider-profile-proto-31.13.1.jar (com.android.tools.utp:android-device-provider-profile-proto:31.13.1) with ExternalDependencyInstrumentingArtifactTransform
[        ] Transforming android-test-plugin-host-coverage-proto-31.13.1.jar (com.android.tools.utp:android-test-plugin-host-coverage-proto:31.13.1) with MergeInstrumentationAnalysisTransform
[        ] Transforming android-test-plugin-host-emulator-control-proto-31.13.1.jar (com.android.tools.utp:android-test-plugin-host-emulator-control-proto:31.13.1) with InstrumentationAnalysisTransform
[        ] Transforming android-test-plugin-host-additional-test-output-proto-31.13.1.jar (com.android.tools.utp:android-test-plugin-host-additional-test-output-proto:31.13.1) with ExternalDependencyInstrumentingArtifactTransform
[        ] Transforming android-test-plugin-host-emulator-control-proto-31.13.1.jar (com.android.tools.utp:android-test-plugin-host-emulator-control-proto:31.13.1) with MergeInstrumentationAnalysisTransform
[        ] Transforming android-test-plugin-host-logcat-proto-31.13.1.jar (com.android.tools.utp:android-test-plugin-host-logcat-proto:31.13.1) with InstrumentationAnalysisTransform
[        ] Transforming android-test-plugin-host-coverage-proto-31.13.1.jar (com.android.tools.utp:android-test-plugin-host-coverage-proto:31.13.1) with ExternalDependencyInstrumentingArtifactTransform
[        ] Transforming android-test-plugin-host-logcat-proto-31.13.1.jar (com.android.tools.utp:android-test-plugin-host-logcat-proto:31.13.1) with MergeInstrumentationAnalysisTransform
[        ] Transforming android-test-plugin-host-apk-installer-proto-31.13.1.jar (com.android.tools.utp:android-test-plugin-host-apk-installer-proto:31.13.1) with InstrumentationAnalysisTransform
[        ] Transforming android-test-plugin-host-emulator-control-proto-31.13.1.jar (com.android.tools.utp:android-test-plugin-host-emulator-control-proto:31.13.1) with ExternalDependencyInstrumentingArtifactTransform
[        ] Transforming android-test-plugin-host-apk-installer-proto-31.13.1.jar (com.android.tools.utp:android-test-plugin-host-apk-installer-proto:31.13.1) with MergeInstrumentationAnalysisTransform
[        ] Transforming android-test-plugin-result-listener-gradle-proto-31.13.1.jar (com.android.tools.utp:android-test-plugin-result-listener-gradle-proto:31.13.1) with InstrumentationAnalysisTransform
[        ] Transforming android-test-plugin-result-listener-gradle-proto-31.13.1.jar (com.android.tools.utp:android-test-plugin-result-listener-gradle-proto:31.13.1) with MergeInstrumentationAnalysisTransform
[        ] Transforming android-test-plugin-host-logcat-proto-31.13.1.jar (com.android.tools.utp:android-test-plugin-host-logcat-proto:31.13.1) with ExternalDependencyInstrumentingArtifactTransform
[        ] Transforming android-test-plugin-host-apk-installer-proto-31.13.1.jar (com.android.tools.utp:android-test-plugin-host-apk-installer-proto:31.13.1) with ExternalDependencyInstrumentingArtifactTransform
[        ] Transforming jetifier-processor-1.0.0-beta10.jar (com.android.tools.build.jetifier:jetifier-processor:1.0.0-beta10) with InstrumentationAnalysisTransform
[        ] Transforming android-test-plugin-result-listener-gradle-proto-31.13.1.jar (com.android.tools.utp:android-test-plugin-result-listener-gradle-proto:31.13.1) with ExternalDependencyInstrumentingArtifactTransform
[        ] Transforming jetifier-processor-1.0.0-beta10.jar (com.android.tools.build.jetifier:jetifier-processor:1.0.0-beta10) with MergeInstrumentationAnalysisTransform
[        ] Transforming jetifier-core-1.0.0-beta10.jar (com.android.tools.build.jetifier:jetifier-core:1.0.0-beta10) with InstrumentationAnalysisTransform
[        ] Transforming jetifier-core-1.0.0-beta10.jar (com.android.tools.build.jetifier:jetifier-core:1.0.0-beta10) with MergeInstrumentationAnalysisTransform
[        ] Transforming builder-model-8.13.1.jar (com.android.tools.build:builder-model:8.13.1) with InstrumentationAnalysisTransform
[        ] Transforming builder-model-8.13.1.jar (com.android.tools.build:builder-model:8.13.1) with MergeInstrumentationAnalysisTransform
[        ] Transforming jetifier-processor-1.0.0-beta10.jar (com.android.tools.build.jetifier:jetifier-processor:1.0.0-beta10) with ExternalDependencyInstrumentingArtifactTransform
[        ] Transforming kotlin-reflect-2.2.0.jar (org.jetbrains.kotlin:kotlin-reflect:2.2.0) with InstrumentationAnalysisTransform
[        ] Transforming jetifier-core-1.0.0-beta10.jar (com.android.tools.build.jetifier:jetifier-core:1.0.0-beta10) with ExternalDependencyInstrumentingArtifactTransform
[        ] Transforming builder-model-8.13.1.jar (com.android.tools.build:builder-model:8.13.1) with ExternalDependencyInstrumentingArtifactTransform
[        ] Transforming kotlin-reflect-2.2.0.jar (org.jetbrains.kotlin:kotlin-reflect:2.2.0) with MergeInstrumentationAnalysisTransform
[        ] Transforming dvlib-31.13.1.jar (com.android.tools:dvlib:31.13.1) with InstrumentationAnalysisTransform
[        ] Transforming kotlin-reflect-2.2.0.jar (org.jetbrains.kotlin:kotlin-reflect:2.2.0) with ExternalDependencyInstrumentingArtifactTransform
[        ] Transforming dvlib-31.13.1.jar (com.android.tools:dvlib:31.13.1) with MergeInstrumentationAnalysisTransform
[        ] Transforming common-31.13.1.jar (com.android.tools:common:31.13.1) with InstrumentationAnalysisTransform
[        ] Transforming common-31.13.1.jar (com.android.tools:common:31.13.1) with MergeInstrumentationAnalysisTransform
[        ] Transforming dvlib-31.13.1.jar (com.android.tools:dvlib:31.13.1) with ExternalDependencyInstrumentingArtifactTransform
[        ] Transforming kotlin-stdlib-jdk8-2.2.0.jar (org.jetbrains.kotlin:kotlin-stdlib-jdk8:2.2.0) with InstrumentationAnalysisTransform
[        ] Transforming common-31.13.1.jar (com.android.tools:common:31.13.1) with ExternalDependencyInstrumentingArtifactTransform
[        ] Transforming kotlin-stdlib-jdk8-2.2.0.jar (org.jetbrains.kotlin:kotlin-stdlib-jdk8:2.2.0) with MergeInstrumentationAnalysisTransform
[        ] Transforming kotlin-compiler-runner-2.3.0.jar (org.jetbrains.kotlin:kotlin-compiler-runner:2.3.0) with InstrumentationAnalysisTransform
[        ] Transforming kotlin-compiler-runner-2.3.0.jar (org.jetbrains.kotlin:kotlin-compiler-runner:2.3.0) with MergeInstrumentationAnalysisTransform
[        ] Transforming kotlinx-coroutines-core-jvm-1.9.0.jar (org.jetbrains.kotlinx:kotlinx-coroutines-core-jvm:1.9.0) with InstrumentationAnalysisTransform
[        ] Transforming kotlin-stdlib-jdk8-2.2.0.jar (org.jetbrains.kotlin:kotlin-stdlib-jdk8:2.2.0) with ExternalDependencyInstrumentingArtifactTransform
[        ] Transforming kotlinx-coroutines-core-jvm-1.9.0.jar (org.jetbrains.kotlinx:kotlinx-coroutines-core-jvm:1.9.0) with MergeInstrumentationAnalysisTransform
[        ] Transforming kotlin-stdlib-jdk7-2.2.0.jar (org.jetbrains.kotlin:kotlin-stdlib-jdk7:2.2.0) with InstrumentationAnalysisTransform
[        ] Transforming kotlin-compiler-runner-2.3.0.jar (org.jetbrains.kotlin:kotlin-compiler-runner:2.3.0) with ExternalDependencyInstrumentingArtifactTransform
[        ] Transforming kotlin-stdlib-jdk7-2.2.0.jar (org.jetbrains.kotlin:kotlin-stdlib-jdk7:2.2.0) with MergeInstrumentationAnalysisTransform
[        ] Transforming kotlin-stdlib-2.2.0.jar (org.jetbrains.kotlin:kotlin-stdlib:2.2.0) with InstrumentationAnalysisTransform
[        ] Transforming kotlinx-coroutines-core-jvm-1.9.0.jar (org.jetbrains.kotlinx:kotlinx-coroutines-core-jvm:1.9.0) with ExternalDependencyInstrumentingArtifactTransform
[        ] Transforming kotlin-stdlib-2.2.0.jar (org.jetbrains.kotlin:kotlin-stdlib:2.2.0) with MergeInstrumentationAnalysisTransform
[        ] Transforming transform-api-2.0.0-deprecated-use-gradle-api.jar (com.android.tools.build:transform-api:2.0.0-deprecated-use-gradle-api) with InstrumentationAnalysisTransform
[        ] Transforming kotlin-stdlib-jdk7-2.2.0.jar (org.jetbrains.kotlin:kotlin-stdlib-jdk7:2.2.0) with ExternalDependencyInstrumentingArtifactTransform
[        ] Transforming transform-api-2.0.0-deprecated-use-gradle-api.jar (com.android.tools.build:transform-api:2.0.0-deprecated-use-gradle-api) with MergeInstrumentationAnalysisTransform
[        ] Transforming httpmime-4.5.6.jar (org.apache.httpcomponents:httpmime:4.5.6) with InstrumentationAnalysisTransform
[        ] Transforming kotlin-stdlib-2.2.0.jar (org.jetbrains.kotlin:kotlin-stdlib:2.2.0) with ExternalDependencyInstrumentingArtifactTransform
[        ] Transforming httpmime-4.5.6.jar (org.apache.httpcomponents:httpmime:4.5.6) with MergeInstrumentationAnalysisTransform
[        ] Transforming commons-io-2.16.1.jar (commons-io:commons-io:2.16.1) with InstrumentationAnalysisTransform
[        ] Transforming transform-api-2.0.0-deprecated-use-gradle-api.jar (com.android.tools.build:transform-api:2.0.0-deprecated-use-gradle-api) with ExternalDependencyInstrumentingArtifactTransform
[        ] Transforming commons-io-2.16.1.jar (commons-io:commons-io:2.16.1) with MergeInstrumentationAnalysisTransform
[        ] Transforming httpmime-4.5.6.jar (org.apache.httpcomponents:httpmime:4.5.6) with ExternalDependencyInstrumentingArtifactTransform
[        ] Transforming asm-commons-9.8.jar (org.ow2.asm:asm-commons:9.8) with InstrumentationAnalysisTransform
[        ] Transforming asm-commons-9.8.jar (org.ow2.asm:asm-commons:9.8) with MergeInstrumentationAnalysisTransform
[        ] Transforming commons-io-2.16.1.jar (commons-io:commons-io:2.16.1) with ExternalDependencyInstrumentingArtifactTransform
[        ] Transforming asm-util-9.8.jar (org.ow2.asm:asm-util:9.8) with InstrumentationAnalysisTransform
[        ] Transforming asm-util-9.8.jar (org.ow2.asm:asm-util:9.8) with MergeInstrumentationAnalysisTransform
[        ] Transforming asm-commons-9.8.jar (org.ow2.asm:asm-commons:9.8) with ExternalDependencyInstrumentingArtifactTransform
[        ] Transforming asm-analysis-9.8.jar (org.ow2.asm:asm-analysis:9.8) with InstrumentationAnalysisTransform
[        ] Transforming asm-analysis-9.8.jar (org.ow2.asm:asm-analysis:9.8) with MergeInstrumentationAnalysisTransform
[        ] Transforming asm-util-9.8.jar (org.ow2.asm:asm-util:9.8) with ExternalDependencyInstrumentingArtifactTransform
[        ] Transforming asm-tree-9.8.jar (org.ow2.asm:asm-tree:9.8) with InstrumentationAnalysisTransform
[        ] Transforming asm-tree-9.8.jar (org.ow2.asm:asm-tree:9.8) with MergeInstrumentationAnalysisTransform
[        ] Transforming asm-analysis-9.8.jar (org.ow2.asm:asm-analysis:9.8) with ExternalDependencyInstrumentingArtifactTransform
[        ] Transforming asm-9.8.jar (org.ow2.asm:asm:9.8) with InstrumentationAnalysisTransform
[        ] Transforming asm-9.8.jar (org.ow2.asm:asm:9.8) with MergeInstrumentationAnalysisTransform
[        ] Transforming asm-tree-9.8.jar (org.ow2.asm:asm-tree:9.8) with ExternalDependencyInstrumentingArtifactTransform
[        ] Transforming apkzlib-8.13.1.jar (com.android.tools.build:apkzlib:8.13.1) with InstrumentationAnalysisTransform
[        ] Transforming apkzlib-8.13.1.jar (com.android.tools.build:apkzlib:8.13.1) with MergeInstrumentationAnalysisTransform
[        ] Transforming asm-9.8.jar (org.ow2.asm:asm:9.8) with ExternalDependencyInstrumentingArtifactTransform
[        ] Transforming bcpkix-jdk18on-1.79.jar (org.bouncycastle:bcpkix-jdk18on:1.79) with InstrumentationAnalysisTransform
[        ] Transforming bcpkix-jdk18on-1.79.jar (org.bouncycastle:bcpkix-jdk18on:1.79) with MergeInstrumentationAnalysisTransform
[        ] Transforming apkzlib-8.13.1.jar (com.android.tools.build:apkzlib:8.13.1) with ExternalDependencyInstrumentingArtifactTransform
[        ] Transforming jaxb-runtime-2.3.2.jar (org.glassfish.jaxb:jaxb-runtime:2.3.2) with InstrumentationAnalysisTransform
[        ] Transforming bcpkix-jdk18on-1.79.jar (org.bouncycastle:bcpkix-jdk18on:1.79) with ExternalDependencyInstrumentingArtifactTransform
[        ] Transforming jaxb-runtime-2.3.2.jar (org.glassfish.jaxb:jaxb-runtime:2.3.2) with MergeInstrumentationAnalysisTransform
[        ] Transforming jopt-simple-4.9.jar (net.sf.jopt-simple:jopt-simple:4.9) with InstrumentationAnalysisTransform
[        ] Transforming jaxb-runtime-2.3.2.jar (org.glassfish.jaxb:jaxb-runtime:2.3.2) with ExternalDependencyInstrumentingArtifactTransform
[        ] Transforming jopt-simple-4.9.jar (net.sf.jopt-simple:jopt-simple:4.9) with MergeInstrumentationAnalysisTransform
[        ] Transforming javapoet-1.10.0.jar (com.squareup:javapoet:1.10.0) with InstrumentationAnalysisTransform
[        ] Transforming jopt-simple-4.9.jar (net.sf.jopt-simple:jopt-simple:4.9) with ExternalDependencyInstrumentingArtifactTransform
[        ] Transforming javapoet-1.10.0.jar (com.squareup:javapoet:1.10.0) with MergeInstrumentationAnalysisTransform
[        ] Transforming protobuf-java-util-3.25.5.jar (com.google.protobuf:protobuf-java-util:3.25.5) with InstrumentationAnalysisTransform
[        ] Transforming protobuf-java-util-3.25.5.jar (com.google.protobuf:protobuf-java-util:3.25.5) with MergeInstrumentationAnalysisTransform
[        ] Transforming javapoet-1.10.0.jar (com.squareup:javapoet:1.10.0) with ExternalDependencyInstrumentingArtifactTransform
[        ] Transforming grpc-protobuf-1.69.1.jar (io.grpc:grpc-protobuf:1.69.1) with InstrumentationAnalysisTransform
[        ] Transforming grpc-protobuf-1.69.1.jar (io.grpc:grpc-protobuf:1.69.1) with MergeInstrumentationAnalysisTransform
[        ] Transforming tink-1.7.0.jar (com.google.crypto.tink:tink:1.7.0) with InstrumentationAnalysisTransform
[        ] Transforming protobuf-java-util-3.25.5.jar (com.google.protobuf:protobuf-java-util:3.25.5) with ExternalDependencyInstrumentingArtifactTransform
[        ] Transforming tink-1.7.0.jar (com.google.crypto.tink:tink:1.7.0) with MergeInstrumentationAnalysisTransform
[        ] Transforming core-proto-0.0.9-alpha03.jar (com.google.testing.platform:core-proto:0.0.9-alpha03) with InstrumentationAnalysisTransform
[        ] Transforming core-proto-0.0.9-alpha03.jar (com.google.testing.platform:core-proto:0.0.9-alpha03) with MergeInstrumentationAnalysisTransform
[        ] Transforming grpc-protobuf-1.69.1.jar (io.grpc:grpc-protobuf:1.69.1) with ExternalDependencyInstrumentingArtifactTransform
[        ] Transforming tink-1.7.0.jar (com.google.crypto.tink:tink:1.7.0) with ExternalDependencyInstrumentingArtifactTransform
[        ] Transforming protos-31.13.1.jar (com.android.tools.analytics-library:protos:31.13.1) with InstrumentationAnalysisTransform
[        ] Transforming core-proto-0.0.9-alpha03.jar (com.google.testing.platform:core-proto:0.0.9-alpha03) with ExternalDependencyInstrumentingArtifactTransform
[        ] Transforming protos-31.13.1.jar (com.android.tools.analytics-library:protos:31.13.1) with MergeInstrumentationAnalysisTransform
[        ] Transforming proto-google-common-protos-2.48.0.jar (com.google.api.grpc:proto-google-common-protos:2.48.0) with InstrumentationAnalysisTransform
[        ] Transforming proto-google-common-protos-2.48.0.jar (com.google.api.grpc:proto-google-common-protos:2.48.0) with MergeInstrumentationAnalysisTransform
[        ] Transforming protobuf-java-3.25.5.jar (com.google.protobuf:protobuf-java:3.25.5) with InstrumentationAnalysisTransform
[        ] Transforming protos-31.13.1.jar (com.android.tools.analytics-library:protos:31.13.1) with ExternalDependencyInstrumentingArtifactTransform
[        ] Transforming protobuf-java-3.25.5.jar (com.google.protobuf:protobuf-java:3.25.5) with MergeInstrumentationAnalysisTransform
[        ] Transforming grpc-netty-1.69.1.jar (io.grpc:grpc-netty:1.69.1) with InstrumentationAnalysisTransform
[        ] Transforming proto-google-common-protos-2.48.0.jar (com.google.api.grpc:proto-google-common-protos:2.48.0) with ExternalDependencyInstrumentingArtifactTransform
[        ] Transforming grpc-netty-1.69.1.jar (io.grpc:grpc-netty:1.69.1) with MergeInstrumentationAnalysisTransform
[        ] Transforming grpc-inprocess-1.69.1.jar (io.grpc:grpc-inprocess:1.69.1) with InstrumentationAnalysisTransform
[        ] Transforming protobuf-java-3.25.5.jar (com.google.protobuf:protobuf-java:3.25.5) with ExternalDependencyInstrumentingArtifactTransform
[        ] Transforming grpc-inprocess-1.69.1.jar (io.grpc:grpc-inprocess:1.69.1) with MergeInstrumentationAnalysisTransform
[        ] Transforming grpc-util-1.69.1.jar (io.grpc:grpc-util:1.69.1) with InstrumentationAnalysisTransform
[        ] Transforming grpc-netty-1.69.1.jar (io.grpc:grpc-netty:1.69.1) with ExternalDependencyInstrumentingArtifactTransform
[        ] Transforming grpc-util-1.69.1.jar (io.grpc:grpc-util:1.69.1) with MergeInstrumentationAnalysisTransform
[        ] Transforming grpc-core-1.69.1.jar (io.grpc:grpc-core:1.69.1) with InstrumentationAnalysisTransform
[        ] Transforming grpc-core-1.69.1.jar (io.grpc:grpc-core:1.69.1) with MergeInstrumentationAnalysisTransform
[        ] Transforming kotlin-build-statistics-2.3.0.jar (org.jetbrains.kotlin:kotlin-build-statistics:2.3.0) with InstrumentationAnalysisTransform
[        ] Transforming grpc-inprocess-1.69.1.jar (io.grpc:grpc-inprocess:1.69.1) with ExternalDependencyInstrumentingArtifactTransform
[        ] Transforming kotlin-build-statistics-2.3.0.jar (org.jetbrains.kotlin:kotlin-build-statistics:2.3.0) with MergeInstrumentationAnalysisTransform
[        ] Transforming grpc-util-1.69.1.jar (io.grpc:grpc-util:1.69.1) with ExternalDependencyInstrumentingArtifactTransform
[        ] Transforming grpc-core-1.69.1.jar (io.grpc:grpc-core:1.69.1) with ExternalDependencyInstrumentingArtifactTransform
[        ] Transforming gson-2.11.0.jar (com.google.code.gson:gson:2.11.0) with InstrumentationAnalysisTransform
[        ] Transforming kotlin-build-statistics-2.3.0.jar (org.jetbrains.kotlin:kotlin-build-statistics:2.3.0) with ExternalDependencyInstrumentingArtifactTransform
[        ] Transforming gson-2.11.0.jar (com.google.code.gson:gson:2.11.0) with MergeInstrumentationAnalysisTransform
[        ] Transforming grpc-stub-1.69.1.jar (io.grpc:grpc-stub:1.69.1) with InstrumentationAnalysisTransform
[        ] Transforming grpc-stub-1.69.1.jar (io.grpc:grpc-stub:1.69.1) with MergeInstrumentationAnalysisTransform
[        ] Transforming tensorflow-lite-metadata-0.2.0.jar (org.tensorflow:tensorflow-lite-metadata:0.2.0) with InstrumentationAnalysisTransform
[        ] Transforming tensorflow-lite-metadata-0.2.0.jar (org.tensorflow:tensorflow-lite-metadata:0.2.0) with MergeInstrumentationAnalysisTransform
[        ] Transforming flatbuffers-java-1.12.0.jar (com.google.flatbuffers:flatbuffers-java:1.12.0) with InstrumentationAnalysisTransform
[        ] Transforming gson-2.11.0.jar (com.google.code.gson:gson:2.11.0) with ExternalDependencyInstrumentingArtifactTransform
[        ] Transforming flatbuffers-java-1.12.0.jar (com.google.flatbuffers:flatbuffers-java:1.12.0) with MergeInstrumentationAnalysisTransform
[        ] Transforming kotlin-gradle-plugin-idea-proto-2.3.0.jar (org.jetbrains.kotlin:kotlin-gradle-plugin-idea-proto:2.3.0) with InstrumentationAnalysisTransform
[        ] Transforming grpc-stub-1.69.1.jar (io.grpc:grpc-stub:1.69.1) with ExternalDependencyInstrumentingArtifactTransform
[        ] Transforming kotlin-gradle-plugin-idea-proto-2.3.0.jar (org.jetbrains.kotlin:kotlin-gradle-plugin-idea-proto:2.3.0) with MergeInstrumentationAnalysisTransform
[        ] Transforming tensorflow-lite-metadata-0.2.0.jar (org.tensorflow:tensorflow-lite-metadata:0.2.0) with ExternalDependencyInstrumentingArtifactTransform
[        ] Transforming flatbuffers-java-1.12.0.jar (com.google.flatbuffers:flatbuffers-java:1.12.0) with ExternalDependencyInstrumentingArtifactTransform
[        ] Transforming kotlin-gradle-plugin-idea-2.3.0.jar (org.jetbrains.kotlin:kotlin-gradle-plugin-idea:2.3.0) with InstrumentationAnalysisTransform
[        ] Transforming kotlin-gradle-plugin-idea-proto-2.3.0.jar (org.jetbrains.kotlin:kotlin-gradle-plugin-idea-proto:2.3.0) with ExternalDependencyInstrumentingArtifactTransform
[        ] Transforming kotlin-gradle-plugin-idea-2.3.0.jar (org.jetbrains.kotlin:kotlin-gradle-plugin-idea:2.3.0) with MergeInstrumentationAnalysisTransform
[        ] Transforming kotlin-klib-commonizer-api-2.3.0.jar (org.jetbrains.kotlin:kotlin-klib-commonizer-api:2.3.0) with InstrumentationAnalysisTransform
[        ] Transforming kotlin-klib-commonizer-api-2.3.0.jar (org.jetbrains.kotlin:kotlin-klib-commonizer-api:2.3.0) with MergeInstrumentationAnalysisTransform
[        ] Transforming kotlin-util-klib-metadata-2.3.0.jar (org.jetbrains.kotlin:kotlin-util-klib-metadata:2.3.0) with InstrumentationAnalysisTransform
[        ] Transforming kotlin-util-klib-metadata-2.3.0.jar (org.jetbrains.kotlin:kotlin-util-klib-metadata:2.3.0) with MergeInstrumentationAnalysisTransform
[        ] Transforming abi-tools-api-2.3.0.jar (org.jetbrains.kotlin:abi-tools-api:2.3.0) with InstrumentationAnalysisTransform
[        ] Transforming kotlin-gradle-plugin-idea-2.3.0.jar (org.jetbrains.kotlin:kotlin-gradle-plugin-idea:2.3.0) with ExternalDependencyInstrumentingArtifactTransform
[        ] Transforming kotlin-klib-commonizer-api-2.3.0.jar (org.jetbrains.kotlin:kotlin-klib-commonizer-api:2.3.0) with ExternalDependencyInstrumentingArtifactTransform
[        ] Transforming kotlin-util-klib-metadata-2.3.0.jar (org.jetbrains.kotlin:kotlin-util-klib-metadata:2.3.0) with ExternalDependencyInstrumentingArtifactTransform
[        ] Transforming abi-tools-api-2.3.0.jar (org.jetbrains.kotlin:abi-tools-api:2.3.0) with MergeInstrumentationAnalysisTransform
[        ] Transforming jimfs-1.1.jar (com.google.jimfs:jimfs:1.1) with InstrumentationAnalysisTransform
[        ] Transforming jimfs-1.1.jar (com.google.jimfs:jimfs:1.1) with MergeInstrumentationAnalysisTransform
[        ] Transforming grpc-context-1.69.1.jar (io.grpc:grpc-context:1.69.1) with InstrumentationAnalysisTransform
[        ] Transforming grpc-context-1.69.1.jar (io.grpc:grpc-context:1.69.1) with MergeInstrumentationAnalysisTransform
[        ] Transforming abi-tools-api-2.3.0.jar (org.jetbrains.kotlin:abi-tools-api:2.3.0) with ExternalDependencyInstrumentingArtifactTransform
[        ] Transforming jimfs-1.1.jar (com.google.jimfs:jimfs:1.1) with ExternalDependencyInstrumentingArtifactTransform
[        ] Transforming grpc-protobuf-lite-1.69.1.jar (io.grpc:grpc-protobuf-lite:1.69.1) with InstrumentationAnalysisTransform
[        ] Transforming grpc-context-1.69.1.jar (io.grpc:grpc-context:1.69.1) with ExternalDependencyInstrumentingArtifactTransform
[        ] Transforming grpc-protobuf-lite-1.69.1.jar (io.grpc:grpc-protobuf-lite:1.69.1) with MergeInstrumentationAnalysisTransform
[        ] Transforming grpc-api-1.69.1.jar (io.grpc:grpc-api:1.69.1) with InstrumentationAnalysisTransform
[        ] Transforming grpc-api-1.69.1.jar (io.grpc:grpc-api:1.69.1) with MergeInstrumentationAnalysisTransform
[        ] Transforming guava-33.3.1-jre.jar (com.google.guava:guava:33.3.1-jre) with InstrumentationAnalysisTransform
[        ] Transforming grpc-protobuf-lite-1.69.1.jar (io.grpc:grpc-protobuf-lite:1.69.1) with ExternalDependencyInstrumentingArtifactTransform
[        ] Transforming guava-33.3.1-jre.jar (com.google.guava:guava:33.3.1-jre) with MergeInstrumentationAnalysisTransform
[        ] Transforming dagger-2.28.3.jar (com.google.dagger:dagger:2.28.3) with InstrumentationAnalysisTransform
[        ] Transforming grpc-api-1.69.1.jar (io.grpc:grpc-api:1.69.1) with ExternalDependencyInstrumentingArtifactTransform
[        ] Transforming dagger-2.28.3.jar (com.google.dagger:dagger:2.28.3) with MergeInstrumentationAnalysisTransform
[        ] Transforming guava-33.3.1-jre.jar (com.google.guava:guava:33.3.1-jre) with ExternalDependencyInstrumentingArtifactTransform
[        ] Transforming javax.inject-1.jar (javax.inject:javax.inject:1) with InstrumentationAnalysisTransform
[        ] Transforming javax.inject-1.jar (javax.inject:javax.inject:1) with MergeInstrumentationAnalysisTransform
[        ] Transforming dagger-2.28.3.jar (com.google.dagger:dagger:2.28.3) with ExternalDependencyInstrumentingArtifactTransform
[        ] Transforming kxml2-2.3.0.jar (net.sf.kxml:kxml2:2.3.0) with InstrumentationAnalysisTransform
[        ] Transforming kxml2-2.3.0.jar (net.sf.kxml:kxml2:2.3.0) with MergeInstrumentationAnalysisTransform
[        ] Transforming javax.inject-1.jar (javax.inject:javax.inject:1) with ExternalDependencyInstrumentingArtifactTransform
[        ] Transforming commons-compress-1.21.jar (org.apache.commons:commons-compress:1.21) with InstrumentationAnalysisTransform
[        ] Transforming kxml2-2.3.0.jar (net.sf.kxml:kxml2:2.3.0) with ExternalDependencyInstrumentingArtifactTransform
[        ] Transforming commons-compress-1.21.jar (org.apache.commons:commons-compress:1.21) with MergeInstrumentationAnalysisTransform
[        ] Transforming bcutil-jdk18on-1.79.jar (org.bouncycastle:bcutil-jdk18on:1.79) with InstrumentationAnalysisTransform
[        ] Transforming bcutil-jdk18on-1.79.jar (org.bouncycastle:bcutil-jdk18on:1.79) with MergeInstrumentationAnalysisTransform
[        ] Transforming commons-compress-1.21.jar (org.apache.commons:commons-compress:1.21) with ExternalDependencyInstrumentingArtifactTransform
[        ] Transforming bcprov-jdk18on-1.79.jar (org.bouncycastle:bcprov-jdk18on:1.79) with InstrumentationAnalysisTransform
[        ] Transforming bcutil-jdk18on-1.79.jar (org.bouncycastle:bcutil-jdk18on:1.79) with ExternalDependencyInstrumentingArtifactTransform
[        ] Transforming bcprov-jdk18on-1.79.jar (org.bouncycastle:bcprov-jdk18on:1.79) with MergeInstrumentationAnalysisTransform
[        ] Transforming httpclient-4.5.14.jar (org.apache.httpcomponents:httpclient:4.5.14) with InstrumentationAnalysisTransform
[        ] Transforming httpclient-4.5.14.jar (org.apache.httpcomponents:httpclient:4.5.14) with MergeInstrumentationAnalysisTransform
[        ] Transforming httpcore-4.4.16.jar (org.apache.httpcomponents:httpcore:4.4.16) with InstrumentationAnalysisTransform
[        ] Transforming bcprov-jdk18on-1.79.jar (org.bouncycastle:bcprov-jdk18on:1.79) with ExternalDependencyInstrumentingArtifactTransform
[        ] Transforming httpcore-4.4.16.jar (org.apache.httpcomponents:httpcore:4.4.16) with MergeInstrumentationAnalysisTransform
[        ] Transforming httpclient-4.5.14.jar (org.apache.httpcomponents:httpclient:4.5.14) with ExternalDependencyInstrumentingArtifactTransform
[        ] Transforming javax.activation-1.2.0.jar (com.sun.activation:javax.activation:1.2.0) with InstrumentationAnalysisTransform
[        ] Transforming httpcore-4.4.16.jar (org.apache.httpcomponents:httpcore:4.4.16) with ExternalDependencyInstrumentingArtifactTransform
[        ] Transforming javax.activation-1.2.0.jar (com.sun.activation:javax.activation:1.2.0) with MergeInstrumentationAnalysisTransform
[        ] Transforming annotations-23.0.0.jar (org.jetbrains:annotations:23.0.0) with InstrumentationAnalysisTransform
[        ] Transforming javax.activation-1.2.0.jar (com.sun.activation:javax.activation:1.2.0) with ExternalDependencyInstrumentingArtifactTransform
[        ] Transforming annotations-23.0.0.jar (org.jetbrains:annotations:23.0.0) with MergeInstrumentationAnalysisTransform
[        ] Transforming signflinger-8.13.1.jar (com.android:signflinger:8.13.1) with InstrumentationAnalysisTransform
[        ] Transforming signflinger-8.13.1.jar (com.android:signflinger:8.13.1) with MergeInstrumentationAnalysisTransform
[        ] Transforming zipflinger-8.13.1.jar (com.android:zipflinger:8.13.1) with InstrumentationAnalysisTransform
[        ] Transforming zipflinger-8.13.1.jar (com.android:zipflinger:8.13.1) with MergeInstrumentationAnalysisTransform
[        ] Transforming annotations-31.13.1.jar (com.android.tools:annotations:31.13.1) with InstrumentationAnalysisTransform
[        ] Transforming annotations-23.0.0.jar (org.jetbrains:annotations:23.0.0) with ExternalDependencyInstrumentingArtifactTransform
[        ] Transforming zipflinger-8.13.1.jar (com.android:zipflinger:8.13.1) with ExternalDependencyInstrumentingArtifactTransform
[        ] Transforming signflinger-8.13.1.jar (com.android:signflinger:8.13.1) with ExternalDependencyInstrumentingArtifactTransform
[        ] Transforming annotations-31.13.1.jar (com.android.tools:annotations:31.13.1) with MergeInstrumentationAnalysisTransform
[        ] Transforming jna-platform-5.6.0.jar (net.java.dev.jna:jna-platform:5.6.0) with InstrumentationAnalysisTransform
[        ] Transforming jna-platform-5.6.0.jar (net.java.dev.jna:jna-platform:5.6.0) with MergeInstrumentationAnalysisTransform
[        ] Transforming juniversalchardet-1.0.3.jar (com.googlecode.juniversalchardet:juniversalchardet:1.0.3) with InstrumentationAnalysisTransform
[        ] Transforming juniversalchardet-1.0.3.jar (com.googlecode.juniversalchardet:juniversalchardet:1.0.3) with MergeInstrumentationAnalysisTransform
[        ] Transforming javax.annotation-api-1.3.2.jar (javax.annotation:javax.annotation-api:1.3.2) with InstrumentationAnalysisTransform
[        ] Transforming annotations-31.13.1.jar (com.android.tools:annotations:31.13.1) with ExternalDependencyInstrumentingArtifactTransform
[        ] Transforming javax.annotation-api-1.3.2.jar (javax.annotation:javax.annotation-api:1.3.2) with MergeInstrumentationAnalysisTransform
[        ] Transforming jna-platform-5.6.0.jar (net.java.dev.jna:jna-platform:5.6.0) with ExternalDependencyInstrumentingArtifactTransform
[        ] Transforming stax-ex-1.8.1.jar (org.jvnet.staxex:stax-ex:1.8.1) with InstrumentationAnalysisTransform
[        ] Transforming juniversalchardet-1.0.3.jar (com.googlecode.juniversalchardet:juniversalchardet:1.0.3) with ExternalDependencyInstrumentingArtifactTransform
[        ] Transforming stax-ex-1.8.1.jar (org.jvnet.staxex:stax-ex:1.8.1) with MergeInstrumentationAnalysisTransform
[        ] Transforming javax.annotation-api-1.3.2.jar (javax.annotation:javax.annotation-api:1.3.2) with ExternalDependencyInstrumentingArtifactTransform
[        ] Transforming jakarta.xml.bind-api-2.3.2.jar (jakarta.xml.bind:jakarta.xml.bind-api:2.3.2) with InstrumentationAnalysisTransform
[        ] Transforming stax-ex-1.8.1.jar (org.jvnet.staxex:stax-ex:1.8.1) with ExternalDependencyInstrumentingArtifactTransform
[        ] Transforming jakarta.xml.bind-api-2.3.2.jar (jakarta.xml.bind:jakarta.xml.bind-api:2.3.2) with MergeInstrumentationAnalysisTransform
[        ] Transforming txw2-2.3.2.jar (org.glassfish.jaxb:txw2:2.3.2) with InstrumentationAnalysisTransform
[        ] Transforming jakarta.xml.bind-api-2.3.2.jar (jakarta.xml.bind:jakarta.xml.bind-api:2.3.2) with ExternalDependencyInstrumentingArtifactTransform
[        ] Transforming txw2-2.3.2.jar (org.glassfish.jaxb:txw2:2.3.2) with MergeInstrumentationAnalysisTransform
[        ] Transforming istack-commons-runtime-3.0.8.jar (com.sun.istack:istack-commons-runtime:3.0.8) with InstrumentationAnalysisTransform
[        ] Transforming istack-commons-runtime-3.0.8.jar (com.sun.istack:istack-commons-runtime:3.0.8) with MergeInstrumentationAnalysisTransform
[        ] Transforming FastInfoset-1.2.16.jar (com.sun.xml.fastinfoset:FastInfoset:1.2.16) with InstrumentationAnalysisTransform
[        ] Transforming txw2-2.3.2.jar (org.glassfish.jaxb:txw2:2.3.2) with ExternalDependencyInstrumentingArtifactTransform
[        ] Transforming FastInfoset-1.2.16.jar (com.sun.xml.fastinfoset:FastInfoset:1.2.16) with MergeInstrumentationAnalysisTransform
[        ] Transforming istack-commons-runtime-3.0.8.jar (com.sun.istack:istack-commons-runtime:3.0.8) with ExternalDependencyInstrumentingArtifactTransform
[        ] Transforming jakarta.activation-api-1.2.1.jar (jakarta.activation:jakarta.activation-api:1.2.1) with InstrumentationAnalysisTransform
[        ] Transforming jakarta.activation-api-1.2.1.jar (jakarta.activation:jakarta.activation-api:1.2.1) with MergeInstrumentationAnalysisTransform
[        ] Transforming FastInfoset-1.2.16.jar (com.sun.xml.fastinfoset:FastInfoset:1.2.16) with ExternalDependencyInstrumentingArtifactTransform
[        ] Transforming auto-value-annotations-1.6.2.jar (com.google.auto.value:auto-value-annotations:1.6.2) with InstrumentationAnalysisTransform
[        ] Transforming jakarta.activation-api-1.2.1.jar (jakarta.activation:jakarta.activation-api:1.2.1) with ExternalDependencyInstrumentingArtifactTransform
[        ] Transforming auto-value-annotations-1.6.2.jar (com.google.auto.value:auto-value-annotations:1.6.2) with MergeInstrumentationAnalysisTransform
[        ] Transforming error_prone_annotations-2.30.0.jar (com.google.errorprone:error_prone_annotations:2.30.0) with InstrumentationAnalysisTransform
[        ] Transforming error_prone_annotations-2.30.0.jar (com.google.errorprone:error_prone_annotations:2.30.0) with MergeInstrumentationAnalysisTransform
[        ] Transforming jose4j-0.9.5.jar (org.bitbucket.b_c:jose4j:0.9.5) with InstrumentationAnalysisTransform
[        ] Transforming auto-value-annotations-1.6.2.jar (com.google.auto.value:auto-value-annotations:1.6.2) with ExternalDependencyInstrumentingArtifactTransform
[        ] Transforming jose4j-0.9.5.jar (org.bitbucket.b_c:jose4j:0.9.5) with MergeInstrumentationAnalysisTransform
[        ] Transforming slf4j-api-1.7.30.jar (org.slf4j:slf4j-api:1.7.30) with InstrumentationAnalysisTransform
[        ] Transforming error_prone_annotations-2.30.0.jar (com.google.errorprone:error_prone_annotations:2.30.0) with ExternalDependencyInstrumentingArtifactTransform
[        ] Transforming jose4j-0.9.5.jar (org.bitbucket.b_c:jose4j:0.9.5) with ExternalDependencyInstrumentingArtifactTransform
[        ] Transforming slf4j-api-1.7.30.jar (org.slf4j:slf4j-api:1.7.30) with MergeInstrumentationAnalysisTransform
[        ] Transforming jdom2-2.0.6.jar (org.jdom:jdom2:2.0.6) with InstrumentationAnalysisTransform
[        ] Transforming jdom2-2.0.6.jar (org.jdom:jdom2:2.0.6) with MergeInstrumentationAnalysisTransform
[        ] Transforming slf4j-api-1.7.30.jar (org.slf4j:slf4j-api:1.7.30) with ExternalDependencyInstrumentingArtifactTransform
[        ] Transforming jsr305-3.0.2.jar (com.google.code.findbugs:jsr305:3.0.2) with InstrumentationAnalysisTransform
[        ] Transforming jsr305-3.0.2.jar (com.google.code.findbugs:jsr305:3.0.2) with MergeInstrumentationAnalysisTransform
[        ] Transforming jdom2-2.0.6.jar (org.jdom:jdom2:2.0.6) with ExternalDependencyInstrumentingArtifactTransform
[        ] Transforming j2objc-annotations-3.0.0.jar (com.google.j2objc:j2objc-annotations:3.0.0) with InstrumentationAnalysisTransform
[        ] Transforming jsr305-3.0.2.jar (com.google.code.findbugs:jsr305:3.0.2) with ExternalDependencyInstrumentingArtifactTransform
[        ] Transforming j2objc-annotations-3.0.0.jar (com.google.j2objc:j2objc-annotations:3.0.0) with MergeInstrumentationAnalysisTransform
[        ] Transforming annotations-4.1.1.4.jar (com.google.android:annotations:4.1.1.4) with InstrumentationAnalysisTransform
[        ] Transforming annotations-4.1.1.4.jar (com.google.android:annotations:4.1.1.4) with MergeInstrumentationAnalysisTransform
[        ] Transforming animal-sniffer-annotations-1.24.jar (org.codehaus.mojo:animal-sniffer-annotations:1.24) with InstrumentationAnalysisTransform
[        ] Transforming animal-sniffer-annotations-1.24.jar (org.codehaus.mojo:animal-sniffer-annotations:1.24) with MergeInstrumentationAnalysisTransform
[        ] Transforming perfmark-api-0.27.0.jar (io.perfmark:perfmark-api:0.27.0) with InstrumentationAnalysisTransform
[        ] Transforming j2objc-annotations-3.0.0.jar (com.google.j2objc:j2objc-annotations:3.0.0) with ExternalDependencyInstrumentingArtifactTransform
[        ] Transforming perfmark-api-0.27.0.jar (io.perfmark:perfmark-api:0.27.0) with MergeInstrumentationAnalysisTransform
[        ] Transforming annotations-4.1.1.4.jar (com.google.android:annotations:4.1.1.4) with ExternalDependencyInstrumentingArtifactTransform
[        ] Transforming netty-codec-http2-4.1.110.Final.jar (io.netty:netty-codec-http2:4.1.110.Final) with InstrumentationAnalysisTransform
[        ] Transforming animal-sniffer-annotations-1.24.jar (org.codehaus.mojo:animal-sniffer-annotations:1.24) with ExternalDependencyInstrumentingArtifactTransform
[        ] Transforming netty-codec-http2-4.1.110.Final.jar (io.netty:netty-codec-http2:4.1.110.Final) with MergeInstrumentationAnalysisTransform
[        ] Transforming perfmark-api-0.27.0.jar (io.perfmark:perfmark-api:0.27.0) with ExternalDependencyInstrumentingArtifactTransform
[        ] Transforming netty-handler-proxy-4.1.110.Final.jar (io.netty:netty-handler-proxy:4.1.110.Final) with InstrumentationAnalysisTransform
[        ] Transforming netty-codec-http2-4.1.110.Final.jar (io.netty:netty-codec-http2:4.1.110.Final) with ExternalDependencyInstrumentingArtifactTransform
[        ] Transforming netty-handler-proxy-4.1.110.Final.jar (io.netty:netty-handler-proxy:4.1.110.Final) with MergeInstrumentationAnalysisTransform
[        ] Transforming netty-codec-http-4.1.110.Final.jar (io.netty:netty-codec-http:4.1.110.Final) with InstrumentationAnalysisTransform
[        ] Transforming netty-codec-http-4.1.110.Final.jar (io.netty:netty-codec-http:4.1.110.Final) with MergeInstrumentationAnalysisTransform
[        ] Transforming netty-handler-4.1.110.Final.jar (io.netty:netty-handler:4.1.110.Final) with InstrumentationAnalysisTransform
[        ] Transforming netty-handler-4.1.110.Final.jar (io.netty:netty-handler:4.1.110.Final) with MergeInstrumentationAnalysisTransform
[        ] Transforming netty-transport-native-unix-common-4.1.110.Final.jar (io.netty:netty-transport-native-unix-common:4.1.110.Final) with InstrumentationAnalysisTransform
[        ] Transforming netty-handler-proxy-4.1.110.Final.jar (io.netty:netty-handler-proxy:4.1.110.Final) with ExternalDependencyInstrumentingArtifactTransform
[        ] Transforming netty-transport-native-unix-common-4.1.110.Final.jar (io.netty:netty-transport-native-unix-common:4.1.110.Final) with MergeInstrumentationAnalysisTransform
[        ] Transforming netty-handler-4.1.110.Final.jar (io.netty:netty-handler:4.1.110.Final) with ExternalDependencyInstrumentingArtifactTransform
[        ] Transforming netty-codec-http-4.1.110.Final.jar (io.netty:netty-codec-http:4.1.110.Final) with ExternalDependencyInstrumentingArtifactTransform
[        ] Transforming checker-qual-3.43.0.jar (org.checkerframework:checker-qual:3.43.0) with InstrumentationAnalysisTransform
[        ] Transforming netty-transport-native-unix-common-4.1.110.Final.jar (io.netty:netty-transport-native-unix-common:4.1.110.Final) with ExternalDependencyInstrumentingArtifactTransform
[        ] Transforming checker-qual-3.43.0.jar (org.checkerframework:checker-qual:3.43.0) with MergeInstrumentationAnalysisTransform
[        ] Transforming apksig-8.13.1.jar (com.android.tools.build:apksig:8.13.1) with InstrumentationAnalysisTransform
[        ] Transforming apksig-8.13.1.jar (com.android.tools.build:apksig:8.13.1) with MergeInstrumentationAnalysisTransform
[        ] Transforming javawriter-2.5.0.jar (com.squareup:javawriter:2.5.0) with InstrumentationAnalysisTransform
[        ] Transforming checker-qual-3.43.0.jar (org.checkerframework:checker-qual:3.43.0) with ExternalDependencyInstrumentingArtifactTransform
[        ] Transforming apksig-8.13.1.jar (com.android.tools.build:apksig:8.13.1) with ExternalDependencyInstrumentingArtifactTransform
[        ] Transforming javawriter-2.5.0.jar (com.squareup:javawriter:2.5.0) with MergeInstrumentationAnalysisTransform
[        ] Transforming kotlin-gradle-plugin-annotations-2.3.0.jar (org.jetbrains.kotlin:kotlin-gradle-plugin-annotations:2.3.0) with InstrumentationAnalysisTransform
[        ] Transforming kotlin-gradle-plugin-annotations-2.3.0.jar (org.jetbrains.kotlin:kotlin-gradle-plugin-annotations:2.3.0) with MergeInstrumentationAnalysisTransform
[        ] Transforming javawriter-2.5.0.jar (com.squareup:javawriter:2.5.0) with ExternalDependencyInstrumentingArtifactTransform
[        ] Transforming kotlin-native-utils-2.3.0.jar (org.jetbrains.kotlin:kotlin-native-utils:2.3.0) with InstrumentationAnalysisTransform
[        ] Transforming kotlin-gradle-plugin-annotations-2.3.0.jar (org.jetbrains.kotlin:kotlin-gradle-plugin-annotations:2.3.0) with ExternalDependencyInstrumentingArtifactTransform
[        ] Transforming kotlin-native-utils-2.3.0.jar (org.jetbrains.kotlin:kotlin-native-utils:2.3.0) with MergeInstrumentationAnalysisTransform
[        ] Transforming kotlin-tooling-core-2.3.0.jar (org.jetbrains.kotlin:kotlin-tooling-core:2.3.0) with InstrumentationAnalysisTransform
[        ] Transforming kotlin-tooling-core-2.3.0.jar (org.jetbrains.kotlin:kotlin-tooling-core:2.3.0) with MergeInstrumentationAnalysisTransform
[        ] Transforming kotlin-build-tools-api-2.3.0.jar (org.jetbrains.kotlin:kotlin-build-tools-api:2.3.0) with InstrumentationAnalysisTransform
[        ] Transforming kotlin-native-utils-2.3.0.jar (org.jetbrains.kotlin:kotlin-native-utils:2.3.0) with ExternalDependencyInstrumentingArtifactTransform
[        ] Transforming kotlin-build-tools-api-2.3.0.jar (org.jetbrains.kotlin:kotlin-build-tools-api:2.3.0) with MergeInstrumentationAnalysisTransform
[        ] Transforming kotlin-util-klib-2.3.0.jar (org.jetbrains.kotlin:kotlin-util-klib:2.3.0) with InstrumentationAnalysisTransform
[        ] Transforming kotlin-tooling-core-2.3.0.jar (org.jetbrains.kotlin:kotlin-tooling-core:2.3.0) with ExternalDependencyInstrumentingArtifactTransform
[        ] Transforming kotlin-util-klib-2.3.0.jar (org.jetbrains.kotlin:kotlin-util-klib:2.3.0) with MergeInstrumentationAnalysisTransform
[        ] Transforming kotlin-build-tools-api-2.3.0.jar (org.jetbrains.kotlin:kotlin-build-tools-api:2.3.0) with ExternalDependencyInstrumentingArtifactTransform
[        ] Transforming kotlin-util-io-2.3.0.jar (org.jetbrains.kotlin:kotlin-util-io:2.3.0) with InstrumentationAnalysisTransform
[        ] Transforming kotlin-util-io-2.3.0.jar (org.jetbrains.kotlin:kotlin-util-io:2.3.0) with MergeInstrumentationAnalysisTransform
[        ] Transforming kotlin-daemon-client-2.3.0.jar (org.jetbrains.kotlin:kotlin-daemon-client:2.3.0) with InstrumentationAnalysisTransform
[        ] Transforming kotlin-util-klib-2.3.0.jar (org.jetbrains.kotlin:kotlin-util-klib:2.3.0) with ExternalDependencyInstrumentingArtifactTransform
[        ] Transforming kotlin-util-io-2.3.0.jar (org.jetbrains.kotlin:kotlin-util-io:2.3.0) with ExternalDependencyInstrumentingArtifactTransform
[        ] Transforming kotlin-daemon-client-2.3.0.jar (org.jetbrains.kotlin:kotlin-daemon-client:2.3.0) with MergeInstrumentationAnalysisTransform
[        ] Transforming failureaccess-1.0.2.jar (com.google.guava:failureaccess:1.0.2) with InstrumentationAnalysisTransform
[        ] Transforming failureaccess-1.0.2.jar (com.google.guava:failureaccess:1.0.2) with MergeInstrumentationAnalysisTransform
[        ] Transforming listenablefuture-9999.0-empty-to-avoid-conflict-with-guava.jar (com.google.guava:listenablefuture:9999.0-empty-to-avoid-conflict-with-guava) with InstrumentationAnalysisTransform
[        ] Transforming kotlin-daemon-client-2.3.0.jar (org.jetbrains.kotlin:kotlin-daemon-client:2.3.0) with ExternalDependencyInstrumentingArtifactTransform
[        ] Transforming listenablefuture-9999.0-empty-to-avoid-conflict-with-guava.jar (com.google.guava:listenablefuture:9999.0-empty-to-avoid-conflict-with-guava) with MergeInstrumentationAnalysisTransform
[        ] Transforming commons-logging-1.2.jar (commons-logging:commons-logging:1.2) with InstrumentationAnalysisTransform
[        ] Transforming commons-logging-1.2.jar (commons-logging:commons-logging:1.2) with MergeInstrumentationAnalysisTransform
[        ] Transforming listenablefuture-9999.0-empty-to-avoid-conflict-with-guava.jar (com.google.guava:listenablefuture:9999.0-empty-to-avoid-conflict-with-guava) with ExternalDependencyInstrumentingArtifactTransform
[        ] Transforming failureaccess-1.0.2.jar (com.google.guava:failureaccess:1.0.2) with ExternalDependencyInstrumentingArtifactTransform
[        ] Transforming commons-codec-1.11.jar (commons-codec:commons-codec:1.11) with InstrumentationAnalysisTransform
[        ] Transforming commons-codec-1.11.jar (commons-codec:commons-codec:1.11) with MergeInstrumentationAnalysisTransform
[        ] Transforming jna-5.6.0.jar (net.java.dev.jna:jna:5.6.0) with InstrumentationAnalysisTransform
[        ] Transforming commons-logging-1.2.jar (commons-logging:commons-logging:1.2) with ExternalDependencyInstrumentingArtifactTransform
[        ] Transforming jna-5.6.0.jar (net.java.dev.jna:jna:5.6.0) with MergeInstrumentationAnalysisTransform
[        ] Transforming commons-codec-1.11.jar (commons-codec:commons-codec:1.11) with ExternalDependencyInstrumentingArtifactTransform
[        ] Transforming netty-codec-socks-4.1.110.Final.jar (io.netty:netty-codec-socks:4.1.110.Final) with InstrumentationAnalysisTransform
[        ] Transforming netty-codec-socks-4.1.110.Final.jar (io.netty:netty-codec-socks:4.1.110.Final) with MergeInstrumentationAnalysisTransform
[        ] Transforming jna-5.6.0.jar (net.java.dev.jna:jna:5.6.0) with ExternalDependencyInstrumentingArtifactTransform
[        ] Transforming netty-codec-4.1.110.Final.jar (io.netty:netty-codec:4.1.110.Final) with InstrumentationAnalysisTransform
[        ] Transforming netty-codec-4.1.110.Final.jar (io.netty:netty-codec:4.1.110.Final) with MergeInstrumentationAnalysisTransform
[        ] Transforming netty-codec-socks-4.1.110.Final.jar (io.netty:netty-codec-socks:4.1.110.Final) with ExternalDependencyInstrumentingArtifactTransform
[        ] Transforming netty-transport-4.1.110.Final.jar (io.netty:netty-transport:4.1.110.Final) with InstrumentationAnalysisTransform
[        ] Transforming netty-transport-4.1.110.Final.jar (io.netty:netty-transport:4.1.110.Final) with MergeInstrumentationAnalysisTransform
[        ] Transforming netty-codec-4.1.110.Final.jar (io.netty:netty-codec:4.1.110.Final) with ExternalDependencyInstrumentingArtifactTransform
[        ] Transforming netty-buffer-4.1.110.Final.jar (io.netty:netty-buffer:4.1.110.Final) with InstrumentationAnalysisTransform
[        ] Transforming netty-buffer-4.1.110.Final.jar (io.netty:netty-buffer:4.1.110.Final) with MergeInstrumentationAnalysisTransform
[        ] Transforming netty-transport-4.1.110.Final.jar (io.netty:netty-transport:4.1.110.Final) with ExternalDependencyInstrumentingArtifactTransform
[        ] Transforming netty-resolver-4.1.110.Final.jar (io.netty:netty-resolver:4.1.110.Final) with InstrumentationAnalysisTransform
[        ] Transforming netty-resolver-4.1.110.Final.jar (io.netty:netty-resolver:4.1.110.Final) with MergeInstrumentationAnalysisTransform
[        ] Transforming netty-buffer-4.1.110.Final.jar (io.netty:netty-buffer:4.1.110.Final) with ExternalDependencyInstrumentingArtifactTransform
[        ] Transforming netty-common-4.1.110.Final.jar (io.netty:netty-common:4.1.110.Final) with InstrumentationAnalysisTransform
[        ] Transforming netty-common-4.1.110.Final.jar (io.netty:netty-common:4.1.110.Final) with MergeInstrumentationAnalysisTransform
[        ] Transforming netty-resolver-4.1.110.Final.jar (io.netty:netty-resolver:4.1.110.Final) with ExternalDependencyInstrumentingArtifactTransform
[        ] Transforming netty-common-4.1.110.Final.jar (io.netty:netty-common:4.1.110.Final) with ExternalDependencyInstrumentingArtifactTransform
[        ] Using default execution profile
[        ] Using Kotlin Gradle Plugin gradle85 variant
[ +135 ms] > Configure project :twitter_login
[        ] Evaluating project ':twitter_login' using build file 'C:\Users\bhavy\AppData\Local\Pub\Cache\hosted\pub.dev\twitter_login-4.4.2\android\build.gradle'.
[        ] Transforming gradle-4.1.0.jar (com.android.tools.build:gradle:4.1.0) with InstrumentationAnalysisTransform
[        ] Transforming kotlin-gradle-plugin-1.6.10.jar (org.jetbrains.kotlin:kotlin-gradle-plugin:1.6.10) with InstrumentationAnalysisTransform
[        ] Transforming builder-4.1.0.jar (com.android.tools.build:builder:4.1.0) with InstrumentationAnalysisTransform
[        ] Transforming aaptcompiler-4.1.0.jar (com.android.tools.build:aaptcompiler:4.1.0) with InstrumentationAnalysisTransform
[        ] Transforming bundletool-0.14.0.jar (com.android.tools.build:bundletool:0.14.0) with InstrumentationAnalysisTransform
[        ] Transforming manifest-merger-27.1.0.jar (com.android.tools.build:manifest-merger:27.1.0) with InstrumentationAnalysisTransform
[        ] Transforming lint-gradle-api-27.1.0.jar (com.android.tools.lint:lint-gradle-api:27.1.0) with InstrumentationAnalysisTransform
[        ] Transforming lint-model-27.1.0.jar (com.android.tools.lint:lint-model:27.1.0) with InstrumentationAnalysisTransform
[        ] Transforming sdk-common-27.1.0.jar (com.android.tools:sdk-common:27.1.0) with InstrumentationAnalysisTransform
[        ] Transforming aapt2-proto-4.1.0-6503028.jar (com.android.tools.build:aapt2-proto:4.1.0-6503028) with InstrumentationAnalysisTransform
[        ] Transforming crash-27.1.0.jar (com.android.tools.analytics-library:crash:27.1.0) with InstrumentationAnalysisTransform
[        ] Transforming gradle-api-4.1.0.jar (com.android.tools.build:gradle-api:4.1.0) with InstrumentationAnalysisTransform
[        ] Transforming databinding-compiler-common-4.1.0.jar (androidx.databinding:databinding-compiler-common:4.1.0) with InstrumentationAnalysisTransform
[        ] Transforming builder-model-4.1.0.jar (com.android.tools.build:builder-model:4.1.0) with InstrumentationAnalysisTransform
[        ] Transforming builder-test-api-4.1.0.jar (com.android.tools.build:builder-test-api:4.1.0) with InstrumentationAnalysisTransform
[        ] Transforming ddmlib-27.1.0.jar (com.android.tools.ddms:ddmlib:27.1.0) with InstrumentationAnalysisTransform
[        ] Transforming signflinger-4.1.0.jar (com.android:signflinger:4.1.0) with InstrumentationAnalysisTransform
[        ] Transforming zipflinger-4.1.0.jar (com.android:zipflinger:4.1.0) with InstrumentationAnalysisTransform
[        ] Transforming tracker-27.1.0.jar (com.android.tools.analytics-library:tracker:27.1.0) with InstrumentationAnalysisTransform
[        ] Transforming sdklib-27.1.0.jar (com.android.tools:sdklib:27.1.0) with InstrumentationAnalysisTransform
[        ] Transforming layoutlib-api-27.1.0.jar (com.android.tools.layoutlib:layoutlib-api:27.1.0) with InstrumentationAnalysisTransform
[        ] Transforming dvlib-27.1.0.jar (com.android.tools:dvlib:27.1.0) with InstrumentationAnalysisTransform
[        ] Transforming repository-27.1.0.jar (com.android.tools:repository:27.1.0) with InstrumentationAnalysisTransform
[        ] Transforming shared-27.1.0.jar (com.android.tools.analytics-library:shared:27.1.0) with InstrumentationAnalysisTransform
[        ] Transforming common-27.1.0.jar (com.android.tools:common:27.1.0) with InstrumentationAnalysisTransform
[        ] Transforming kotlin-stdlib-jdk8-1.3.72.jar (org.jetbrains.kotlin:kotlin-stdlib-jdk8:1.3.72) with InstrumentationAnalysisTransform
[        ] Transforming transform-api-2.0.0-deprecated-use-gradle-api.jar (com.android.tools.build:transform-api:2.0.0-deprecated-use-gradle-api) with InstrumentationAnalysisTransform
[        ] Transforming jetifier-processor-1.0.0-beta09.jar (com.android.tools.build.jetifier:jetifier-processor:1.0.0-beta09) with InstrumentationAnalysisTransform
[        ] Transforming asm-commons-7.0.jar (org.ow2.asm:asm-commons:7.0) with InstrumentationAnalysisTransform
[        ] Transforming asm-util-7.0.jar (org.ow2.asm:asm-util:7.0) with InstrumentationAnalysisTransform
[        ] Transforming asm-analysis-7.0.jar (org.ow2.asm:asm-analysis:7.0) with InstrumentationAnalysisTransform
[        ] Transforming asm-tree-7.0.jar (org.ow2.asm:asm-tree:7.0) with InstrumentationAnalysisTransform
[        ] Transforming asm-7.0.jar (org.ow2.asm:asm:7.0) with InstrumentationAnalysisTransform
[        ] Transforming jopt-simple-4.9.jar (net.sf.jopt-simple:jopt-simple:4.9) with InstrumentationAnalysisTransform
[        ] Transforming proguard-gradle-6.0.3.jar (net.sf.proguard:proguard-gradle:6.0.3) with InstrumentationAnalysisTransform
[        ] Transforming jetifier-core-1.0.0-beta09.jar (com.android.tools.build.jetifier:jetifier-core:1.0.0-beta09) with InstrumentationAnalysisTransform
[        ] Transforming javapoet-1.10.0.jar (com.squareup:javapoet:1.10.0) with InstrumentationAnalysisTransform
[        ] Transforming protobuf-java-util-3.10.0.jar (com.google.protobuf:protobuf-java-util:3.10.0) with InstrumentationAnalysisTransform
[        ] Transforming tink-1.3.0-rc2.jar (com.google.crypto.tink:tink:1.3.0-rc2) with InstrumentationAnalysisTransform
[        ] Transforming protos-27.1.0.jar (com.android.tools.analytics-library:protos:27.1.0) with InstrumentationAnalysisTransform
[        ] Transforming protobuf-java-3.10.0.jar (com.google.protobuf:protobuf-java:3.10.0) with InstrumentationAnalysisTransform
[        ] Transforming core-proto-0.0.2-dev.jar (com.google.test.platform:core-proto:0.0.2-dev) with InstrumentationAnalysisTransform
[        ] Transforming tensorflow-lite-metadata-0.1.0-rc1.jar (org.tensorflow:tensorflow-lite-metadata:0.1.0-rc1) with InstrumentationAnalysisTransform
[        ] Transforming flatbuffers-java-1.12.0.jar (com.google.flatbuffers:flatbuffers-java:1.12.0) with InstrumentationAnalysisTransform
[        ] Transforming kotlin-gradle-plugin-api-1.6.10.jar (org.jetbrains.kotlin:kotlin-gradle-plugin-api:1.6.10) with InstrumentationAnalysisTransform
[        ] Transforming kotlin-gradle-plugin-model-1.6.10.jar (org.jetbrains.kotlin:kotlin-gradle-plugin-model:1.6.10) with InstrumentationAnalysisTransform
[        ] Transforming kotlin-util-klib-1.6.10.jar (org.jetbrains.kotlin:kotlin-util-klib:1.6.10) with InstrumentationAnalysisTransform
[        ] Transforming kotlin-klib-commonizer-api-1.6.10.jar (org.jetbrains.kotlin:kotlin-klib-commonizer-api:1.6.10) with InstrumentationAnalysisTransform
[        ] Transforming kotlin-tooling-metadata-1.6.10.jar (org.jetbrains.kotlin:kotlin-tooling-metadata:1.6.10) with InstrumentationAnalysisTransform
[        ] Transforming kotlin-project-model-1.6.10.jar (org.jetbrains.kotlin:kotlin-project-model:1.6.10) with InstrumentationAnalysisTransform
[        ] Transforming gson-2.8.6.jar (com.google.code.gson:gson:2.8.6) with InstrumentationAnalysisTransform
[        ] Transforming apkzlib-4.1.0.jar (com.android.tools.build:apkzlib:4.1.0) with InstrumentationAnalysisTransform
[        ] Transforming jimfs-1.1.jar (com.google.jimfs:jimfs:1.1) with InstrumentationAnalysisTransform
[        ] Transforming guava-29.0-jre.jar (com.google.guava:guava:29.0-jre) with InstrumentationAnalysisTransform
[        ] Transforming gradle-download-task-4.1.1.jar (de.undercouch:gradle-download-task:4.1.1) with InstrumentationAnalysisTransform
[        ] Transforming semver4j-0.16.4-nodeps.jar (com.github.gundy:semver4j:0.16.4) with InstrumentationAnalysisTransform
[        ] Transforming kotlin-annotation-processing-gradle-1.6.10.jar (org.jetbrains.kotlin:kotlin-annotation-processing-gradle:1.6.10) with InstrumentationAnalysisTransform
[        ] Transforming kotlin-android-extensions-1.6.10.jar (org.jetbrains.kotlin:kotlin-android-extensions:1.6.10) with InstrumentationAnalysisTransform
[        ] Transforming kotlin-compiler-runner-1.6.10.jar (org.jetbrains.kotlin:kotlin-compiler-runner:1.6.10) with InstrumentationAnalysisTransform
[        ] Transforming kotlin-compiler-embeddable-1.6.10.jar (org.jetbrains.kotlin:kotlin-compiler-embeddable:1.6.10) with InstrumentationAnalysisTransform
[        ] Transforming kotlin-scripting-compiler-embeddable-1.6.10.jar (org.jetbrains.kotlin:kotlin-scripting-compiler-embeddable:1.6.10) with InstrumentationAnalysisTransform
[        ] Transforming kotlin-scripting-compiler-impl-embeddable-1.6.10.jar (org.jetbrains.kotlin:kotlin-scripting-compiler-impl-embeddable:1.6.10) with InstrumentationAnalysisTransform
[        ] Transforming apksig-4.1.0.jar (com.android.tools.build:apksig:4.1.0) with InstrumentationAnalysisTransform
[        ] Transforming javawriter-2.5.0.jar (com.squareup:javawriter:2.5.0) with InstrumentationAnalysisTransform
[        ] Transforming bcpkix-jdk15on-1.56.jar (org.bouncycastle:bcpkix-jdk15on:1.56) with InstrumentationAnalysisTransform
[        ] Transforming bcprov-jdk15on-1.56.jar (org.bouncycastle:bcprov-jdk15on:1.56) with InstrumentationAnalysisTransform
[        ] Transforming javax.inject-1.jar (javax.inject:javax.inject:1) with InstrumentationAnalysisTransform
[        ] Transforming fastutil-7.2.0.jar (it.unimi.dsi:fastutil:7.2.0) with InstrumentationAnalysisTransform
[        ] Transforming json-simple-1.1.jar (com.googlecode.json-simple:json-simple:1.1) with InstrumentationAnalysisTransform
[        ] Transforming annotations-27.1.0.jar (com.android.tools:annotations:27.1.0) with InstrumentationAnalysisTransform
[        ] Transforming httpmime-4.5.6.jar (org.apache.httpcomponents:httpmime:4.5.6) with InstrumentationAnalysisTransform
[        ] Transforming httpclient-4.5.6.jar (org.apache.httpcomponents:httpclient:4.5.6) with InstrumentationAnalysisTransform
[        ] Transforming httpcore-4.4.10.jar (org.apache.httpcomponents:httpcore:4.4.10) with InstrumentationAnalysisTransform
[        ] Transforming kotlin-reflect-1.3.72.jar (org.jetbrains.kotlin:kotlin-reflect:1.3.72) with InstrumentationAnalysisTransform
[        ] Transforming databinding-common-4.1.0.jar (androidx.databinding:databinding-common:4.1.0) with InstrumentationAnalysisTransform
[        ] Transforming baseLibrary-4.1.0.jar (com.android.databinding:baseLibrary:4.1.0) with InstrumentationAnalysisTransform
[        ] Transforming antlr4-4.5.3.jar (org.antlr:antlr4:4.5.3) with InstrumentationAnalysisTransform
[        ] Transforming commons-io-2.4.jar (commons-io:commons-io:2.4) with InstrumentationAnalysisTransform
[        ] Transforming juniversalchardet-1.0.3.jar (com.googlecode.juniversalchardet:juniversalchardet:1.0.3) with InstrumentationAnalysisTransform
[        ] Transforming jaxb-runtime-2.3.1.jar (org.glassfish.jaxb:jaxb-runtime:2.3.1) with InstrumentationAnalysisTransform
[        ] Transforming kotlin-stdlib-jdk7-1.3.72.jar (org.jetbrains.kotlin:kotlin-stdlib-jdk7:1.3.72) with InstrumentationAnalysisTransform
[        ] Transforming kotlin-stdlib-1.3.72.jar (org.jetbrains.kotlin:kotlin-stdlib:1.3.72) with InstrumentationAnalysisTransform
[        ] Transforming proguard-base-6.0.3.jar (net.sf.proguard:proguard-base:6.0.3) with InstrumentationAnalysisTransform
[        ] Transforming auto-value-annotations-1.6.2.jar (com.google.auto.value:auto-value-annotations:1.6.2) with InstrumentationAnalysisTransform
[        ] Transforming error_prone_annotations-2.3.4.jar (com.google.errorprone:error_prone_annotations:2.3.4) with InstrumentationAnalysisTransform
[        ] Transforming jdom2-2.0.6.jar (org.jdom:jdom2:2.0.6) with InstrumentationAnalysisTransform
[        ] Transforming json-20180813.jar (org.json:json:20180813) with InstrumentationAnalysisTransform
[        ] Transforming checker-qual-2.11.1.jar (org.checkerframework:checker-qual:2.11.1) with InstrumentationAnalysisTransform
[        ] Transforming kotlin-native-utils-1.6.10.jar (org.jetbrains.kotlin:kotlin-native-utils:1.6.10) with InstrumentationAnalysisTransform
[        ] Transforming kotlin-util-io-1.6.10.jar (org.jetbrains.kotlin:kotlin-util-io:1.6.10) with InstrumentationAnalysisTransform
[        ] Transforming failureaccess-1.0.1.jar (com.google.guava:failureaccess:1.0.1) with InstrumentationAnalysisTransform
[        ] Transforming listenablefuture-9999.0-empty-to-avoid-conflict-with-guava.jar (com.google.guava:listenablefuture:9999.0-empty-to-avoid-conflict-with-guava) with InstrumentationAnalysisTransform
[        ] Transforming jsr305-3.0.2.jar (com.google.code.findbugs:jsr305:3.0.2) with InstrumentationAnalysisTransform
[        ] Transforming j2objc-annotations-1.3.jar (com.google.j2objc:j2objc-annotations:1.3) with InstrumentationAnalysisTransform
[        ] Transforming kotlin-daemon-embeddable-1.6.10.jar (org.jetbrains.kotlin:kotlin-daemon-embeddable:1.6.10) with InstrumentationAnalysisTransform
[        ] Transforming trove4j-1.0.20181211.jar (org.jetbrains.intellij.deps:trove4j:1.0.20181211) with InstrumentationAnalysisTransform
[        ] Transforming jna-5.6.0.jar (net.java.dev.jna:jna:5.6.0) with InstrumentationAnalysisTransform
[        ] Transforming kotlin-build-common-1.6.10.jar (org.jetbrains.kotlin:kotlin-build-common:1.6.10) with InstrumentationAnalysisTransform
[        ] Transforming kotlin-daemon-client-1.6.10.jar (org.jetbrains.kotlin:kotlin-daemon-client:1.6.10) with InstrumentationAnalysisTransform
[        ] Transforming kotlinx-coroutines-core-jvm-1.5.0.jar (org.jetbrains.kotlinx:kotlinx-coroutines-core-jvm:1.5.0) with InstrumentationAnalysisTransform
[        ] Transforming kotlin-scripting-jvm-1.6.10.jar (org.jetbrains.kotlin:kotlin-scripting-jvm:1.6.10) with InstrumentationAnalysisTransform
[        ] Transforming kotlin-scripting-common-1.6.10.jar (org.jetbrains.kotlin:kotlin-scripting-common:1.6.10) with InstrumentationAnalysisTransform
[        ] Transforming commons-compress-1.12.jar (org.apache.commons:commons-compress:1.12) with InstrumentationAnalysisTransform
[        ] Transforming trove4j-20160824.jar (org.jetbrains.trove4j:trove4j:20160824) with InstrumentationAnalysisTransform
[        ] Transforming kxml2-2.3.0.jar (net.sf.kxml:kxml2:2.3.0) with InstrumentationAnalysisTransform
[        ] Transforming annotations-13.0.jar (org.jetbrains:annotations:13.0) with InstrumentationAnalysisTransform
[        ] Transforming commons-logging-1.2.jar (commons-logging:commons-logging:1.2) with InstrumentationAnalysisTransform
[        ] Transforming commons-codec-1.10.jar (commons-codec:commons-codec:1.10) with InstrumentationAnalysisTransform
[        ] Transforming jaxb-api-2.3.1.jar (javax.xml.bind:jaxb-api:2.3.1) with InstrumentationAnalysisTransform
[        ] Transforming txw2-2.3.1.jar (org.glassfish.jaxb:txw2:2.3.1) with InstrumentationAnalysisTransform
[        ] Transforming istack-commons-runtime-3.0.7.jar (com.sun.istack:istack-commons-runtime:3.0.7) with InstrumentationAnalysisTransform
[        ] Transforming stax-ex-1.8.jar (org.jvnet.staxex:stax-ex:1.8) with InstrumentationAnalysisTransform
[        ] Transforming FastInfoset-1.2.15.jar (com.sun.xml.fastinfoset:FastInfoset:1.2.15) with InstrumentationAnalysisTransform
[        ] Transforming javax.activation-api-1.2.0.jar (javax.activation:javax.activation-api:1.2.0) with InstrumentationAnalysisTransform
[        ] Transforming kotlin-stdlib-common-1.3.72.jar (org.jetbrains.kotlin:kotlin-stdlib-common:1.3.72) with InstrumentationAnalysisTransform
[        ] Transforming javax.activation-1.2.0.jar (com.sun.activation:javax.activation:1.2.0) with InstrumentationAnalysisTransform
[        ] Transforming gradle-4.1.0.jar (com.android.tools.build:gradle:4.1.0) with InstrumentationAnalysisTransform
[        ] Transforming gradle-4.1.0.jar (com.android.tools.build:gradle:4.1.0) with MergeInstrumentationAnalysisTransform
[        ] Transforming kotlin-gradle-plugin-1.6.10.jar (org.jetbrains.kotlin:kotlin-gradle-plugin:1.6.10) with InstrumentationAnalysisTransform
[        ] Transforming kotlin-gradle-plugin-1.6.10.jar (org.jetbrains.kotlin:kotlin-gradle-plugin:1.6.10) with MergeInstrumentationAnalysisTransform
[        ] Transforming builder-4.1.0.jar (com.android.tools.build:builder:4.1.0) with InstrumentationAnalysisTransform
[        ] Transforming builder-4.1.0.jar (com.android.tools.build:builder:4.1.0) with MergeInstrumentationAnalysisTransform
[        ] Transforming aaptcompiler-4.1.0.jar (com.android.tools.build:aaptcompiler:4.1.0) with InstrumentationAnalysisTransform
[        ] Transforming aaptcompiler-4.1.0.jar (com.android.tools.build:aaptcompiler:4.1.0) with MergeInstrumentationAnalysisTransform
[        ] Transforming bundletool-0.14.0.jar (com.android.tools.build:bundletool:0.14.0) with InstrumentationAnalysisTransform
[        ] Transforming gradle-4.1.0.jar (com.android.tools.build:gradle:4.1.0) with ExternalDependencyInstrumentingArtifactTransform
[        ] Transforming bundletool-0.14.0.jar (com.android.tools.build:bundletool:0.14.0) with MergeInstrumentationAnalysisTransform
[        ] Transforming kotlin-gradle-plugin-1.6.10.jar (org.jetbrains.kotlin:kotlin-gradle-plugin:1.6.10) with ExternalDependencyInstrumentingArtifactTransform
[        ] Transforming aaptcompiler-4.1.0.jar (com.android.tools.build:aaptcompiler:4.1.0) with ExternalDependencyInstrumentingArtifactTransform
[        ] Transforming builder-4.1.0.jar (com.android.tools.build:builder:4.1.0) with ExternalDependencyInstrumentingArtifactTransform
[        ] Transforming manifest-merger-27.1.0.jar (com.android.tools.build:manifest-merger:27.1.0) with InstrumentationAnalysisTransform
[        ] Transforming bundletool-0.14.0.jar (com.android.tools.build:bundletool:0.14.0) with ExternalDependencyInstrumentingArtifactTransform
[        ] Transforming manifest-merger-27.1.0.jar (com.android.tools.build:manifest-merger:27.1.0) with MergeInstrumentationAnalysisTransform
[        ] Transforming lint-gradle-api-27.1.0.jar (com.android.tools.lint:lint-gradle-api:27.1.0) with InstrumentationAnalysisTransform
[        ] Transforming lint-gradle-api-27.1.0.jar (com.android.tools.lint:lint-gradle-api:27.1.0) with MergeInstrumentationAnalysisTransform
[        ] Transforming manifest-merger-27.1.0.jar (com.android.tools.build:manifest-merger:27.1.0) with ExternalDependencyInstrumentingArtifactTransform
[        ] Transforming lint-model-27.1.0.jar (com.android.tools.lint:lint-model:27.1.0) with InstrumentationAnalysisTransform
[        ] Transforming lint-model-27.1.0.jar (com.android.tools.lint:lint-model:27.1.0) with MergeInstrumentationAnalysisTransform
[        ] Transforming sdk-common-27.1.0.jar (com.android.tools:sdk-common:27.1.0) with InstrumentationAnalysisTransform
[        ] Transforming lint-gradle-api-27.1.0.jar (com.android.tools.lint:lint-gradle-api:27.1.0) with ExternalDependencyInstrumentingArtifactTransform
[        ] Transforming sdk-common-27.1.0.jar (com.android.tools:sdk-common:27.1.0) with MergeInstrumentationAnalysisTransform
[        ] Transforming aapt2-proto-4.1.0-6503028.jar (com.android.tools.build:aapt2-proto:4.1.0-6503028) with InstrumentationAnalysisTransform
[        ] Transforming lint-model-27.1.0.jar (com.android.tools.lint:lint-model:27.1.0) with ExternalDependencyInstrumentingArtifactTransform
[        ] Transforming aapt2-proto-4.1.0-6503028.jar (com.android.tools.build:aapt2-proto:4.1.0-6503028) with MergeInstrumentationAnalysisTransform
[        ] Transforming crash-27.1.0.jar (com.android.tools.analytics-library:crash:27.1.0) with InstrumentationAnalysisTransform
[        ] Transforming sdk-common-27.1.0.jar (com.android.tools:sdk-common:27.1.0) with ExternalDependencyInstrumentingArtifactTransform
[        ] Transforming crash-27.1.0.jar (com.android.tools.analytics-library:crash:27.1.0) with MergeInstrumentationAnalysisTransform
[        ] Transforming gradle-api-4.1.0.jar (com.android.tools.build:gradle-api:4.1.0) with InstrumentationAnalysisTransform
[        ] Transforming aapt2-proto-4.1.0-6503028.jar (com.android.tools.build:aapt2-proto:4.1.0-6503028) with ExternalDependencyInstrumentingArtifactTransform
[        ] Transforming gradle-api-4.1.0.jar (com.android.tools.build:gradle-api:4.1.0) with MergeInstrumentationAnalysisTransform
[        ] Transforming crash-27.1.0.jar (com.android.tools.analytics-library:crash:27.1.0) with ExternalDependencyInstrumentingArtifactTransform
[        ] Transforming databinding-compiler-common-4.1.0.jar (androidx.databinding:databinding-compiler-common:4.1.0) with InstrumentationAnalysisTransform
[        ] Transforming databinding-compiler-common-4.1.0.jar (androidx.databinding:databinding-compiler-common:4.1.0) with MergeInstrumentationAnalysisTransform
[        ] Transforming gradle-api-4.1.0.jar (com.android.tools.build:gradle-api:4.1.0) with ExternalDependencyInstrumentingArtifactTransform
[        ] Transforming builder-model-4.1.0.jar (com.android.tools.build:builder-model:4.1.0) with InstrumentationAnalysisTransform
[        ] Transforming databinding-compiler-common-4.1.0.jar (androidx.databinding:databinding-compiler-common:4.1.0) with ExternalDependencyInstrumentingArtifactTransform
[        ] Transforming builder-model-4.1.0.jar (com.android.tools.build:builder-model:4.1.0) with MergeInstrumentationAnalysisTransform
[        ] Transforming builder-test-api-4.1.0.jar (com.android.tools.build:builder-test-api:4.1.0) with InstrumentationAnalysisTransform
[        ] Transforming builder-model-4.1.0.jar (com.android.tools.build:builder-model:4.1.0) with ExternalDependencyInstrumentingArtifactTransform
[        ] Transforming builder-test-api-4.1.0.jar (com.android.tools.build:builder-test-api:4.1.0) with MergeInstrumentationAnalysisTransform
[        ] Transforming ddmlib-27.1.0.jar (com.android.tools.ddms:ddmlib:27.1.0) with InstrumentationAnalysisTransform
[        ] Transforming ddmlib-27.1.0.jar (com.android.tools.ddms:ddmlib:27.1.0) with MergeInstrumentationAnalysisTransform
[        ] Transforming builder-test-api-4.1.0.jar (com.android.tools.build:builder-test-api:4.1.0) with ExternalDependencyInstrumentingArtifactTransform
[        ] Transforming signflinger-4.1.0.jar (com.android:signflinger:4.1.0) with InstrumentationAnalysisTransform
[        ] Transforming ddmlib-27.1.0.jar (com.android.tools.ddms:ddmlib:27.1.0) with ExternalDependencyInstrumentingArtifactTransform
[        ] Transforming signflinger-4.1.0.jar (com.android:signflinger:4.1.0) with MergeInstrumentationAnalysisTransform
[        ] Transforming zipflinger-4.1.0.jar (com.android:zipflinger:4.1.0) with InstrumentationAnalysisTransform
[        ] Transforming zipflinger-4.1.0.jar (com.android:zipflinger:4.1.0) with MergeInstrumentationAnalysisTransform
[        ] Transforming tracker-27.1.0.jar (com.android.tools.analytics-library:tracker:27.1.0) with InstrumentationAnalysisTransform
[        ] Transforming signflinger-4.1.0.jar (com.android:signflinger:4.1.0) with ExternalDependencyInstrumentingArtifactTransform
[        ] Transforming tracker-27.1.0.jar (com.android.tools.analytics-library:tracker:27.1.0) with MergeInstrumentationAnalysisTransform
[        ] Transforming sdklib-27.1.0.jar (com.android.tools:sdklib:27.1.0) with InstrumentationAnalysisTransform
[        ] Transforming zipflinger-4.1.0.jar (com.android:zipflinger:4.1.0) with ExternalDependencyInstrumentingArtifactTransform
[        ] Transforming sdklib-27.1.0.jar (com.android.tools:sdklib:27.1.0) with MergeInstrumentationAnalysisTransform
[        ] Transforming layoutlib-api-27.1.0.jar (com.android.tools.layoutlib:layoutlib-api:27.1.0) with InstrumentationAnalysisTransform
[        ] Transforming layoutlib-api-27.1.0.jar (com.android.tools.layoutlib:layoutlib-api:27.1.0) with MergeInstrumentationAnalysisTransform
[        ] Transforming tracker-27.1.0.jar (com.android.tools.analytics-library:tracker:27.1.0) with ExternalDependencyInstrumentingArtifactTransform
[        ] Transforming dvlib-27.1.0.jar (com.android.tools:dvlib:27.1.0) with InstrumentationAnalysisTransform
[        ] Transforming sdklib-27.1.0.jar (com.android.tools:sdklib:27.1.0) with ExternalDependencyInstrumentingArtifactTransform
[        ] Transforming layoutlib-api-27.1.0.jar (com.android.tools.layoutlib:layoutlib-api:27.1.0) with ExternalDependencyInstrumentingArtifactTransform
[        ] Transforming dvlib-27.1.0.jar (com.android.tools:dvlib:27.1.0) with MergeInstrumentationAnalysisTransform
[        ] Transforming repository-27.1.0.jar (com.android.tools:repository:27.1.0) with InstrumentationAnalysisTransform
[        ] Transforming repository-27.1.0.jar (com.android.tools:repository:27.1.0) with MergeInstrumentationAnalysisTransform
[        ] Transforming shared-27.1.0.jar (com.android.tools.analytics-library:shared:27.1.0) with InstrumentationAnalysisTransform
[        ] Transforming dvlib-27.1.0.jar (com.android.tools:dvlib:27.1.0) with ExternalDependencyInstrumentingArtifactTransform
[        ] Transforming shared-27.1.0.jar (com.android.tools.analytics-library:shared:27.1.0) with MergeInstrumentationAnalysisTransform
[        ] Transforming common-27.1.0.jar (com.android.tools:common:27.1.0) with InstrumentationAnalysisTransform
[        ] Transforming repository-27.1.0.jar (com.android.tools:repository:27.1.0) with ExternalDependencyInstrumentingArtifactTransform
[        ] Transforming common-27.1.0.jar (com.android.tools:common:27.1.0) with MergeInstrumentationAnalysisTransform
[        ] Transforming kotlin-stdlib-jdk8-1.3.72.jar (org.jetbrains.kotlin:kotlin-stdlib-jdk8:1.3.72) with InstrumentationAnalysisTransform
[        ] Transforming kotlin-stdlib-jdk8-1.3.72.jar (org.jetbrains.kotlin:kotlin-stdlib-jdk8:1.3.72) with MergeInstrumentationAnalysisTransform
[        ] Transforming shared-27.1.0.jar (com.android.tools.analytics-library:shared:27.1.0) with ExternalDependencyInstrumentingArtifactTransform
[        ] Transforming common-27.1.0.jar (com.android.tools:common:27.1.0) with ExternalDependencyInstrumentingArtifactTransform
[        ] Transforming transform-api-2.0.0-deprecated-use-gradle-api.jar (com.android.tools.build:transform-api:2.0.0-deprecated-use-gradle-api) with InstrumentationAnalysisTransform
[        ] Transforming kotlin-stdlib-jdk8-1.3.72.jar (org.jetbrains.kotlin:kotlin-stdlib-jdk8:1.3.72) with ExternalDependencyInstrumentingArtifactTransform
[        ] Transforming transform-api-2.0.0-deprecated-use-gradle-api.jar (com.android.tools.build:transform-api:2.0.0-deprecated-use-gradle-api) with MergeInstrumentationAnalysisTransform
[        ] Transforming jetifier-processor-1.0.0-beta09.jar (com.android.tools.build.jetifier:jetifier-processor:1.0.0-beta09) with InstrumentationAnalysisTransform
[        ] Transforming jetifier-processor-1.0.0-beta09.jar (com.android.tools.build.jetifier:jetifier-processor:1.0.0-beta09) with MergeInstrumentationAnalysisTransform
[        ] Transforming asm-commons-7.0.jar (org.ow2.asm:asm-commons:7.0) with InstrumentationAnalysisTransform
[        ] Transforming transform-api-2.0.0-deprecated-use-gradle-api.jar (com.android.tools.build:transform-api:2.0.0-deprecated-use-gradle-api) with ExternalDependencyInstrumentingArtifactTransform
[        ] Transforming asm-commons-7.0.jar (org.ow2.asm:asm-commons:7.0) with MergeInstrumentationAnalysisTransform
[        ] Transforming jetifier-processor-1.0.0-beta09.jar (com.android.tools.build.jetifier:jetifier-processor:1.0.0-beta09) with ExternalDependencyInstrumentingArtifactTransform
[        ] Transforming asm-util-7.0.jar (org.ow2.asm:asm-util:7.0) with InstrumentationAnalysisTransform
[        ] Transforming asm-util-7.0.jar (org.ow2.asm:asm-util:7.0) with MergeInstrumentationAnalysisTransform
[        ] Transforming asm-commons-7.0.jar (org.ow2.asm:asm-commons:7.0) with ExternalDependencyInstrumentingArtifactTransform
[        ] Transforming asm-analysis-7.0.jar (org.ow2.asm:asm-analysis:7.0) with InstrumentationAnalysisTransform
[        ] Transforming asm-analysis-7.0.jar (org.ow2.asm:asm-analysis:7.0) with MergeInstrumentationAnalysisTransform
[        ] Transforming asm-util-7.0.jar (org.ow2.asm:asm-util:7.0) with ExternalDependencyInstrumentingArtifactTransform
[        ] Transforming asm-tree-7.0.jar (org.ow2.asm:asm-tree:7.0) with InstrumentationAnalysisTransform
[        ] Transforming asm-analysis-7.0.jar (org.ow2.asm:asm-analysis:7.0) with ExternalDependencyInstrumentingArtifactTransform
[        ] Transforming asm-tree-7.0.jar (org.ow2.asm:asm-tree:7.0) with MergeInstrumentationAnalysisTransform
[        ] Transforming asm-7.0.jar (org.ow2.asm:asm:7.0) with InstrumentationAnalysisTransform
[        ] Transforming asm-7.0.jar (org.ow2.asm:asm:7.0) with MergeInstrumentationAnalysisTransform
[        ] Transforming jopt-simple-4.9.jar (net.sf.jopt-simple:jopt-simple:4.9) with InstrumentationAnalysisTransform
[        ] Transforming asm-tree-7.0.jar (org.ow2.asm:asm-tree:7.0) with ExternalDependencyInstrumentingArtifactTransform
[        ] Transforming jopt-simple-4.9.jar (net.sf.jopt-simple:jopt-simple:4.9) with MergeInstrumentationAnalysisTransform
[        ] Transforming asm-7.0.jar (org.ow2.asm:asm:7.0) with ExternalDependencyInstrumentingArtifactTransform
[        ] Transforming proguard-gradle-6.0.3.jar (net.sf.proguard:proguard-gradle:6.0.3) with InstrumentationAnalysisTransform
[        ] Transforming jopt-simple-4.9.jar (net.sf.jopt-simple:jopt-simple:4.9) with ExternalDependencyInstrumentingArtifactTransform
[        ] Transforming proguard-gradle-6.0.3.jar (net.sf.proguard:proguard-gradle:6.0.3) with MergeInstrumentationAnalysisTransform
[        ] Transforming jetifier-core-1.0.0-beta09.jar (com.android.tools.build.jetifier:jetifier-core:1.0.0-beta09) with InstrumentationAnalysisTransform
[        ] Transforming jetifier-core-1.0.0-beta09.jar (com.android.tools.build.jetifier:jetifier-core:1.0.0-beta09) with MergeInstrumentationAnalysisTransform
[        ] Transforming javapoet-1.10.0.jar (com.squareup:javapoet:1.10.0) with InstrumentationAnalysisTransform
[        ] Transforming proguard-gradle-6.0.3.jar (net.sf.proguard:proguard-gradle:6.0.3) with ExternalDependencyInstrumentingArtifactTransform
[        ] Transforming javapoet-1.10.0.jar (com.squareup:javapoet:1.10.0) with MergeInstrumentationAnalysisTransform
[        ] Transforming protobuf-java-util-3.10.0.jar (com.google.protobuf:protobuf-java-util:3.10.0) with InstrumentationAnalysisTransform
[        ] Transforming jetifier-core-1.0.0-beta09.jar (com.android.tools.build.jetifier:jetifier-core:1.0.0-beta09) with ExternalDependencyInstrumentingArtifactTransform
[        ] Transforming protobuf-java-util-3.10.0.jar (com.google.protobuf:protobuf-java-util:3.10.0) with MergeInstrumentationAnalysisTransform
[        ] Transforming tink-1.3.0-rc2.jar (com.google.crypto.tink:tink:1.3.0-rc2) with InstrumentationAnalysisTransform
[        ] Transforming javapoet-1.10.0.jar (com.squareup:javapoet:1.10.0) with ExternalDependencyInstrumentingArtifactTransform
[        ] Transforming tink-1.3.0-rc2.jar (com.google.crypto.tink:tink:1.3.0-rc2) with MergeInstrumentationAnalysisTransform
[        ] Transforming protos-27.1.0.jar (com.android.tools.analytics-library:protos:27.1.0) with InstrumentationAnalysisTransform
[        ] Transforming protos-27.1.0.jar (com.android.tools.analytics-library:protos:27.1.0) with MergeInstrumentationAnalysisTransform
[        ] Transforming protobuf-java-util-3.10.0.jar (com.google.protobuf:protobuf-java-util:3.10.0) with ExternalDependencyInstrumentingArtifactTransform
[        ] Transforming tink-1.3.0-rc2.jar (com.google.crypto.tink:tink:1.3.0-rc2) with ExternalDependencyInstrumentingArtifactTransform
[        ] Transforming protobuf-java-3.10.0.jar (com.google.protobuf:protobuf-java:3.10.0) with InstrumentationAnalysisTransform
[        ] Transforming protobuf-java-3.10.0.jar (com.google.protobuf:protobuf-java:3.10.0) with MergeInstrumentationAnalysisTransform
[        ] Transforming core-proto-0.0.2-dev.jar (com.google.test.platform:core-proto:0.0.2-dev) with InstrumentationAnalysisTransform
[        ] Transforming protos-27.1.0.jar (com.android.tools.analytics-library:protos:27.1.0) with ExternalDependencyInstrumentingArtifactTransform
[        ] Transforming core-proto-0.0.2-dev.jar (com.google.test.platform:core-proto:0.0.2-dev) with MergeInstrumentationAnalysisTransform
[        ] Transforming tensorflow-lite-metadata-0.1.0-rc1.jar (org.tensorflow:tensorflow-lite-metadata:0.1.0-rc1) with InstrumentationAnalysisTransform
[        ] Transforming protobuf-java-3.10.0.jar (com.google.protobuf:protobuf-java:3.10.0) with ExternalDependencyInstrumentingArtifactTransform
[        ] Transforming tensorflow-lite-metadata-0.1.0-rc1.jar (org.tensorflow:tensorflow-lite-metadata:0.1.0-rc1) with MergeInstrumentationAnalysisTransform
[        ] Transforming flatbuffers-java-1.12.0.jar (com.google.flatbuffers:flatbuffers-java:1.12.0) with InstrumentationAnalysisTransform
[        ] Transforming core-proto-0.0.2-dev.jar (com.google.test.platform:core-proto:0.0.2-dev) with ExternalDependencyInstrumentingArtifactTransform
[        ] Transforming flatbuffers-java-1.12.0.jar (com.google.flatbuffers:flatbuffers-java:1.12.0) with MergeInstrumentationAnalysisTransform
[        ] Transforming kotlin-gradle-plugin-api-1.6.10.jar (org.jetbrains.kotlin:kotlin-gradle-plugin-api:1.6.10) with InstrumentationAnalysisTransform
[        ] Transforming tensorflow-lite-metadata-0.1.0-rc1.jar (org.tensorflow:tensorflow-lite-metadata:0.1.0-rc1) with ExternalDependencyInstrumentingArtifactTransform
[        ] Transforming kotlin-gradle-plugin-api-1.6.10.jar (org.jetbrains.kotlin:kotlin-gradle-plugin-api:1.6.10) with MergeInstrumentationAnalysisTransform
[        ] Transforming kotlin-gradle-plugin-model-1.6.10.jar (org.jetbrains.kotlin:kotlin-gradle-plugin-model:1.6.10) with InstrumentationAnalysisTransform
[        ] Transforming flatbuffers-java-1.12.0.jar (com.google.flatbuffers:flatbuffers-java:1.12.0) with ExternalDependencyInstrumentingArtifactTransform
[        ] Transforming kotlin-gradle-plugin-model-1.6.10.jar (org.jetbrains.kotlin:kotlin-gradle-plugin-model:1.6.10) with MergeInstrumentationAnalysisTransform
[        ] Transforming kotlin-util-klib-1.6.10.jar (org.jetbrains.kotlin:kotlin-util-klib:1.6.10) with InstrumentationAnalysisTransform
[        ] Transforming kotlin-util-klib-1.6.10.jar (org.jetbrains.kotlin:kotlin-util-klib:1.6.10) with MergeInstrumentationAnalysisTransform
[        ] Transforming kotlin-klib-commonizer-api-1.6.10.jar (org.jetbrains.kotlin:kotlin-klib-commonizer-api:1.6.10) with InstrumentationAnalysisTransform
[        ] Transforming kotlin-gradle-plugin-api-1.6.10.jar (org.jetbrains.kotlin:kotlin-gradle-plugin-api:1.6.10) with ExternalDependencyInstrumentingArtifactTransform
[        ] Transforming kotlin-klib-commonizer-api-1.6.10.jar (org.jetbrains.kotlin:kotlin-klib-commonizer-api:1.6.10) with MergeInstrumentationAnalysisTransform
[        ] Transforming kotlin-gradle-plugin-model-1.6.10.jar (org.jetbrains.kotlin:kotlin-gradle-plugin-model:1.6.10) with ExternalDependencyInstrumentingArtifactTransform
[        ] Transforming kotlin-util-klib-1.6.10.jar (org.jetbrains.kotlin:kotlin-util-klib:1.6.10) with ExternalDependencyInstrumentingArtifactTransform
[        ] Transforming kotlin-tooling-metadata-1.6.10.jar (org.jetbrains.kotlin:kotlin-tooling-metadata:1.6.10) with InstrumentationAnalysisTransform
[        ] Transforming kotlin-klib-commonizer-api-1.6.10.jar (org.jetbrains.kotlin:kotlin-klib-commonizer-api:1.6.10) with ExternalDependencyInstrumentingArtifactTransform
[        ] Transforming kotlin-tooling-metadata-1.6.10.jar (org.jetbrains.kotlin:kotlin-tooling-metadata:1.6.10) with MergeInstrumentationAnalysisTransform
[        ] Transforming kotlin-project-model-1.6.10.jar (org.jetbrains.kotlin:kotlin-project-model:1.6.10) with InstrumentationAnalysisTransform
[        ] Transforming kotlin-project-model-1.6.10.jar (org.jetbrains.kotlin:kotlin-project-model:1.6.10) with MergeInstrumentationAnalysisTransform
[        ] Transforming gson-2.8.6.jar (com.google.code.gson:gson:2.8.6) with InstrumentationAnalysisTransform
[        ] Transforming kotlin-tooling-metadata-1.6.10.jar (org.jetbrains.kotlin:kotlin-tooling-metadata:1.6.10) with ExternalDependencyInstrumentingArtifactTransform
[        ] Transforming gson-2.8.6.jar (com.google.code.gson:gson:2.8.6) with MergeInstrumentationAnalysisTransform
[        ] Transforming apkzlib-4.1.0.jar (com.android.tools.build:apkzlib:4.1.0) with InstrumentationAnalysisTransform
[        ] Transforming kotlin-project-model-1.6.10.jar (org.jetbrains.kotlin:kotlin-project-model:1.6.10) with ExternalDependencyInstrumentingArtifactTransform
[        ] Transforming apkzlib-4.1.0.jar (com.android.tools.build:apkzlib:4.1.0) with MergeInstrumentationAnalysisTransform
[        ] Transforming jimfs-1.1.jar (com.google.jimfs:jimfs:1.1) with InstrumentationAnalysisTransform
[        ] Transforming gson-2.8.6.jar (com.google.code.gson:gson:2.8.6) with ExternalDependencyInstrumentingArtifactTransform
[        ] Transforming jimfs-1.1.jar (com.google.jimfs:jimfs:1.1) with MergeInstrumentationAnalysisTransform
[        ] Transforming apkzlib-4.1.0.jar (com.android.tools.build:apkzlib:4.1.0) with ExternalDependencyInstrumentingArtifactTransform
[        ] Transforming guava-29.0-jre.jar (com.google.guava:guava:29.0-jre) with InstrumentationAnalysisTransform
[        ] Transforming guava-29.0-jre.jar (com.google.guava:guava:29.0-jre) with MergeInstrumentationAnalysisTransform
[        ] Transforming gradle-download-task-4.1.1.jar (de.undercouch:gradle-download-task:4.1.1) with InstrumentationAnalysisTransform
[        ] Transforming jimfs-1.1.jar (com.google.jimfs:jimfs:1.1) with ExternalDependencyInstrumentingArtifactTransform
[        ] Transforming gradle-download-task-4.1.1.jar (de.undercouch:gradle-download-task:4.1.1) with MergeInstrumentationAnalysisTransform
[        ] Transforming semver4j-0.16.4-nodeps.jar (com.github.gundy:semver4j:0.16.4) with InstrumentationAnalysisTransform
[        ] Transforming guava-29.0-jre.jar (com.google.guava:guava:29.0-jre) with ExternalDependencyInstrumentingArtifactTransform
[        ] Transforming gradle-download-task-4.1.1.jar (de.undercouch:gradle-download-task:4.1.1) with ExternalDependencyInstrumentingArtifactTransform
[        ] Transforming semver4j-0.16.4-nodeps.jar (com.github.gundy:semver4j:0.16.4) with MergeInstrumentationAnalysisTransform
[        ] Transforming kotlin-annotation-processing-gradle-1.6.10.jar (org.jetbrains.kotlin:kotlin-annotation-processing-gradle:1.6.10) with InstrumentationAnalysisTransform
[        ] Transforming semver4j-0.16.4-nodeps.jar (com.github.gundy:semver4j:0.16.4) with ExternalDependencyInstrumentingArtifactTransform
[        ] Transforming kotlin-annotation-processing-gradle-1.6.10.jar (org.jetbrains.kotlin:kotlin-annotation-processing-gradle:1.6.10) with MergeInstrumentationAnalysisTransform
[        ] Transforming kotlin-android-extensions-1.6.10.jar (org.jetbrains.kotlin:kotlin-android-extensions:1.6.10) with InstrumentationAnalysisTransform
[        ] Transforming kotlin-android-extensions-1.6.10.jar (org.jetbrains.kotlin:kotlin-android-extensions:1.6.10) with MergeInstrumentationAnalysisTransform
[        ] Transforming kotlin-compiler-runner-1.6.10.jar (org.jetbrains.kotlin:kotlin-compiler-runner:1.6.10) with InstrumentationAnalysisTransform
[        ] Transforming kotlin-annotation-processing-gradle-1.6.10.jar (org.jetbrains.kotlin:kotlin-annotation-processing-gradle:1.6.10) with ExternalDependencyInstrumentingArtifactTransform
[        ] Transforming kotlin-compiler-runner-1.6.10.jar (org.jetbrains.kotlin:kotlin-compiler-runner:1.6.10) with MergeInstrumentationAnalysisTransform
[        ] Transforming kotlin-android-extensions-1.6.10.jar (org.jetbrains.kotlin:kotlin-android-extensions:1.6.10) with ExternalDependencyInstrumentingArtifactTransform
[        ] Transforming kotlin-compiler-embeddable-1.6.10.jar (org.jetbrains.kotlin:kotlin-compiler-embeddable:1.6.10) with InstrumentationAnalysisTransform
[        ] Transforming kotlin-compiler-runner-1.6.10.jar (org.jetbrains.kotlin:kotlin-compiler-runner:1.6.10) with ExternalDependencyInstrumentingArtifactTransform
[        ] Transforming kotlin-compiler-embeddable-1.6.10.jar (org.jetbrains.kotlin:kotlin-compiler-embeddable:1.6.10) with MergeInstrumentationAnalysisTransform
[        ] Transforming kotlin-scripting-compiler-embeddable-1.6.10.jar (org.jetbrains.kotlin:kotlin-scripting-compiler-embeddable:1.6.10) with InstrumentationAnalysisTransform
[        ] Transforming kotlin-scripting-compiler-embeddable-1.6.10.jar (org.jetbrains.kotlin:kotlin-scripting-compiler-embeddable:1.6.10) with MergeInstrumentationAnalysisTransform
[        ] Transforming kotlin-scripting-compiler-impl-embeddable-1.6.10.jar (org.jetbrains.kotlin:kotlin-scripting-compiler-impl-embeddable:1.6.10) with InstrumentationAnalysisTransform
[        ] Transforming kotlin-compiler-embeddable-1.6.10.jar (org.jetbrains.kotlin:kotlin-compiler-embeddable:1.6.10) with ExternalDependencyInstrumentingArtifactTransform
[        ] Transforming kotlin-scripting-compiler-impl-embeddable-1.6.10.jar (org.jetbrains.kotlin:kotlin-scripting-compiler-impl-embeddable:1.6.10) with MergeInstrumentationAnalysisTransform
[        ] Transforming kotlin-scripting-compiler-embeddable-1.6.10.jar (org.jetbrains.kotlin:kotlin-scripting-compiler-embeddable:1.6.10) with ExternalDependencyInstrumentingArtifactTransform
[        ] Transforming apksig-4.1.0.jar (com.android.tools.build:apksig:4.1.0) with InstrumentationAnalysisTransform
[        ] Transforming kotlin-scripting-compiler-impl-embeddable-1.6.10.jar (org.jetbrains.kotlin:kotlin-scripting-compiler-impl-embeddable:1.6.10) with ExternalDependencyInstrumentingArtifactTransform
[        ] Transforming apksig-4.1.0.jar (com.android.tools.build:apksig:4.1.0) with MergeInstrumentationAnalysisTransform
[        ] Transforming javawriter-2.5.0.jar (com.squareup:javawriter:2.5.0) with InstrumentationAnalysisTransform
[        ] Transforming javawriter-2.5.0.jar (com.squareup:javawriter:2.5.0) with MergeInstrumentationAnalysisTransform
[        ] Transforming bcpkix-jdk15on-1.56.jar (org.bouncycastle:bcpkix-jdk15on:1.56) with InstrumentationAnalysisTransform
[        ] Transforming apksig-4.1.0.jar (com.android.tools.build:apksig:4.1.0) with ExternalDependencyInstrumentingArtifactTransform
[        ] Transforming bcpkix-jdk15on-1.56.jar (org.bouncycastle:bcpkix-jdk15on:1.56) with MergeInstrumentationAnalysisTransform
[        ] Transforming javawriter-2.5.0.jar (com.squareup:javawriter:2.5.0) with ExternalDependencyInstrumentingArtifactTransform
[        ] Transforming bcprov-jdk15on-1.56.jar (org.bouncycastle:bcprov-jdk15on:1.56) with InstrumentationAnalysisTransform
[        ] Transforming bcprov-jdk15on-1.56.jar (org.bouncycastle:bcprov-jdk15on:1.56) with MergeInstrumentationAnalysisTransform
[        ] Transforming bcpkix-jdk15on-1.56.jar (org.bouncycastle:bcpkix-jdk15on:1.56) with ExternalDependencyInstrumentingArtifactTransform
[        ] Transforming javax.inject-1.jar (javax.inject:javax.inject:1) with InstrumentationAnalysisTransform
[        ] Transforming bcprov-jdk15on-1.56.jar (org.bouncycastle:bcprov-jdk15on:1.56) with ExternalDependencyInstrumentingArtifactTransform
[        ] Transforming javax.inject-1.jar (javax.inject:javax.inject:1) with MergeInstrumentationAnalysisTransform
[        ] Transforming fastutil-7.2.0.jar (it.unimi.dsi:fastutil:7.2.0) with InstrumentationAnalysisTransform
[        ] Transforming fastutil-7.2.0.jar (it.unimi.dsi:fastutil:7.2.0) with MergeInstrumentationAnalysisTransform
[        ] Transforming json-simple-1.1.jar (com.googlecode.json-simple:json-simple:1.1) with InstrumentationAnalysisTransform
[        ] Transforming javax.inject-1.jar (javax.inject:javax.inject:1) with ExternalDependencyInstrumentingArtifactTransform
[        ] Transforming json-simple-1.1.jar (com.googlecode.json-simple:json-simple:1.1) with MergeInstrumentationAnalysisTransform
[        ] Transforming fastutil-7.2.0.jar (it.unimi.dsi:fastutil:7.2.0) with ExternalDependencyInstrumentingArtifactTransform
[        ] Transforming annotations-27.1.0.jar (com.android.tools:annotations:27.1.0) with InstrumentationAnalysisTransform
[        ] Transforming annotations-27.1.0.jar (com.android.tools:annotations:27.1.0) with MergeInstrumentationAnalysisTransform
[        ] Transforming json-simple-1.1.jar (com.googlecode.json-simple:json-simple:1.1) with ExternalDependencyInstrumentingArtifactTransform
[        ] Transforming httpmime-4.5.6.jar (org.apache.httpcomponents:httpmime:4.5.6) with InstrumentationAnalysisTransform
[        ] Transforming httpmime-4.5.6.jar (org.apache.httpcomponents:httpmime:4.5.6) with MergeInstrumentationAnalysisTransform
[        ] Transforming httpclient-4.5.6.jar (org.apache.httpcomponents:httpclient:4.5.6) with InstrumentationAnalysisTransform
[        ] Transforming annotations-27.1.0.jar (com.android.tools:annotations:27.1.0) with ExternalDependencyInstrumentingArtifactTransform
[        ] Transforming httpclient-4.5.6.jar (org.apache.httpcomponents:httpclient:4.5.6) with MergeInstrumentationAnalysisTransform
[        ] Transforming httpmime-4.5.6.jar (org.apache.httpcomponents:httpmime:4.5.6) with ExternalDependencyInstrumentingArtifactTransform
[        ] Transforming httpcore-4.4.10.jar (org.apache.httpcomponents:httpcore:4.4.10) with InstrumentationAnalysisTransform
[        ] Transforming httpcore-4.4.10.jar (org.apache.httpcomponents:httpcore:4.4.10) with MergeInstrumentationAnalysisTransform
[        ] Transforming kotlin-reflect-1.3.72.jar (org.jetbrains.kotlin:kotlin-reflect:1.3.72) with InstrumentationAnalysisTransform
[        ] Transforming httpclient-4.5.6.jar (org.apache.httpcomponents:httpclient:4.5.6) with ExternalDependencyInstrumentingArtifactTransform
[        ] Transforming kotlin-reflect-1.3.72.jar (org.jetbrains.kotlin:kotlin-reflect:1.3.72) with MergeInstrumentationAnalysisTransform
[        ] Transforming databinding-common-4.1.0.jar (androidx.databinding:databinding-common:4.1.0) with InstrumentationAnalysisTransform
[        ] Transforming httpcore-4.4.10.jar (org.apache.httpcomponents:httpcore:4.4.10) with ExternalDependencyInstrumentingArtifactTransform
[        ] Transforming databinding-common-4.1.0.jar (androidx.databinding:databinding-common:4.1.0) with MergeInstrumentationAnalysisTransform
[        ] Transforming kotlin-reflect-1.3.72.jar (org.jetbrains.kotlin:kotlin-reflect:1.3.72) with ExternalDependencyInstrumentingArtifactTransform
[        ] Transforming baseLibrary-4.1.0.jar (com.android.databinding:baseLibrary:4.1.0) with InstrumentationAnalysisTransform
[        ] Transforming baseLibrary-4.1.0.jar (com.android.databinding:baseLibrary:4.1.0) with MergeInstrumentationAnalysisTransform
[        ] Transforming databinding-common-4.1.0.jar (androidx.databinding:databinding-common:4.1.0) with ExternalDependencyInstrumentingArtifactTransform
[        ] Transforming antlr4-4.5.3.jar (org.antlr:antlr4:4.5.3) with InstrumentationAnalysisTransform
[        ] Transforming antlr4-4.5.3.jar (org.antlr:antlr4:4.5.3) with MergeInstrumentationAnalysisTransform
[        ] Transforming baseLibrary-4.1.0.jar (com.android.databinding:baseLibrary:4.1.0) with ExternalDependencyInstrumentingArtifactTransform
[        ] Transforming commons-io-2.4.jar (commons-io:commons-io:2.4) with InstrumentationAnalysisTransform
[        ] Transforming commons-io-2.4.jar (commons-io:commons-io:2.4) with MergeInstrumentationAnalysisTransform
[        ] Transforming antlr4-4.5.3.jar (org.antlr:antlr4:4.5.3) with ExternalDependencyInstrumentingArtifactTransform
[        ] Transforming juniversalchardet-1.0.3.jar (com.googlecode.juniversalchardet:juniversalchardet:1.0.3) with InstrumentationAnalysisTransform
[        ] Transforming commons-io-2.4.jar (commons-io:commons-io:2.4) with ExternalDependencyInstrumentingArtifactTransform
[        ] Transforming juniversalchardet-1.0.3.jar (com.googlecode.juniversalchardet:juniversalchardet:1.0.3) with MergeInstrumentationAnalysisTransform
[        ] Transforming jaxb-runtime-2.3.1.jar (org.glassfish.jaxb:jaxb-runtime:2.3.1) with InstrumentationAnalysisTransform
[        ] Transforming jaxb-runtime-2.3.1.jar (org.glassfish.jaxb:jaxb-runtime:2.3.1) with MergeInstrumentationAnalysisTransform
[        ] Transforming kotlin-stdlib-jdk7-1.3.72.jar (org.jetbrains.kotlin:kotlin-stdlib-jdk7:1.3.72) with InstrumentationAnalysisTransform
[        ] Transforming juniversalchardet-1.0.3.jar (com.googlecode.juniversalchardet:juniversalchardet:1.0.3) with ExternalDependencyInstrumentingArtifactTransform
[        ] Transforming kotlin-stdlib-jdk7-1.3.72.jar (org.jetbrains.kotlin:kotlin-stdlib-jdk7:1.3.72) with MergeInstrumentationAnalysisTransform
[        ] Transforming jaxb-runtime-2.3.1.jar (org.glassfish.jaxb:jaxb-runtime:2.3.1) with ExternalDependencyInstrumentingArtifactTransform
[        ] Transforming kotlin-stdlib-1.3.72.jar (org.jetbrains.kotlin:kotlin-stdlib:1.3.72) with InstrumentationAnalysisTransform
[        ] Transforming kotlin-stdlib-jdk7-1.3.72.jar (org.jetbrains.kotlin:kotlin-stdlib-jdk7:1.3.72) with ExternalDependencyInstrumentingArtifactTransform
[        ] Transforming kotlin-stdlib-1.3.72.jar (org.jetbrains.kotlin:kotlin-stdlib:1.3.72) with MergeInstrumentationAnalysisTransform
[        ] Transforming proguard-base-6.0.3.jar (net.sf.proguard:proguard-base:6.0.3) with InstrumentationAnalysisTransform
[        ] Transforming proguard-base-6.0.3.jar (net.sf.proguard:proguard-base:6.0.3) with MergeInstrumentationAnalysisTransform
[        ] Transforming kotlin-stdlib-1.3.72.jar (org.jetbrains.kotlin:kotlin-stdlib:1.3.72) with ExternalDependencyInstrumentingArtifactTransform
[        ] Transforming auto-value-annotations-1.6.2.jar (com.google.auto.value:auto-value-annotations:1.6.2) with InstrumentationAnalysisTransform
[        ] Transforming auto-value-annotations-1.6.2.jar (com.google.auto.value:auto-value-annotations:1.6.2) with MergeInstrumentationAnalysisTransform
[        ] Transforming proguard-base-6.0.3.jar (net.sf.proguard:proguard-base:6.0.3) with ExternalDependencyInstrumentingArtifactTransform
[        ] Transforming error_prone_annotations-2.3.4.jar (com.google.errorprone:error_prone_annotations:2.3.4) with InstrumentationAnalysisTransform
[        ] Transforming error_prone_annotations-2.3.4.jar (com.google.errorprone:error_prone_annotations:2.3.4) with MergeInstrumentationAnalysisTransform
[        ] Transforming auto-value-annotations-1.6.2.jar (com.google.auto.value:auto-value-annotations:1.6.2) with ExternalDependencyInstrumentingArtifactTransform
[        ] Transforming jdom2-2.0.6.jar (org.jdom:jdom2:2.0.6) with InstrumentationAnalysisTransform
[        ] Transforming error_prone_annotations-2.3.4.jar (com.google.errorprone:error_prone_annotations:2.3.4) with ExternalDependencyInstrumentingArtifactTransform
[        ] Transforming jdom2-2.0.6.jar (org.jdom:jdom2:2.0.6) with MergeInstrumentationAnalysisTransform
[        ] Transforming json-20180813.jar (org.json:json:20180813) with InstrumentationAnalysisTransform
[        ] Transforming json-20180813.jar (org.json:json:20180813) with MergeInstrumentationAnalysisTransform
[        ] Transforming checker-qual-2.11.1.jar (org.checkerframework:checker-qual:2.11.1) with InstrumentationAnalysisTransform
[        ] Transforming checker-qual-2.11.1.jar (org.checkerframework:checker-qual:2.11.1) with MergeInstrumentationAnalysisTransform
[        ] Transforming jdom2-2.0.6.jar (org.jdom:jdom2:2.0.6) with ExternalDependencyInstrumentingArtifactTransform
[        ] Transforming kotlin-native-utils-1.6.10.jar (org.jetbrains.kotlin:kotlin-native-utils:1.6.10) with InstrumentationAnalysisTransform
[        ] Transforming json-20180813.jar (org.json:json:20180813) with ExternalDependencyInstrumentingArtifactTransform
[        ] Transforming kotlin-native-utils-1.6.10.jar (org.jetbrains.kotlin:kotlin-native-utils:1.6.10) with MergeInstrumentationAnalysisTransform
[        ] Transforming checker-qual-2.11.1.jar (org.checkerframework:checker-qual:2.11.1) with ExternalDependencyInstrumentingArtifactTransform
[        ] Transforming kotlin-util-io-1.6.10.jar (org.jetbrains.kotlin:kotlin-util-io:1.6.10) with InstrumentationAnalysisTransform
[        ] Transforming kotlin-util-io-1.6.10.jar (org.jetbrains.kotlin:kotlin-util-io:1.6.10) with MergeInstrumentationAnalysisTransform
[        ] Transforming failureaccess-1.0.1.jar (com.google.guava:failureaccess:1.0.1) with InstrumentationAnalysisTransform
[        ] Transforming kotlin-native-utils-1.6.10.jar (org.jetbrains.kotlin:kotlin-native-utils:1.6.10) with ExternalDependencyInstrumentingArtifactTransform
[        ] Transforming failureaccess-1.0.1.jar (com.google.guava:failureaccess:1.0.1) with MergeInstrumentationAnalysisTransform
[        ] Transforming listenablefuture-9999.0-empty-to-avoid-conflict-with-guava.jar (com.google.guava:listenablefuture:9999.0-empty-to-avoid-conflict-with-guava) with InstrumentationAnalysisTransform
[        ] Transforming listenablefuture-9999.0-empty-to-avoid-conflict-with-guava.jar (com.google.guava:listenablefuture:9999.0-empty-to-avoid-conflict-with-guava) with MergeInstrumentationAnalysisTransform
[        ] Transforming failureaccess-1.0.1.jar (com.google.guava:failureaccess:1.0.1) with ExternalDependencyInstrumentingArtifactTransform
[        ] Transforming jsr305-3.0.2.jar (com.google.code.findbugs:jsr305:3.0.2) with InstrumentationAnalysisTransform
[        ] Transforming kotlin-util-io-1.6.10.jar (org.jetbrains.kotlin:kotlin-util-io:1.6.10) with ExternalDependencyInstrumentingArtifactTransform
[        ] Transforming listenablefuture-9999.0-empty-to-avoid-conflict-with-guava.jar (com.google.guava:listenablefuture:9999.0-empty-to-avoid-conflict-with-guava) with ExternalDependencyInstrumentingArtifactTransform
[        ] Transforming jsr305-3.0.2.jar (com.google.code.findbugs:jsr305:3.0.2) with MergeInstrumentationAnalysisTransform
[        ] Transforming j2objc-annotations-1.3.jar (com.google.j2objc:j2objc-annotations:1.3) with InstrumentationAnalysisTransform
[        ] Transforming j2objc-annotations-1.3.jar (com.google.j2objc:j2objc-annotations:1.3) with MergeInstrumentationAnalysisTransform
[        ] Transforming kotlin-daemon-embeddable-1.6.10.jar (org.jetbrains.kotlin:kotlin-daemon-embeddable:1.6.10) with InstrumentationAnalysisTransform
[        ] Transforming jsr305-3.0.2.jar (com.google.code.findbugs:jsr305:3.0.2) with ExternalDependencyInstrumentingArtifactTransform
[        ] Transforming j2objc-annotations-1.3.jar (com.google.j2objc:j2objc-annotations:1.3) with ExternalDependencyInstrumentingArtifactTransform
[        ] Transforming kotlin-daemon-embeddable-1.6.10.jar (org.jetbrains.kotlin:kotlin-daemon-embeddable:1.6.10) with MergeInstrumentationAnalysisTransform
[        ] Transforming trove4j-1.0.20181211.jar (org.jetbrains.intellij.deps:trove4j:1.0.20181211) with InstrumentationAnalysisTransform
[        ] Transforming trove4j-1.0.20181211.jar (org.jetbrains.intellij.deps:trove4j:1.0.20181211) with MergeInstrumentationAnalysisTransform
[        ] Transforming kotlin-daemon-embeddable-1.6.10.jar (org.jetbrains.kotlin:kotlin-daemon-embeddable:1.6.10) with ExternalDependencyInstrumentingArtifactTransform
[        ] Transforming jna-5.6.0.jar (net.java.dev.jna:jna:5.6.0) with InstrumentationAnalysisTransform
[        ] Transforming jna-5.6.0.jar (net.java.dev.jna:jna:5.6.0) with MergeInstrumentationAnalysisTransform
[        ] Transforming kotlin-build-common-1.6.10.jar (org.jetbrains.kotlin:kotlin-build-common:1.6.10) with InstrumentationAnalysisTransform
[        ] Transforming trove4j-1.0.20181211.jar (org.jetbrains.intellij.deps:trove4j:1.0.20181211) with ExternalDependencyInstrumentingArtifactTransform
[        ] Transforming kotlin-build-common-1.6.10.jar (org.jetbrains.kotlin:kotlin-build-common:1.6.10) with MergeInstrumentationAnalysisTransform
[        ] Transforming kotlin-daemon-client-1.6.10.jar (org.jetbrains.kotlin:kotlin-daemon-client:1.6.10) with InstrumentationAnalysisTransform
[        ] Transforming jna-5.6.0.jar (net.java.dev.jna:jna:5.6.0) with ExternalDependencyInstrumentingArtifactTransform
[        ] Transforming kotlin-daemon-client-1.6.10.jar (org.jetbrains.kotlin:kotlin-daemon-client:1.6.10) with MergeInstrumentationAnalysisTransform
[        ] Transforming kotlinx-coroutines-core-jvm-1.5.0.jar (org.jetbrains.kotlinx:kotlinx-coroutines-core-jvm:1.5.0) with InstrumentationAnalysisTransform
[        ] Transforming kotlin-build-common-1.6.10.jar (org.jetbrains.kotlin:kotlin-build-common:1.6.10) with ExternalDependencyInstrumentingArtifactTransform
[        ] Transforming kotlinx-coroutines-core-jvm-1.5.0.jar (org.jetbrains.kotlinx:kotlinx-coroutines-core-jvm:1.5.0) with MergeInstrumentationAnalysisTransform
[        ] Transforming kotlin-daemon-client-1.6.10.jar (org.jetbrains.kotlin:kotlin-daemon-client:1.6.10) with ExternalDependencyInstrumentingArtifactTransform
[        ] Transforming kotlin-scripting-jvm-1.6.10.jar (org.jetbrains.kotlin:kotlin-scripting-jvm:1.6.10) with InstrumentationAnalysisTransform
[        ] Transforming kotlinx-coroutines-core-jvm-1.5.0.jar (org.jetbrains.kotlinx:kotlinx-coroutines-core-jvm:1.5.0) with ExternalDependencyInstrumentingArtifactTransform
[        ] Transforming kotlin-scripting-jvm-1.6.10.jar (org.jetbrains.kotlin:kotlin-scripting-jvm:1.6.10) with MergeInstrumentationAnalysisTransform
[        ] Transforming kotlin-scripting-common-1.6.10.jar (org.jetbrains.kotlin:kotlin-scripting-common:1.6.10) with InstrumentationAnalysisTransform
[        ] Transforming kotlin-scripting-common-1.6.10.jar (org.jetbrains.kotlin:kotlin-scripting-common:1.6.10) with MergeInstrumentationAnalysisTransform
[        ] Transforming commons-compress-1.12.jar (org.apache.commons:commons-compress:1.12) with InstrumentationAnalysisTransform
[        ] Transforming commons-compress-1.12.jar (org.apache.commons:commons-compress:1.12) with MergeInstrumentationAnalysisTransform
[        ] Transforming trove4j-20160824.jar (org.jetbrains.trove4j:trove4j:20160824) with InstrumentationAnalysisTransform
[        ] Transforming kotlin-scripting-common-1.6.10.jar (org.jetbrains.kotlin:kotlin-scripting-common:1.6.10) with ExternalDependencyInstrumentingArtifactTransform
[        ] Transforming kotlin-scripting-jvm-1.6.10.jar (org.jetbrains.kotlin:kotlin-scripting-jvm:1.6.10) with ExternalDependencyInstrumentingArtifactTransform
[        ] Transforming trove4j-20160824.jar (org.jetbrains.trove4j:trove4j:20160824) with MergeInstrumentationAnalysisTransform
[        ] Transforming commons-compress-1.12.jar (org.apache.commons:commons-compress:1.12) with ExternalDependencyInstrumentingArtifactTransform
[        ] Transforming kxml2-2.3.0.jar (net.sf.kxml:kxml2:2.3.0) with InstrumentationAnalysisTransform
[        ] Transforming kxml2-2.3.0.jar (net.sf.kxml:kxml2:2.3.0) with MergeInstrumentationAnalysisTransform
[        ] Transforming annotations-13.0.jar (org.jetbrains:annotations:13.0) with InstrumentationAnalysisTransform
[        ] Transforming trove4j-20160824.jar (org.jetbrains.trove4j:trove4j:20160824) with ExternalDependencyInstrumentingArtifactTransform
[        ] Transforming annotations-13.0.jar (org.jetbrains:annotations:13.0) with MergeInstrumentationAnalysisTransform
[        ] Transforming kxml2-2.3.0.jar (net.sf.kxml:kxml2:2.3.0) with ExternalDependencyInstrumentingArtifactTransform
[        ] Transforming commons-logging-1.2.jar (commons-logging:commons-logging:1.2) with InstrumentationAnalysisTransform
[        ] Transforming annotations-13.0.jar (org.jetbrains:annotations:13.0) with ExternalDependencyInstrumentingArtifactTransform
[        ] Transforming commons-logging-1.2.jar (commons-logging:commons-logging:1.2) with MergeInstrumentationAnalysisTransform
[        ] Transforming commons-codec-1.10.jar (commons-codec:commons-codec:1.10) with InstrumentationAnalysisTransform
[        ] Transforming commons-logging-1.2.jar (commons-logging:commons-logging:1.2) with ExternalDependencyInstrumentingArtifactTransform
[        ] Transforming commons-codec-1.10.jar (commons-codec:commons-codec:1.10) with MergeInstrumentationAnalysisTransform
[        ] Transforming jaxb-api-2.3.1.jar (javax.xml.bind:jaxb-api:2.3.1) with InstrumentationAnalysisTransform
[        ] Transforming jaxb-api-2.3.1.jar (javax.xml.bind:jaxb-api:2.3.1) with MergeInstrumentationAnalysisTransform
[        ] Transforming commons-codec-1.10.jar (commons-codec:commons-codec:1.10) with ExternalDependencyInstrumentingArtifactTransform
[        ] Transforming txw2-2.3.1.jar (org.glassfish.jaxb:txw2:2.3.1) with InstrumentationAnalysisTransform
[        ] Transforming txw2-2.3.1.jar (org.glassfish.jaxb:txw2:2.3.1) with MergeInstrumentationAnalysisTransform
[        ] Transforming istack-commons-runtime-3.0.7.jar (com.sun.istack:istack-commons-runtime:3.0.7) with InstrumentationAnalysisTransform
[        ] Transforming jaxb-api-2.3.1.jar (javax.xml.bind:jaxb-api:2.3.1) with ExternalDependencyInstrumentingArtifactTransform
[        ] Transforming istack-commons-runtime-3.0.7.jar (com.sun.istack:istack-commons-runtime:3.0.7) with MergeInstrumentationAnalysisTransform
[        ] Transforming txw2-2.3.1.jar (org.glassfish.jaxb:txw2:2.3.1) with ExternalDependencyInstrumentingArtifactTransform
[        ] Transforming stax-ex-1.8.jar (org.jvnet.staxex:stax-ex:1.8) with InstrumentationAnalysisTransform
[        ] Transforming stax-ex-1.8.jar (org.jvnet.staxex:stax-ex:1.8) with MergeInstrumentationAnalysisTransform
[        ] Transforming FastInfoset-1.2.15.jar (com.sun.xml.fastinfoset:FastInfoset:1.2.15) with InstrumentationAnalysisTransform
[        ] Transforming FastInfoset-1.2.15.jar (com.sun.xml.fastinfoset:FastInfoset:1.2.15) with MergeInstrumentationAnalysisTransform
[        ] Transforming javax.activation-api-1.2.0.jar (javax.activation:javax.activation-api:1.2.0) with InstrumentationAnalysisTransform
[        ] Transforming istack-commons-runtime-3.0.7.jar (com.sun.istack:istack-commons-runtime:3.0.7) with ExternalDependencyInstrumentingArtifactTransform
[        ] Transforming stax-ex-1.8.jar (org.jvnet.staxex:stax-ex:1.8) with ExternalDependencyInstrumentingArtifactTransform
[        ] Transforming javax.activation-api-1.2.0.jar (javax.activation:javax.activation-api:1.2.0) with MergeInstrumentationAnalysisTransform
[        ] Transforming FastInfoset-1.2.15.jar (com.sun.xml.fastinfoset:FastInfoset:1.2.15) with ExternalDependencyInstrumentingArtifactTransform
[        ] Transforming kotlin-stdlib-common-1.3.72.jar (org.jetbrains.kotlin:kotlin-stdlib-common:1.3.72) with InstrumentationAnalysisTransform
[        ] Transforming javax.activation-api-1.2.0.jar (javax.activation:javax.activation-api:1.2.0) with ExternalDependencyInstrumentingArtifactTransform
[        ] Transforming kotlin-stdlib-common-1.3.72.jar (org.jetbrains.kotlin:kotlin-stdlib-common:1.3.72) with MergeInstrumentationAnalysisTransform
[        ] Transforming javax.activation-1.2.0.jar (com.sun.activation:javax.activation:1.2.0) with InstrumentationAnalysisTransform
[        ] Transforming javax.activation-1.2.0.jar (com.sun.activation:javax.activation:1.2.0) with MergeInstrumentationAnalysisTransform
[        ] Transforming kotlin-stdlib-common-1.3.72.jar (org.jetbrains.kotlin:kotlin-stdlib-common:1.3.72) with ExternalDependencyInstrumentingArtifactTransform
[        ] Transforming javax.activation-1.2.0.jar (com.sun.activation:javax.activation:1.2.0) with ExternalDependencyInstrumentingArtifactTransform
[        ] Using default execution profile
[        ] Using Kotlin Gradle Plugin gradle85 variant
[  +72 ms] > Configure project :url_launcher_android
[        ] Evaluating project ':url_launcher_android' using build file 'C:\Users\bhavy\AppData\Local\Pub\Cache\hosted\pub.dev\url_launcher_android-6.3.28\android\build.gradle'.
[        ] Transforming gradle-8.13.1.jar (com.android.tools.build:gradle:8.13.1) with InstrumentationAnalysisTransform
[        ] Transforming gradle-api-8.13.1.jar (com.android.tools.build:gradle-api:8.13.1) with InstrumentationAnalysisTransform
[        ] Transforming gradle-common-api-8.13.1.jar (com.android.tools.build:gradle-common-api:8.13.1) with InstrumentationAnalysisTransform
[        ] Transforming gradle-settings-api-8.13.1.jar (com.android.tools.build:gradle-settings-api:8.13.1) with InstrumentationAnalysisTransform
[        ] Transforming lint-model-31.13.1.jar (com.android.tools.lint:lint-model:31.13.1) with InstrumentationAnalysisTransform
[        ] Transforming builder-8.13.1.jar (com.android.tools.build:builder:8.13.1) with InstrumentationAnalysisTransform
[        ] Transforming manifest-merger-31.13.1.jar (com.android.tools.build:manifest-merger:31.13.1) with InstrumentationAnalysisTransform
[        ] Transforming sdk-common-31.13.1.jar (com.android.tools:sdk-common:31.13.1) with InstrumentationAnalysisTransform
[        ] Transforming sdklib-31.13.1.jar (com.android.tools:sdklib:31.13.1) with InstrumentationAnalysisTransform
[        ] Transforming repository-31.13.1.jar (com.android.tools:repository:31.13.1) with InstrumentationAnalysisTransform
[        ] Transforming builder-test-api-8.13.1.jar (com.android.tools.build:builder-test-api:8.13.1) with InstrumentationAnalysisTransform
[        ] Transforming ddmlib-31.13.1.jar (com.android.tools.ddms:ddmlib:31.13.1) with InstrumentationAnalysisTransform
[        ] Transforming aaptcompiler-8.13.1.jar (com.android.tools.build:aaptcompiler:8.13.1) with InstrumentationAnalysisTransform
[        ] Transforming bundletool-1.18.1.jar (com.android.tools.build:bundletool:1.18.1) with InstrumentationAnalysisTransform
[        ] Transforming aapt2-proto-8.13.1-13719691.jar (com.android.tools.build:aapt2-proto:8.13.1-13719691) with InstrumentationAnalysisTransform
[        ] Transforming crash-31.13.1.jar (com.android.tools.analytics-library:crash:31.13.1) with InstrumentationAnalysisTransform
[        ] Transforming tracker-31.13.1.jar (com.android.tools.analytics-library:tracker:31.13.1) with InstrumentationAnalysisTransform
[        ] Transforming shared-31.13.1.jar (com.android.tools.analytics-library:shared:31.13.1) with InstrumentationAnalysisTransform
[        ] Transforming lint-typedef-remover-31.13.1.jar (com.android.tools.lint:lint-typedef-remover:31.13.1) with InstrumentationAnalysisTransform
[        ] Transforming databinding-compiler-common-8.13.1.jar (androidx.databinding:databinding-compiler-common:8.13.1) with InstrumentationAnalysisTransform
[        ] Transforming databinding-common-8.13.1.jar (androidx.databinding:databinding-common:8.13.1) with InstrumentationAnalysisTransform
[        ] Transforming baseLibrary-8.13.1.jar (com.android.databinding:baseLibrary:8.13.1) with InstrumentationAnalysisTransform
[        ] Transforming layoutlib-api-31.13.1.jar (com.android.tools.layoutlib:layoutlib-api:31.13.1) with InstrumentationAnalysisTransform
[        ] Transforming android-device-provider-ddmlib-proto-31.13.1.jar (com.android.tools.utp:android-device-provider-ddmlib-proto:31.13.1) with InstrumentationAnalysisTransform
[        ] Transforming android-device-provider-profile-proto-31.13.1.jar (com.android.tools.utp:android-device-provider-profile-proto:31.13.1) with InstrumentationAnalysisTransform
[        ] Transforming android-test-plugin-host-additional-test-output-proto-31.13.1.jar (com.android.tools.utp:android-test-plugin-host-additional-test-output-proto:31.13.1) with InstrumentationAnalysisTransform
[        ] Transforming android-test-plugin-host-coverage-proto-31.13.1.jar (com.android.tools.utp:android-test-plugin-host-coverage-proto:31.13.1) with InstrumentationAnalysisTransform
[        ] Transforming android-test-plugin-host-emulator-control-proto-31.13.1.jar (com.android.tools.utp:android-test-plugin-host-emulator-control-proto:31.13.1) with InstrumentationAnalysisTransform
[        ] Transforming android-test-plugin-host-logcat-proto-31.13.1.jar (com.android.tools.utp:android-test-plugin-host-logcat-proto:31.13.1) with InstrumentationAnalysisTransform
[        ] Transforming android-test-plugin-host-apk-installer-proto-31.13.1.jar (com.android.tools.utp:android-test-plugin-host-apk-installer-proto:31.13.1) with InstrumentationAnalysisTransform
[        ] Transforming android-test-plugin-result-listener-gradle-proto-31.13.1.jar (com.android.tools.utp:android-test-plugin-result-listener-gradle-proto:31.13.1) with InstrumentationAnalysisTransform
[        ] Transforming jetifier-processor-1.0.0-beta10.jar (com.android.tools.build.jetifier:jetifier-processor:1.0.0-beta10) with InstrumentationAnalysisTransform
[        ] Transforming jetifier-core-1.0.0-beta10.jar (com.android.tools.build.jetifier:jetifier-core:1.0.0-beta10) with InstrumentationAnalysisTransform
[        ] Transforming builder-model-8.13.1.jar (com.android.tools.build:builder-model:8.13.1) with InstrumentationAnalysisTransform
[        ] Transforming kotlin-reflect-2.2.0.jar (org.jetbrains.kotlin:kotlin-reflect:2.2.0) with InstrumentationAnalysisTransform
[        ] Transforming dvlib-31.13.1.jar (com.android.tools:dvlib:31.13.1) with InstrumentationAnalysisTransform
[        ] Transforming common-31.13.1.jar (com.android.tools:common:31.13.1) with InstrumentationAnalysisTransform
[        ] Transforming kotlin-stdlib-jdk8-2.2.0.jar (org.jetbrains.kotlin:kotlin-stdlib-jdk8:2.2.0) with InstrumentationAnalysisTransform
[        ] Transforming kotlinx-coroutines-core-jvm-1.9.0.jar (org.jetbrains.kotlinx:kotlinx-coroutines-core-jvm:1.9.0) with InstrumentationAnalysisTransform
[        ] Transforming kotlin-stdlib-jdk7-2.2.0.jar (org.jetbrains.kotlin:kotlin-stdlib-jdk7:2.2.0) with InstrumentationAnalysisTransform
[        ] Transforming kotlin-stdlib-2.2.0.jar (org.jetbrains.kotlin:kotlin-stdlib:2.2.0) with InstrumentationAnalysisTransform
[        ] Transforming transform-api-2.0.0-deprecated-use-gradle-api.jar (com.android.tools.build:transform-api:2.0.0-deprecated-use-gradle-api) with InstrumentationAnalysisTransform
[        ] Transforming httpmime-4.5.6.jar (org.apache.httpcomponents:httpmime:4.5.6) with InstrumentationAnalysisTransform
[        ] Transforming commons-io-2.16.1.jar (commons-io:commons-io:2.16.1) with InstrumentationAnalysisTransform
[        ] Transforming asm-commons-9.8.jar (org.ow2.asm:asm-commons:9.8) with InstrumentationAnalysisTransform
[        ] Transforming asm-util-9.8.jar (org.ow2.asm:asm-util:9.8) with InstrumentationAnalysisTransform
[        ] Transforming asm-analysis-9.8.jar (org.ow2.asm:asm-analysis:9.8) with InstrumentationAnalysisTransform
[        ] Transforming asm-tree-9.8.jar (org.ow2.asm:asm-tree:9.8) with InstrumentationAnalysisTransform
[        ] Transforming asm-9.8.jar (org.ow2.asm:asm:9.8) with InstrumentationAnalysisTransform
[        ] Transforming apkzlib-8.13.1.jar (com.android.tools.build:apkzlib:8.13.1) with InstrumentationAnalysisTransform
[        ] Transforming bcpkix-jdk18on-1.79.jar (org.bouncycastle:bcpkix-jdk18on:1.79) with InstrumentationAnalysisTransform
[        ] Transforming jaxb-runtime-2.3.2.jar (org.glassfish.jaxb:jaxb-runtime:2.3.2) with InstrumentationAnalysisTransform
[        ] Transforming jopt-simple-4.9.jar (net.sf.jopt-simple:jopt-simple:4.9) with InstrumentationAnalysisTransform
[        ] Transforming javapoet-1.10.0.jar (com.squareup:javapoet:1.10.0) with InstrumentationAnalysisTransform
[        ] Transforming protobuf-java-util-3.25.5.jar (com.google.protobuf:protobuf-java-util:3.25.5) with InstrumentationAnalysisTransform
[        ] Transforming grpc-protobuf-1.69.1.jar (io.grpc:grpc-protobuf:1.69.1) with InstrumentationAnalysisTransform
[        ] Transforming tink-1.7.0.jar (com.google.crypto.tink:tink:1.7.0) with InstrumentationAnalysisTransform
[        ] Transforming core-proto-0.0.9-alpha03.jar (com.google.testing.platform:core-proto:0.0.9-alpha03) with InstrumentationAnalysisTransform
[        ] Transforming protos-31.13.1.jar (com.android.tools.analytics-library:protos:31.13.1) with InstrumentationAnalysisTransform
[        ] Transforming proto-google-common-protos-2.48.0.jar (com.google.api.grpc:proto-google-common-protos:2.48.0) with InstrumentationAnalysisTransform
[        ] Transforming protobuf-java-3.25.5.jar (com.google.protobuf:protobuf-java:3.25.5) with InstrumentationAnalysisTransform
[        ] Transforming grpc-netty-1.69.1.jar (io.grpc:grpc-netty:1.69.1) with InstrumentationAnalysisTransform
[        ] Transforming grpc-inprocess-1.69.1.jar (io.grpc:grpc-inprocess:1.69.1) with InstrumentationAnalysisTransform
[        ] Transforming grpc-util-1.69.1.jar (io.grpc:grpc-util:1.69.1) with InstrumentationAnalysisTransform
[        ] Transforming grpc-core-1.69.1.jar (io.grpc:grpc-core:1.69.1) with InstrumentationAnalysisTransform
[        ] Transforming gson-2.11.0.jar (com.google.code.gson:gson:2.11.0) with InstrumentationAnalysisTransform
[        ] Transforming grpc-stub-1.69.1.jar (io.grpc:grpc-stub:1.69.1) with InstrumentationAnalysisTransform
[        ] Transforming tensorflow-lite-metadata-0.2.0.jar (org.tensorflow:tensorflow-lite-metadata:0.2.0) with InstrumentationAnalysisTransform
[        ] Transforming flatbuffers-java-1.12.0.jar (com.google.flatbuffers:flatbuffers-java:1.12.0) with InstrumentationAnalysisTransform
[        ] Transforming jimfs-1.1.jar (com.google.jimfs:jimfs:1.1) with InstrumentationAnalysisTransform
[        ] Transforming grpc-context-1.69.1.jar (io.grpc:grpc-context:1.69.1) with InstrumentationAnalysisTransform
[        ] Transforming grpc-protobuf-lite-1.69.1.jar (io.grpc:grpc-protobuf-lite:1.69.1) with InstrumentationAnalysisTransform
[        ] Transforming grpc-api-1.69.1.jar (io.grpc:grpc-api:1.69.1) with InstrumentationAnalysisTransform
[        ] Transforming guava-33.3.1-jre.jar (com.google.guava:guava:33.3.1-jre) with InstrumentationAnalysisTransform
[        ] Transforming dagger-2.28.3.jar (com.google.dagger:dagger:2.28.3) with InstrumentationAnalysisTransform
[        ] Transforming javax.inject-1.jar (javax.inject:javax.inject:1) with InstrumentationAnalysisTransform
[        ] Transforming kxml2-2.3.0.jar (net.sf.kxml:kxml2:2.3.0) with InstrumentationAnalysisTransform
[        ] Transforming commons-compress-1.21.jar (org.apache.commons:commons-compress:1.21) with InstrumentationAnalysisTransform
[        ] Transforming bcutil-jdk18on-1.79.jar (org.bouncycastle:bcutil-jdk18on:1.79) with InstrumentationAnalysisTransform
[        ] Transforming bcprov-jdk18on-1.79.jar (org.bouncycastle:bcprov-jdk18on:1.79) with InstrumentationAnalysisTransform
[        ] Transforming httpclient-4.5.14.jar (org.apache.httpcomponents:httpclient:4.5.14) with InstrumentationAnalysisTransform
[        ] Transforming httpcore-4.4.16.jar (org.apache.httpcomponents:httpcore:4.4.16) with InstrumentationAnalysisTransform
[        ] Transforming javax.activation-1.2.0.jar (com.sun.activation:javax.activation:1.2.0) with InstrumentationAnalysisTransform
[        ] Transforming annotations-23.0.0.jar (org.jetbrains:annotations:23.0.0) with InstrumentationAnalysisTransform
[        ] Transforming signflinger-8.13.1.jar (com.android:signflinger:8.13.1) with InstrumentationAnalysisTransform
[        ] Transforming zipflinger-8.13.1.jar (com.android:zipflinger:8.13.1) with InstrumentationAnalysisTransform
[        ] Transforming annotations-31.13.1.jar (com.android.tools:annotations:31.13.1) with InstrumentationAnalysisTransform
[        ] Transforming jna-platform-5.6.0.jar (net.java.dev.jna:jna-platform:5.6.0) with InstrumentationAnalysisTransform
[        ] Transforming juniversalchardet-1.0.3.jar (com.googlecode.juniversalchardet:juniversalchardet:1.0.3) with InstrumentationAnalysisTransform
[        ] Transforming javax.annotation-api-1.3.2.jar (javax.annotation:javax.annotation-api:1.3.2) with InstrumentationAnalysisTransform
[        ] Transforming stax-ex-1.8.1.jar (org.jvnet.staxex:stax-ex:1.8.1) with InstrumentationAnalysisTransform
[        ] Transforming jakarta.xml.bind-api-2.3.2.jar (jakarta.xml.bind:jakarta.xml.bind-api:2.3.2) with InstrumentationAnalysisTransform
[        ] Transforming txw2-2.3.2.jar (org.glassfish.jaxb:txw2:2.3.2) with InstrumentationAnalysisTransform
[        ] Transforming istack-commons-runtime-3.0.8.jar (com.sun.istack:istack-commons-runtime:3.0.8) with InstrumentationAnalysisTransform
[        ] Transforming FastInfoset-1.2.16.jar (com.sun.xml.fastinfoset:FastInfoset:1.2.16) with InstrumentationAnalysisTransform
[        ] Transforming jakarta.activation-api-1.2.1.jar (jakarta.activation:jakarta.activation-api:1.2.1) with InstrumentationAnalysisTransform
[        ] Transforming auto-value-annotations-1.6.2.jar (com.google.auto.value:auto-value-annotations:1.6.2) with InstrumentationAnalysisTransform
[        ] Transforming error_prone_annotations-2.30.0.jar (com.google.errorprone:error_prone_annotations:2.30.0) with InstrumentationAnalysisTransform
[        ] Transforming jose4j-0.9.5.jar (org.bitbucket.b_c:jose4j:0.9.5) with InstrumentationAnalysisTransform
[        ] Transforming slf4j-api-1.7.30.jar (org.slf4j:slf4j-api:1.7.30) with InstrumentationAnalysisTransform
[        ] Transforming jdom2-2.0.6.jar (org.jdom:jdom2:2.0.6) with InstrumentationAnalysisTransform
[        ] Transforming jsr305-3.0.2.jar (com.google.code.findbugs:jsr305:3.0.2) with InstrumentationAnalysisTransform
[        ] Transforming j2objc-annotations-3.0.0.jar (com.google.j2objc:j2objc-annotations:3.0.0) with InstrumentationAnalysisTransform
[        ] Transforming annotations-4.1.1.4.jar (com.google.android:annotations:4.1.1.4) with InstrumentationAnalysisTransform
[        ] Transforming animal-sniffer-annotations-1.24.jar (org.codehaus.mojo:animal-sniffer-annotations:1.24) with InstrumentationAnalysisTransform
[        ] Transforming perfmark-api-0.27.0.jar (io.perfmark:perfmark-api:0.27.0) with InstrumentationAnalysisTransform
[        ] Transforming netty-codec-http2-4.1.110.Final.jar (io.netty:netty-codec-http2:4.1.110.Final) with InstrumentationAnalysisTransform
[        ] Transforming netty-handler-proxy-4.1.110.Final.jar (io.netty:netty-handler-proxy:4.1.110.Final) with InstrumentationAnalysisTransform
[        ] Transforming netty-codec-http-4.1.110.Final.jar (io.netty:netty-codec-http:4.1.110.Final) with InstrumentationAnalysisTransform
[        ] Transforming netty-handler-4.1.110.Final.jar (io.netty:netty-handler:4.1.110.Final) with InstrumentationAnalysisTransform
[        ] Transforming netty-transport-native-unix-common-4.1.110.Final.jar (io.netty:netty-transport-native-unix-common:4.1.110.Final) with InstrumentationAnalysisTransform
[        ] Transforming checker-qual-3.43.0.jar (org.checkerframework:checker-qual:3.43.0) with InstrumentationAnalysisTransform
[        ] Transforming apksig-8.13.1.jar (com.android.tools.build:apksig:8.13.1) with InstrumentationAnalysisTransform
[        ] Transforming javawriter-2.5.0.jar (com.squareup:javawriter:2.5.0) with InstrumentationAnalysisTransform
[        ] Transforming failureaccess-1.0.2.jar (com.google.guava:failureaccess:1.0.2) with InstrumentationAnalysisTransform
[        ] Transforming listenablefuture-9999.0-empty-to-avoid-conflict-with-guava.jar (com.google.guava:listenablefuture:9999.0-empty-to-avoid-conflict-with-guava) with InstrumentationAnalysisTransform
[        ] Transforming commons-logging-1.2.jar (commons-logging:commons-logging:1.2) with InstrumentationAnalysisTransform
[        ] Transforming commons-codec-1.11.jar (commons-codec:commons-codec:1.11) with InstrumentationAnalysisTransform
[        ] Transforming jna-5.6.0.jar (net.java.dev.jna:jna:5.6.0) with InstrumentationAnalysisTransform
[        ] Transforming netty-codec-socks-4.1.110.Final.jar (io.netty:netty-codec-socks:4.1.110.Final) with InstrumentationAnalysisTransform
[        ] Transforming netty-codec-4.1.110.Final.jar (io.netty:netty-codec:4.1.110.Final) with InstrumentationAnalysisTransform
[        ] Transforming netty-transport-4.1.110.Final.jar (io.netty:netty-transport:4.1.110.Final) with InstrumentationAnalysisTransform
[        ] Transforming netty-buffer-4.1.110.Final.jar (io.netty:netty-buffer:4.1.110.Final) with InstrumentationAnalysisTransform
[        ] Transforming netty-resolver-4.1.110.Final.jar (io.netty:netty-resolver:4.1.110.Final) with InstrumentationAnalysisTransform
[        ] Transforming netty-common-4.1.110.Final.jar (io.netty:netty-common:4.1.110.Final) with InstrumentationAnalysisTransform
[        ] Transforming gradle-8.13.1.jar (com.android.tools.build:gradle:8.13.1) with InstrumentationAnalysisTransform
[        ] Transforming gradle-8.13.1.jar (com.android.tools.build:gradle:8.13.1) with MergeInstrumentationAnalysisTransform
[        ] Transforming gradle-api-8.13.1.jar (com.android.tools.build:gradle-api:8.13.1) with InstrumentationAnalysisTransform
[        ] Transforming gradle-api-8.13.1.jar (com.android.tools.build:gradle-api:8.13.1) with MergeInstrumentationAnalysisTransform
[        ] Transforming gradle-common-api-8.13.1.jar (com.android.tools.build:gradle-common-api:8.13.1) with InstrumentationAnalysisTransform
[        ] Transforming gradle-common-api-8.13.1.jar (com.android.tools.build:gradle-common-api:8.13.1) with MergeInstrumentationAnalysisTransform
[        ] Transforming gradle-settings-api-8.13.1.jar (com.android.tools.build:gradle-settings-api:8.13.1) with InstrumentationAnalysisTransform
[        ] Transforming gradle-8.13.1.jar (com.android.tools.build:gradle:8.13.1) with ExternalDependencyInstrumentingArtifactTransform
[        ] Transforming gradle-common-api-8.13.1.jar (com.android.tools.build:gradle-common-api:8.13.1) with ExternalDependencyInstrumentingArtifactTransform
[        ] Transforming gradle-api-8.13.1.jar (com.android.tools.build:gradle-api:8.13.1) with ExternalDependencyInstrumentingArtifactTransform
[        ] Transforming gradle-settings-api-8.13.1.jar (com.android.tools.build:gradle-settings-api:8.13.1) with MergeInstrumentationAnalysisTransform
[        ] Transforming lint-model-31.13.1.jar (com.android.tools.lint:lint-model:31.13.1) with InstrumentationAnalysisTransform
[        ] Transforming lint-model-31.13.1.jar (com.android.tools.lint:lint-model:31.13.1) with MergeInstrumentationAnalysisTransform
[        ] Transforming gradle-settings-api-8.13.1.jar (com.android.tools.build:gradle-settings-api:8.13.1) with ExternalDependencyInstrumentingArtifactTransform
[        ] Transforming builder-8.13.1.jar (com.android.tools.build:builder:8.13.1) with InstrumentationAnalysisTransform
[        ] Transforming lint-model-31.13.1.jar (com.android.tools.lint:lint-model:31.13.1) with ExternalDependencyInstrumentingArtifactTransform
[        ] Transforming builder-8.13.1.jar (com.android.tools.build:builder:8.13.1) with MergeInstrumentationAnalysisTransform
[        ] Transforming manifest-merger-31.13.1.jar (com.android.tools.build:manifest-merger:31.13.1) with InstrumentationAnalysisTransform
[        ] Transforming manifest-merger-31.13.1.jar (com.android.tools.build:manifest-merger:31.13.1) with MergeInstrumentationAnalysisTransform
[        ] Transforming builder-8.13.1.jar (com.android.tools.build:builder:8.13.1) with ExternalDependencyInstrumentingArtifactTransform
[        ] Transforming sdk-common-31.13.1.jar (com.android.tools:sdk-common:31.13.1) with InstrumentationAnalysisTransform
[        ] Transforming manifest-merger-31.13.1.jar (com.android.tools.build:manifest-merger:31.13.1) with ExternalDependencyInstrumentingArtifactTransform
[        ] Transforming sdk-common-31.13.1.jar (com.android.tools:sdk-common:31.13.1) with MergeInstrumentationAnalysisTransform
[        ] Transforming sdklib-31.13.1.jar (com.android.tools:sdklib:31.13.1) with InstrumentationAnalysisTransform
[        ] Transforming sdklib-31.13.1.jar (com.android.tools:sdklib:31.13.1) with MergeInstrumentationAnalysisTransform
[        ] Transforming sdk-common-31.13.1.jar (com.android.tools:sdk-common:31.13.1) with ExternalDependencyInstrumentingArtifactTransform
[        ] Transforming repository-31.13.1.jar (com.android.tools:repository:31.13.1) with InstrumentationAnalysisTransform
[        ] Transforming sdklib-31.13.1.jar (com.android.tools:sdklib:31.13.1) with ExternalDependencyInstrumentingArtifactTransform
[        ] Transforming repository-31.13.1.jar (com.android.tools:repository:31.13.1) with MergeInstrumentationAnalysisTransform
[        ] Transforming builder-test-api-8.13.1.jar (com.android.tools.build:builder-test-api:8.13.1) with InstrumentationAnalysisTransform
[        ] Transforming repository-31.13.1.jar (com.android.tools:repository:31.13.1) with ExternalDependencyInstrumentingArtifactTransform
[        ] Transforming builder-test-api-8.13.1.jar (com.android.tools.build:builder-test-api:8.13.1) with MergeInstrumentationAnalysisTransform
[        ] Transforming ddmlib-31.13.1.jar (com.android.tools.ddms:ddmlib:31.13.1) with InstrumentationAnalysisTransform
[        ] Transforming builder-test-api-8.13.1.jar (com.android.tools.build:builder-test-api:8.13.1) with ExternalDependencyInstrumentingArtifactTransform
[        ] Transforming ddmlib-31.13.1.jar (com.android.tools.ddms:ddmlib:31.13.1) with MergeInstrumentationAnalysisTransform
[        ] Transforming aaptcompiler-8.13.1.jar (com.android.tools.build:aaptcompiler:8.13.1) with InstrumentationAnalysisTransform
[        ] Transforming aaptcompiler-8.13.1.jar (com.android.tools.build:aaptcompiler:8.13.1) with MergeInstrumentationAnalysisTransform
[        ] Transforming ddmlib-31.13.1.jar (com.android.tools.ddms:ddmlib:31.13.1) with ExternalDependencyInstrumentingArtifactTransform
[        ] Transforming bundletool-1.18.1.jar (com.android.tools.build:bundletool:1.18.1) with InstrumentationAnalysisTransform
[        ] Transforming aaptcompiler-8.13.1.jar (com.android.tools.build:aaptcompiler:8.13.1) with ExternalDependencyInstrumentingArtifactTransform
[        ] Transforming bundletool-1.18.1.jar (com.android.tools.build:bundletool:1.18.1) with MergeInstrumentationAnalysisTransform
[        ] Transforming aapt2-proto-8.13.1-13719691.jar (com.android.tools.build:aapt2-proto:8.13.1-13719691) with InstrumentationAnalysisTransform
[        ] Transforming bundletool-1.18.1.jar (com.android.tools.build:bundletool:1.18.1) with ExternalDependencyInstrumentingArtifactTransform
[        ] Transforming aapt2-proto-8.13.1-13719691.jar (com.android.tools.build:aapt2-proto:8.13.1-13719691) with MergeInstrumentationAnalysisTransform
[        ] Transforming crash-31.13.1.jar (com.android.tools.analytics-library:crash:31.13.1) with InstrumentationAnalysisTransform
[        ] Transforming crash-31.13.1.jar (com.android.tools.analytics-library:crash:31.13.1) with MergeInstrumentationAnalysisTransform
[        ] Transforming tracker-31.13.1.jar (com.android.tools.analytics-library:tracker:31.13.1) with InstrumentationAnalysisTransform
[        ] Transforming aapt2-proto-8.13.1-13719691.jar (com.android.tools.build:aapt2-proto:8.13.1-13719691) with ExternalDependencyInstrumentingArtifactTransform
[        ] Transforming tracker-31.13.1.jar (com.android.tools.analytics-library:tracker:31.13.1) with MergeInstrumentationAnalysisTransform
[        ] Transforming shared-31.13.1.jar (com.android.tools.analytics-library:shared:31.13.1) with InstrumentationAnalysisTransform
[        ] Transforming crash-31.13.1.jar (com.android.tools.analytics-library:crash:31.13.1) with ExternalDependencyInstrumentingArtifactTransform
[        ] Transforming tracker-31.13.1.jar (com.android.tools.analytics-library:tracker:31.13.1) with ExternalDependencyInstrumentingArtifactTransform
[        ] Transforming shared-31.13.1.jar (com.android.tools.analytics-library:shared:31.13.1) with MergeInstrumentationAnalysisTransform
[        ] Transforming lint-typedef-remover-31.13.1.jar (com.android.tools.lint:lint-typedef-remover:31.13.1) with InstrumentationAnalysisTransform
[        ] Transforming lint-typedef-remover-31.13.1.jar (com.android.tools.lint:lint-typedef-remover:31.13.1) with MergeInstrumentationAnalysisTransform
[        ] Transforming databinding-compiler-common-8.13.1.jar (androidx.databinding:databinding-compiler-common:8.13.1) with InstrumentationAnalysisTransform
[        ] Transforming shared-31.13.1.jar (com.android.tools.analytics-library:shared:31.13.1) with ExternalDependencyInstrumentingArtifactTransform
[        ] Transforming databinding-compiler-common-8.13.1.jar (androidx.databinding:databinding-compiler-common:8.13.1) with MergeInstrumentationAnalysisTransform
[        ] Transforming databinding-common-8.13.1.jar (androidx.databinding:databinding-common:8.13.1) with InstrumentationAnalysisTransform
[        ] Transforming lint-typedef-remover-31.13.1.jar (com.android.tools.lint:lint-typedef-remover:31.13.1) with ExternalDependencyInstrumentingArtifactTransform
[        ] Transforming databinding-common-8.13.1.jar (androidx.databinding:databinding-common:8.13.1) with MergeInstrumentationAnalysisTransform
[        ] Transforming databinding-compiler-common-8.13.1.jar (androidx.databinding:databinding-compiler-common:8.13.1) with ExternalDependencyInstrumentingArtifactTransform
[        ] Transforming baseLibrary-8.13.1.jar (com.android.databinding:baseLibrary:8.13.1) with InstrumentationAnalysisTransform
[        ] Transforming baseLibrary-8.13.1.jar (com.android.databinding:baseLibrary:8.13.1) with MergeInstrumentationAnalysisTransform
[        ] Transforming layoutlib-api-31.13.1.jar (com.android.tools.layoutlib:layoutlib-api:31.13.1) with InstrumentationAnalysisTransform
[        ] Transforming databinding-common-8.13.1.jar (androidx.databinding:databinding-common:8.13.1) with ExternalDependencyInstrumentingArtifactTransform
[        ] Transforming layoutlib-api-31.13.1.jar (com.android.tools.layoutlib:layoutlib-api:31.13.1) with MergeInstrumentationAnalysisTransform
[        ] Transforming baseLibrary-8.13.1.jar (com.android.databinding:baseLibrary:8.13.1) with ExternalDependencyInstrumentingArtifactTransform
[        ] Transforming android-device-provider-ddmlib-proto-31.13.1.jar (com.android.tools.utp:android-device-provider-ddmlib-proto:31.13.1) with InstrumentationAnalysisTransform
[        ] Transforming android-device-provider-ddmlib-proto-31.13.1.jar (com.android.tools.utp:android-device-provider-ddmlib-proto:31.13.1) with MergeInstrumentationAnalysisTransform
[        ] Transforming android-device-provider-profile-proto-31.13.1.jar (com.android.tools.utp:android-device-provider-profile-proto:31.13.1) with InstrumentationAnalysisTransform
[        ] Transforming layoutlib-api-31.13.1.jar (com.android.tools.layoutlib:layoutlib-api:31.13.1) with ExternalDependencyInstrumentingArtifactTransform
[        ] Transforming android-device-provider-profile-proto-31.13.1.jar (com.android.tools.utp:android-device-provider-profile-proto:31.13.1) with MergeInstrumentationAnalysisTransform
[        ] Transforming android-device-provider-ddmlib-proto-31.13.1.jar (com.android.tools.utp:android-device-provider-ddmlib-proto:31.13.1) with ExternalDependencyInstrumentingArtifactTransform
[        ] Transforming android-test-plugin-host-additional-test-output-proto-31.13.1.jar (com.android.tools.utp:android-test-plugin-host-additional-test-output-proto:31.13.1) with InstrumentationAnalysisTransform
[        ] Transforming android-device-provider-profile-proto-31.13.1.jar (com.android.tools.utp:android-device-provider-profile-proto:31.13.1) with ExternalDependencyInstrumentingArtifactTransform
[        ] Transforming android-test-plugin-host-additional-test-output-proto-31.13.1.jar (com.android.tools.utp:android-test-plugin-host-additional-test-output-proto:31.13.1) with MergeInstrumentationAnalysisTransform
[        ] Transforming android-test-plugin-host-coverage-proto-31.13.1.jar (com.android.tools.utp:android-test-plugin-host-coverage-proto:31.13.1) with InstrumentationAnalysisTransform
[        ] Transforming android-test-plugin-host-coverage-proto-31.13.1.jar (com.android.tools.utp:android-test-plugin-host-coverage-proto:31.13.1) with MergeInstrumentationAnalysisTransform
[        ] Transforming android-test-plugin-host-emulator-control-proto-31.13.1.jar (com.android.tools.utp:android-test-plugin-host-emulator-control-proto:31.13.1) with InstrumentationAnalysisTransform
[        ] Transforming android-test-plugin-host-additional-test-output-proto-31.13.1.jar (com.android.tools.utp:android-test-plugin-host-additional-test-output-proto:31.13.1) with ExternalDependencyInstrumentingArtifactTransform
[        ] Transforming android-test-plugin-host-emulator-control-proto-31.13.1.jar (com.android.tools.utp:android-test-plugin-host-emulator-control-proto:31.13.1) with MergeInstrumentationAnalysisTransform
[        ] Transforming android-test-plugin-host-logcat-proto-31.13.1.jar (com.android.tools.utp:android-test-plugin-host-logcat-proto:31.13.1) with InstrumentationAnalysisTransform
[        ] Transforming android-test-plugin-host-coverage-proto-31.13.1.jar (com.android.tools.utp:android-test-plugin-host-coverage-proto:31.13.1) with ExternalDependencyInstrumentingArtifactTransform
[        ] Transforming android-test-plugin-host-logcat-proto-31.13.1.jar (com.android.tools.utp:android-test-plugin-host-logcat-proto:31.13.1) with MergeInstrumentationAnalysisTransform
[        ] Transforming android-test-plugin-host-apk-installer-proto-31.13.1.jar (com.android.tools.utp:android-test-plugin-host-apk-installer-proto:31.13.1) with InstrumentationAnalysisTransform
[        ] Transforming android-test-plugin-host-emulator-control-proto-31.13.1.jar (com.android.tools.utp:android-test-plugin-host-emulator-control-proto:31.13.1) with ExternalDependencyInstrumentingArtifactTransform
[        ] Transforming android-test-plugin-host-apk-installer-proto-31.13.1.jar (com.android.tools.utp:android-test-plugin-host-apk-installer-proto:31.13.1) with MergeInstrumentationAnalysisTransform
[        ] Transforming android-test-plugin-host-logcat-proto-31.13.1.jar (com.android.tools.utp:android-test-plugin-host-logcat-proto:31.13.1) with ExternalDependencyInstrumentingArtifactTransform
[        ] Transforming android-test-plugin-result-listener-gradle-proto-31.13.1.jar (com.android.tools.utp:android-test-plugin-result-listener-gradle-proto:31.13.1) with InstrumentationAnalysisTransform
[        ] Transforming android-test-plugin-host-apk-installer-proto-31.13.1.jar (com.android.tools.utp:android-test-plugin-host-apk-installer-proto:31.13.1) with ExternalDependencyInstrumentingArtifactTransform
[        ] Transforming android-test-plugin-result-listener-gradle-proto-31.13.1.jar (com.android.tools.utp:android-test-plugin-result-listener-gradle-proto:31.13.1) with MergeInstrumentationAnalysisTransform
[        ] Transforming jetifier-processor-1.0.0-beta10.jar (com.android.tools.build.jetifier:jetifier-processor:1.0.0-beta10) with InstrumentationAnalysisTransform
[        ] Transforming jetifier-processor-1.0.0-beta10.jar (com.android.tools.build.jetifier:jetifier-processor:1.0.0-beta10) with MergeInstrumentationAnalysisTransform
[        ] Transforming jetifier-core-1.0.0-beta10.jar (com.android.tools.build.jetifier:jetifier-core:1.0.0-beta10) with InstrumentationAnalysisTransform
[        ] Transforming android-test-plugin-result-listener-gradle-proto-31.13.1.jar (com.android.tools.utp:android-test-plugin-result-listener-gradle-proto:31.13.1) with ExternalDependencyInstrumentingArtifactTransform
[        ] Transforming jetifier-core-1.0.0-beta10.jar (com.android.tools.build.jetifier:jetifier-core:1.0.0-beta10) with MergeInstrumentationAnalysisTransform
[        ] Transforming builder-model-8.13.1.jar (com.android.tools.build:builder-model:8.13.1) with InstrumentationAnalysisTransform
[        ] Transforming jetifier-processor-1.0.0-beta10.jar (com.android.tools.build.jetifier:jetifier-processor:1.0.0-beta10) with ExternalDependencyInstrumentingArtifactTransform
[        ] Transforming jetifier-core-1.0.0-beta10.jar (com.android.tools.build.jetifier:jetifier-core:1.0.0-beta10) with ExternalDependencyInstrumentingArtifactTransform
[        ] Transforming builder-model-8.13.1.jar (com.android.tools.build:builder-model:8.13.1) with MergeInstrumentationAnalysisTransform
[        ] Transforming kotlin-reflect-2.2.0.jar (org.jetbrains.kotlin:kotlin-reflect:2.2.0) with InstrumentationAnalysisTransform
[        ] Transforming kotlin-reflect-2.2.0.jar (org.jetbrains.kotlin:kotlin-reflect:2.2.0) with MergeInstrumentationAnalysisTransform
[        ] Transforming builder-model-8.13.1.jar (com.android.tools.build:builder-model:8.13.1) with ExternalDependencyInstrumentingArtifactTransform
[        ] Transforming dvlib-31.13.1.jar (com.android.tools:dvlib:31.13.1) with InstrumentationAnalysisTransform
[        ] Transforming dvlib-31.13.1.jar (com.android.tools:dvlib:31.13.1) with MergeInstrumentationAnalysisTransform
[        ] Transforming common-31.13.1.jar (com.android.tools:common:31.13.1) with InstrumentationAnalysisTransform
[        ] Transforming kotlin-reflect-2.2.0.jar (org.jetbrains.kotlin:kotlin-reflect:2.2.0) with ExternalDependencyInstrumentingArtifactTransform
[        ] Transforming common-31.13.1.jar (com.android.tools:common:31.13.1) with MergeInstrumentationAnalysisTransform
[        ] Transforming dvlib-31.13.1.jar (com.android.tools:dvlib:31.13.1) with ExternalDependencyInstrumentingArtifactTransform
[        ] Transforming kotlin-stdlib-jdk8-2.2.0.jar (org.jetbrains.kotlin:kotlin-stdlib-jdk8:2.2.0) with InstrumentationAnalysisTransform
[        ] Transforming common-31.13.1.jar (com.android.tools:common:31.13.1) with ExternalDependencyInstrumentingArtifactTransform
[        ] Transforming kotlin-stdlib-jdk8-2.2.0.jar (org.jetbrains.kotlin:kotlin-stdlib-jdk8:2.2.0) with MergeInstrumentationAnalysisTransform
[        ] Transforming kotlinx-coroutines-core-jvm-1.9.0.jar (org.jetbrains.kotlinx:kotlinx-coroutines-core-jvm:1.9.0) with InstrumentationAnalysisTransform
[        ] Transforming kotlinx-coroutines-core-jvm-1.9.0.jar (org.jetbrains.kotlinx:kotlinx-coroutines-core-jvm:1.9.0) with MergeInstrumentationAnalysisTransform
[        ] Transforming kotlin-stdlib-jdk8-2.2.0.jar (org.jetbrains.kotlin:kotlin-stdlib-jdk8:2.2.0) with ExternalDependencyInstrumentingArtifactTransform
[        ] Transforming kotlin-stdlib-jdk7-2.2.0.jar (org.jetbrains.kotlin:kotlin-stdlib-jdk7:2.2.0) with InstrumentationAnalysisTransform
[        ] Transforming kotlin-stdlib-jdk7-2.2.0.jar (org.jetbrains.kotlin:kotlin-stdlib-jdk7:2.2.0) with MergeInstrumentationAnalysisTransform
[        ] Transforming kotlinx-coroutines-core-jvm-1.9.0.jar (org.jetbrains.kotlinx:kotlinx-coroutines-core-jvm:1.9.0) with ExternalDependencyInstrumentingArtifactTransform
[        ] Transforming kotlin-stdlib-2.2.0.jar (org.jetbrains.kotlin:kotlin-stdlib:2.2.0) with InstrumentationAnalysisTransform
[        ] Transforming kotlin-stdlib-2.2.0.jar (org.jetbrains.kotlin:kotlin-stdlib:2.2.0) with MergeInstrumentationAnalysisTransform
[        ] Transforming transform-api-2.0.0-deprecated-use-gradle-api.jar (com.android.tools.build:transform-api:2.0.0-deprecated-use-gradle-api) with InstrumentationAnalysisTransform
[        ] Transforming kotlin-stdlib-jdk7-2.2.0.jar (org.jetbrains.kotlin:kotlin-stdlib-jdk7:2.2.0) with ExternalDependencyInstrumentingArtifactTransform
[        ] Transforming transform-api-2.0.0-deprecated-use-gradle-api.jar (com.android.tools.build:transform-api:2.0.0-deprecated-use-gradle-api) with MergeInstrumentationAnalysisTransform
[        ] Transforming httpmime-4.5.6.jar (org.apache.httpcomponents:httpmime:4.5.6) with InstrumentationAnalysisTransform
[        ] Transforming kotlin-stdlib-2.2.0.jar (org.jetbrains.kotlin:kotlin-stdlib:2.2.0) with ExternalDependencyInstrumentingArtifactTransform
[        ] Transforming transform-api-2.0.0-deprecated-use-gradle-api.jar (com.android.tools.build:transform-api:2.0.0-deprecated-use-gradle-api) with ExternalDependencyInstrumentingArtifactTransform
[        ] Transforming httpmime-4.5.6.jar (org.apache.httpcomponents:httpmime:4.5.6) with MergeInstrumentationAnalysisTransform
[        ] Transforming commons-io-2.16.1.jar (commons-io:commons-io:2.16.1) with InstrumentationAnalysisTransform
[        ] Transforming httpmime-4.5.6.jar (org.apache.httpcomponents:httpmime:4.5.6) with ExternalDependencyInstrumentingArtifactTransform
[        ] Transforming commons-io-2.16.1.jar (commons-io:commons-io:2.16.1) with MergeInstrumentationAnalysisTransform
[        ] Transforming asm-commons-9.8.jar (org.ow2.asm:asm-commons:9.8) with InstrumentationAnalysisTransform
[        ] Transforming asm-commons-9.8.jar (org.ow2.asm:asm-commons:9.8) with MergeInstrumentationAnalysisTransform
[        ] Transforming asm-util-9.8.jar (org.ow2.asm:asm-util:9.8) with InstrumentationAnalysisTransform
[        ] Transforming commons-io-2.16.1.jar (commons-io:commons-io:2.16.1) with ExternalDependencyInstrumentingArtifactTransform
[        ] Transforming asm-util-9.8.jar (org.ow2.asm:asm-util:9.8) with MergeInstrumentationAnalysisTransform
[        ] Transforming asm-commons-9.8.jar (org.ow2.asm:asm-commons:9.8) with ExternalDependencyInstrumentingArtifactTransform
[        ] Transforming asm-analysis-9.8.jar (org.ow2.asm:asm-analysis:9.8) with InstrumentationAnalysisTransform
[        ] Transforming asm-util-9.8.jar (org.ow2.asm:asm-util:9.8) with ExternalDependencyInstrumentingArtifactTransform
[        ] Transforming asm-analysis-9.8.jar (org.ow2.asm:asm-analysis:9.8) with MergeInstrumentationAnalysisTransform
[        ] Transforming asm-tree-9.8.jar (org.ow2.asm:asm-tree:9.8) with InstrumentationAnalysisTransform
[        ] Transforming asm-tree-9.8.jar (org.ow2.asm:asm-tree:9.8) with MergeInstrumentationAnalysisTransform
[        ] Transforming asm-analysis-9.8.jar (org.ow2.asm:asm-analysis:9.8) with ExternalDependencyInstrumentingArtifactTransform
[        ] Transforming asm-9.8.jar (org.ow2.asm:asm:9.8) with InstrumentationAnalysisTransform
[        ] Transforming asm-9.8.jar (org.ow2.asm:asm:9.8) with MergeInstrumentationAnalysisTransform
[        ] Transforming apkzlib-8.13.1.jar (com.android.tools.build:apkzlib:8.13.1) with InstrumentationAnalysisTransform
[        ] Transforming asm-tree-9.8.jar (org.ow2.asm:asm-tree:9.8) with ExternalDependencyInstrumentingArtifactTransform
[        ] Transforming apkzlib-8.13.1.jar (com.android.tools.build:apkzlib:8.13.1) with MergeInstrumentationAnalysisTransform
[        ] Transforming asm-9.8.jar (org.ow2.asm:asm:9.8) with ExternalDependencyInstrumentingArtifactTransform
[        ] Transforming bcpkix-jdk18on-1.79.jar (org.bouncycastle:bcpkix-jdk18on:1.79) with InstrumentationAnalysisTransform
[        ] Transforming bcpkix-jdk18on-1.79.jar (org.bouncycastle:bcpkix-jdk18on:1.79) with MergeInstrumentationAnalysisTransform
[        ] Transforming apkzlib-8.13.1.jar (com.android.tools.build:apkzlib:8.13.1) with ExternalDependencyInstrumentingArtifactTransform
[        ] Transforming jaxb-runtime-2.3.2.jar (org.glassfish.jaxb:jaxb-runtime:2.3.2) with InstrumentationAnalysisTransform
[        ] Transforming jaxb-runtime-2.3.2.jar (org.glassfish.jaxb:jaxb-runtime:2.3.2) with MergeInstrumentationAnalysisTransform
[        ] Transforming bcpkix-jdk18on-1.79.jar (org.bouncycastle:bcpkix-jdk18on:1.79) with ExternalDependencyInstrumentingArtifactTransform
[        ] Transforming jopt-simple-4.9.jar (net.sf.jopt-simple:jopt-simple:4.9) with InstrumentationAnalysisTransform
[        ] Transforming jopt-simple-4.9.jar (net.sf.jopt-simple:jopt-simple:4.9) with MergeInstrumentationAnalysisTransform
[        ] Transforming jaxb-runtime-2.3.2.jar (org.glassfish.jaxb:jaxb-runtime:2.3.2) with ExternalDependencyInstrumentingArtifactTransform
[        ] Transforming javapoet-1.10.0.jar (com.squareup:javapoet:1.10.0) with InstrumentationAnalysisTransform
[        ] Transforming javapoet-1.10.0.jar (com.squareup:javapoet:1.10.0) with MergeInstrumentationAnalysisTransform
[        ] Transforming jopt-simple-4.9.jar (net.sf.jopt-simple:jopt-simple:4.9) with ExternalDependencyInstrumentingArtifactTransform
[        ] Transforming protobuf-java-util-3.25.5.jar (com.google.protobuf:protobuf-java-util:3.25.5) with InstrumentationAnalysisTransform
[        ] Transforming protobuf-java-util-3.25.5.jar (com.google.protobuf:protobuf-java-util:3.25.5) with MergeInstrumentationAnalysisTransform
[        ] Transforming javapoet-1.10.0.jar (com.squareup:javapoet:1.10.0) with ExternalDependencyInstrumentingArtifactTransform
[        ] Transforming grpc-protobuf-1.69.1.jar (io.grpc:grpc-protobuf:1.69.1) with InstrumentationAnalysisTransform
[        ] Transforming grpc-protobuf-1.69.1.jar (io.grpc:grpc-protobuf:1.69.1) with MergeInstrumentationAnalysisTransform
[        ] Transforming tink-1.7.0.jar (com.google.crypto.tink:tink:1.7.0) with InstrumentationAnalysisTransform
[        ] Transforming protobuf-java-util-3.25.5.jar (com.google.protobuf:protobuf-java-util:3.25.5) with ExternalDependencyInstrumentingArtifactTransform
[        ] Transforming tink-1.7.0.jar (com.google.crypto.tink:tink:1.7.0) with MergeInstrumentationAnalysisTransform
[        ] Transforming grpc-protobuf-1.69.1.jar (io.grpc:grpc-protobuf:1.69.1) with ExternalDependencyInstrumentingArtifactTransform
[        ] Transforming core-proto-0.0.9-alpha03.jar (com.google.testing.platform:core-proto:0.0.9-alpha03) with InstrumentationAnalysisTransform
[        ] Transforming core-proto-0.0.9-alpha03.jar (com.google.testing.platform:core-proto:0.0.9-alpha03) with MergeInstrumentationAnalysisTransform
[        ] Transforming tink-1.7.0.jar (com.google.crypto.tink:tink:1.7.0) with ExternalDependencyInstrumentingArtifactTransform
[        ] Transforming protos-31.13.1.jar (com.android.tools.analytics-library:protos:31.13.1) with InstrumentationAnalysisTransform
[        ] Transforming core-proto-0.0.9-alpha03.jar (com.google.testing.platform:core-proto:0.0.9-alpha03) with ExternalDependencyInstrumentingArtifactTransform
[        ] Transforming protos-31.13.1.jar (com.android.tools.analytics-library:protos:31.13.1) with MergeInstrumentationAnalysisTransform
[        ] Transforming proto-google-common-protos-2.48.0.jar (com.google.api.grpc:proto-google-common-protos:2.48.0) with InstrumentationAnalysisTransform
[        ] Transforming proto-google-common-protos-2.48.0.jar (com.google.api.grpc:proto-google-common-protos:2.48.0) with MergeInstrumentationAnalysisTransform
[        ] Transforming protobuf-java-3.25.5.jar (com.google.protobuf:protobuf-java:3.25.5) with InstrumentationAnalysisTransform
[        ] Transforming protos-31.13.1.jar (com.android.tools.analytics-library:protos:31.13.1) with ExternalDependencyInstrumentingArtifactTransform
[        ] Transforming protobuf-java-3.25.5.jar (com.google.protobuf:protobuf-java:3.25.5) with MergeInstrumentationAnalysisTransform
[        ] Transforming grpc-netty-1.69.1.jar (io.grpc:grpc-netty:1.69.1) with InstrumentationAnalysisTransform
[        ] Transforming proto-google-common-protos-2.48.0.jar (com.google.api.grpc:proto-google-common-protos:2.48.0) with ExternalDependencyInstrumentingArtifactTransform
[        ] Transforming protobuf-java-3.25.5.jar (com.google.protobuf:protobuf-java:3.25.5) with ExternalDependencyInstrumentingArtifactTransform
[        ] Transforming grpc-netty-1.69.1.jar (io.grpc:grpc-netty:1.69.1) with MergeInstrumentationAnalysisTransform
[        ] Transforming grpc-inprocess-1.69.1.jar (io.grpc:grpc-inprocess:1.69.1) with InstrumentationAnalysisTransform
[        ] Transforming grpc-netty-1.69.1.jar (io.grpc:grpc-netty:1.69.1) with ExternalDependencyInstrumentingArtifactTransform
[        ] Transforming grpc-inprocess-1.69.1.jar (io.grpc:grpc-inprocess:1.69.1) with MergeInstrumentationAnalysisTransform
[        ] Transforming grpc-util-1.69.1.jar (io.grpc:grpc-util:1.69.1) with InstrumentationAnalysisTransform
[        ] Transforming grpc-inprocess-1.69.1.jar (io.grpc:grpc-inprocess:1.69.1) with ExternalDependencyInstrumentingArtifactTransform
[        ] Transforming grpc-util-1.69.1.jar (io.grpc:grpc-util:1.69.1) with MergeInstrumentationAnalysisTransform
[        ] Transforming grpc-core-1.69.1.jar (io.grpc:grpc-core:1.69.1) with InstrumentationAnalysisTransform
[        ] Transforming grpc-core-1.69.1.jar (io.grpc:grpc-core:1.69.1) with MergeInstrumentationAnalysisTransform
[        ] Transforming gson-2.11.0.jar (com.google.code.gson:gson:2.11.0) with InstrumentationAnalysisTransform
[        ] Transforming grpc-util-1.69.1.jar (io.grpc:grpc-util:1.69.1) with ExternalDependencyInstrumentingArtifactTransform
[        ] Transforming gson-2.11.0.jar (com.google.code.gson:gson:2.11.0) with MergeInstrumentationAnalysisTransform
[        ] Transforming grpc-core-1.69.1.jar (io.grpc:grpc-core:1.69.1) with ExternalDependencyInstrumentingArtifactTransform
[        ] Transforming grpc-stub-1.69.1.jar (io.grpc:grpc-stub:1.69.1) with InstrumentationAnalysisTransform
[        ] Transforming gson-2.11.0.jar (com.google.code.gson:gson:2.11.0) with ExternalDependencyInstrumentingArtifactTransform
[        ] Transforming grpc-stub-1.69.1.jar (io.grpc:grpc-stub:1.69.1) with MergeInstrumentationAnalysisTransform
[        ] Transforming tensorflow-lite-metadata-0.2.0.jar (org.tensorflow:tensorflow-lite-metadata:0.2.0) with InstrumentationAnalysisTransform
[        ] Transforming tensorflow-lite-metadata-0.2.0.jar (org.tensorflow:tensorflow-lite-metadata:0.2.0) with MergeInstrumentationAnalysisTransform
[        ] Transforming flatbuffers-java-1.12.0.jar (com.google.flatbuffers:flatbuffers-java:1.12.0) with InstrumentationAnalysisTransform
[        ] Transforming grpc-stub-1.69.1.jar (io.grpc:grpc-stub:1.69.1) with ExternalDependencyInstrumentingArtifactTransform
[        ] Transforming flatbuffers-java-1.12.0.jar (com.google.flatbuffers:flatbuffers-java:1.12.0) with MergeInstrumentationAnalysisTransform
[        ] Transforming tensorflow-lite-metadata-0.2.0.jar (org.tensorflow:tensorflow-lite-metadata:0.2.0) with ExternalDependencyInstrumentingArtifactTransform
[        ] Transforming jimfs-1.1.jar (com.google.jimfs:jimfs:1.1) with InstrumentationAnalysisTransform
[        ] Transforming flatbuffers-java-1.12.0.jar (com.google.flatbuffers:flatbuffers-java:1.12.0) with ExternalDependencyInstrumentingArtifactTransform
[        ] Transforming jimfs-1.1.jar (com.google.jimfs:jimfs:1.1) with MergeInstrumentationAnalysisTransform
[        ] Transforming grpc-context-1.69.1.jar (io.grpc:grpc-context:1.69.1) with InstrumentationAnalysisTransform
[        ] Transforming grpc-context-1.69.1.jar (io.grpc:grpc-context:1.69.1) with MergeInstrumentationAnalysisTransform
[        ] Transforming grpc-protobuf-lite-1.69.1.jar (io.grpc:grpc-protobuf-lite:1.69.1) with InstrumentationAnalysisTransform
[        ] Transforming jimfs-1.1.jar (com.google.jimfs:jimfs:1.1) with ExternalDependencyInstrumentingArtifactTransform
[        ] Transforming grpc-protobuf-lite-1.69.1.jar (io.grpc:grpc-protobuf-lite:1.69.1) with MergeInstrumentationAnalysisTransform
[        ] Transforming grpc-context-1.69.1.jar (io.grpc:grpc-context:1.69.1) with ExternalDependencyInstrumentingArtifactTransform
[        ] Transforming grpc-api-1.69.1.jar (io.grpc:grpc-api:1.69.1) with InstrumentationAnalysisTransform
[        ] Transforming grpc-protobuf-lite-1.69.1.jar (io.grpc:grpc-protobuf-lite:1.69.1) with ExternalDependencyInstrumentingArtifactTransform
[        ] Transforming grpc-api-1.69.1.jar (io.grpc:grpc-api:1.69.1) with MergeInstrumentationAnalysisTransform
[        ] Transforming guava-33.3.1-jre.jar (com.google.guava:guava:33.3.1-jre) with InstrumentationAnalysisTransform
[        ] Transforming guava-33.3.1-jre.jar (com.google.guava:guava:33.3.1-jre) with MergeInstrumentationAnalysisTransform
[        ] Transforming dagger-2.28.3.jar (com.google.dagger:dagger:2.28.3) with InstrumentationAnalysisTransform
[        ] Transforming grpc-api-1.69.1.jar (io.grpc:grpc-api:1.69.1) with ExternalDependencyInstrumentingArtifactTransform
[        ] Transforming dagger-2.28.3.jar (com.google.dagger:dagger:2.28.3) with MergeInstrumentationAnalysisTransform
[        ] Transforming javax.inject-1.jar (javax.inject:javax.inject:1) with InstrumentationAnalysisTransform
[        ] Transforming guava-33.3.1-jre.jar (com.google.guava:guava:33.3.1-jre) with ExternalDependencyInstrumentingArtifactTransform
[        ] Transforming javax.inject-1.jar (javax.inject:javax.inject:1) with MergeInstrumentationAnalysisTransform
[        ] Transforming kxml2-2.3.0.jar (net.sf.kxml:kxml2:2.3.0) with InstrumentationAnalysisTransform
[        ] Transforming dagger-2.28.3.jar (com.google.dagger:dagger:2.28.3) with ExternalDependencyInstrumentingArtifactTransform
[        ] Transforming kxml2-2.3.0.jar (net.sf.kxml:kxml2:2.3.0) with MergeInstrumentationAnalysisTransform
[        ] Transforming javax.inject-1.jar (javax.inject:javax.inject:1) with ExternalDependencyInstrumentingArtifactTransform
[        ] Transforming commons-compress-1.21.jar (org.apache.commons:commons-compress:1.21) with InstrumentationAnalysisTransform
[        ] Transforming commons-compress-1.21.jar (org.apache.commons:commons-compress:1.21) with MergeInstrumentationAnalysisTransform
[        ] Transforming kxml2-2.3.0.jar (net.sf.kxml:kxml2:2.3.0) with ExternalDependencyInstrumentingArtifactTransform
[        ] Transforming bcutil-jdk18on-1.79.jar (org.bouncycastle:bcutil-jdk18on:1.79) with InstrumentationAnalysisTransform
[        ] Transforming bcutil-jdk18on-1.79.jar (org.bouncycastle:bcutil-jdk18on:1.79) with MergeInstrumentationAnalysisTransform
[        ] Transforming commons-compress-1.21.jar (org.apache.commons:commons-compress:1.21) with ExternalDependencyInstrumentingArtifactTransform
[        ] Transforming bcprov-jdk18on-1.79.jar (org.bouncycastle:bcprov-jdk18on:1.79) with InstrumentationAnalysisTransform
[        ] Transforming bcprov-jdk18on-1.79.jar (org.bouncycastle:bcprov-jdk18on:1.79) with MergeInstrumentationAnalysisTransform
[        ] Transforming bcutil-jdk18on-1.79.jar (org.bouncycastle:bcutil-jdk18on:1.79) with ExternalDependencyInstrumentingArtifactTransform
[        ] Transforming httpclient-4.5.14.jar (org.apache.httpcomponents:httpclient:4.5.14) with InstrumentationAnalysisTransform
[        ] Transforming bcprov-jdk18on-1.79.jar (org.bouncycastle:bcprov-jdk18on:1.79) with ExternalDependencyInstrumentingArtifactTransform
[        ] Transforming httpclient-4.5.14.jar (org.apache.httpcomponents:httpclient:4.5.14) with MergeInstrumentationAnalysisTransform
[        ] Transforming httpcore-4.4.16.jar (org.apache.httpcomponents:httpcore:4.4.16) with InstrumentationAnalysisTransform
[        ] Transforming httpclient-4.5.14.jar (org.apache.httpcomponents:httpclient:4.5.14) with ExternalDependencyInstrumentingArtifactTransform
[        ] Transforming httpcore-4.4.16.jar (org.apache.httpcomponents:httpcore:4.4.16) with MergeInstrumentationAnalysisTransform
[        ] Transforming javax.activation-1.2.0.jar (com.sun.activation:javax.activation:1.2.0) with InstrumentationAnalysisTransform
[        ] Transforming javax.activation-1.2.0.jar (com.sun.activation:javax.activation:1.2.0) with MergeInstrumentationAnalysisTransform
[        ] Transforming httpcore-4.4.16.jar (org.apache.httpcomponents:httpcore:4.4.16) with ExternalDependencyInstrumentingArtifactTransform
[        ] Transforming annotations-23.0.0.jar (org.jetbrains:annotations:23.0.0) with InstrumentationAnalysisTransform
[        ] Transforming javax.activation-1.2.0.jar (com.sun.activation:javax.activation:1.2.0) with ExternalDependencyInstrumentingArtifactTransform
[        ] Transforming annotations-23.0.0.jar (org.jetbrains:annotations:23.0.0) with MergeInstrumentationAnalysisTransform
[        ] Transforming signflinger-8.13.1.jar (com.android:signflinger:8.13.1) with InstrumentationAnalysisTransform
[        ] Transforming signflinger-8.13.1.jar (com.android:signflinger:8.13.1) with MergeInstrumentationAnalysisTransform
[        ] Transforming zipflinger-8.13.1.jar (com.android:zipflinger:8.13.1) with InstrumentationAnalysisTransform
[        ] Transforming annotations-23.0.0.jar (org.jetbrains:annotations:23.0.0) with ExternalDependencyInstrumentingArtifactTransform
[        ] Transforming zipflinger-8.13.1.jar (com.android:zipflinger:8.13.1) with MergeInstrumentationAnalysisTransform
[        ] Transforming annotations-31.13.1.jar (com.android.tools:annotations:31.13.1) with InstrumentationAnalysisTransform
[        ] Transforming signflinger-8.13.1.jar (com.android:signflinger:8.13.1) with ExternalDependencyInstrumentingArtifactTransform
[        ] Transforming annotations-31.13.1.jar (com.android.tools:annotations:31.13.1) with MergeInstrumentationAnalysisTransform
[        ] Transforming jna-platform-5.6.0.jar (net.java.dev.jna:jna-platform:5.6.0) with InstrumentationAnalysisTransform
[        ] Transforming zipflinger-8.13.1.jar (com.android:zipflinger:8.13.1) with ExternalDependencyInstrumentingArtifactTransform
[        ] Transforming jna-platform-5.6.0.jar (net.java.dev.jna:jna-platform:5.6.0) with MergeInstrumentationAnalysisTransform
[        ] Transforming juniversalchardet-1.0.3.jar (com.googlecode.juniversalchardet:juniversalchardet:1.0.3) with InstrumentationAnalysisTransform
[        ] Transforming annotations-31.13.1.jar (com.android.tools:annotations:31.13.1) with ExternalDependencyInstrumentingArtifactTransform
[        ] Transforming jna-platform-5.6.0.jar (net.java.dev.jna:jna-platform:5.6.0) with ExternalDependencyInstrumentingArtifactTransform
[        ] Transforming juniversalchardet-1.0.3.jar (com.googlecode.juniversalchardet:juniversalchardet:1.0.3) with MergeInstrumentationAnalysisTransform
[        ] Transforming javax.annotation-api-1.3.2.jar (javax.annotation:javax.annotation-api:1.3.2) with InstrumentationAnalysisTransform
[        ] Transforming juniversalchardet-1.0.3.jar (com.googlecode.juniversalchardet:juniversalchardet:1.0.3) with ExternalDependencyInstrumentingArtifactTransform
[        ] Transforming javax.annotation-api-1.3.2.jar (javax.annotation:javax.annotation-api:1.3.2) with MergeInstrumentationAnalysisTransform
[        ] Transforming stax-ex-1.8.1.jar (org.jvnet.staxex:stax-ex:1.8.1) with InstrumentationAnalysisTransform
[        ] Transforming stax-ex-1.8.1.jar (org.jvnet.staxex:stax-ex:1.8.1) with MergeInstrumentationAnalysisTransform
[        ] Transforming javax.annotation-api-1.3.2.jar (javax.annotation:javax.annotation-api:1.3.2) with ExternalDependencyInstrumentingArtifactTransform
[        ] Transforming jakarta.xml.bind-api-2.3.2.jar (jakarta.xml.bind:jakarta.xml.bind-api:2.3.2) with InstrumentationAnalysisTransform
[        ] Transforming stax-ex-1.8.1.jar (org.jvnet.staxex:stax-ex:1.8.1) with ExternalDependencyInstrumentingArtifactTransform
[        ] Transforming jakarta.xml.bind-api-2.3.2.jar (jakarta.xml.bind:jakarta.xml.bind-api:2.3.2) with MergeInstrumentationAnalysisTransform
[        ] Transforming txw2-2.3.2.jar (org.glassfish.jaxb:txw2:2.3.2) with InstrumentationAnalysisTransform
[        ] Transforming txw2-2.3.2.jar (org.glassfish.jaxb:txw2:2.3.2) with MergeInstrumentationAnalysisTransform
[        ] Transforming istack-commons-runtime-3.0.8.jar (com.sun.istack:istack-commons-runtime:3.0.8) with InstrumentationAnalysisTransform
[        ] Transforming jakarta.xml.bind-api-2.3.2.jar (jakarta.xml.bind:jakarta.xml.bind-api:2.3.2) with ExternalDependencyInstrumentingArtifactTransform
[        ] Transforming istack-commons-runtime-3.0.8.jar (com.sun.istack:istack-commons-runtime:3.0.8) with MergeInstrumentationAnalysisTransform
[        ] Transforming FastInfoset-1.2.16.jar (com.sun.xml.fastinfoset:FastInfoset:1.2.16) with InstrumentationAnalysisTransform
[        ] Transforming txw2-2.3.2.jar (org.glassfish.jaxb:txw2:2.3.2) with ExternalDependencyInstrumentingArtifactTransform
[        ] Transforming istack-commons-runtime-3.0.8.jar (com.sun.istack:istack-commons-runtime:3.0.8) with ExternalDependencyInstrumentingArtifactTransform
[        ] Transforming FastInfoset-1.2.16.jar (com.sun.xml.fastinfoset:FastInfoset:1.2.16) with MergeInstrumentationAnalysisTransform
[        ] Transforming jakarta.activation-api-1.2.1.jar (jakarta.activation:jakarta.activation-api:1.2.1) with InstrumentationAnalysisTransform
[   +6 ms] Transforming jakarta.activation-api-1.2.1.jar (jakarta.activation:jakarta.activation-api:1.2.1) with MergeInstrumentationAnalysisTransform
[        ] Transforming FastInfoset-1.2.16.jar (com.sun.xml.fastinfoset:FastInfoset:1.2.16) with ExternalDependencyInstrumentingArtifactTransform
[        ] Transforming auto-value-annotations-1.6.2.jar (com.google.auto.value:auto-value-annotations:1.6.2) with InstrumentationAnalysisTransform
[        ] Transforming jakarta.activation-api-1.2.1.jar (jakarta.activation:jakarta.activation-api:1.2.1) with ExternalDependencyInstrumentingArtifactTransform
[   +5 ms] Transforming auto-value-annotations-1.6.2.jar (com.google.auto.value:auto-value-annotations:1.6.2) with MergeInstrumentationAnalysisTransform
[        ] Transforming error_prone_annotations-2.30.0.jar (com.google.errorprone:error_prone_annotations:2.30.0) with InstrumentationAnalysisTransform
[        ] Transforming error_prone_annotations-2.30.0.jar (com.google.errorprone:error_prone_annotations:2.30.0) with MergeInstrumentationAnalysisTransform
[        ] Transforming auto-value-annotations-1.6.2.jar (com.google.auto.value:auto-value-annotations:1.6.2) with ExternalDependencyInstrumentingArtifactTransform
[        ] Transforming jose4j-0.9.5.jar (org.bitbucket.b_c:jose4j:0.9.5) with InstrumentationAnalysisTransform
[        ] Transforming jose4j-0.9.5.jar (org.bitbucket.b_c:jose4j:0.9.5) with MergeInstrumentationAnalysisTransform
[        ] Transforming error_prone_annotations-2.30.0.jar (com.google.errorprone:error_prone_annotations:2.30.0) with ExternalDependencyInstrumentingArtifactTransform
[        ] Transforming slf4j-api-1.7.30.jar (org.slf4j:slf4j-api:1.7.30) with InstrumentationAnalysisTransform
[        ] Transforming jose4j-0.9.5.jar (org.bitbucket.b_c:jose4j:0.9.5) with ExternalDependencyInstrumentingArtifactTransform
[        ] Transforming slf4j-api-1.7.30.jar (org.slf4j:slf4j-api:1.7.30) with MergeInstrumentationAnalysisTransform
[        ] Transforming jdom2-2.0.6.jar (org.jdom:jdom2:2.0.6) with InstrumentationAnalysisTransform
[        ] Transforming slf4j-api-1.7.30.jar (org.slf4j:slf4j-api:1.7.30) with ExternalDependencyInstrumentingArtifactTransform
[        ] Transforming jdom2-2.0.6.jar (org.jdom:jdom2:2.0.6) with MergeInstrumentationAnalysisTransform
[        ] Transforming jsr305-3.0.2.jar (com.google.code.findbugs:jsr305:3.0.2) with InstrumentationAnalysisTransform
[        ] Transforming jsr305-3.0.2.jar (com.google.code.findbugs:jsr305:3.0.2) with MergeInstrumentationAnalysisTransform
[        ] Transforming j2objc-annotations-3.0.0.jar (com.google.j2objc:j2objc-annotations:3.0.0) with InstrumentationAnalysisTransform
[        ] Transforming j2objc-annotations-3.0.0.jar (com.google.j2objc:j2objc-annotations:3.0.0) with MergeInstrumentationAnalysisTransform
[        ] Transforming jdom2-2.0.6.jar (org.jdom:jdom2:2.0.6) with ExternalDependencyInstrumentingArtifactTransform
[        ] Transforming jsr305-3.0.2.jar (com.google.code.findbugs:jsr305:3.0.2) with ExternalDependencyInstrumentingArtifactTransform
[        ] Transforming annotations-4.1.1.4.jar (com.google.android:annotations:4.1.1.4) with InstrumentationAnalysisTransform
[        ] Transforming j2objc-annotations-3.0.0.jar (com.google.j2objc:j2objc-annotations:3.0.0) with ExternalDependencyInstrumentingArtifactTransform
[        ] Transforming annotations-4.1.1.4.jar (com.google.android:annotations:4.1.1.4) with MergeInstrumentationAnalysisTransform
[        ] Transforming animal-sniffer-annotations-1.24.jar (org.codehaus.mojo:animal-sniffer-annotations:1.24) with InstrumentationAnalysisTransform
[        ] Transforming animal-sniffer-annotations-1.24.jar (org.codehaus.mojo:animal-sniffer-annotations:1.24) with MergeInstrumentationAnalysisTransform
[        ] Transforming perfmark-api-0.27.0.jar (io.perfmark:perfmark-api:0.27.0) with InstrumentationAnalysisTransform
[        ] Transforming annotations-4.1.1.4.jar (com.google.android:annotations:4.1.1.4) with ExternalDependencyInstrumentingArtifactTransform
[        ] Transforming perfmark-api-0.27.0.jar (io.perfmark:perfmark-api:0.27.0) with MergeInstrumentationAnalysisTransform
[        ] Transforming netty-codec-http2-4.1.110.Final.jar (io.netty:netty-codec-http2:4.1.110.Final) with InstrumentationAnalysisTransform
[        ] Transforming animal-sniffer-annotations-1.24.jar (org.codehaus.mojo:animal-sniffer-annotations:1.24) with ExternalDependencyInstrumentingArtifactTransform
[        ] Transforming netty-codec-http2-4.1.110.Final.jar (io.netty:netty-codec-http2:4.1.110.Final) with MergeInstrumentationAnalysisTransform
[        ] Transforming perfmark-api-0.27.0.jar (io.perfmark:perfmark-api:0.27.0) with ExternalDependencyInstrumentingArtifactTransform
[        ] Transforming netty-handler-proxy-4.1.110.Final.jar (io.netty:netty-handler-proxy:4.1.110.Final) with InstrumentationAnalysisTransform
[        ] Transforming netty-handler-proxy-4.1.110.Final.jar (io.netty:netty-handler-proxy:4.1.110.Final) with MergeInstrumentationAnalysisTransform
[        ] Transforming netty-codec-http2-4.1.110.Final.jar (io.netty:netty-codec-http2:4.1.110.Final) with ExternalDependencyInstrumentingArtifactTransform
[        ] Transforming netty-codec-http-4.1.110.Final.jar (io.netty:netty-codec-http:4.1.110.Final) with InstrumentationAnalysisTransform
[        ] Transforming netty-codec-http-4.1.110.Final.jar (io.netty:netty-codec-http:4.1.110.Final) with MergeInstrumentationAnalysisTransform
[        ] Transforming netty-handler-proxy-4.1.110.Final.jar (io.netty:netty-handler-proxy:4.1.110.Final) with ExternalDependencyInstrumentingArtifactTransform
[        ] Transforming netty-handler-4.1.110.Final.jar (io.netty:netty-handler:4.1.110.Final) with InstrumentationAnalysisTransform
[        ] Transforming netty-handler-4.1.110.Final.jar (io.netty:netty-handler:4.1.110.Final) with MergeInstrumentationAnalysisTransform
[        ] Transforming netty-codec-http-4.1.110.Final.jar (io.netty:netty-codec-http:4.1.110.Final) with ExternalDependencyInstrumentingArtifactTransform
[        ] Transforming netty-transport-native-unix-common-4.1.110.Final.jar (io.netty:netty-transport-native-unix-common:4.1.110.Final) with InstrumentationAnalysisTransform
[        ] Transforming netty-transport-native-unix-common-4.1.110.Final.jar (io.netty:netty-transport-native-unix-common:4.1.110.Final) with MergeInstrumentationAnalysisTransform
[        ] Transforming netty-handler-4.1.110.Final.jar (io.netty:netty-handler:4.1.110.Final) with ExternalDependencyInstrumentingArtifactTransform
[        ] Transforming checker-qual-3.43.0.jar (org.checkerframework:checker-qual:3.43.0) with InstrumentationAnalysisTransform
[        ] Transforming checker-qual-3.43.0.jar (org.checkerframework:checker-qual:3.43.0) with MergeInstrumentationAnalysisTransform
[        ] Transforming netty-transport-native-unix-common-4.1.110.Final.jar (io.netty:netty-transport-native-unix-common:4.1.110.Final) with ExternalDependencyInstrumentingArtifactTransform
[        ] Transforming apksig-8.13.1.jar (com.android.tools.build:apksig:8.13.1) with InstrumentationAnalysisTransform
[        ] Transforming apksig-8.13.1.jar (com.android.tools.build:apksig:8.13.1) with MergeInstrumentationAnalysisTransform
[        ] Transforming checker-qual-3.43.0.jar (org.checkerframework:checker-qual:3.43.0) with ExternalDependencyInstrumentingArtifactTransform
[        ] Transforming javawriter-2.5.0.jar (com.squareup:javawriter:2.5.0) with InstrumentationAnalysisTransform
[        ] Transforming apksig-8.13.1.jar (com.android.tools.build:apksig:8.13.1) with ExternalDependencyInstrumentingArtifactTransform
[        ] Transforming javawriter-2.5.0.jar (com.squareup:javawriter:2.5.0) with MergeInstrumentationAnalysisTransform
[        ] Transforming failureaccess-1.0.2.jar (com.google.guava:failureaccess:1.0.2) with InstrumentationAnalysisTransform
[        ] Transforming failureaccess-1.0.2.jar (com.google.guava:failureaccess:1.0.2) with MergeInstrumentationAnalysisTransform
[        ] Transforming listenablefuture-9999.0-empty-to-avoid-conflict-with-guava.jar (com.google.guava:listenablefuture:9999.0-empty-to-avoid-conflict-with-guava) with InstrumentationAnalysisTransform
[        ] Transforming listenablefuture-9999.0-empty-to-avoid-conflict-with-guava.jar (com.google.guava:listenablefuture:9999.0-empty-to-avoid-conflict-with-guava) with MergeInstrumentationAnalysisTransform
[        ] Transforming javawriter-2.5.0.jar (com.squareup:javawriter:2.5.0) with ExternalDependencyInstrumentingArtifactTransform
[        ] Transforming commons-logging-1.2.jar (commons-logging:commons-logging:1.2) with InstrumentationAnalysisTransform
[        ] Transforming failureaccess-1.0.2.jar (com.google.guava:failureaccess:1.0.2) with ExternalDependencyInstrumentingArtifactTransform
[        ] Transforming commons-logging-1.2.jar (commons-logging:commons-logging:1.2) with MergeInstrumentationAnalysisTransform
[        ] Transforming commons-codec-1.11.jar (commons-codec:commons-codec:1.11) with InstrumentationAnalysisTransform
[        ] Transforming listenablefuture-9999.0-empty-to-avoid-conflict-with-guava.jar (com.google.guava:listenablefuture:9999.0-empty-to-avoid-conflict-with-guava) with ExternalDependencyInstrumentingArtifactTransform
[        ] Transforming commons-codec-1.11.jar (commons-codec:commons-codec:1.11) with MergeInstrumentationAnalysisTransform
[        ] Transforming jna-5.6.0.jar (net.java.dev.jna:jna:5.6.0) with InstrumentationAnalysisTransform
[        ] Transforming commons-logging-1.2.jar (commons-logging:commons-logging:1.2) with ExternalDependencyInstrumentingArtifactTransform
[        ] Transforming jna-5.6.0.jar (net.java.dev.jna:jna:5.6.0) with MergeInstrumentationAnalysisTransform
[        ] Transforming commons-codec-1.11.jar (commons-codec:commons-codec:1.11) with ExternalDependencyInstrumentingArtifactTransform
[        ] Transforming netty-codec-socks-4.1.110.Final.jar (io.netty:netty-codec-socks:4.1.110.Final) with InstrumentationAnalysisTransform
[        ] Transforming jna-5.6.0.jar (net.java.dev.jna:jna:5.6.0) with ExternalDependencyInstrumentingArtifactTransform
[        ] Transforming netty-codec-socks-4.1.110.Final.jar (io.netty:netty-codec-socks:4.1.110.Final) with MergeInstrumentationAnalysisTransform
[        ] Transforming netty-codec-4.1.110.Final.jar (io.netty:netty-codec:4.1.110.Final) with InstrumentationAnalysisTransform
[        ] Transforming netty-codec-4.1.110.Final.jar (io.netty:netty-codec:4.1.110.Final) with MergeInstrumentationAnalysisTransform
[        ] Transforming netty-transport-4.1.110.Final.jar (io.netty:netty-transport:4.1.110.Final) with InstrumentationAnalysisTransform
[        ] Transforming netty-codec-socks-4.1.110.Final.jar (io.netty:netty-codec-socks:4.1.110.Final) with ExternalDependencyInstrumentingArtifactTransform
[        ] Transforming netty-transport-4.1.110.Final.jar (io.netty:netty-transport:4.1.110.Final) with MergeInstrumentationAnalysisTransform
[        ] Transforming netty-codec-4.1.110.Final.jar (io.netty:netty-codec:4.1.110.Final) with ExternalDependencyInstrumentingArtifactTransform
[        ] Transforming netty-buffer-4.1.110.Final.jar (io.netty:netty-buffer:4.1.110.Final) with InstrumentationAnalysisTransform
[        ] Transforming netty-transport-4.1.110.Final.jar (io.netty:netty-transport:4.1.110.Final) with ExternalDependencyInstrumentingArtifactTransform
[        ] Transforming netty-buffer-4.1.110.Final.jar (io.netty:netty-buffer:4.1.110.Final) with MergeInstrumentationAnalysisTransform
[        ] Transforming netty-resolver-4.1.110.Final.jar (io.netty:netty-resolver:4.1.110.Final) with InstrumentationAnalysisTransform
[        ] Transforming netty-resolver-4.1.110.Final.jar (io.netty:netty-resolver:4.1.110.Final) with MergeInstrumentationAnalysisTransform
[        ] Transforming netty-buffer-4.1.110.Final.jar (io.netty:netty-buffer:4.1.110.Final) with ExternalDependencyInstrumentingArtifactTransform
[        ] Transforming netty-common-4.1.110.Final.jar (io.netty:netty-common:4.1.110.Final) with InstrumentationAnalysisTransform
[        ] Transforming netty-common-4.1.110.Final.jar (io.netty:netty-common:4.1.110.Final) with MergeInstrumentationAnalysisTransform
[        ] Transforming netty-resolver-4.1.110.Final.jar (io.netty:netty-resolver:4.1.110.Final) with ExternalDependencyInstrumentingArtifactTransform
[        ] Transforming netty-common-4.1.110.Final.jar (io.netty:netty-common:4.1.110.Final) with ExternalDependencyInstrumentingArtifactTransform
[        ] Using default execution profile
[        ] All projects evaluated.
[        ] Task name matched 'assembleDebug'
[        ] Selected primary task 'assembleDebug' from project :
[        ] Adding -Xuse-inline-scopes-numbers Kotlin compiler flag for task :app:compileDebugKotlin
[ +434 ms] Tasks to be executed: [task ':app:DebugMinSdkCheck', task ':app:preBuild', task ':app:preDebugBuild', task ':app:mergeDebugNativeDebugMetadata', task ':app:checkKotlinGradlePluginConfigurationErrors', task ':app:compileFlutterBuildDebug', task ':app:packJniLibsflutterBuildDebug', task ':app_links:preBuild', task ':app_links:preDebugBuild', task ':app_links:writeDebugAarMetadata', task ':cloud_firestore:preBuild', task ':cloud_firestore:preDebugBuild', task ':cloud_firestore:writeDebugAarMetadata', task ':desktop_webview_auth:preBuild', task ':desktop_webview_auth:preDebugBuild', task ':desktop_webview_auth:writeDebugAarMetadata', task ':firebase_auth:preBuild', task ':firebase_auth:preDebugBuild', task ':firebase_auth:writeDebugAarMetadata', task ':firebase_core:preBuild', task ':firebase_core:preDebugBuild', task ':firebase_core:writeDebugAarMetadata', task ':firebase_messaging:preBuild', task ':firebase_messaging:preDebugBuild', task ':firebase_messaging:writeDebugAarMetadata', task ':flutter_local_notifications:preBuild', task ':flutter_local_notifications:preDebugBuild', task ':flutter_local_notifications:writeDebugAarMetadata', task ':flutter_tts:preBuild', task ':flutter_tts:preDebugBuild', task ':flutter_tts:writeDebugAarMetadata', task ':google_sign_in_android:preBuild', task ':google_sign_in_android:preDebugBuild', task ':google_sign_in_android:writeDebugAarMetadata', task ':path_provider_android:preBuild', task ':path_provider_android:preDebugBuild', task ':path_provider_android:writeDebugAarMetadata', task ':shared_preferences_android:preBuild', task ':shared_preferences_android:preDebugBuild', task ':shared_preferences_android:writeDebugAarMetadata', task ':twitter_login:preBuild', task ':twitter_login:preDebugBuild', task ':twitter_login:writeDebugAarMetadata', task ':url_launcher_android:preBuild', task ':url_launcher_android:preDebugBuild', task ':url_launcher_android:writeDebugAarMetadata', task ':app:checkDebugAarMetadata', task ':app:cleanMergeDebugAssets', task ':app:mergeDebugShaders', task ':app:compileDebugShaders', task ':app:generateDebugAssets', task ':app_links:mergeDebugShaders', task ':app_links:compileDebugShaders', task ':app_links:generateDebugAssets', task ':app_links:mergeDebugAssets', task ':cloud_firestore:mergeDebugShaders', task ':cloud_firestore:compileDebugShaders', task ':cloud_firestore:generateDebugAssets', task ':cloud_firestore:mergeDebugAssets', task ':desktop_webview_auth:mergeDebugShaders', task ':desktop_webview_auth:compileDebugShaders', task ':desktop_webview_auth:generateDebugAssets', task ':desktop_webview_auth:mergeDebugAssets', task ':firebase_auth:mergeDebugShaders', task ':firebase_auth:compileDebugShaders', task ':firebase_auth:generateDebugAssets', task ':firebase_auth:mergeDebugAssets', task ':firebase_core:mergeDebugShaders', task ':firebase_core:compileDebugShaders', task ':firebase_core:generateDebugAssets', task ':firebase_core:mergeDebugAssets', task ':firebase_messaging:mergeDebugShaders', task ':firebase_messaging:compileDebugShaders', task ':firebase_messaging:generateDebugAssets', task ':firebase_messaging:mergeDebugAssets', task ':flutter_local_notifications:mergeDebugShaders', task ':flutter_local_notifications:compileDebugShaders', task ':flutter_local_notifications:generateDebugAssets', task ':flutter_local_notifications:mergeDebugAssets', task ':flutter_tts:mergeDebugShaders', task ':flutter_tts:compileDebugShaders', task ':flutter_tts:generateDebugAssets', task ':flutter_tts:mergeDebugAssets', task ':google_sign_in_android:mergeDebugShaders', task ':google_sign_in_android:compileDebugShaders', task ':google_sign_in_android:generateDebugAssets', task ':google_sign_in_android:mergeDebugAssets', task ':path_provider_android:mergeDebugShaders', task ':path_provider_android:compileDebugShaders', task ':path_provider_android:generateDebugAssets', task ':path_provider_android:mergeDebugAssets', task ':shared_preferences_android:mergeDebugShaders', task ':shared_preferences_android:compileDebugShaders', task ':shared_preferences_android:generateDebugAssets', task ':shared_preferences_android:mergeDebugAssets', task ':twitter_login:mergeDebugShaders', task ':twitter_login:compileDebugShaders', task ':twitter_login:generateDebugAssets', task ':twitter_login:mergeDebugAssets', task ':url_launcher_android:mergeDebugShaders', task ':url_launcher_android:compileDebugShaders', task ':url_launcher_android:generateDebugAssets', task ':url_launcher_android:mergeDebugAssets', task ':app:mergeDebugAssets', task ':app:copyFlutterAssetsDebug', task ':app:generateDebugResValues', task ':app:processDebugGoogleServices', task ':app_links:generateDebugResValues', task ':app_links:generateDebugResources', task ':app_links:packageDebugResources', task ':cloud_firestore:generateDebugResValues', task ':cloud_firestore:generateDebugResources', task ':cloud_firestore:packageDebugResources', task ':desktop_webview_auth:generateDebugResValues', task ':desktop_webview_auth:generateDebugResources', task ':desktop_webview_auth:packageDebugResources', task ':firebase_auth:generateDebugResValues', task ':firebase_auth:generateDebugResources', task ':firebase_auth:packageDebugResources', task ':firebase_core:generateDebugResValues', task ':firebase_core:generateDebugResources', task ':firebase_core:packageDebugResources', task ':firebase_messaging:generateDebugResValues', task ':firebase_messaging:generateDebugResources', task ':firebase_messaging:packageDebugResources', task ':flutter_local_notifications:generateDebugResValues', task ':flutter_local_notifications:generateDebugResources', task ':flutter_local_notifications:packageDebugResources', task ':flutter_tts:generateDebugResValues', task ':flutter_tts:generateDebugResources', task ':flutter_tts:packageDebugResources', task ':google_sign_in_android:generateDebugResValues', task ':google_sign_in_android:generateDebugResources', task ':google_sign_in_android:packageDebugResources', task ':path_provider_android:generateDebugResValues', task ':path_provider_android:generateDebugResources', task ':path_provider_android:packageDebugResources', task ':shared_preferences_android:generateDebugResValues', task ':shared_preferences_android:generateDebugResources', task ':shared_preferences_android:packageDebugResources', task ':twitter_login:generateDebugResValues', task ':twitter_login:generateDebugResources', task ':twitter_login:packageDebugResources', task ':url_launcher_android:generateDebugResValues', task ':url_launcher_android:generateDebugResources', task ':url_launcher_android:packageDebugResources', task ':app:mapDebugSourceSetPaths', task ':app:generateDebugResources', task ':app:mergeDebugResources', task ':app:packageDebugResources', task ':app:parseDebugLocalResources', task ':app:createDebugCompatibleScreenManifests', task ':app:extractDeepLinksDebug', task ':app_links:extractDeepLinksDebug', task ':app_links:processDebugManifest', task ':cloud_firestore:extractDeepLinksDebug', task ':cloud_firestore:processDebugManifest', task ':desktop_webview_auth:extractDeepLinksDebug', task ':desktop_webview_auth:processDebugManifest', task ':firebase_auth:extractDeepLinksDebug', task ':firebase_auth:processDebugManifest', task ':firebase_core:extractDeepLinksDebug', task ':firebase_core:processDebugManifest', task ':firebase_messaging:extractDeepLinksDebug', task ':firebase_messaging:processDebugManifest', task ':flutter_local_notifications:extractDeepLinksDebug', task ':flutter_local_notifications:processDebugManifest', task ':flutter_tts:extractDeepLinksDebug', task ':flutter_tts:processDebugManifest', task ':google_sign_in_android:extractDeepLinksDebug', task ':google_sign_in_android:processDebugManifest', task ':path_provider_android:extractDeepLinksDebug', task ':path_provider_android:processDebugManifest', task ':shared_preferences_android:extractDeepLinksDebug', task ':shared_preferences_android:processDebugManifest', task ':twitter_login:extractDeepLinksDebug', task ':twitter_login:processDebugManifest', task ':url_launcher_android:extractDeepLinksDebug', task ':url_launcher_android:processDebugManifest', task ':app:processDebugMainManifest', task ':app:outputDebugAppLinkSettings', task ':app:processDebugManifest', task ':app:processDebugManifestForPackage', task ':app_links:compileDebugLibraryResources', task ':app_links:parseDebugLocalResources', task ':app_links:generateDebugRFile', task ':cloud_firestore:compileDebugLibraryResources', task ':cloud_firestore:parseDebugLocalResources', task ':cloud_firestore:generateDebugRFile', task ':desktop_webview_auth:compileDebugLibraryResources', task ':desktop_webview_auth:parseDebugLocalResources', task ':desktop_webview_auth:generateDebugRFile', task ':firebase_auth:compileDebugLibraryResources', task ':firebase_auth:parseDebugLocalResources', task ':firebase_auth:generateDebugRFile', task ':firebase_core:compileDebugLibraryResources', task ':firebase_core:parseDebugLocalResources', task ':firebase_core:generateDebugRFile', task ':firebase_messaging:compileDebugLibraryResources', task ':firebase_messaging:parseDebugLocalResources', task ':firebase_messaging:generateDebugRFile', task ':flutter_local_notifications:compileDebugLibraryResources', task ':flutter_local_notifications:parseDebugLocalResources', task ':flutter_local_notifications:generateDebugRFile', task ':flutter_tts:compileDebugLibraryResources', task ':flutter_tts:parseDebugLocalResources', task ':flutter_tts:generateDebugRFile', task ':google_sign_in_android:compileDebugLibraryResources', task ':google_sign_in_android:parseDebugLocalResources', task ':google_sign_in_android:generateDebugRFile', task ':path_provider_android:compileDebugLibraryResources', task ':path_provider_android:parseDebugLocalResources', task ':path_provider_android:generateDebugRFile', task ':shared_preferences_android:compileDebugLibraryResources', task ':shared_preferences_android:parseDebugLocalResources', task ':shared_preferences_android:generateDebugRFile', task ':twitter_login:compileDebugLibraryResources', task ':twitter_login:parseDebugLocalResources', task ':twitter_login:generateDebugRFile', task ':url_launcher_android:compileDebugLibraryResources', task ':url_launcher_android:parseDebugLocalResources', task ':url_launcher_android:generateDebugRFile', task ':app:processDebugResources', task ':app_links:javaPreCompileDebug', task ':app_links:compileDebugJavaWithJavac', task ':app_links:bundleLibCompileToJarDebug', task ':cloud_firestore:generateDebugBuildConfig', task ':cloud_firestore:javaPreCompileDebug', task ':firebase_core:generateDebugBuildConfig', task ':firebase_core:javaPreCompileDebug', task ':firebase_core:compileDebugJavaWithJavac', task ':firebase_core:bundleLibCompileToJarDebug', task ':cloud_firestore:compileDebugJavaWithJavac', task ':cloud_firestore:bundleLibCompileToJarDebug', task ':desktop_webview_auth:checkKotlinGradlePluginConfigurationErrors', task ':desktop_webview_auth:compileDebugKotlin', task ':desktop_webview_auth:javaPreCompileDebug', task ':desktop_webview_auth:compileDebugJavaWithJavac', task ':desktop_webview_auth:bundleLibCompileToJarDebug', task ':firebase_auth:generateDebugBuildConfig', task ':firebase_auth:javaPreCompileDebug', task ':firebase_auth:compileDebugJavaWithJavac', task ':firebase_auth:bundleLibCompileToJarDebug', task ':firebase_messaging:generateDebugBuildConfig', task ':firebase_messaging:javaPreCompileDebug', task ':firebase_messaging:compileDebugJavaWithJavac', task ':firebase_messaging:bundleLibCompileToJarDebug', task ':flutter_local_notifications:javaPreCompileDebug', task ':flutter_local_notifications:compileDebugJavaWithJavac', task ':flutter_local_notifications:bundleLibCompileToJarDebug', task ':flutter_tts:checkKotlinGradlePluginConfigurationErrors', task ':flutter_tts:compileDebugKotlin', task ':flutter_tts:javaPreCompileDebug', task ':flutter_tts:compileDebugJavaWithJavac', task ':flutter_tts:bundleLibCompileToJarDebug', task ':google_sign_in_android:javaPreCompileDebug', task ':google_sign_in_android:compileDebugJavaWithJavac', task ':google_sign_in_android:bundleLibCompileToJarDebug', task ':path_provider_android:javaPreCompileDebug', task ':path_provider_android:compileDebugJavaWithJavac', task ':path_provider_android:bundleLibCompileToJarDebug', task ':shared_preferences_android:checkKotlinGradlePluginConfigurationErrors', task ':shared_preferences_android:compileDebugKotlin', task ':shared_preferences_android:javaPreCompileDebug', task ':shared_preferences_android:compileDebugJavaWithJavac', task ':shared_preferences_android:bundleLibCompileToJarDebug', task ':twitter_login:checkKotlinGradlePluginConfigurationErrors', task ':twitter_login:compileDebugKotlin', task ':twitter_login:javaPreCompileDebug', task ':twitter_login:compileDebugJavaWithJavac', task ':twitter_login:bundleLibCompileToJarDebug', task ':url_launcher_android:generateDebugBuildConfig', task ':url_launcher_android:javaPreCompileDebug', task ':url_launcher_android:compileDebugJavaWithJavac', task ':url_launcher_android:bundleLibCompileToJarDebug', task ':app:compileDebugKotlin', task ':app:javaPreCompileDebug', task ':app:compileDebugJavaWithJavac', task ':app:compressDebugAssets', task ':app:l8DexDesugarLibDebug', task ':app:processDebugJavaRes', task ':app_links:processDebugJavaRes', task ':cloud_firestore:processDebugJavaRes', task ':desktop_webview_auth:processDebugJavaRes', task ':firebase_auth:processDebugJavaRes', task ':firebase_core:processDebugJavaRes', task ':firebase_messaging:processDebugJavaRes', task ':flutter_local_notifications:processDebugJavaRes', task ':flutter_tts:processDebugJavaRes', task ':google_sign_in_android:processDebugJavaRes', task ':path_provider_android:processDebugJavaRes', task ':shared_preferences_android:processDebugJavaRes', task ':twitter_login:processDebugJavaRes', task ':url_launcher_android:processDebugJavaRes', task ':app:mergeDebugJavaResource', task ':app:checkDebugDuplicateClasses', task ':app:desugarDebugFileDependencies', task ':app:mergeExtDexDebug', task ':app_links:bundleLibRuntimeToDirDebug', task ':cloud_firestore:bundleLibRuntimeToDirDebug', task ':desktop_webview_auth:bundleLibRuntimeToDirDebug', task ':firebase_auth:bundleLibRuntimeToDirDebug', task ':firebase_messaging:bundleLibRuntimeToDirDebug', task ':firebase_core:bundleLibRuntimeToDirDebug', task ':flutter_local_notifications:bundleLibRuntimeToDirDebug', task ':flutter_tts:bundleLibRuntimeToDirDebug', task ':google_sign_in_android:bundleLibRuntimeToDirDebug', task ':path_provider_android:bundleLibRuntimeToDirDebug', task ':shared_preferences_android:bundleLibRuntimeToDirDebug', task ':twitter_login:bundleLibRuntimeToDirDebug', task ':url_launcher_android:bundleLibRuntimeToDirDebug', task ':app:mergeLibDexDebug', task ':app:dexBuilderDebug', task ':app:mergeProjectDexDebug', task ':app:configureCMakeDebug[arm64-v8a]', task ':app:buildCMakeDebug[arm64-v8a]', task ':app:configureCMakeDebug[armeabi-v7a]', task ':app:buildCMakeDebug[armeabi-v7a]', task ':app:configureCMakeDebug[x86_64]', task ':app:buildCMakeDebug[x86_64]', task ':app:mergeDebugJniLibFolders', task ':app_links:mergeDebugJniLibFolders', task ':app_links:mergeDebugNativeLibs', task ':app_links:copyDebugJniLibsProjectOnly', task ':cloud_firestore:mergeDebugJniLibFolders', task ':cloud_firestore:mergeDebugNativeLibs', task ':cloud_firestore:copyDebugJniLibsProjectOnly', task ':desktop_webview_auth:mergeDebugJniLibFolders', task ':desktop_webview_auth:mergeDebugNativeLibs', task ':desktop_webview_auth:copyDebugJniLibsProjectOnly', task ':firebase_auth:mergeDebugJniLibFolders', task ':firebase_auth:mergeDebugNativeLibs', task ':firebase_auth:copyDebugJniLibsProjectOnly', task ':firebase_core:mergeDebugJniLibFolders', task ':firebase_core:mergeDebugNativeLibs', task ':firebase_core:copyDebugJniLibsProjectOnly', task ':firebase_messaging:mergeDebugJniLibFolders', task ':firebase_messaging:mergeDebugNativeLibs', task ':firebase_messaging:copyDebugJniLibsProjectOnly', task ':flutter_local_notifications:mergeDebugJniLibFolders', task ':flutter_local_notifications:mergeDebugNativeLibs', task ':flutter_local_notifications:copyDebugJniLibsProjectOnly', task ':flutter_tts:mergeDebugJniLibFolders', task ':flutter_tts:mergeDebugNativeLibs', task ':flutter_tts:copyDebugJniLibsProjectOnly', task ':google_sign_in_android:mergeDebugJniLibFolders', task ':google_sign_in_android:mergeDebugNativeLibs', task ':google_sign_in_android:copyDebugJniLibsProjectOnly', task ':path_provider_android:mergeDebugJniLibFolders', task ':path_provider_android:mergeDebugNativeLibs', task ':path_provider_android:copyDebugJniLibsProjectOnly', task ':shared_preferences_android:mergeDebugJniLibFolders', task ':shared_preferences_android:mergeDebugNativeLibs', task ':shared_preferences_android:copyDebugJniLibsProjectOnly', task ':twitter_login:mergeDebugJniLibFolders', task ':twitter_login:mergeDebugNativeLibs', task ':twitter_login:copyDebugJniLibsProjectOnly', task ':url_launcher_android:mergeDebugJniLibFolders', task ':url_launcher_android:mergeDebugNativeLibs', task ':url_launcher_android:copyDebugJniLibsProjectOnly', task ':app:mergeDebugNativeLibs', task ':app:stripDebugDebugSymbols', task ':app:validateSigningDebug', task ':app:writeDebugAppMetadata', task ':app:writeDebugSigningConfigVersions', task ':app:packageDebug', task ':app:createDebugApkListingFileRedirect', task ':app:assembleDebug', task ':app_links:stripDebugDebugSymbols', task ':app_links:copyDebugJniLibsProjectAndLocalJars', task ':app_links:extractDebugAnnotations', task ':app_links:extractDeepLinksForAarDebug', task ':app_links:mergeDebugGeneratedProguardFiles', task ':app_links:mergeDebugConsumerProguardFiles', task ':app_links:prepareDebugArtProfile', task ':app_links:prepareLintJarForPublish', task ':app_links:mergeDebugJavaResource', task ':app_links:syncDebugLibJars', task ':app_links:bundleDebugAar', task ':app_links:assembleDebug', task ':cloud_firestore:stripDebugDebugSymbols', task ':cloud_firestore:copyDebugJniLibsProjectAndLocalJars', task ':cloud_firestore:extractDebugAnnotations', task ':cloud_firestore:extractDeepLinksForAarDebug', task ':cloud_firestore:mergeDebugGeneratedProguardFiles', task ':cloud_firestore:mergeDebugConsumerProguardFiles', task ':cloud_firestore:prepareDebugArtProfile', task ':cloud_firestore:prepareLintJarForPublish', task ':cloud_firestore:mergeDebugJavaResource', task ':cloud_firestore:syncDebugLibJars', task ':cloud_firestore:bundleDebugAar', task ':cloud_firestore:assembleDebug', task ':desktop_webview_auth:stripDebugDebugSymbols', task ':desktop_webview_auth:copyDebugJniLibsProjectAndLocalJars', task ':desktop_webview_auth:extractDebugAnnotations', task ':desktop_webview_auth:extractDeepLinksForAarDebug', task ':desktop_webview_auth:mergeDebugGeneratedProguardFiles', task ':desktop_webview_auth:mergeDebugConsumerProguardFiles', task ':desktop_webview_auth:prepareDebugArtProfile', task ':desktop_webview_auth:prepareLintJarForPublish', task ':desktop_webview_auth:mergeDebugJavaResource', task ':desktop_webview_auth:syncDebugLibJars', task ':desktop_webview_auth:bundleDebugAar', task ':desktop_webview_auth:assembleDebug', task ':firebase_auth:stripDebugDebugSymbols', task ':firebase_auth:copyDebugJniLibsProjectAndLocalJars', task ':firebase_auth:extractDebugAnnotations', task ':firebase_auth:extractDeepLinksForAarDebug', task ':firebase_auth:mergeDebugGeneratedProguardFiles', task ':firebase_auth:mergeDebugConsumerProguardFiles', task ':firebase_auth:prepareDebugArtProfile', task ':firebase_auth:prepareLintJarForPublish', task ':firebase_auth:mergeDebugJavaResource', task ':firebase_auth:syncDebugLibJars', task ':firebase_auth:bundleDebugAar', task ':firebase_auth:assembleDebug', task ':firebase_core:stripDebugDebugSymbols', task ':firebase_core:copyDebugJniLibsProjectAndLocalJars', task ':firebase_core:extractDebugAnnotations', task ':firebase_core:extractDeepLinksForAarDebug', task ':firebase_core:mergeDebugGeneratedProguardFiles', task ':firebase_core:mergeDebugConsumerProguardFiles', task ':firebase_core:prepareDebugArtProfile', task ':firebase_core:prepareLintJarForPublish', task ':firebase_core:mergeDebugJavaResource', task ':firebase_core:syncDebugLibJars', task ':firebase_core:bundleDebugAar', task ':firebase_core:assembleDebug', task ':firebase_messaging:stripDebugDebugSymbols', task ':firebase_messaging:copyDebugJniLibsProjectAndLocalJars', task ':firebase_messaging:extractDebugAnnotations', task ':firebase_messaging:extractDeepLinksForAarDebug', task ':firebase_messaging:mergeDebugGeneratedProguardFiles', task ':firebase_messaging:mergeDebugConsumerProguardFiles', task ':firebase_messaging:prepareDebugArtProfile', task ':firebase_messaging:prepareLintJarForPublish', task ':firebase_messaging:mergeDebugJavaResource', task ':firebase_messaging:syncDebugLibJars', task ':firebase_messaging:bundleDebugAar', task ':firebase_messaging:assembleDebug', task ':flutter_local_notifications:stripDebugDebugSymbols', task ':flutter_local_notifications:copyDebugJniLibsProjectAndLocalJars', task ':flutter_local_notifications:extractDebugAnnotations', task ':flutter_local_notifications:extractDeepLinksForAarDebug', task ':flutter_local_notifications:mergeDebugGeneratedProguardFiles', task ':flutter_local_notifications:mergeDebugConsumerProguardFiles', task ':flutter_local_notifications:prepareDebugArtProfile', task ':flutter_local_notifications:prepareLintJarForPublish', task ':flutter_local_notifications:mergeDebugJavaResource', task ':flutter_local_notifications:syncDebugLibJars', task ':flutter_local_notifications:bundleDebugAar', task ':flutter_local_notifications:assembleDebug', task ':flutter_tts:stripDebugDebugSymbols', task ':flutter_tts:copyDebugJniLibsProjectAndLocalJars', task ':flutter_tts:extractDebugAnnotations', task ':flutter_tts:extractDeepLinksForAarDebug', task ':flutter_tts:mergeDebugGeneratedProguardFiles', task ':flutter_tts:mergeDebugConsumerProguardFiles', task ':flutter_tts:prepareDebugArtProfile', task ':flutter_tts:prepareLintJarForPublish', task ':flutter_tts:mergeDebugJavaResource', task ':flutter_tts:syncDebugLibJars', task ':flutter_tts:bundleDebugAar', task ':flutter_tts:assembleDebug', task ':google_sign_in_android:stripDebugDebugSymbols', task ':google_sign_in_android:copyDebugJniLibsProjectAndLocalJars', task ':google_sign_in_android:extractDebugAnnotations', task ':google_sign_in_android:extractDeepLinksForAarDebug', task ':google_sign_in_android:mergeDebugGeneratedProguardFiles', task ':google_sign_in_android:mergeDebugConsumerProguardFiles', task ':google_sign_in_android:prepareDebugArtProfile', task ':google_sign_in_android:prepareLintJarForPublish', task ':google_sign_in_android:mergeDebugJavaResource', task ':google_sign_in_android:syncDebugLibJars', task ':google_sign_in_android:bundleDebugAar', task ':google_sign_in_android:assembleDebug', task ':path_provider_android:stripDebugDebugSymbols', task ':path_provider_android:copyDebugJniLibsProjectAndLocalJars', task ':path_provider_android:extractDebugAnnotations', task ':path_provider_android:extractDeepLinksForAarDebug', task ':path_provider_android:mergeDebugGeneratedProguardFiles', task ':path_provider_android:mergeDebugConsumerProguardFiles', task ':path_provider_android:prepareDebugArtProfile', task ':path_provider_android:prepareLintJarForPublish', task ':path_provider_android:mergeDebugJavaResource', task ':path_provider_android:syncDebugLibJars', task ':path_provider_android:bundleDebugAar', task ':path_provider_android:assembleDebug', task ':shared_preferences_android:stripDebugDebugSymbols', task ':shared_preferences_android:copyDebugJniLibsProjectAndLocalJars', task ':shared_preferences_android:extractDebugAnnotations', task ':shared_preferences_android:extractDeepLinksForAarDebug', task ':shared_preferences_android:mergeDebugGeneratedProguardFiles', task ':shared_preferences_android:mergeDebugConsumerProguardFiles', task ':shared_preferences_android:prepareDebugArtProfile', task ':shared_preferences_android:prepareLintJarForPublish', task ':shared_preferences_android:mergeDebugJavaResource', task ':shared_preferences_android:syncDebugLibJars', task ':shared_preferences_android:bundleDebugAar', task ':shared_preferences_android:assembleDebug', task ':twitter_login:stripDebugDebugSymbols', task ':twitter_login:copyDebugJniLibsProjectAndLocalJars', task ':twitter_login:extractDebugAnnotations', task ':twitter_login:extractDeepLinksForAarDebug', task ':twitter_login:mergeDebugGeneratedProguardFiles', task ':twitter_login:mergeDebugConsumerProguardFiles', task ':twitter_login:prepareDebugArtProfile', task ':twitter_login:prepareLintJarForPublish', task ':twitter_login:mergeDebugJavaResource', task ':twitter_login:syncDebugLibJars', task ':twitter_login:bundleDebugAar', task ':twitter_login:assembleDebug', task ':url_launcher_android:stripDebugDebugSymbols', task ':url_launcher_android:copyDebugJniLibsProjectAndLocalJars', task ':url_launcher_android:extractDebugAnnotations', task ':url_launcher_android:extractDeepLinksForAarDebug', task ':url_launcher_android:mergeDebugGeneratedProguardFiles', task ':url_launcher_android:mergeDebugConsumerProguardFiles', task ':url_launcher_android:prepareDebugArtProfile', task ':url_launcher_android:prepareLintJarForPublish', task ':url_launcher_android:mergeDebugJavaResource', task ':url_launcher_android:syncDebugLibJars', task ':url_launcher_android:bundleDebugAar', task ':url_launcher_android:assembleDebug']
[   +1 ms] Tasks that were excluded: []
[        ] work action Parameters of ClassesDirToClassesTransform (Thread[#558,Execution worker Thread 7,5,main]) started.
[        ] work action Parameters of DexingNoClasspathTransform (Thread[#551,included builds,5,main]) started.
[        ] Transforming desugar_jdk_libs-2.0.3.jar (com.android.tools:desugar_jdk_libs:2.0.3) with DesugarLibConfigExtractor
[        ] Transforming desugar_jdk_libs_configuration-2.0.3.jar (com.android.tools:desugar_jdk_libs_configuration:2.0.3) with DesugarLibConfigExtractor
[        ] Resolve mutations for :app:DebugMinSdkCheck (Thread[#551,included builds,5,main]) started.
[        ] :app:DebugMinSdkCheck (Thread[#551,included builds,5,main]) started.
[        ] > Task :app:DebugMinSdkCheck
[        ] Caching disabled for task ':app:DebugMinSdkCheck' because:
[        ]   Build cache is disabled
[        ] Task ':app:DebugMinSdkCheck' is not up-to-date because:
[        ]   Task has not declared any outputs despite executing actions.
[        ] Resolve mutations for :app:preBuild (Thread[#551,included builds,5,main]) started.
[        ] :app:preBuild (Thread[#551,included builds,5,main]) started.
[        ] > Task :app:preBuild UP-TO-DATE
[        ] Skipping task ':app:preBuild' as it has no actions.
[        ] Resolve mutations for :app:preDebugBuild (Thread[#551,included builds,5,main]) started.
[        ] :app:preDebugBuild (Thread[#563,Execution worker Thread 12,5,main]) started.
[        ] > Task :app:preDebugBuild UP-TO-DATE
[        ] Skipping task ':app:preDebugBuild' as it has no actions.
[        ] Resolve mutations for :app:mergeDebugNativeDebugMetadata (Thread[#563,Execution worker Thread 12,5,main]) started.
[        ] :app:mergeDebugNativeDebugMetadata (Thread[#563,Execution worker Thread 12,5,main]) started.
[        ] > Task :app:mergeDebugNativeDebugMetadata NO-SOURCE
[        ] Skipping task ':app:mergeDebugNativeDebugMetadata' as it has no source files and no previous output files.
[        ] Resolve mutations for :app:checkKotlinGradlePluginConfigurationErrors (Thread[#563,Execution worker Thread 12,5,main]) started.
[        ] :app:checkKotlinGradlePluginConfigurationErrors (Thread[#552,Execution worker,5,main]) started.
[        ] > Task :app:checkKotlinGradlePluginConfigurationErrors SKIPPED
[        ] Skipping task ':app:checkKotlinGradlePluginConfigurationErrors' as task onlyIf 'errorDiagnostics are present' is false.
[        ] Resolve mutations for :app:compileFlutterBuildDebug (Thread[#564,Execution worker Thread 13,5,main]) started.
[        ] :app:compileFlutterBuildDebug (Thread[#564,Execution worker Thread 13,5,main]) started.
[+1990 ms] > Task :app:compileFlutterBuildDebug
[        ] Caching disabled for task ':app:compileFlutterBuildDebug' because:
[        ]   Build cache is disabled
[        ]   Caching has not been enabled for the task
[        ] Task ':app:compileFlutterBuildDebug' is not up-to-date because:
[        ]   Value of input property 'verbose' has changed for task ':app:compileFlutterBuildDebug'
[        ] Starting process 'command 'C:\Users\bhavy\develop\flutter\bin\flutter.bat''. Working directory: D:\Projects\govunity_connect3-master Command: C:\Users\bhavy\develop\flutter\bin\flutter.bat --verbose assemble --no-version-check --depfile D:\Projects\govunity_connect3-master\build\app\intermediates\flutter\debug/flutter_build.d --output D:\Projects\govunity_connect3-master\build\app\intermediates\flutter\debug -dTargetFile=lib\main.dart -dTargetPlatform=android -dBuildMode=debug -dTrackWidgetCreation=true --DartDefines=RkxVVFRFUl9WRVJTSU9OPTMuNDEuMg==,RkxVVFRFUl9DSEFOTkVMPXN0YWJsZQ==,RkxVVFRFUl9HSVRfVVJMPWh0dHBzOi8vZ2l0aHViLmNvbS9mbHV0dGVyL2ZsdXR0ZXIuZ2l0,RkxVVFRFUl9GUkFNRVdPUktfUkVWSVNJT049OTA2NzNhNGVlZg==,RkxVVFRFUl9FTkdJTkVfUkVWSVNJT049NmMwYmFhZWJmNw==,RkxVVFRFUl9EQVJUX1ZFUlNJT049My4xMS4w -dFlavor= -dAndroidArchs=android-arm android-arm64 android-x64 -dMinSdkVersion=24 debug_android_application
[        ] Successfully started process 'command 'C:\Users\bhavy\develop\flutter\bin\flutter.bat''
[        ] [ +165 ms] Artifact Instance of 'MaterialFonts' is not required, skipping update.
[        ] [   +3 ms] Artifact Instance of 'GradleWrapper' is not required, skipping update.
[        ] [        ] Artifact Instance of 'AndroidGenSnapshotArtifacts' is not required, skipping update.
[        ] [        ] Artifact Instance of 'AndroidInternalBuildArtifacts' is not required, skipping update.
[        ] [        ] Artifact Instance of 'IOSEngineArtifacts' is not required, skipping update.
[        ] [        ] Artifact Instance of 'FlutterWebSdk' is not required, skipping update.
[        ] [        ] Artifact Instance of 'LegacyCanvasKitRemover' is not required, skipping update.
[        ] [        ] Artifact Instance of 'FlutterSdk' is not required, skipping update.
[        ] [        ] Artifact Instance of 'WindowsEngineArtifacts' is not required, skipping update.
[        ] [        ] Artifact Instance of 'MacOSEngineArtifacts' is not required, skipping update.
[        ] [        ] Artifact Instance of 'LinuxEngineArtifacts' is not required, skipping update.
[        ] [        ] Artifact Instance of 'LinuxFuchsiaSDKArtifacts' is not required, skipping update.
[        ] [        ] Artifact Instance of 'MacOSFuchsiaSDKArtifacts' is not required, skipping update.
[        ] [        ] Artifact Instance of 'FlutterRunnerSDKArtifacts' is not required, skipping update.
[        ] [        ] Artifact Instance of 'FlutterRunnerDebugSymbols' is not required, skipping update.
[        ] [        ] Artifact Instance of 'IosUsbArtifacts' is not required, skipping update.
[        ] [        ] Artifact Instance of 'IosUsbArtifacts' is not required, skipping update.
[        ] [        ] Artifact Instance of 'IosUsbArtifacts' is not required, skipping update.
[        ] [        ] Artifact Instance of 'IosUsbArtifacts' is not required, skipping update.
[        ] [        ] Artifact Instance of 'IosUsbArtifacts' is not required, skipping update.
[        ] [        ] Artifact Instance of 'IosUsbArtifacts' is not required, skipping update.
[        ] [        ] Artifact Instance of 'FontSubsetArtifacts' is not required, skipping update.
[        ] [        ] Artifact Instance of 'PubDependencies' is not required, skipping update.
[        ] [  +12 ms] Artifact Instance of 'AndroidGenSnapshotArtifacts' is not required, skipping update.
[        ] [        ] Artifact Instance of 'AndroidInternalBuildArtifacts' is not required, skipping update.
[        ] [        ] Artifact Instance of 'IOSEngineArtifacts' is not required, skipping update.
[        ] [        ] Artifact Instance of 'FlutterWebSdk' is not required, skipping update.
[        ] [        ] Artifact Instance of 'FlutterEngineStamp' is not required, skipping update.
[        ] [        ] Artifact Instance of 'LegacyCanvasKitRemover' is not required, skipping update.
[        ] [   +2 ms] Artifact Instance of 'WindowsEngineArtifacts' is not required, skipping update.
[        ] [        ] Artifact Instance of 'MacOSEngineArtifacts' is not required, skipping update.
[        ] [        ] Artifact Instance of 'LinuxEngineArtifacts' is not required, skipping update.
[        ] [        ] Artifact Instance of 'LinuxFuchsiaSDKArtifacts' is not required, skipping update.
[        ] [        ] Artifact Instance of 'MacOSFuchsiaSDKArtifacts' is not required, skipping update.
[        ] [        ] Artifact Instance of 'FlutterRunnerSDKArtifacts' is not required, skipping update.
[        ] [        ] Artifact Instance of 'FlutterRunnerDebugSymbols' is not required, skipping update.
[        ] [  +71 ms] Artifact Instance of 'MaterialFonts' is not required, skipping update.
[        ] [        ] Artifact Instance of 'GradleWrapper' is not required, skipping update.
[        ] [   +2 ms] Artifact Instance of 'AndroidInternalBuildArtifacts' is not required, skipping update.
[        ] [        ] Artifact Instance of 'IOSEngineArtifacts' is not required, skipping update.
[        ] [        ] Artifact Instance of 'FlutterWebSdk' is not required, skipping update.
[        ] [        ] Artifact Instance of 'FlutterEngineStamp' is not required, skipping update.
[        ] [        ] Artifact Instance of 'LegacyCanvasKitRemover' is not required, skipping update.
[        ] [        ] Artifact Instance of 'FlutterSdk' is not required, skipping update.
[        ] [        ] Artifact Instance of 'WindowsEngineArtifacts' is not required, skipping update.
[        ] [        ] Artifact Instance of 'MacOSEngineArtifacts' is not required, skipping update.
[        ] [        ] Artifact Instance of 'LinuxEngineArtifacts' is not required, skipping update.
[        ] [        ] Artifact Instance of 'LinuxFuchsiaSDKArtifacts' is not required, skipping update.
[        ] [        ] Artifact Instance of 'MacOSFuchsiaSDKArtifacts' is not required, skipping update.
[        ] [        ] Artifact Instance of 'FlutterRunnerSDKArtifacts' is not required, skipping update.
[        ] [        ] Artifact Instance of 'FlutterRunnerDebugSymbols' is not required, skipping update.
[        ] [        ] Artifact Instance of 'IosUsbArtifacts' is not required, skipping update.
[        ] [        ] Artifact Instance of 'IosUsbArtifacts' is not required, skipping update.
[        ] [        ] Artifact Instance of 'IosUsbArtifacts' is not required, skipping update.
[        ] [        ] Artifact Instance of 'IosUsbArtifacts' is not required, skipping update.
[        ] [        ] Artifact Instance of 'IosUsbArtifacts' is not required, skipping update.
[        ] [        ] Artifact Instance of 'IosUsbArtifacts' is not required, skipping update.
[        ] [        ] Artifact Instance of 'FontSubsetArtifacts' is not required, skipping update.
[        ] [        ] Artifact Instance of 'PubDependencies' is not required, skipping update.
[        ] [  +51 ms] Initializing file store
[        ] [  +24 ms] Done initializing file store
[        ] [  +75 ms] Skipping target: dart_build
[        ] [   +1 ms] Skipping target: gen_dart_plugin_registrant
[        ] [        ] Skipping target: install_code_assets
[        ] [        ] Skipping target: gen_localizations
[ +396 ms] [+1009 ms] Skipping target: kernel_snapshot_program
[        ] [  +13 ms] invalidated build due to missing files: D:\Projects\govunity_connect3-master\DOES_NOT_EXIST_RERUN_FOR_WILDCARD1073153876
[ +500 ms] [ +439 ms] debug_android_application: Starting due to {InvalidatedReasonKind.inputMissing: The following inputs were missing: D:\Projects\govunity_connect3-master\DOES_NOT_EXIST_RERUN_FOR_WILDCARD1073153876}
[ +297 ms] [ +344 ms] Manifest contained wildcard assets. Inserting missing file into build graph to force rerun. for more information see #56466.
[        ] [  +18 ms] shaderc command: [C:\Users\bhavy\develop\flutter\bin\cache\artifacts\engine\windows-x64\impellerc.exe, --sksl, --runtime-stage-gles, --runtime-stage-gles3, --runtime-stage-vulkan, --iplr, --sl=D:\Projects\govunity_connect3-master\build\app\intermediates\flutter\debug\flutter_assets\shaders/ink_sparkle.frag, --spirv=D:\Projects\govunity_connect3-master\build\app\intermediates\flutter\debug\flutter_assets\shaders/ink_sparkle.frag.spirv, --input=C:\Users\bhavy\develop\flutter\packages\flutter\lib\src\material\shaders\ink_sparkle.frag, --input-type=frag, --include=C:\Users\bhavy\develop\flutter\packages\flutter\lib\src\material\shaders, --include=C:\Users\bhavy\develop\flutter\bin\cache\artifacts\engine\windows-x64\shader_lib]
[        ] [   +9 ms] shaderc command: [C:\Users\bhavy\develop\flutter\bin\cache\artifacts\engine\windows-x64\impellerc.exe, --sksl, --runtime-stage-gles, --runtime-stage-gles3, --runtime-stage-vulkan, --iplr, --sl=D:\Projects\govunity_connect3-master\build\app\intermediates\flutter\debug\flutter_assets\shaders/stretch_effect.frag, --spirv=D:\Projects\govunity_connect3-master\build\app\intermediates\flutter\debug\flutter_assets\shaders/stretch_effect.frag.spirv, --input=C:\Users\bhavy\develop\flutter\packages\flutter\lib\src\material\shaders\stretch_effect.frag, --input-type=frag, --include=C:\Users\bhavy\develop\flutter\packages\flutter\lib\src\material\shaders, --include=C:\Users\bhavy\develop\flutter\bin\cache\artifacts\engine\windows-x64\shader_lib]
[ +999 ms] [ +946 ms] debug_android_application: Complete
[ +499 ms] [ +526 ms] Persisting file store
[        ] [  +14 ms] Done persisting file store
[        ] [  +23 ms] build succeeded.
[  +91 ms] [  +19 ms] "flutter assemble" took 3,599ms.
[ +110 ms] [  +93 ms] Running 1 shutdown hook
[        ] [        ] Shutdown hooks complete
[ +186 ms] [ +270 ms] exiting with code 0
[ +108 ms] Resolve mutations for :app:packJniLibsflutterBuildDebug (Thread[#564,Execution worker Thread 13,5,main]) started.
[        ] :app:packJniLibsflutterBuildDebug (Thread[#564,Execution worker Thread 13,5,main]) started.
[        ] > Task :app:packJniLibsflutterBuildDebug UP-TO-DATE
[        ] Caching disabled for task ':app:packJniLibsflutterBuildDebug' because:
[        ]   Build cache is disabled
[        ]   Not worth caching
[        ] Skipping task ':app:packJniLibsflutterBuildDebug' as it is up-to-date.
[        ] Resolve mutations for :app_links:preBuild (Thread[#564,Execution worker Thread 13,5,main]) started.
[        ] :app_links:preBuild (Thread[#564,Execution worker Thread 13,5,main]) started.
[        ] > Task :app_links:preBuild UP-TO-DATE
[        ] Skipping task ':app_links:preBuild' as it has no actions.
[        ] Resolve mutations for :app_links:preDebugBuild (Thread[#564,Execution worker Thread 13,5,main]) started.
[        ] :app_links:preDebugBuild (Thread[#564,Execution worker Thread 13,5,main]) started.
[        ] > Task :app_links:preDebugBuild UP-TO-DATE
[        ] Skipping task ':app_links:preDebugBuild' as it has no actions.
[        ] Resolve mutations for :app_links:writeDebugAarMetadata (Thread[#564,Execution worker Thread 13,5,main]) started.
[        ] :app_links:writeDebugAarMetadata (Thread[#564,Execution worker Thread 13,5,main]) started.
[        ] > Task :app_links:writeDebugAarMetadata UP-TO-DATE
[        ] Caching disabled for task ':app_links:writeDebugAarMetadata' because:
[        ]   Build cache is disabled
[        ]   Caching has been disabled for the task
[        ] Skipping task ':app_links:writeDebugAarMetadata' as it is up-to-date.
[        ] work action resolve aar-metadata.properties (project :app_links) (Thread[#564,Execution worker Thread 13,5,main]) started.
[        ] Resolve mutations for :cloud_firestore:preBuild (Thread[#564,Execution worker Thread 13,5,main]) started.
[        ] :cloud_firestore:preBuild (Thread[#564,Execution worker Thread 13,5,main]) started.
[        ] > Task :cloud_firestore:preBuild UP-TO-DATE
[        ] Skipping task ':cloud_firestore:preBuild' as it has no actions.
[        ] Resolve mutations for :cloud_firestore:preDebugBuild (Thread[#564,Execution worker Thread 13,5,main]) started.
[        ] :cloud_firestore:preDebugBuild (Thread[#551,included builds,5,main]) started.
[        ] > Task :cloud_firestore:preDebugBuild UP-TO-DATE
[        ] Skipping task ':cloud_firestore:preDebugBuild' as it has no actions.
[        ] Resolve mutations for :cloud_firestore:writeDebugAarMetadata (Thread[#551,included builds,5,main]) started.
[        ] :cloud_firestore:writeDebugAarMetadata (Thread[#551,included builds,5,main]) started.
[        ] > Task :cloud_firestore:writeDebugAarMetadata UP-TO-DATE
[        ] Caching disabled for task ':cloud_firestore:writeDebugAarMetadata' because:
[        ]   Build cache is disabled
[        ]   Caching has been disabled for the task
[        ] Skipping task ':cloud_firestore:writeDebugAarMetadata' as it is up-to-date.
[        ] work action resolve aar-metadata.properties (project :cloud_firestore) (Thread[#551,included builds,5,main]) started.
[        ] Resolve mutations for :desktop_webview_auth:preBuild (Thread[#552,Execution worker,5,main]) started.
[        ] :desktop_webview_auth:preBuild (Thread[#552,Execution worker,5,main]) started.
[        ] > Task :desktop_webview_auth:preBuild UP-TO-DATE
[        ] Skipping task ':desktop_webview_auth:preBuild' as it has no actions.
[        ] Resolve mutations for :desktop_webview_auth:preDebugBuild (Thread[#552,Execution worker,5,main]) started.
[        ] :desktop_webview_auth:preDebugBuild (Thread[#552,Execution worker,5,main]) started.
[        ] > Task :desktop_webview_auth:preDebugBuild UP-TO-DATE
[        ] Skipping task ':desktop_webview_auth:preDebugBuild' as it has no actions.
[        ] Resolve mutations for :desktop_webview_auth:writeDebugAarMetadata (Thread[#552,Execution worker,5,main]) started.
[        ] :desktop_webview_auth:writeDebugAarMetadata (Thread[#552,Execution worker,5,main]) started.
[        ] > Task :desktop_webview_auth:writeDebugAarMetadata UP-TO-DATE
[        ] Caching disabled for task ':desktop_webview_auth:writeDebugAarMetadata' because:
[        ]   Build cache is disabled
[        ]   Caching has been disabled for the task
[        ] Skipping task ':desktop_webview_auth:writeDebugAarMetadata' as it is up-to-date.
[        ] work action resolve aar-metadata.properties (project :desktop_webview_auth) (Thread[#561,Execution worker Thread 10,5,main]) started.
[        ] Resolve mutations for :firebase_auth:preBuild (Thread[#561,Execution worker Thread 10,5,main]) started.
[        ] :firebase_auth:preBuild (Thread[#558,Execution worker Thread 7,5,main]) started.
[        ] > Task :firebase_auth:preBuild UP-TO-DATE
[        ] Skipping task ':firebase_auth:preBuild' as it has no actions.
[        ] Resolve mutations for :firebase_auth:preDebugBuild (Thread[#558,Execution worker Thread 7,5,main]) started.
[        ] :firebase_auth:preDebugBuild (Thread[#558,Execution worker Thread 7,5,main]) started.
[        ] > Task :firebase_auth:preDebugBuild UP-TO-DATE
[        ] Skipping task ':firebase_auth:preDebugBuild' as it has no actions.
[        ] Resolve mutations for :firebase_auth:writeDebugAarMetadata (Thread[#558,Execution worker Thread 7,5,main]) started.
[        ] :firebase_auth:writeDebugAarMetadata (Thread[#558,Execution worker Thread 7,5,main]) started.
[        ] > Task :firebase_auth:writeDebugAarMetadata UP-TO-DATE
[        ] Caching disabled for task ':firebase_auth:writeDebugAarMetadata' because:
[        ]   Build cache is disabled
[        ]   Caching has been disabled for the task
[        ] Skipping task ':firebase_auth:writeDebugAarMetadata' as it is up-to-date.
[        ] work action resolve aar-metadata.properties (project :firebase_auth) (Thread[#558,Execution worker Thread 7,5,main]) started.
[        ] Resolve mutations for :firebase_core:preBuild (Thread[#558,Execution worker Thread 7,5,main]) started.
[        ] :firebase_core:preBuild (Thread[#558,Execution worker Thread 7,5,main]) started.
[        ] > Task :firebase_core:preBuild UP-TO-DATE
[        ] Skipping task ':firebase_core:preBuild' as it has no actions.
[        ] Resolve mutations for :firebase_core:preDebugBuild (Thread[#558,Execution worker Thread 7,5,main]) started.
[        ] :firebase_core:preDebugBuild (Thread[#557,Execution worker Thread 6,5,main]) started.
[        ] > Task :firebase_core:preDebugBuild UP-TO-DATE
[        ] Skipping task ':firebase_core:preDebugBuild' as it has no actions.
[        ] Resolve mutations for :firebase_core:writeDebugAarMetadata (Thread[#557,Execution worker Thread 6,5,main]) started.
[        ] :firebase_core:writeDebugAarMetadata (Thread[#557,Execution worker Thread 6,5,main]) started.
[        ] > Task :firebase_core:writeDebugAarMetadata UP-TO-DATE
[        ] Caching disabled for task ':firebase_core:writeDebugAarMetadata' because:
[        ]   Build cache is disabled
[        ]   Caching has been disabled for the task
[        ] Skipping task ':firebase_core:writeDebugAarMetadata' as it is up-to-date.
[        ] work action resolve aar-metadata.properties (project :firebase_core) (Thread[#557,Execution worker Thread 6,5,main]) started.
[        ] Resolve mutations for :firebase_messaging:preBuild (Thread[#557,Execution worker Thread 6,5,main]) started.
[        ] :firebase_messaging:preBuild (Thread[#557,Execution worker Thread 6,5,main]) started.
[        ] > Task :firebase_messaging:preBuild UP-TO-DATE
[        ] Skipping task ':firebase_messaging:preBuild' as it has no actions.
[        ] Resolve mutations for :firebase_messaging:preDebugBuild (Thread[#557,Execution worker Thread 6,5,main]) started.
[        ] :firebase_messaging:preDebugBuild (Thread[#557,Execution worker Thread 6,5,main]) started.
[        ] > Task :firebase_messaging:preDebugBuild UP-TO-DATE
[        ] Skipping task ':firebase_messaging:preDebugBuild' as it has no actions.
[        ] Resolve mutations for :firebase_messaging:writeDebugAarMetadata (Thread[#557,Execution worker Thread 6,5,main]) started.
[        ] :firebase_messaging:writeDebugAarMetadata (Thread[#557,Execution worker Thread 6,5,main]) started.
[        ] > Task :firebase_messaging:writeDebugAarMetadata UP-TO-DATE
[        ] Caching disabled for task ':firebase_messaging:writeDebugAarMetadata' because:
[        ]   Build cache is disabled
[        ]   Caching has been disabled for the task
[        ] Skipping task ':firebase_messaging:writeDebugAarMetadata' as it is up-to-date.
[        ] work action resolve aar-metadata.properties (project :firebase_messaging) (Thread[#557,Execution worker Thread 6,5,main]) started.
[        ] Resolve mutations for :flutter_local_notifications:preBuild (Thread[#557,Execution worker Thread 6,5,main]) started.
[        ] :flutter_local_notifications:preBuild (Thread[#557,Execution worker Thread 6,5,main]) started.
[        ] > Task :flutter_local_notifications:preBuild UP-TO-DATE
[        ] Skipping task ':flutter_local_notifications:preBuild' as it has no actions.
[        ] Resolve mutations for :flutter_local_notifications:preDebugBuild (Thread[#557,Execution worker Thread 6,5,main]) started.
[        ] :flutter_local_notifications:preDebugBuild (Thread[#557,Execution worker Thread 6,5,main]) started.
[        ] > Task :flutter_local_notifications:preDebugBuild UP-TO-DATE
[        ] Skipping task ':flutter_local_notifications:preDebugBuild' as it has no actions.
[        ] Resolve mutations for :flutter_local_notifications:writeDebugAarMetadata (Thread[#557,Execution worker Thread 6,5,main]) started.
[        ] :flutter_local_notifications:writeDebugAarMetadata (Thread[#557,Execution worker Thread 6,5,main]) started.
[        ] > Task :flutter_local_notifications:writeDebugAarMetadata UP-TO-DATE
[        ] Caching disabled for task ':flutter_local_notifications:writeDebugAarMetadata' because:
[        ]   Build cache is disabled
[        ]   Caching has been disabled for the task
[        ] Skipping task ':flutter_local_notifications:writeDebugAarMetadata' as it is up-to-date.
[        ] work action resolve aar-metadata.properties (project :flutter_local_notifications) (Thread[#557,Execution worker Thread 6,5,main]) started.
[        ] Resolve mutations for :flutter_tts:preBuild (Thread[#554,Execution worker Thread 3,5,main]) started.
[        ] :flutter_tts:preBuild (Thread[#554,Execution worker Thread 3,5,main]) started.
[        ] > Task :flutter_tts:preBuild UP-TO-DATE
[        ] Skipping task ':flutter_tts:preBuild' as it has no actions.
[        ] Resolve mutations for :flutter_tts:preDebugBuild (Thread[#554,Execution worker Thread 3,5,main]) started.
[        ] :flutter_tts:preDebugBuild (Thread[#554,Execution worker Thread 3,5,main]) started.
[        ] > Task :flutter_tts:preDebugBuild UP-TO-DATE
[        ] Skipping task ':flutter_tts:preDebugBuild' as it has no actions.
[        ] Resolve mutations for :flutter_tts:writeDebugAarMetadata (Thread[#554,Execution worker Thread 3,5,main]) started.
[        ] :flutter_tts:writeDebugAarMetadata (Thread[#554,Execution worker Thread 3,5,main]) started.
[        ] > Task :flutter_tts:writeDebugAarMetadata UP-TO-DATE
[        ] Caching disabled for task ':flutter_tts:writeDebugAarMetadata' because:
[        ]   Build cache is disabled
[        ]   Caching has been disabled for the task
[        ] Skipping task ':flutter_tts:writeDebugAarMetadata' as it is up-to-date.
[        ] work action resolve aar-metadata.properties (project :flutter_tts) (Thread[#554,Execution worker Thread 3,5,main]) started.
[        ] Resolve mutations for :google_sign_in_android:preBuild (Thread[#563,Execution worker Thread 12,5,main]) started.
[        ] :google_sign_in_android:preBuild (Thread[#564,Execution worker Thread 13,5,main]) started.
[        ] > Task :google_sign_in_android:preBuild UP-TO-DATE
[        ] Skipping task ':google_sign_in_android:preBuild' as it has no actions.
[        ] Resolve mutations for :google_sign_in_android:preDebugBuild (Thread[#564,Execution worker Thread 13,5,main]) started.
[        ] :google_sign_in_android:preDebugBuild (Thread[#564,Execution worker Thread 13,5,main]) started.
[        ] > Task :google_sign_in_android:preDebugBuild UP-TO-DATE
[        ] Skipping task ':google_sign_in_android:preDebugBuild' as it has no actions.
[        ] Resolve mutations for :google_sign_in_android:writeDebugAarMetadata (Thread[#564,Execution worker Thread 13,5,main]) started.
[        ] :google_sign_in_android:writeDebugAarMetadata (Thread[#564,Execution worker Thread 13,5,main]) started.
[        ] > Task :google_sign_in_android:writeDebugAarMetadata UP-TO-DATE
[        ] Caching disabled for task ':google_sign_in_android:writeDebugAarMetadata' because:
[        ]   Build cache is disabled
[        ]   Caching has been disabled for the task
[        ] Skipping task ':google_sign_in_android:writeDebugAarMetadata' as it is up-to-date.
[        ] work action resolve aar-metadata.properties (project :google_sign_in_android) (Thread[#564,Execution worker Thread 13,5,main]) started.
[        ] Resolve mutations for :path_provider_android:preBuild (Thread[#562,Execution worker Thread 11,5,main]) started.
[        ] :path_provider_android:preBuild (Thread[#562,Execution worker Thread 11,5,main]) started.
[        ] > Task :path_provider_android:preBuild UP-TO-DATE
[        ] Skipping task ':path_provider_android:preBuild' as it has no actions.
[        ] Resolve mutations for :path_provider_android:preDebugBuild (Thread[#562,Execution worker Thread 11,5,main]) started.
[        ] :path_provider_android:preDebugBuild (Thread[#554,Execution worker Thread 3,5,main]) started.
[        ] > Task :path_provider_android:preDebugBuild UP-TO-DATE
[        ] Skipping task ':path_provider_android:preDebugBuild' as it has no actions.
[        ] Resolve mutations for :path_provider_android:writeDebugAarMetadata (Thread[#554,Execution worker Thread 3,5,main]) started.
[        ] :path_provider_android:writeDebugAarMetadata (Thread[#554,Execution worker Thread 3,5,main]) started.
[        ] > Task :path_provider_android:writeDebugAarMetadata UP-TO-DATE
[        ] Caching disabled for task ':path_provider_android:writeDebugAarMetadata' because:
[        ]   Build cache is disabled
[        ]   Caching has been disabled for the task
[        ] Skipping task ':path_provider_android:writeDebugAarMetadata' as it is up-to-date.
[        ] work action resolve aar-metadata.properties (project :path_provider_android) (Thread[#554,Execution worker Thread 3,5,main]) started.
[        ] Resolve mutations for :shared_preferences_android:preBuild (Thread[#555,Execution worker Thread 4,5,main]) started.
[        ] :shared_preferences_android:preBuild (Thread[#555,Execution worker Thread 4,5,main]) started.
[        ] > Task :shared_preferences_android:preBuild UP-TO-DATE
[        ] Skipping task ':shared_preferences_android:preBuild' as it has no actions.
[        ] Resolve mutations for :shared_preferences_android:preDebugBuild (Thread[#555,Execution worker Thread 4,5,main]) started.
[        ] :shared_preferences_android:preDebugBuild (Thread[#561,Execution worker Thread 10,5,main]) started.
[        ] > Task :shared_preferences_android:preDebugBuild UP-TO-DATE
[        ] Skipping task ':shared_preferences_android:preDebugBuild' as it has no actions.
[        ] Resolve mutations for :shared_preferences_android:writeDebugAarMetadata (Thread[#561,Execution worker Thread 10,5,main]) started.
[        ] :shared_preferences_android:writeDebugAarMetadata (Thread[#561,Execution worker Thread 10,5,main]) started.
[        ] > Task :shared_preferences_android:writeDebugAarMetadata UP-TO-DATE
[        ] Caching disabled for task ':shared_preferences_android:writeDebugAarMetadata' because:
[        ]   Build cache is disabled
[        ]   Caching has been disabled for the task
[        ] Skipping task ':shared_preferences_android:writeDebugAarMetadata' as it is up-to-date.
[        ] work action resolve aar-metadata.properties (project :shared_preferences_android) (Thread[#561,Execution worker Thread 10,5,main]) started.
[        ] Resolve mutations for :twitter_login:preBuild (Thread[#561,Execution worker Thread 10,5,main]) started.
[        ] :twitter_login:preBuild (Thread[#551,included builds,5,main]) started.
[        ] > Task :twitter_login:preBuild UP-TO-DATE
[        ] Skipping task ':twitter_login:preBuild' as it has no actions.
[        ] Resolve mutations for :twitter_login:preDebugBuild (Thread[#551,included builds,5,main]) started.
[        ] :twitter_login:preDebugBuild (Thread[#552,Execution worker,5,main]) started.
[        ] > Task :twitter_login:preDebugBuild UP-TO-DATE
[        ] Skipping task ':twitter_login:preDebugBuild' as it has no actions.
[        ] Resolve mutations for :twitter_login:writeDebugAarMetadata (Thread[#552,Execution worker,5,main]) started.
[        ] :twitter_login:writeDebugAarMetadata (Thread[#552,Execution worker,5,main]) started.
[        ] > Task :twitter_login:writeDebugAarMetadata UP-TO-DATE
[        ] Caching disabled for task ':twitter_login:writeDebugAarMetadata' because:
[        ]   Build cache is disabled
[        ]   Caching has been disabled for the task
[        ] Skipping task ':twitter_login:writeDebugAarMetadata' as it is up-to-date.
[        ] work action resolve aar-metadata.properties (project :twitter_login) (Thread[#552,Execution worker,5,main]) started.
[        ] Resolve mutations for :url_launcher_android:preBuild (Thread[#560,Execution worker Thread 9,5,main]) started.
[        ] :url_launcher_android:preBuild (Thread[#560,Execution worker Thread 9,5,main]) started.
[        ] > Task :url_launcher_android:preBuild UP-TO-DATE
[        ] Skipping task ':url_launcher_android:preBuild' as it has no actions.
[        ] Resolve mutations for :url_launcher_android:preDebugBuild (Thread[#560,Execution worker Thread 9,5,main]) started.
[        ] :url_launcher_android:preDebugBuild (Thread[#556,Execution worker Thread 5,5,main]) started.
[        ] > Task :url_launcher_android:preDebugBuild UP-TO-DATE
[        ] Skipping task ':url_launcher_android:preDebugBuild' as it has no actions.
[        ] Resolve mutations for :url_launcher_android:writeDebugAarMetadata (Thread[#556,Execution worker Thread 5,5,main]) started.
[        ] :url_launcher_android:writeDebugAarMetadata (Thread[#566,Execution worker Thread 15,5,main]) started.
[        ] > Task :url_launcher_android:writeDebugAarMetadata UP-TO-DATE
[        ] Caching disabled for task ':url_launcher_android:writeDebugAarMetadata' because:
[        ]   Build cache is disabled
[        ]   Caching has been disabled for the task
[        ] Skipping task ':url_launcher_android:writeDebugAarMetadata' as it is up-to-date.
[        ] work action resolve aar-metadata.properties (project :url_launcher_android) (Thread[#566,Execution worker Thread 15,5,main]) started.
[        ] Resolve mutations for :app:checkDebugAarMetadata (Thread[#566,Execution worker Thread 15,5,main]) started.
[        ] :app:checkDebugAarMetadata (Thread[#566,Execution worker Thread 15,5,main]) started.
[ +182 ms] > Task :app:checkDebugAarMetadata UP-TO-DATE
[        ] Transforming firebase-firestore-26.1.0.aar (com.google.firebase:firebase-firestore:26.1.0) with JetifyTransform
[        ] Transforming firebase-auth-24.0.1.aar (com.google.firebase:firebase-auth:24.0.1) with JetifyTransform
[        ] Transforming firebase-firestore-26.1.0.aar (com.google.firebase:firebase-firestore:26.1.0) with ExtractAarTransform
[        ] Transforming firebase-auth-24.0.1.aar (com.google.firebase:firebase-auth:24.0.1) with ExtractAarTransform
[        ] Transforming firebase-firestore-26.1.0.aar (com.google.firebase:firebase-firestore:26.1.0) with AarTransform
[        ] Transforming firebase-auth-24.0.1.aar (com.google.firebase:firebase-auth:24.0.1) with AarTransform
[        ] Transforming firebase-messaging-25.0.1.aar (com.google.firebase:firebase-messaging:25.0.1) with JetifyTransform
[        ] Transforming firebase-messaging-25.0.1.aar (com.google.firebase:firebase-messaging:25.0.1) with ExtractAarTransform
[        ] Transforming firebase-auth-interop-20.0.0.aar (com.google.firebase:firebase-auth-interop:20.0.0) with JetifyTransform
[        ] Transforming firebase-messaging-25.0.1.aar (com.google.firebase:firebase-messaging:25.0.1) with AarTransform
[        ] Transforming firebase-auth-interop-20.0.0.aar (com.google.firebase:firebase-auth-interop:20.0.0) with JetifyTransform
[        ] Transforming firebase-auth-interop-20.0.0.aar (com.google.firebase:firebase-auth-interop:20.0.0) with ExtractAarTransform
[        ] Transforming legacy-support-core-ui-1.0.0.aar (androidx.legacy:legacy-support-core-ui:1.0.0) with JetifyTransform
[        ] Transforming firebase-auth-interop-20.0.0.aar (com.google.firebase:firebase-auth-interop:20.0.0) with AarTransform
[        ] Transforming firebase-auth-interop-20.0.0.aar (com.google.firebase:firebase-auth-interop:20.0.0) with ExtractAarTransform
[        ] Transforming legacy-support-core-ui-1.0.0.aar (androidx.legacy:legacy-support-core-ui:1.0.0) with ExtractAarTransform
[        ] Transforming firebase-auth-interop-20.0.0.aar (com.google.firebase:firebase-auth-interop:20.0.0) with AarTransform
[        ] Transforming firebase-installations-19.0.1.aar (com.google.firebase:firebase-installations:19.0.1) with JetifyTransform
[        ] Transforming legacy-support-core-ui-1.0.0.aar (androidx.legacy:legacy-support-core-ui:1.0.0) with AarTransform
[        ] Transforming firebase-installations-19.0.1.aar (com.google.firebase:firebase-installations:19.0.1) with ExtractAarTransform
[        ] Transforming slidingpanelayout-1.2.0.aar (androidx.slidingpanelayout:slidingpanelayout:1.2.0) with JetifyTransform
[        ] Transforming firebase-installations-19.0.1.aar (com.google.firebase:firebase-installations:19.0.1) with AarTransform
[        ] Transforming slidingpanelayout-1.2.0.aar (androidx.slidingpanelayout:slidingpanelayout:1.2.0) with ExtractAarTransform
[        ] Transforming slidingpanelayout-1.2.0.aar (androidx.slidingpanelayout:slidingpanelayout:1.2.0) with AarTransform
[        ] Transforming slidingpanelayout-1.2.0.aar (androidx.slidingpanelayout:slidingpanelayout:1.2.0) with JetifyTransform
[        ] Transforming slidingpanelayout-1.2.0.aar (androidx.slidingpanelayout:slidingpanelayout:1.2.0) with ExtractAarTransform
[        ] Transforming slidingpanelayout-1.2.0.aar (androidx.slidingpanelayout:slidingpanelayout:1.2.0) with AarTransform
[        ] Transforming firebase-common-22.0.1.aar (com.google.firebase:firebase-common:22.0.1) with JetifyTransform
[        ] Transforming firebase-common-22.0.1.aar (com.google.firebase:firebase-common:22.0.1) with JetifyTransform
[        ] Transforming firebase-common-22.0.1.aar (com.google.firebase:firebase-common:22.0.1) with JetifyTransform
[        ] Transforming firebase-common-22.0.1.aar (com.google.firebase:firebase-common:22.0.1) with ExtractAarTransform
[        ] Transforming firebase-common-22.0.1.aar (com.google.firebase:firebase-common:22.0.1) with JetifyTransform
[        ] Transforming firebase-common-22.0.1.aar (com.google.firebase:firebase-common:22.0.1) with AarTransform
[        ] Transforming firebase-common-22.0.1.aar (com.google.firebase:firebase-common:22.0.1) with ExtractAarTransform
[        ] Transforming firebase-common-22.0.1.aar (com.google.firebase:firebase-common:22.0.1) with ExtractAarTransform
[        ] Transforming credentials-1.2.0-rc01.aar (androidx.credentials:credentials:1.2.0-rc01) with JetifyTransform
[        ] Transforming firebase-common-22.0.1.aar (com.google.firebase:firebase-common:22.0.1) with JetifyTransform
[        ] Transforming firebase-common-22.0.1.aar (com.google.firebase:firebase-common:22.0.1) with ExtractAarTransform
[        ] Transforming firebase-common-22.0.1.aar (com.google.firebase:firebase-common:22.0.1) with JetifyTransform
[        ] Transforming firebase-common-22.0.1.aar (com.google.firebase:firebase-common:22.0.1) with AarTransform
[        ] Transforming firebase-common-22.0.1.aar (com.google.firebase:firebase-common:22.0.1) with ExtractAarTransform
[        ] Transforming firebase-common-22.0.1.aar (com.google.firebase:firebase-common:22.0.1) with ExtractAarTransform
[        ] Transforming window-1.2.0.aar (androidx.window:window:1.2.0) with JetifyTransform
[        ] Transforming firebase-common-22.0.1.aar (com.google.firebase:firebase-common:22.0.1) with AarTransform
[        ] Transforming credentials-1.2.0-rc01.aar (androidx.credentials:credentials:1.2.0-rc01) with ExtractAarTransform
[        ] Transforming play-services-auth-21.0.0.aar (com.google.android.gms:play-services-auth:21.0.0) with JetifyTransform
[        ] Transforming firebase-common-22.0.1.aar (com.google.firebase:firebase-common:22.0.1) with AarTransform
[        ] Transforming firebase-common-22.0.1.aar (com.google.firebase:firebase-common:22.0.1) with AarTransform
[        ] Transforming recyclerview-1.0.0.aar (androidx.recyclerview:recyclerview:1.0.0) with JetifyTransform
[        ] Transforming play-services-auth-21.0.0.aar (com.google.android.gms:play-services-auth:21.0.0) with ExtractAarTransform
[        ] Transforming browser-1.9.0.aar (androidx.browser:browser:1.9.0) with JetifyTransform
[        ] Transforming play-services-auth-21.0.0.aar (com.google.android.gms:play-services-auth:21.0.0) with AarTransform
[        ] Transforming credentials-1.2.0-rc01.aar (androidx.credentials:credentials:1.2.0-rc01) with AarTransform
[        ] Transforming window-1.2.0.aar (androidx.window:window:1.2.0) with ExtractAarTransform
[        ] Transforming firebase-common-22.0.1.aar (com.google.firebase:firebase-common:22.0.1) with AarTransform
[        ] Transforming play-services-auth-api-phone-18.0.2.aar (com.google.android.gms:play-services-auth-api-phone:18.0.2) with JetifyTransform
[        ] Transforming browser-1.9.0.aar (androidx.browser:browser:1.9.0) with ExtractAarTransform
[        ] Transforming play-services-auth-api-phone-18.0.2.aar (com.google.android.gms:play-services-auth-api-phone:18.0.2) with ExtractAarTransform
[        ] Transforming browser-1.9.0.aar (androidx.browser:browser:1.9.0) with AarTransform
[        ] Transforming play-services-auth-api-phone-18.0.2.aar (com.google.android.gms:play-services-auth-api-phone:18.0.2) with AarTransform
[        ] Transforming recyclerview-1.0.0.aar (androidx.recyclerview:recyclerview:1.0.0) with ExtractAarTransform
[        ] Transforming firebase-appcheck-interop-17.0.0.aar (com.google.firebase:firebase-appcheck-interop:17.0.0) with JetifyTransform
[        ] Transforming play-services-auth-api-phone-18.0.2.aar (com.google.android.gms:play-services-auth-api-phone:18.0.2) with JetifyTransform
[        ] Transforming firebase-appcheck-interop-17.0.0.aar (com.google.firebase:firebase-appcheck-interop:17.0.0) with ExtractAarTransform
[        ] Transforming window-1.2.0.aar (androidx.window:window:1.2.0) with AarTransform
[        ] Transforming firebase-appcheck-interop-17.0.0.aar (com.google.firebase:firebase-appcheck-interop:17.0.0) with AarTransform
[        ] Transforming play-services-auth-api-phone-18.0.2.aar (com.google.android.gms:play-services-auth-api-phone:18.0.2) with ExtractAarTransform
[        ] Transforming play-services-auth-base-18.0.10.aar (com.google.android.gms:play-services-auth-base:18.0.10) with JetifyTransform
[        ] Transforming recyclerview-1.0.0.aar (androidx.recyclerview:recyclerview:1.0.0) with AarTransform
[        ] Transforming firebase-appcheck-interop-17.0.0.aar (com.google.firebase:firebase-appcheck-interop:17.0.0) with JetifyTransform
[        ] Transforming preference-1.2.1.aar (androidx.preference:preference:1.2.1) with JetifyTransform
[        ] Transforming play-services-auth-base-18.0.10.aar (com.google.android.gms:play-services-auth-base:18.0.10) with ExtractAarTransform
[        ] Transforming preference-1.2.1.aar (androidx.preference:preference:1.2.1) with ExtractAarTransform
[        ] Transforming play-services-auth-api-phone-18.0.2.aar (com.google.android.gms:play-services-auth-api-phone:18.0.2) with AarTransform
[        ] Transforming media-1.1.0.aar (androidx.media:media:1.1.0) with JetifyTransform
[        ] Transforming preference-1.2.1.aar (androidx.preference:preference:1.2.1) with AarTransform
[        ] Transforming play-services-auth-base-18.0.10.aar (com.google.android.gms:play-services-auth-base:18.0.10) with AarTransform
[        ] Transforming firebase-appcheck-interop-17.0.0.aar (com.google.firebase:firebase-appcheck-interop:17.0.0) with ExtractAarTransform
[        ] Transforming credentials-1.2.0-rc01.aar (androidx.credentials:credentials:1.2.0-rc01) with JetifyTransform
[        ] Transforming media-1.1.0.aar (androidx.media:media:1.1.0) with ExtractAarTransform
[        ] Transforming credentials-1.2.0-rc01.aar (androidx.credentials:credentials:1.2.0-rc01) with ExtractAarTransform
[        ] Transforming media-1.1.0.aar (androidx.media:media:1.1.0) with AarTransform
[        ] Transforming play-services-base-18.9.0.aar (com.google.android.gms:play-services-base:18.9.0) with JetifyTransform
[        ] Transforming play-services-base-18.9.0.aar (com.google.android.gms:play-services-base:18.9.0) with JetifyTransform
[        ] Transforming credentials-1.2.0-rc01.aar (androidx.credentials:credentials:1.2.0-rc01) with AarTransform
[        ] Transforming window-java-1.2.0.aar (androidx.window:window-java:1.2.0) with JetifyTransform
[        ] Transforming firebase-appcheck-interop-17.0.0.aar (com.google.firebase:firebase-appcheck-interop:17.0.0) with AarTransform
[        ] Transforming window-java-1.2.0.aar (androidx.window:window-java:1.2.0) with ExtractAarTransform
[        ] Transforming credentials-play-services-auth-1.2.0-rc01.aar (androidx.credentials:credentials-play-services-auth:1.2.0-rc01) with JetifyTransform
[        ] Transforming play-services-base-18.9.0.aar (com.google.android.gms:play-services-base:18.9.0) with JetifyTransform
[        ] Transforming credentials-play-services-auth-1.2.0-rc01.aar (androidx.credentials:credentials-play-services-auth:1.2.0-rc01) with ExtractAarTransform
[        ] Transforming play-services-base-18.9.0.aar (com.google.android.gms:play-services-base:18.9.0) with JetifyTransform
[        ] Transforming credentials-play-services-auth-1.2.0-rc01.aar (androidx.credentials:credentials-play-services-auth:1.2.0-rc01) with AarTransform
[        ] Transforming play-services-base-18.9.0.aar (com.google.android.gms:play-services-base:18.9.0) with ExtractAarTransform
[        ] Transforming play-services-base-18.9.0.aar (com.google.android.gms:play-services-base:18.9.0) with ExtractAarTransform
[        ] Transforming play-services-base-18.9.0.aar (com.google.android.gms:play-services-base:18.9.0) with AarTransform
[        ] Transforming play-services-base-18.9.0.aar (com.google.android.gms:play-services-base:18.9.0) with AarTransform
[        ] Transforming play-services-base-18.9.0.aar (com.google.android.gms:play-services-base:18.9.0) with JetifyTransform
[        ] Transforming play-services-base-18.9.0.aar (com.google.android.gms:play-services-base:18.9.0) with JetifyTransform
[        ] Transforming play-services-base-18.9.0.aar (com.google.android.gms:play-services-base:18.9.0) with ExtractAarTransform
[        ] Transforming play-services-base-18.9.0.aar (com.google.android.gms:play-services-base:18.9.0) with JetifyTransform
[        ] Transforming play-services-base-18.9.0.aar (com.google.android.gms:play-services-base:18.9.0) with JetifyTransform
[        ] Transforming play-services-base-18.9.0.aar (com.google.android.gms:play-services-base:18.9.0) with ExtractAarTransform
[        ] Transforming play-services-base-18.9.0.aar (com.google.android.gms:play-services-base:18.9.0) with AarTransform
[        ] Transforming play-services-base-18.9.0.aar (com.google.android.gms:play-services-base:18.9.0) with AarTransform
[        ] Transforming firebase-database-collection-18.0.1.aar (com.google.firebase:firebase-database-collection:18.0.1) with JetifyTransform
[        ] Transforming play-services-base-18.9.0.aar (com.google.android.gms:play-services-base:18.9.0) with ExtractAarTransform
[        ] Transforming browser-1.9.0.aar (androidx.browser:browser:1.9.0) with JetifyTransform
[        ] Transforming play-services-base-18.9.0.aar (com.google.android.gms:play-services-base:18.9.0) with AarTransform
[        ] Transforming play-services-base-18.9.0.aar (com.google.android.gms:play-services-base:18.9.0) with ExtractAarTransform
[        ] Transforming play-services-base-18.9.0.aar (com.google.android.gms:play-services-base:18.9.0) with ExtractAarTransform
[        ] Transforming window-java-1.2.0.aar (androidx.window:window-java:1.2.0) with AarTransform
[        ] Transforming integrity-1.3.0.aar (com.google.android.play:integrity:1.3.0) with JetifyTransform
[        ] Transforming play-services-base-18.9.0.aar (com.google.android.gms:play-services-base:18.9.0) with AarTransform
[        ] Transforming appcompat-1.1.0.aar (androidx.appcompat:appcompat:1.1.0) with JetifyTransform
[        ] Transforming browser-1.9.0.aar (androidx.browser:browser:1.9.0) with ExtractAarTransform
[        ] Transforming recaptcha-18.6.1.aar (com.google.android.recaptcha:recaptcha:18.6.1) with JetifyTransform
[        ] Transforming firebase-database-collection-18.0.1.aar (com.google.firebase:firebase-database-collection:18.0.1) with ExtractAarTransform
[        ] Transforming recaptcha-18.6.1.aar (com.google.android.recaptcha:recaptcha:18.6.1) with ExtractAarTransform
[        ] Transforming play-services-fido-20.1.0.aar (com.google.android.gms:play-services-fido:20.1.0) with JetifyTransform
[        ] Transforming play-services-fido-20.1.0.aar (com.google.android.gms:play-services-fido:20.1.0) with JetifyTransform
[        ] Transforming play-services-base-18.9.0.aar (com.google.android.gms:play-services-base:18.9.0) with ExtractAarTransform
[        ] Transforming play-services-fido-20.1.0.aar (com.google.android.gms:play-services-fido:20.1.0) with ExtractAarTransform
[        ] Transforming play-services-fido-20.1.0.aar (com.google.android.gms:play-services-fido:20.1.0) with ExtractAarTransform
[        ] Transforming firebase-database-collection-18.0.1.aar (com.google.firebase:firebase-database-collection:18.0.1) with AarTransform
[        ] Transforming recaptcha-18.6.1.aar (com.google.android.recaptcha:recaptcha:18.6.1) with AarTransform
[        ] Transforming fragment-ktx-1.7.1.aar (androidx.fragment:fragment-ktx:1.7.1) with JetifyTransform
[        ] Transforming browser-1.9.0.aar (androidx.browser:browser:1.9.0) with AarTransform
[        ] Transforming fragment-1.7.1.aar (androidx.fragment:fragment:1.7.1) with JetifyTransform
[        ] Transforming fragment-1.7.1.aar (androidx.fragment:fragment:1.7.1) with JetifyTransform
[        ] Transforming fragment-1.7.1.aar (androidx.fragment:fragment:1.7.1) with ExtractAarTransform
[        ] Transforming appcompat-1.1.0.aar (androidx.appcompat:appcompat:1.1.0) with ExtractAarTransform
[        ] Transforming integrity-1.3.0.aar (com.google.android.play:integrity:1.3.0) with ExtractAarTransform
[        ] Transforming appcompat-1.1.0.aar (androidx.appcompat:appcompat:1.1.0) with AarTransform
[        ] Transforming play-services-base-18.9.0.aar (com.google.android.gms:play-services-base:18.9.0) with AarTransform
[        ] Transforming integrity-1.3.0.aar (com.google.android.play:integrity:1.3.0) with JetifyTransform
[        ] Transforming activity-1.9.0.aar (androidx.activity:activity:1.9.0) with JetifyTransform
[        ] Transforming integrity-1.3.0.aar (com.google.android.play:integrity:1.3.0) with ExtractAarTransform
[        ] Transforming activity-1.9.0.aar (androidx.activity:activity:1.9.0) with ExtractAarTransform
[        ] Transforming integrity-1.3.0.aar (com.google.android.play:integrity:1.3.0) with AarTransform
[        ] Transforming activity-1.9.0.aar (androidx.activity:activity:1.9.0) with AarTransform
[        ] Transforming integrity-1.3.0.aar (com.google.android.play:integrity:1.3.0) with AarTransform
[        ] Transforming activity-ktx-1.9.0.aar (androidx.activity:activity-ktx:1.9.0) with JetifyTransform
[        ] Transforming fragment-1.7.1.aar (androidx.fragment:fragment:1.7.1) with ExtractAarTransform
[        ] Transforming fragment-1.7.1.aar (androidx.fragment:fragment:1.7.1) with AarTransform
[        ] Transforming fragment-1.7.1.aar (androidx.fragment:fragment:1.7.1) with JetifyTransform
[        ] Transforming fragment-1.7.1.aar (androidx.fragment:fragment:1.7.1) with JetifyTransform
[        ] Transforming fragment-ktx-1.7.1.aar (androidx.fragment:fragment-ktx:1.7.1) with ExtractAarTransform
[        ] Transforming loader-1.1.0.aar (androidx.loader:loader:1.1.0) with JetifyTransform
[        ] Transforming fragment-1.7.1.aar (androidx.fragment:fragment:1.7.1) with ExtractAarTransform
[        ] Transforming fragment-1.7.1.aar (androidx.fragment:fragment:1.7.1) with JetifyTransform
[        ] Transforming play-services-fido-20.1.0.aar (com.google.android.gms:play-services-fido:20.1.0) with AarTransform
[        ] Transforming play-services-fido-20.1.0.aar (com.google.android.gms:play-services-fido:20.1.0) with AarTransform
[        ] Transforming play-services-base-18.9.0.aar (com.google.android.gms:play-services-base:18.9.0) with AarTransform
[        ] Transforming fragment-1.7.1.aar (androidx.fragment:fragment:1.7.1) with JetifyTransform
[        ] Transforming fragment-1.7.1.aar (androidx.fragment:fragment:1.7.1) with ExtractAarTransform
[        ] Transforming loader-1.1.0.aar (androidx.loader:loader:1.1.0) with JetifyTransform
[        ] Transforming fragment-1.7.1.aar (androidx.fragment:fragment:1.7.1) with AarTransform
[        ] Transforming lifecycle-runtime-ktx-2.7.0.aar (androidx.lifecycle:lifecycle-runtime-ktx:2.7.0) with JetifyTransform
[        ] Transforming fragment-1.7.1.aar (androidx.fragment:fragment:1.7.1) with AarTransform
[        ] Transforming lifecycle-runtime-ktx-2.7.0.aar (androidx.lifecycle:lifecycle-runtime-ktx:2.7.0) with ExtractAarTransform
[        ] Transforming loader-1.1.0.aar (androidx.loader:loader:1.1.0) with ExtractAarTransform
[        ] Transforming lifecycle-runtime-ktx-2.7.0.aar (androidx.lifecycle:lifecycle-runtime-ktx:2.7.0) with AarTransform
[        ] Transforming loader-1.1.0.aar (androidx.loader:loader:1.1.0) with AarTransform
[        ] Transforming fragment-ktx-1.7.1.aar (androidx.fragment:fragment-ktx:1.7.1) with AarTransform
[        ] Transforming loader-1.1.0.aar (androidx.loader:loader:1.1.0) with JetifyTransform
[        ] Transforming fragment-1.7.1.aar (androidx.fragment:fragment:1.7.1) with ExtractAarTransform
[        ] Transforming legacy-support-core-utils-1.0.0.aar (androidx.legacy:legacy-support-core-utils:1.0.0) with JetifyTransform
[        ] Transforming fragment-1.7.1.aar (androidx.fragment:fragment:1.7.1) with AarTransform
[        ] Transforming legacy-support-core-utils-1.0.0.aar (androidx.legacy:legacy-support-core-utils:1.0.0) with JetifyTransform
[        ] Transforming fragment-1.7.1.aar (androidx.fragment:fragment:1.7.1) with AarTransform
[        ] Transforming activity-ktx-1.9.0.aar (androidx.activity:activity-ktx:1.9.0) with ExtractAarTransform
[        ] Transforming legacy-support-core-utils-1.0.0.aar (androidx.legacy:legacy-support-core-utils:1.0.0) with ExtractAarTransform
[        ] Transforming activity-ktx-1.9.0.aar (androidx.activity:activity-ktx:1.9.0) with AarTransform
[        ] Transforming play-services-stats-17.0.2.aar (com.google.android.gms:play-services-stats:17.0.2) with JetifyTransform
[        ] Transforming legacy-support-core-utils-1.0.0.aar (androidx.legacy:legacy-support-core-utils:1.0.0) with AarTransform
[        ] Transforming play-services-stats-17.0.2.aar (com.google.android.gms:play-services-stats:17.0.2) with ExtractAarTransform
[        ] Transforming legacy-support-core-utils-1.0.0.aar (androidx.legacy:legacy-support-core-utils:1.0.0) with ExtractAarTransform
[        ] Transforming lifecycle-viewmodel-ktx-2.7.0.aar (androidx.lifecycle:lifecycle-viewmodel-ktx:2.7.0) with JetifyTransform
[        ] Transforming legacy-support-core-utils-1.0.0.aar (androidx.legacy:legacy-support-core-utils:1.0.0) with AarTransform
[        ] Transforming loader-1.1.0.aar (androidx.loader:loader:1.1.0) with ExtractAarTransform
[        ] Transforming lifecycle-livedata-core-ktx-2.7.0.aar (androidx.lifecycle:lifecycle-livedata-core-ktx:2.7.0) with JetifyTransform
[        ] Transforming loader-1.1.0.aar (androidx.loader:loader:1.1.0) with ExtractAarTransform
[        ] Transforming lifecycle-livedata-core-ktx-2.7.0.aar (androidx.lifecycle:lifecycle-livedata-core-ktx:2.7.0) with ExtractAarTransform
[        ] Transforming loader-1.1.0.aar (androidx.loader:loader:1.1.0) with AarTransform
[        ] Transforming lifecycle-livedata-core-ktx-2.7.0.aar (androidx.lifecycle:lifecycle-livedata-core-ktx:2.7.0) with AarTransform
[        ] Transforming fragment-1.7.1.aar (androidx.fragment:fragment:1.7.1) with ExtractAarTransform
[        ] Transforming lifecycle-livedata-core-2.7.0.aar (androidx.lifecycle:lifecycle-livedata-core:2.7.0) with JetifyTransform
[        ] Transforming fragment-1.7.1.aar (androidx.fragment:fragment:1.7.1) with AarTransform
[        ] Transforming lifecycle-livedata-core-2.7.0.aar (androidx.lifecycle:lifecycle-livedata-core:2.7.0) with ExtractAarTransform
[        ] Transforming lifecycle-viewmodel-2.7.0.aar (androidx.lifecycle:lifecycle-viewmodel:2.7.0) with JetifyTransform
[        ] Transforming loader-1.1.0.aar (androidx.loader:loader:1.1.0) with AarTransform
[        ] Transforming lifecycle-viewmodel-ktx-2.7.0.aar (androidx.lifecycle:lifecycle-viewmodel-ktx:2.7.0) with ExtractAarTransform
[        ] Transforming lifecycle-viewmodel-savedstate-2.7.0.aar (androidx.lifecycle:lifecycle-viewmodel-savedstate:2.7.0) with JetifyTransform
[        ] Transforming play-services-stats-17.0.2.aar (com.google.android.gms:play-services-stats:17.0.2) with AarTransform
[        ] Transforming lifecycle-viewmodel-2.7.0.aar (androidx.lifecycle:lifecycle-viewmodel:2.7.0) with JetifyTransform
[        ] Transforming lifecycle-viewmodel-savedstate-2.7.0.aar (androidx.lifecycle:lifecycle-viewmodel-savedstate:2.7.0) with ExtractAarTransform
[        ] Transforming lifecycle-viewmodel-ktx-2.7.0.aar (androidx.lifecycle:lifecycle-viewmodel-ktx:2.7.0) with AarTransform
[        ] Transforming datastore.aar (androidx.datastore:datastore-android:1.2.0) with JetifyTransform
[        ] Transforming lifecycle-runtime-2.7.0.aar (androidx.lifecycle:lifecycle-runtime:2.7.0) with JetifyTransform
[        ] Transforming lifecycle-viewmodel-2.7.0.aar (androidx.lifecycle:lifecycle-viewmodel:2.7.0) with ExtractAarTransform
[        ] Transforming lifecycle-livedata-core-2.7.0.aar (androidx.lifecycle:lifecycle-livedata-core:2.7.0) with AarTransform
[        ] Transforming datastore-preferences-core.aar (androidx.datastore:datastore-preferences-core-android:1.2.0) with JetifyTransform
[        ] Transforming lifecycle-viewmodel-2.7.0.aar (androidx.lifecycle:lifecycle-viewmodel:2.7.0) with AarTransform
[        ] Transforming datastore-preferences-core.aar (androidx.datastore:datastore-preferences-core-android:1.2.0) with ExtractAarTransform
[        ] Transforming lifecycle-runtime-2.7.0.aar (androidx.lifecycle:lifecycle-runtime:2.7.0) with ExtractAarTransform
[        ] Transforming datastore.aar (androidx.datastore:datastore-android:1.2.0) with ExtractAarTransform
[        ] Transforming datastore-core.aar (androidx.datastore:datastore-core-android:1.2.0) with JetifyTransform
[        ] Transforming lifecycle-viewmodel-savedstate-2.7.0.aar (androidx.lifecycle:lifecycle-viewmodel-savedstate:2.7.0) with AarTransform
[        ] Transforming datastore-core.aar (androidx.datastore:datastore-core-android:1.2.0) with ExtractAarTransform
[        ] Transforming lifecycle-viewmodel-2.7.0.aar (androidx.lifecycle:lifecycle-viewmodel:2.7.0) with ExtractAarTransform
[        ] Transforming datastore-core.aar (androidx.datastore:datastore-core-android:1.2.0) with AarTransform
[        ] Transforming lifecycle-process-2.7.0.aar (androidx.lifecycle:lifecycle-process:2.7.0) with JetifyTransform
[        ] Transforming datastore.aar (androidx.datastore:datastore-android:1.2.0) with AarTransform
[        ] Transforming lifecycle-livedata-core-2.7.0.aar (androidx.lifecycle:lifecycle-livedata-core:2.7.0) with JetifyTransform
[        ] Transforming lifecycle-runtime-2.7.0.aar (androidx.lifecycle:lifecycle-runtime:2.7.0) with AarTransform
[        ] Transforming datastore-preferences-core.aar (androidx.datastore:datastore-preferences-core-android:1.2.0) with AarTransform
[        ] Transforming savedstate-ktx-1.2.1.aar (androidx.savedstate:savedstate-ktx:1.2.1) with JetifyTransform
[        ] Transforming firebase-iid-interop-17.1.0.aar (com.google.firebase:firebase-iid-interop:17.1.0) with JetifyTransform
[        ] Transforming savedstate-ktx-1.2.1.aar (androidx.savedstate:savedstate-ktx:1.2.1) with ExtractAarTransform
[        ] Transforming firebase-iid-interop-17.1.0.aar (com.google.firebase:firebase-iid-interop:17.1.0) with ExtractAarTransform
[        ] Transforming firebase-installations-interop-17.1.1.aar (com.google.firebase:firebase-installations-interop:17.1.1) with JetifyTransform
[        ] Transforming savedstate-ktx-1.2.1.aar (androidx.savedstate:savedstate-ktx:1.2.1) with AarTransform
[        ] Transforming lifecycle-livedata-core-2.7.0.aar (androidx.lifecycle:lifecycle-livedata-core:2.7.0) with ExtractAarTransform
[        ] Transforming lifecycle-process-2.7.0.aar (androidx.lifecycle:lifecycle-process:2.7.0) with ExtractAarTransform
[        ] Transforming firebase-installations-interop-17.1.1.aar (com.google.firebase:firebase-installations-interop:17.1.1) with JetifyTransform
[        ] Transforming lifecycle-process-2.7.0.aar (androidx.lifecycle:lifecycle-process:2.7.0) with AarTransform
[        ] Transforming lifecycle-viewmodel-2.7.0.aar (androidx.lifecycle:lifecycle-viewmodel:2.7.0) with AarTransform
[        ] Transforming firebase-installations-interop-17.1.1.aar (com.google.firebase:firebase-installations-interop:17.1.1) with ExtractAarTransform
[        ] Transforming savedstate-1.2.1.aar (androidx.savedstate:savedstate:1.2.1) with JetifyTransform
[        ] Transforming play-services-tasks-18.4.0.aar (com.google.android.gms:play-services-tasks:18.4.0) with JetifyTransform
[        ] Transforming play-services-tasks-18.4.0.aar (com.google.android.gms:play-services-tasks:18.4.0) with JetifyTransform
[        ] Transforming play-services-tasks-18.4.0.aar (com.google.android.gms:play-services-tasks:18.4.0) with JetifyTransform
[        ] Transforming play-services-tasks-18.4.0.aar (com.google.android.gms:play-services-tasks:18.4.0) with ExtractAarTransform
[        ] Transforming play-services-tasks-18.4.0.aar (com.google.android.gms:play-services-tasks:18.4.0) with JetifyTransform
[        ] Transforming play-services-tasks-18.4.0.aar (com.google.android.gms:play-services-tasks:18.4.0) with JetifyTransform
[        ] Transforming lifecycle-livedata-core-2.7.0.aar (androidx.lifecycle:lifecycle-livedata-core:2.7.0) with AarTransform
[        ] Transforming play-services-tasks-18.4.0.aar (com.google.android.gms:play-services-tasks:18.4.0) with ExtractAarTransform
[        ] Transforming firebase-installations-interop-17.1.1.aar (com.google.firebase:firebase-installations-interop:17.1.1) with ExtractAarTransform
[        ] Transforming firebase-iid-interop-17.1.0.aar (com.google.firebase:firebase-iid-interop:17.1.0) with AarTransform
[        ] Transforming firebase-installations-interop-17.1.1.aar (com.google.firebase:firebase-installations-interop:17.1.1) with AarTransform
[        ] Transforming play-services-cloud-messaging-17.2.0.aar (com.google.android.gms:play-services-cloud-messaging:17.2.0) with JetifyTransform
[        ] Transforming play-services-tasks-18.4.0.aar (com.google.android.gms:play-services-tasks:18.4.0) with JetifyTransform
[        ] Transforming play-services-cloud-messaging-17.2.0.aar (com.google.android.gms:play-services-cloud-messaging:17.2.0) with ExtractAarTransform
[        ] Transforming play-services-tasks-18.4.0.aar (com.google.android.gms:play-services-tasks:18.4.0) with ExtractAarTransform
[        ] Transforming play-services-tasks-18.4.0.aar (com.google.android.gms:play-services-tasks:18.4.0) with AarTransform
[        ] Transforming play-services-tasks-18.4.0.aar (com.google.android.gms:play-services-tasks:18.4.0) with AarTransform
[        ] Transforming play-services-tasks-18.4.0.aar (com.google.android.gms:play-services-tasks:18.4.0) with JetifyTransform
[        ] Transforming play-services-tasks-18.4.0.aar (com.google.android.gms:play-services-tasks:18.4.0) with ExtractAarTransform
[        ] Transforming play-services-tasks-18.4.0.aar (com.google.android.gms:play-services-tasks:18.4.0) with ExtractAarTransform
[        ] Transforming play-services-tasks-18.4.0.aar (com.google.android.gms:play-services-tasks:18.4.0) with AarTransform
[        ] Transforming play-services-tasks-18.4.0.aar (com.google.android.gms:play-services-tasks:18.4.0) with AarTransform
[        ] Transforming play-services-tasks-18.4.0.aar (com.google.android.gms:play-services-tasks:18.4.0) with AarTransform
[        ] Transforming datastore-preferences.aar (androidx.datastore:datastore-preferences-android:1.2.0) with JetifyTransform
[        ] Transforming play-services-tasks-18.4.0.aar (com.google.android.gms:play-services-tasks:18.4.0) with ExtractAarTransform
[        ] Transforming savedstate-1.2.1.aar (androidx.savedstate:savedstate:1.2.1) with ExtractAarTransform
[        ] Transforming play-services-tasks-18.4.0.aar (com.google.android.gms:play-services-tasks:18.4.0) with JetifyTransform
[        ] Transforming play-services-tasks-18.4.0.aar (com.google.android.gms:play-services-tasks:18.4.0) with JetifyTransform
[        ] Transforming firebase-installations-interop-17.1.1.aar (com.google.firebase:firebase-installations-interop:17.1.1) with AarTransform
[        ] Transforming play-services-basement-18.9.0.aar (com.google.android.gms:play-services-basement:18.9.0) with JetifyTransform
[        ] Transforming play-services-tasks-18.4.0.aar (com.google.android.gms:play-services-tasks:18.4.0) with JetifyTransform
[        ] Transforming play-services-tasks-18.4.0.aar (com.google.android.gms:play-services-tasks:18.4.0) with JetifyTransform
[        ] Transforming play-services-tasks-18.4.0.aar (com.google.android.gms:play-services-tasks:18.4.0) with ExtractAarTransform
[        ] Transforming play-services-tasks-18.4.0.aar (com.google.android.gms:play-services-tasks:18.4.0) with ExtractAarTransform
[        ] Transforming play-services-basement-18.9.0.aar (com.google.android.gms:play-services-basement:18.9.0) with JetifyTransform
[        ] Transforming play-services-basement-18.9.0.aar (com.google.android.gms:play-services-basement:18.9.0) with JetifyTransform
[        ] Transforming play-services-basement-18.9.0.aar (com.google.android.gms:play-services-basement:18.9.0) with ExtractAarTransform
[        ] Transforming play-services-basement-18.9.0.aar (com.google.android.gms:play-services-basement:18.9.0) with JetifyTransform
[        ] Transforming play-services-basement-18.9.0.aar (com.google.android.gms:play-services-basement:18.9.0) with AarTransform
[        ] Transforming play-services-basement-18.9.0.aar (com.google.android.gms:play-services-basement:18.9.0) with JetifyTransform
[        ] Transforming play-services-tasks-18.4.0.aar (com.google.android.gms:play-services-tasks:18.4.0) with ExtractAarTransform
[        ] Transforming play-services-tasks-18.4.0.aar (com.google.android.gms:play-services-tasks:18.4.0) with ExtractAarTransform
[        ] Transforming savedstate-1.2.1.aar (androidx.savedstate:savedstate:1.2.1) with AarTransform
[        ] Transforming play-services-tasks-18.4.0.aar (com.google.android.gms:play-services-tasks:18.4.0) with AarTransform
[        ] Transforming play-services-tasks-18.4.0.aar (com.google.android.gms:play-services-tasks:18.4.0) with AarTransform
[        ] Transforming datastore-preferences.aar (androidx.datastore:datastore-preferences-android:1.2.0) with ExtractAarTransform
[        ] Transforming viewpager-1.0.0.aar (androidx.viewpager:viewpager:1.0.0) with JetifyTransform
[        ] Transforming firebase-measurement-connector-19.0.0.aar (com.google.firebase:firebase-measurement-connector:19.0.0) with JetifyTransform
[        ] Transforming play-services-tasks-18.4.0.aar (com.google.android.gms:play-services-tasks:18.4.0) with ExtractAarTransform
[        ] Transforming play-services-cloud-messaging-17.2.0.aar (com.google.android.gms:play-services-cloud-messaging:17.2.0) with AarTransform
[        ] Transforming play-services-tasks-18.4.0.aar (com.google.android.gms:play-services-tasks:18.4.0) with JetifyTransform
[        ] Transforming appcompat-resources-1.1.0.aar (androidx.appcompat:appcompat-resources:1.1.0) with JetifyTransform
[        ] Transforming play-services-tasks-18.4.0.aar (com.google.android.gms:play-services-tasks:18.4.0) with AarTransform
[        ] Transforming firebase-measurement-connector-19.0.0.aar (com.google.firebase:firebase-measurement-connector:19.0.0) with ExtractAarTransform
[        ] Transforming viewpager-1.0.0.aar (androidx.viewpager:viewpager:1.0.0) with ExtractAarTransform
[        ] Transforming datastore-preferences.aar (androidx.datastore:datastore-preferences-android:1.2.0) with AarTransform
[        ] Transforming viewpager-1.0.0.aar (androidx.viewpager:viewpager:1.0.0) with JetifyTransform
[        ] Transforming play-services-tasks-18.4.0.aar (com.google.android.gms:play-services-tasks:18.4.0) with AarTransform
[        ] Transforming play-services-basement-18.9.0.aar (com.google.android.gms:play-services-basement:18.9.0) with ExtractAarTransform
[        ] Transforming coordinatorlayout-1.0.0.aar (androidx.coordinatorlayout:coordinatorlayout:1.0.0) with JetifyTransform
[        ] Transforming play-services-basement-18.9.0.aar (com.google.android.gms:play-services-basement:18.9.0) with ExtractAarTransform
[        ] Transforming play-services-basement-18.9.0.aar (com.google.android.gms:play-services-basement:18.9.0) with ExtractAarTransform
[        ] Transforming play-services-basement-18.9.0.aar (com.google.android.gms:play-services-basement:18.9.0) with AarTransform
[        ] Transforming play-services-basement-18.9.0.aar (com.google.android.gms:play-services-basement:18.9.0) with AarTransform
[        ] Transforming play-services-tasks-18.4.0.aar (com.google.android.gms:play-services-tasks:18.4.0) with AarTransform
[        ] Transforming play-services-tasks-18.4.0.aar (com.google.android.gms:play-services-tasks:18.4.0) with AarTransform
[        ] Transforming customview-1.1.0.aar (androidx.customview:customview:1.1.0) with JetifyTransform
[        ] Transforming play-services-basement-18.9.0.aar (com.google.android.gms:play-services-basement:18.9.0) with ExtractAarTransform
[        ] Transforming customview-1.1.0.aar (androidx.customview:customview:1.1.0) with ExtractAarTransform
[        ] Transforming customview-1.1.0.aar (androidx.customview:customview:1.1.0) with JetifyTransform
[        ] Transforming customview-1.1.0.aar (androidx.customview:customview:1.1.0) with AarTransform
[        ] Transforming customview-1.1.0.aar (androidx.customview:customview:1.1.0) with ExtractAarTransform
[        ] Transforming customview-1.1.0.aar (androidx.customview:customview:1.1.0) with JetifyTransform
[        ] Transforming customview-1.1.0.aar (androidx.customview:customview:1.1.0) with JetifyTransform
[        ] Transforming customview-1.1.0.aar (androidx.customview:customview:1.1.0) with JetifyTransform
[        ] Transforming customview-1.1.0.aar (androidx.customview:customview:1.1.0) with ExtractAarTransform
[        ] Transforming coordinatorlayout-1.0.0.aar (androidx.coordinatorlayout:coordinatorlayout:1.0.0) with ExtractAarTransform
[        ] Transforming customview-1.1.0.aar (androidx.customview:customview:1.1.0) with ExtractAarTransform
[        ] Transforming play-services-basement-18.9.0.aar (com.google.android.gms:play-services-basement:18.9.0) with AarTransform
[        ] Transforming customview-1.1.0.aar (androidx.customview:customview:1.1.0) with AarTransform
[        ] Transforming viewpager-1.0.0.aar (androidx.viewpager:viewpager:1.0.0) with ExtractAarTransform
[        ] Transforming viewpager-1.0.0.aar (androidx.viewpager:viewpager:1.0.0) with AarTransform
[        ] Transforming viewpager-1.0.0.aar (androidx.viewpager:viewpager:1.0.0) with AarTransform
[        ] Transforming firebase-measurement-connector-19.0.0.aar (com.google.firebase:firebase-measurement-connector:19.0.0) with AarTransform
[        ] Transforming vectordrawable-animated-1.1.0.aar (androidx.vectordrawable:vectordrawable-animated:1.1.0) with JetifyTransform
[        ] Transforming appcompat-resources-1.1.0.aar (androidx.appcompat:appcompat-resources:1.1.0) with ExtractAarTransform
[        ] Transforming drawerlayout-1.0.0.aar (androidx.drawerlayout:drawerlayout:1.0.0) with JetifyTransform
[        ] Transforming appcompat-resources-1.1.0.aar (androidx.appcompat:appcompat-resources:1.1.0) with AarTransform
[        ] Transforming vectordrawable-1.1.0.aar (androidx.vectordrawable:vectordrawable:1.1.0) with JetifyTransform
[        ] Transforming drawerlayout-1.0.0.aar (androidx.drawerlayout:drawerlayout:1.0.0) with JetifyTransform
[        ] Transforming play-services-tasks-18.4.0.aar (com.google.android.gms:play-services-tasks:18.4.0) with ExtractAarTransform
[        ] Transforming drawerlayout-1.0.0.aar (androidx.drawerlayout:drawerlayout:1.0.0) with ExtractAarTransform
[   +1 ms] Transforming swiperefreshlayout-1.0.0.aar (androidx.swiperefreshlayout:swiperefreshlayout:1.0.0) with JetifyTransform
[        ] Transforming vectordrawable-1.1.0.aar (androidx.vectordrawable:vectordrawable:1.1.0) with ExtractAarTransform
[        ] Transforming drawerlayout-1.0.0.aar (androidx.drawerlayout:drawerlayout:1.0.0) with ExtractAarTransform
[        ] Transforming vectordrawable-1.1.0.aar (androidx.vectordrawable:vectordrawable:1.1.0) with JetifyTransform
[        ] Transforming vectordrawable-animated-1.1.0.aar (androidx.vectordrawable:vectordrawable-animated:1.1.0) with ExtractAarTransform
[        ] Transforming coordinatorlayout-1.0.0.aar (androidx.coordinatorlayout:coordinatorlayout:1.0.0) with AarTransform
[        ] Transforming core-ktx-1.17.0.aar (androidx.core:core-ktx:1.17.0) with JetifyTransform
[        ] Transforming customview-1.1.0.aar (androidx.customview:customview:1.1.0) with AarTransform
[        ] Transforming customview-1.1.0.aar (androidx.customview:customview:1.1.0) with ExtractAarTransform
[        ] Transforming customview-1.1.0.aar (androidx.customview:customview:1.1.0) with AarTransform
[        ] Transforming customview-1.1.0.aar (androidx.customview:customview:1.1.0) with AarTransform
[        ] Transforming transition-1.4.1.aar (androidx.transition:transition:1.4.1) with JetifyTransform
[        ] Transforming core-1.17.0.aar (androidx.core:core:1.17.0) with JetifyTransform
[        ] Transforming play-services-basement-18.9.0.aar (com.google.android.gms:play-services-basement:18.9.0) with AarTransform
[        ] Transforming transition-1.4.1.aar (androidx.transition:transition:1.4.1) with ExtractAarTransform
[        ] Transforming core-1.17.0.aar (androidx.core:core:1.17.0) with JetifyTransform
[        ] Transforming transition-1.4.1.aar (androidx.transition:transition:1.4.1) with AarTransform
[        ] Transforming core-1.17.0.aar (androidx.core:core:1.17.0) with JetifyTransform
[        ] Transforming core-1.17.0.aar (androidx.core:core:1.17.0) with JetifyTransform
[        ] Transforming core-1.17.0.aar (androidx.core:core:1.17.0) with JetifyTransform
[        ] Transforming core-ktx-1.17.0.aar (androidx.core:core-ktx:1.17.0) with ExtractAarTransform
[        ] Transforming core-1.17.0.aar (androidx.core:core:1.17.0) with ExtractAarTransform
[        ] Transforming core-1.17.0.aar (androidx.core:core:1.17.0) with JetifyTransform
[        ] Transforming vectordrawable-animated-1.1.0.aar (androidx.vectordrawable:vectordrawable-animated:1.1.0) with AarTransform
[        ] Transforming core-1.17.0.aar (androidx.core:core:1.17.0) with ExtractAarTransform
[        ] Transforming core-1.17.0.aar (androidx.core:core:1.17.0) with JetifyTransform
[        ] Transforming core-1.17.0.aar (androidx.core:core:1.17.0) with AarTransform
[        ] Transforming vectordrawable-1.1.0.aar (androidx.vectordrawable:vectordrawable:1.1.0) with ExtractAarTransform
[        ] Transforming drawerlayout-1.0.0.aar (androidx.drawerlayout:drawerlayout:1.0.0) with AarTransform
[        ] Transforming vectordrawable-1.1.0.aar (androidx.vectordrawable:vectordrawable:1.1.0) with AarTransform
[        ] Transforming swiperefreshlayout-1.0.0.aar (androidx.swiperefreshlayout:swiperefreshlayout:1.0.0) with ExtractAarTransform
[        ] Transforming core-1.17.0.aar (androidx.core:core:1.17.0) with JetifyTransform
[        ] Transforming swiperefreshlayout-1.0.0.aar (androidx.swiperefreshlayout:swiperefreshlayout:1.0.0) with AarTransform
[        ] Transforming asynclayoutinflater-1.0.0.aar (androidx.asynclayoutinflater:asynclayoutinflater:1.0.0) with JetifyTransform
[        ] Transforming core-1.17.0.aar (androidx.core:core:1.17.0) with ExtractAarTransform
[        ] Transforming asynclayoutinflater-1.0.0.aar (androidx.asynclayoutinflater:asynclayoutinflater:1.0.0) with ExtractAarTransform
[        ] Transforming play-services-tasks-18.4.0.aar (com.google.android.gms:play-services-tasks:18.4.0) with AarTransform
[        ] Transforming drawerlayout-1.0.0.aar (androidx.drawerlayout:drawerlayout:1.0.0) with AarTransform
[        ] Transforming asynclayoutinflater-1.0.0.aar (androidx.asynclayoutinflater:asynclayoutinflater:1.0.0) with AarTransform
[        ] Transforming core-1.17.0.aar (androidx.core:core:1.17.0) with AarTransform
[        ] Transforming core-1.17.0.aar (androidx.core:core:1.17.0) with JetifyTransform
[        ] Transforming core-1.17.0.aar (androidx.core:core:1.17.0) with JetifyTransform
[        ] Transforming core-1.17.0.aar (androidx.core:core:1.17.0) with JetifyTransform
[        ] Transforming vectordrawable-1.1.0.aar (androidx.vectordrawable:vectordrawable:1.1.0) with AarTransform
[        ] Transforming core-1.17.0.aar (androidx.core:core:1.17.0) with ExtractAarTransform
[        ] Transforming core-1.17.0.aar (androidx.core:core:1.17.0) with JetifyTransform
[        ] Transforming localbroadcastmanager-1.1.0.aar (androidx.localbroadcastmanager:localbroadcastmanager:1.1.0) with JetifyTransform
[        ] Transforming core-1.17.0.aar (androidx.core:core:1.17.0) with ExtractAarTransform
[        ] Transforming core-1.17.0.aar (androidx.core:core:1.17.0) with ExtractAarTransform
[        ] Transforming core-1.17.0.aar (androidx.core:core:1.17.0) with AarTransform
[        ] Transforming core-1.17.0.aar (androidx.core:core:1.17.0) with AarTransform
[        ] Transforming core-ktx-1.17.0.aar (androidx.core:core-ktx:1.17.0) with AarTransform
[        ] Transforming core-1.17.0.aar (androidx.core:core:1.17.0) with ExtractAarTransform
[        ] Transforming core-1.17.0.aar (androidx.core:core:1.17.0) with ExtractAarTransform
[        ] Transforming core-1.17.0.aar (androidx.core:core:1.17.0) with ExtractAarTransform
[        ] Transforming core-1.17.0.aar (androidx.core:core:1.17.0) with JetifyTransform
[        ] Transforming core-1.17.0.aar (androidx.core:core:1.17.0) with ExtractAarTransform
[        ] Transforming profileinstaller-1.3.1.aar (androidx.profileinstaller:profileinstaller:1.3.1) with JetifyTransform
[        ] Transforming core-1.17.0.aar (androidx.core:core:1.17.0) with AarTransform
[        ] Transforming core-1.17.0.aar (androidx.core:core:1.17.0) with AarTransform
[        ] Transforming startup-runtime-1.1.1.aar (androidx.startup:startup-runtime:1.1.1) with JetifyTransform
[        ] Transforming core-1.17.0.aar (androidx.core:core:1.17.0) with AarTransform
[        ] Transforming localbroadcastmanager-1.1.0.aar (androidx.localbroadcastmanager:localbroadcastmanager:1.1.0) with JetifyTransform
[        ] Transforming core-1.17.0.aar (androidx.core:core:1.17.0) with AarTransform
[        ] Transforming localbroadcastmanager-1.1.0.aar (androidx.localbroadcastmanager:localbroadcastmanager:1.1.0) with JetifyTransform
[        ] Transforming localbroadcastmanager-1.1.0.aar (androidx.localbroadcastmanager:localbroadcastmanager:1.1.0) with ExtractAarTransform
[        ] Transforming core-1.17.0.aar (androidx.core:core:1.17.0) with AarTransform
[        ] Transforming core-1.17.0.aar (androidx.core:core:1.17.0) with ExtractAarTransform
[        ] Transforming core-1.17.0.aar (androidx.core:core:1.17.0) with ExtractAarTransform
[        ] Transforming core-1.17.0.aar (androidx.core:core:1.17.0) with JetifyTransform
[        ] Transforming core-1.17.0.aar (androidx.core:core:1.17.0) with AarTransform
[        ] Transforming core-1.17.0.aar (androidx.core:core:1.17.0) with JetifyTransform
[        ] Transforming core-1.17.0.aar (androidx.core:core:1.17.0) with ExtractAarTransform
[        ] Transforming exifinterface-1.4.1.aar (androidx.exifinterface:exifinterface:1.4.1) with JetifyTransform
[        ] Transforming core-1.17.0.aar (androidx.core:core:1.17.0) with AarTransform
[        ] Transforming exifinterface-1.4.1.aar (androidx.exifinterface:exifinterface:1.4.1) with ExtractAarTransform
[        ] Transforming firebase-components-19.0.0.aar (com.google.firebase:firebase-components:19.0.0) with JetifyTransform
[        ] Transforming firebase-components-19.0.0.aar (com.google.firebase:firebase-components:19.0.0) with JetifyTransform
[        ] Transforming firebase-components-19.0.0.aar (com.google.firebase:firebase-components:19.0.0) with JetifyTransform
[        ] Transforming localbroadcastmanager-1.1.0.aar (androidx.localbroadcastmanager:localbroadcastmanager:1.1.0) with AarTransform
[        ] Transforming localbroadcastmanager-1.1.0.aar (androidx.localbroadcastmanager:localbroadcastmanager:1.1.0) with ExtractAarTransform
[        ] Transforming tracing-1.2.0.aar (androidx.tracing:tracing:1.2.0) with JetifyTransform
[        ] Transforming localbroadcastmanager-1.1.0.aar (androidx.localbroadcastmanager:localbroadcastmanager:1.1.0) with AarTransform
[        ] Transforming localbroadcastmanager-1.1.0.aar (androidx.localbroadcastmanager:localbroadcastmanager:1.1.0) with ExtractAarTransform
[        ] Transforming startup-runtime-1.1.1.aar (androidx.startup:startup-runtime:1.1.1) with ExtractAarTransform
[        ] Transforming profileinstaller-1.3.1.aar (androidx.profileinstaller:profileinstaller:1.3.1) with ExtractAarTransform
[        ] Transforming core-1.17.0.aar (androidx.core:core:1.17.0) with AarTransform
[        ] Transforming core-1.17.0.aar (androidx.core:core:1.17.0) with ExtractAarTransform
[        ] Transforming startup-runtime-1.1.1.aar (androidx.startup:startup-runtime:1.1.1) with AarTransform
[        ] Transforming firebase-datatransport-18.2.0.aar (com.google.firebase:firebase-datatransport:18.2.0) with JetifyTransform
[        ] Transforming profileinstaller-1.3.1.aar (androidx.profileinstaller:profileinstaller:1.3.1) with AarTransform
[        ] Transforming firebase-datatransport-18.2.0.aar (com.google.firebase:firebase-datatransport:18.2.0) with ExtractAarTransform
[        ] Transforming localbroadcastmanager-1.1.0.aar (androidx.localbroadcastmanager:localbroadcastmanager:1.1.0) with AarTransform
[        ] Transforming tracing-1.2.0.aar (androidx.tracing:tracing:1.2.0) with ExtractAarTransform
[        ] Transforming firebase-components-19.0.0.aar (com.google.firebase:firebase-components:19.0.0) with ExtractAarTransform
[        ] Transforming tracing-1.2.0.aar (androidx.tracing:tracing:1.2.0) with AarTransform
[        ] Transforming firebase-components-19.0.0.aar (com.google.firebase:firebase-components:19.0.0) with ExtractAarTransform
[        ] Transforming firebase-components-19.0.0.aar (com.google.firebase:firebase-components:19.0.0) with ExtractAarTransform
[        ] Transforming exifinterface-1.4.1.aar (androidx.exifinterface:exifinterface:1.4.1) with AarTransform
[        ] Transforming firebase-components-19.0.0.aar (com.google.firebase:firebase-components:19.0.0) with JetifyTransform
[        ] Transforming core-1.17.0.aar (androidx.core:core:1.17.0) with AarTransform
[        ] Transforming core-1.17.0.aar (androidx.core:core:1.17.0) with ExtractAarTransform
[        ] Transforming firebase-components-19.0.0.aar (com.google.firebase:firebase-components:19.0.0) with JetifyTransform
[        ] Transforming firebase-components-19.0.0.aar (com.google.firebase:firebase-components:19.0.0) with ExtractAarTransform
[        ] Transforming transport-runtime-3.1.9.aar (com.google.android.datatransport:transport-runtime:3.1.9) with JetifyTransform
[        ] Transforming firebase-components-19.0.0.aar (com.google.firebase:firebase-components:19.0.0) with AarTransform
[        ] Transforming firebase-components-19.0.0.aar (com.google.firebase:firebase-components:19.0.0) with AarTransform
[        ] Transforming transport-runtime-3.1.9.aar (com.google.android.datatransport:transport-runtime:3.1.9) with JetifyTransform
[        ] Transforming transport-api-3.1.0.aar (com.google.android.datatransport:transport-api:3.1.0) with JetifyTransform
[        ] Transforming transport-runtime-3.1.9.aar (com.google.android.datatransport:transport-runtime:3.1.9) with ExtractAarTransform
[        ] Transforming transport-runtime-3.1.9.aar (com.google.android.datatransport:transport-runtime:3.1.9) with JetifyTransform
[        ] Transforming firebase-components-19.0.0.aar (com.google.firebase:firebase-components:19.0.0) with AarTransform
[        ] Transforming transport-runtime-3.1.9.aar (com.google.android.datatransport:transport-runtime:3.1.9) with ExtractAarTransform
[        ] Transforming firebase-encoders-json-18.0.0.aar (com.google.firebase:firebase-encoders-json:18.0.0) with JetifyTransform
[        ] Transforming firebase-encoders-json-18.0.0.aar (com.google.firebase:firebase-encoders-json:18.0.0) with JetifyTransform
[        ] Transforming firebase-encoders-json-18.0.0.aar (com.google.firebase:firebase-encoders-json:18.0.0) with ExtractAarTransform
[        ] Transforming firebase-components-19.0.0.aar (com.google.firebase:firebase-components:19.0.0) with AarTransform
[        ] Transforming firebase-datatransport-18.2.0.aar (com.google.firebase:firebase-datatransport:18.2.0) with AarTransform
[        ] Transforming transport-backend-cct-3.1.9.aar (com.google.android.datatransport:transport-backend-cct:3.1.9) with JetifyTransform
[        ] Transforming transport-backend-cct-3.1.9.aar (com.google.android.datatransport:transport-backend-cct:3.1.9) with JetifyTransform
[        ] Transforming transport-backend-cct-3.1.9.aar (com.google.android.datatransport:transport-backend-cct:3.1.9) with ExtractAarTransform
[        ] Transforming core-1.17.0.aar (androidx.core:core:1.17.0) with AarTransform
[        ] Transforming transport-backend-cct-3.1.9.aar (com.google.android.datatransport:transport-backend-cct:3.1.9) with AarTransform
[        ] Transforming transport-backend-cct-3.1.9.aar (com.google.android.datatransport:transport-backend-cct:3.1.9) with ExtractAarTransform
[        ] Transforming interpolator-1.0.0.aar (androidx.interpolator:interpolator:1.0.0) with JetifyTransform
[        ] Transforming transport-backend-cct-3.1.9.aar (com.google.android.datatransport:transport-backend-cct:3.1.9) with AarTransform
[        ] Transforming interpolator-1.0.0.aar (androidx.interpolator:interpolator:1.0.0) with ExtractAarTransform
[        ] Transforming firebase-encoders-json-18.0.0.aar (com.google.firebase:firebase-encoders-json:18.0.0) with AarTransform
[        ] Transforming firebase-encoders-json-18.0.0.aar (com.google.firebase:firebase-encoders-json:18.0.0) with ExtractAarTransform
[        ] Transforming transport-runtime-3.1.9.aar (com.google.android.datatransport:transport-runtime:3.1.9) with AarTransform
[        ] Transforming transport-api-3.1.0.aar (com.google.android.datatransport:transport-api:3.1.0) with JetifyTransform
[   +3 ms] Transforming versionedparcelable-1.1.1.aar (androidx.versionedparcelable:versionedparcelable:1.1.1) with JetifyTransform
[        ] Transforming transport-api-3.1.0.aar (com.google.android.datatransport:transport-api:3.1.0) with ExtractAarTransform
[        ] Transforming transport-runtime-3.1.9.aar (com.google.android.datatransport:transport-runtime:3.1.9) with AarTransform
[        ] Transforming transport-api-3.1.0.aar (com.google.android.datatransport:transport-api:3.1.0) with AarTransform
[        ] Transforming transport-api-3.1.0.aar (com.google.android.datatransport:transport-api:3.1.0) with ExtractAarTransform
[        ] Transforming transport-api-3.1.0.aar (com.google.android.datatransport:transport-api:3.1.0) with JetifyTransform
[        ] Transforming transport-api-3.1.0.aar (com.google.android.datatransport:transport-api:3.1.0) with JetifyTransform
[        ] Transforming transport-runtime-3.1.9.aar (com.google.android.datatransport:transport-runtime:3.1.9) with ExtractAarTransform
[        ] Transforming cursoradapter-1.0.0.aar (androidx.cursoradapter:cursoradapter:1.0.0) with JetifyTransform
[        ] Transforming firebase-components-19.0.0.aar (com.google.firebase:firebase-components:19.0.0) with ExtractAarTransform
[        ] Transforming cursoradapter-1.0.0.aar (androidx.cursoradapter:cursoradapter:1.0.0) with ExtractAarTransform
[        ] Transforming core-1.17.0.aar (androidx.core:core:1.17.0) with AarTransform
[        ] Transforming firebase-components-19.0.0.aar (com.google.firebase:firebase-components:19.0.0) with AarTransform
[        ] Transforming cursoradapter-1.0.0.aar (androidx.cursoradapter:cursoradapter:1.0.0) with AarTransform
[        ] Transforming core-1.0.0.aar (androidx.window.extensions.core:core:1.0.0) with JetifyTransform
[        ] Transforming transport-runtime-3.1.9.aar (com.google.android.datatransport:transport-runtime:3.1.9) with AarTransform
[        ] Transforming cursoradapter-1.0.0.aar (androidx.cursoradapter:cursoradapter:1.0.0) with JetifyTransform
[        ] Transforming documentfile-1.0.0.aar (androidx.documentfile:documentfile:1.0.0) with JetifyTransform
[        ] Transforming cursoradapter-1.0.0.aar (androidx.cursoradapter:cursoradapter:1.0.0) with ExtractAarTransform
[        ] Transforming transport-api-3.1.0.aar (com.google.android.datatransport:transport-api:3.1.0) with ExtractAarTransform
[        ] Transforming transport-api-3.1.0.aar (com.google.android.datatransport:transport-api:3.1.0) with ExtractAarTransform
[        ] Transforming transport-api-3.1.0.aar (com.google.android.datatransport:transport-api:3.1.0) with AarTransform
[        ] Transforming transport-api-3.1.0.aar (com.google.android.datatransport:transport-api:3.1.0) with AarTransform
[        ] Transforming core-runtime-2.2.0.aar (androidx.arch.core:core-runtime:2.2.0) with JetifyTransform
[        ] Transforming versionedparcelable-1.1.1.aar (androidx.versionedparcelable:versionedparcelable:1.1.1) with ExtractAarTransform
[        ] Transforming googleid-1.1.0.aar (com.google.android.libraries.identity.googleid:googleid:1.1.0) with JetifyTransform
[        ] Transforming firebase-encoders-json-18.0.0.aar (com.google.firebase:firebase-encoders-json:18.0.0) with AarTransform
[        ] Transforming interpolator-1.0.0.aar (androidx.interpolator:interpolator:1.0.0) with AarTransform
[        ] Transforming interpolator-1.0.0.aar (androidx.interpolator:interpolator:1.0.0) with JetifyTransform
[        ] Transforming interpolator-1.0.0.aar (androidx.interpolator:interpolator:1.0.0) with JetifyTransform
[        ] Transforming interpolator-1.0.0.aar (androidx.interpolator:interpolator:1.0.0) with JetifyTransform
[        ] Transforming interpolator-1.0.0.aar (androidx.interpolator:interpolator:1.0.0) with ExtractAarTransform
[        ] Transforming interpolator-1.0.0.aar (androidx.interpolator:interpolator:1.0.0) with ExtractAarTransform
[        ] Transforming grpc-android-1.62.2.aar (io.grpc:grpc-android:1.62.2) with JetifyTransform
[        ] Transforming interpolator-1.0.0.aar (androidx.interpolator:interpolator:1.0.0) with AarTransform
[        ] Transforming versionedparcelable-1.1.1.aar (androidx.versionedparcelable:versionedparcelable:1.1.1) with AarTransform
[        ] Transforming grpc-android-1.62.2.aar (io.grpc:grpc-android:1.62.2) with ExtractAarTransform
[        ] Transforming googleid-1.1.0.aar (com.google.android.libraries.identity.googleid:googleid:1.1.0) with ExtractAarTransform
[        ] Transforming grpc-android-1.62.2.aar (io.grpc:grpc-android:1.62.2) with AarTransform
[        ] Transforming core-runtime-2.2.0.aar (androidx.arch.core:core-runtime:2.2.0) with ExtractAarTransform
[        ] Transforming print-1.0.0.aar (androidx.print:print:1.0.0) with JetifyTransform
[        ] Transforming core-runtime-2.2.0.aar (androidx.arch.core:core-runtime:2.2.0) with AarTransform
[        ] Transforming transport-api-3.1.0.aar (com.google.android.datatransport:transport-api:3.1.0) with AarTransform
[        ] Transforming documentfile-1.0.0.aar (androidx.documentfile:documentfile:1.0.0) with ExtractAarTransform
[        ] Transforming documentfile-1.0.0.aar (androidx.documentfile:documentfile:1.0.0) with AarTransform
[        ] Transforming cursoradapter-1.0.0.aar (androidx.cursoradapter:cursoradapter:1.0.0) with AarTransform
[        ] Transforming core-1.0.0.aar (androidx.window.extensions.core:core:1.0.0) with ExtractAarTransform
[        ] Transforming core-viewtree-1.0.0.aar (androidx.core:core-viewtree:1.0.0) with JetifyTransform
[        ] Transforming core-common-2.0.3.aar (com.google.android.play:core-common:2.0.3) with JetifyTransform
[        ] Transforming print-1.0.0.aar (androidx.print:print:1.0.0) with ExtractAarTransform
[        ] Transforming core-common-2.0.3.aar (com.google.android.play:core-common:2.0.3) with ExtractAarTransform
[        ] Transforming print-1.0.0.aar (androidx.print:print:1.0.0) with AarTransform
[        ] Transforming annotation-experimental-1.4.1.aar (androidx.annotation:annotation-experimental:1.4.1) with JetifyTransform
[        ] Transforming googleid-1.1.0.aar (com.google.android.libraries.identity.googleid:googleid:1.1.0) with AarTransform
[        ] Transforming relinker-1.4.5.aar (com.getkeepsafe.relinker:relinker:1.4.5) with JetifyTransform
[        ] Transforming protolite-well-known-types-18.0.1.aar (com.google.firebase:protolite-well-known-types:18.0.1) with JetifyTransform
[        ] Transforming interpolator-1.0.0.aar (androidx.interpolator:interpolator:1.0.0) with ExtractAarTransform
[        ] Transforming interpolator-1.0.0.aar (androidx.interpolator:interpolator:1.0.0) with AarTransform
[        ] Transforming interpolator-1.0.0.aar (androidx.interpolator:interpolator:1.0.0) with AarTransform
[        ] Transforming protolite-well-known-types-18.0.1.aar (com.google.firebase:protolite-well-known-types:18.0.1) with ExtractAarTransform
[        ] Transforming relinker-1.4.5.aar (com.getkeepsafe.relinker:relinker:1.4.5) with ExtractAarTransform
[        ] Transforming annotation-experimental-1.4.1.aar (androidx.annotation:annotation-experimental:1.4.1) with ExtractAarTransform
[        ] Transforming relinker-1.4.5.aar (com.getkeepsafe.relinker:relinker:1.4.5) with AarTransform
[        ] Transforming core-common-2.0.3.aar (com.google.android.play:core-common:2.0.3) with AarTransform
[        ] Transforming core-viewtree-1.0.0.aar (androidx.core:core-viewtree:1.0.0) with ExtractAarTransform
[        ] Transforming core-1.0.0.aar (androidx.window.extensions.core:core:1.0.0) with AarTransform
[        ] Transforming core-viewtree-1.0.0.aar (androidx.core:core-viewtree:1.0.0) with AarTransform
[        ] Transforming annotation-experimental-1.4.1.aar (androidx.annotation:annotation-experimental:1.4.1) with AarTransform
[        ] Transforming protolite-well-known-types-18.0.1.aar (com.google.firebase:protolite-well-known-types:18.0.1) with AarTransform
[        ] Caching disabled for task ':app:checkDebugAarMetadata' because:
[        ]   Build cache is disabled
[        ]   Caching has been disabled for the task
[        ] Skipping task ':app:checkDebugAarMetadata' as it is up-to-date.
[        ] Resolve mutations for :app:cleanMergeDebugAssets (Thread[#566,Execution worker Thread 15,5,main]) started.
[        ] :app:cleanMergeDebugAssets (Thread[#566,Execution worker Thread 15,5,main]) started.
[        ] > Task :app:cleanMergeDebugAssets
[        ] Caching disabled for task ':app:cleanMergeDebugAssets' because:
[        ]   Build cache is disabled
[        ] Task ':app:cleanMergeDebugAssets' is not up-to-date because:
[        ]   Task has not declared any outputs despite executing actions.
[        ] Resolve mutations for :app:mergeDebugShaders (Thread[#566,Execution worker Thread 15,5,main]) started.
[        ] :app:mergeDebugShaders (Thread[#566,Execution worker Thread 15,5,main]) started.
[        ] > Task :app:mergeDebugShaders UP-TO-DATE
[        ] Caching disabled for task ':app:mergeDebugShaders' because:
[        ]   Build cache is disabled
[        ]   Simple merging task
[        ] Skipping task ':app:mergeDebugShaders' as it is up-to-date.
[        ] Resolve mutations for :app:compileDebugShaders (Thread[#566,Execution worker Thread 15,5,main]) started.
[        ] :app:compileDebugShaders (Thread[#566,Execution worker Thread 15,5,main]) started.
[        ] > Task :app:compileDebugShaders NO-SOURCE
[        ] Skipping task ':app:compileDebugShaders' as it has no source files and no previous output files.
[        ] Resolve mutations for :app:generateDebugAssets (Thread[#566,Execution worker Thread 15,5,main]) started.
[        ] :app:generateDebugAssets (Thread[#566,Execution worker Thread 15,5,main]) started.
[        ] > Task :app:generateDebugAssets UP-TO-DATE
[        ] Skipping task ':app:generateDebugAssets' as it has no actions.
[        ] Resolve mutations for :app_links:mergeDebugShaders (Thread[#566,Execution worker Thread 15,5,main]) started.
[        ] :app_links:mergeDebugShaders (Thread[#552,Execution worker,5,main]) started.
[        ] > Task :app_links:mergeDebugShaders UP-TO-DATE
[        ] Caching disabled for task ':app_links:mergeDebugShaders' because:
[        ]   Build cache is disabled
[        ]   Simple merging task
[        ] Skipping task ':app_links:mergeDebugShaders' as it is up-to-date.
[        ] Resolve mutations for :app_links:compileDebugShaders (Thread[#566,Execution worker Thread 15,5,main]) started.
[        ] :app_links:compileDebugShaders (Thread[#566,Execution worker Thread 15,5,main]) started.
[        ] > Task :app_links:compileDebugShaders NO-SOURCE
[        ] Skipping task ':app_links:compileDebugShaders' as it has no source files and no previous output files.
[        ] Resolve mutations for :app_links:generateDebugAssets (Thread[#566,Execution worker Thread 15,5,main]) started.
[        ] :app_links:generateDebugAssets (Thread[#566,Execution worker Thread 15,5,main]) started.
[        ] > Task :app_links:generateDebugAssets UP-TO-DATE
[        ] Skipping task ':app_links:generateDebugAssets' as it has no actions.
[        ] Resolve mutations for :app_links:mergeDebugAssets (Thread[#566,Execution worker Thread 15,5,main]) started.
[        ] :app_links:mergeDebugAssets (Thread[#566,Execution worker Thread 15,5,main]) started.
[        ] > Task :app_links:mergeDebugAssets UP-TO-DATE
[        ] Caching disabled for task ':app_links:mergeDebugAssets' because:
[        ]   Build cache is disabled
[        ]   Simple merging task
[        ] Skipping task ':app_links:mergeDebugAssets' as it is up-to-date.
[        ] work action resolve mergeDebugAssets (project :app_links) (Thread[#566,Execution worker Thread 15,5,main]) started.
[        ] Resolve mutations for :cloud_firestore:mergeDebugShaders (Thread[#566,Execution worker Thread 15,5,main]) started.
[        ] :cloud_firestore:mergeDebugShaders (Thread[#566,Execution worker Thread 15,5,main]) started.
[        ] > Task :cloud_firestore:mergeDebugShaders UP-TO-DATE
[        ] Caching disabled for task ':cloud_firestore:mergeDebugShaders' because:
[        ]   Build cache is disabled
[        ]   Simple merging task
[        ] Skipping task ':cloud_firestore:mergeDebugShaders' as it is up-to-date.
[        ] Resolve mutations for :cloud_firestore:compileDebugShaders (Thread[#566,Execution worker Thread 15,5,main]) started.
[        ] :cloud_firestore:compileDebugShaders (Thread[#566,Execution worker Thread 15,5,main]) started.
[        ] > Task :cloud_firestore:compileDebugShaders NO-SOURCE
[        ] Skipping task ':cloud_firestore:compileDebugShaders' as it has no source files and no previous output files.
[        ] Resolve mutations for :cloud_firestore:generateDebugAssets (Thread[#566,Execution worker Thread 15,5,main]) started.
[        ] :cloud_firestore:generateDebugAssets (Thread[#566,Execution worker Thread 15,5,main]) started.
[        ] > Task :cloud_firestore:generateDebugAssets UP-TO-DATE
[        ] Skipping task ':cloud_firestore:generateDebugAssets' as it has no actions.
[        ] Resolve mutations for :cloud_firestore:mergeDebugAssets (Thread[#566,Execution worker Thread 15,5,main]) started.
[        ] :cloud_firestore:mergeDebugAssets (Thread[#566,Execution worker Thread 15,5,main]) started.
[        ] > Task :cloud_firestore:mergeDebugAssets UP-TO-DATE
[        ] Caching disabled for task ':cloud_firestore:mergeDebugAssets' because:
[        ]   Build cache is disabled
[        ]   Simple merging task
[        ] Skipping task ':cloud_firestore:mergeDebugAssets' as it is up-to-date.
[        ] work action resolve mergeDebugAssets (project :cloud_firestore) (Thread[#566,Execution worker Thread 15,5,main]) started.
[        ] Resolve mutations for :desktop_webview_auth:mergeDebugShaders (Thread[#566,Execution worker Thread 15,5,main]) started.
[        ] :desktop_webview_auth:mergeDebugShaders (Thread[#563,Execution worker Thread 12,5,main]) started.
[        ] > Task :desktop_webview_auth:mergeDebugShaders UP-TO-DATE
[        ] Caching disabled for task ':desktop_webview_auth:mergeDebugShaders' because:
[        ]   Build cache is disabled
[        ]   Simple merging task
[        ] Skipping task ':desktop_webview_auth:mergeDebugShaders' as it is up-to-date.
[        ] Resolve mutations for :desktop_webview_auth:compileDebugShaders (Thread[#563,Execution worker Thread 12,5,main]) started.
[        ] :desktop_webview_auth:compileDebugShaders (Thread[#563,Execution worker Thread 12,5,main]) started.
[        ] > Task :desktop_webview_auth:compileDebugShaders NO-SOURCE
[        ] Skipping task ':desktop_webview_auth:compileDebugShaders' as it has no source files and no previous output files.
[        ] Resolve mutations for :desktop_webview_auth:generateDebugAssets (Thread[#563,Execution worker Thread 12,5,main]) started.
[        ] :desktop_webview_auth:generateDebugAssets (Thread[#563,Execution worker Thread 12,5,main]) started.
[        ] > Task :desktop_webview_auth:generateDebugAssets UP-TO-DATE
[        ] Skipping task ':desktop_webview_auth:generateDebugAssets' as it has no actions.
[        ] Resolve mutations for :desktop_webview_auth:mergeDebugAssets (Thread[#563,Execution worker Thread 12,5,main]) started.
[        ] :desktop_webview_auth:mergeDebugAssets (Thread[#563,Execution worker Thread 12,5,main]) started.
[        ] > Task :desktop_webview_auth:mergeDebugAssets UP-TO-DATE
[        ] Caching disabled for task ':desktop_webview_auth:mergeDebugAssets' because:
[        ]   Build cache is disabled
[        ]   Simple merging task
[        ] Skipping task ':desktop_webview_auth:mergeDebugAssets' as it is up-to-date.
[        ] work action resolve mergeDebugAssets (project :desktop_webview_auth) (Thread[#563,Execution worker Thread 12,5,main]) started.
[        ] Resolve mutations for :firebase_auth:mergeDebugShaders (Thread[#563,Execution worker Thread 12,5,main]) started.
[        ] :firebase_auth:mergeDebugShaders (Thread[#563,Execution worker Thread 12,5,main]) started.
[        ] > Task :firebase_auth:mergeDebugShaders UP-TO-DATE
[        ] Caching disabled for task ':firebase_auth:mergeDebugShaders' because:
[        ]   Build cache is disabled
[        ]   Simple merging task
[        ] Skipping task ':firebase_auth:mergeDebugShaders' as it is up-to-date.
[        ] Resolve mutations for :firebase_auth:compileDebugShaders (Thread[#563,Execution worker Thread 12,5,main]) started.
[        ] :firebase_auth:compileDebugShaders (Thread[#563,Execution worker Thread 12,5,main]) started.
[        ] > Task :firebase_auth:compileDebugShaders NO-SOURCE
[        ] Skipping task ':firebase_auth:compileDebugShaders' as it has no source files and no previous output files.
[        ] Resolve mutations for :firebase_auth:generateDebugAssets (Thread[#563,Execution worker Thread 12,5,main]) started.
[        ] :firebase_auth:generateDebugAssets (Thread[#555,Execution worker Thread 4,5,main]) started.
[        ] > Task :firebase_auth:generateDebugAssets UP-TO-DATE
[        ] Skipping task ':firebase_auth:generateDebugAssets' as it has no actions.
[        ] Resolve mutations for :firebase_auth:mergeDebugAssets (Thread[#555,Execution worker Thread 4,5,main]) started.
[        ] :firebase_auth:mergeDebugAssets (Thread[#555,Execution worker Thread 4,5,main]) started.
[        ] > Task :firebase_auth:mergeDebugAssets UP-TO-DATE
[        ] Caching disabled for task ':firebase_auth:mergeDebugAssets' because:
[        ]   Build cache is disabled
[        ]   Simple merging task
[        ] Skipping task ':firebase_auth:mergeDebugAssets' as it is up-to-date.
[        ] work action resolve mergeDebugAssets (project :firebase_auth) (Thread[#555,Execution worker Thread 4,5,main]) started.
[        ] Resolve mutations for :firebase_core:mergeDebugShaders (Thread[#555,Execution worker Thread 4,5,main]) started.
[        ] :firebase_core:mergeDebugShaders (Thread[#555,Execution worker Thread 4,5,main]) started.
[        ] > Task :firebase_core:mergeDebugShaders UP-TO-DATE
[        ] Caching disabled for task ':firebase_core:mergeDebugShaders' because:
[        ]   Build cache is disabled
[        ]   Simple merging task
[        ] Skipping task ':firebase_core:mergeDebugShaders' as it is up-to-date.
[        ] Resolve mutations for :firebase_core:compileDebugShaders (Thread[#555,Execution worker Thread 4,5,main]) started.
[        ] :firebase_core:compileDebugShaders (Thread[#555,Execution worker Thread 4,5,main]) started.
[        ] > Task :firebase_core:compileDebugShaders NO-SOURCE
[        ] Skipping task ':firebase_core:compileDebugShaders' as it has no source files and no previous output files.
[        ] Resolve mutations for :firebase_core:generateDebugAssets (Thread[#555,Execution worker Thread 4,5,main]) started.
[        ] :firebase_core:generateDebugAssets (Thread[#555,Execution worker Thread 4,5,main]) started.
[        ] > Task :firebase_core:generateDebugAssets UP-TO-DATE
[        ] Skipping task ':firebase_core:generateDebugAssets' as it has no actions.
[        ] Resolve mutations for :firebase_core:mergeDebugAssets (Thread[#555,Execution worker Thread 4,5,main]) started.
[        ] :firebase_core:mergeDebugAssets (Thread[#555,Execution worker Thread 4,5,main]) started.
[        ] > Task :firebase_core:mergeDebugAssets UP-TO-DATE
[        ] Caching disabled for task ':firebase_core:mergeDebugAssets' because:
[        ]   Build cache is disabled
[        ]   Simple merging task
[        ] Skipping task ':firebase_core:mergeDebugAssets' as it is up-to-date.
[        ] work action resolve mergeDebugAssets (project :firebase_core) (Thread[#555,Execution worker Thread 4,5,main]) started.
[        ] Resolve mutations for :firebase_messaging:mergeDebugShaders (Thread[#555,Execution worker Thread 4,5,main]) started.
[        ] :firebase_messaging:mergeDebugShaders (Thread[#555,Execution worker Thread 4,5,main]) started.
[        ] > Task :firebase_messaging:mergeDebugShaders UP-TO-DATE
[        ] Caching disabled for task ':firebase_messaging:mergeDebugShaders' because:
[        ]   Build cache is disabled
[        ]   Simple merging task
[        ] Skipping task ':firebase_messaging:mergeDebugShaders' as it is up-to-date.
[        ] Resolve mutations for :firebase_messaging:compileDebugShaders (Thread[#555,Execution worker Thread 4,5,main]) started.
[        ] :firebase_messaging:compileDebugShaders (Thread[#555,Execution worker Thread 4,5,main]) started.
[        ] > Task :firebase_messaging:compileDebugShaders NO-SOURCE
[        ] Skipping task ':firebase_messaging:compileDebugShaders' as it has no source files and no previous output files.
[        ] Resolve mutations for :firebase_messaging:generateDebugAssets (Thread[#555,Execution worker Thread 4,5,main]) started.
[        ] :firebase_messaging:generateDebugAssets (Thread[#555,Execution worker Thread 4,5,main]) started.
[        ] > Task :firebase_messaging:generateDebugAssets UP-TO-DATE
[        ] Skipping task ':firebase_messaging:generateDebugAssets' as it has no actions.
[        ] Resolve mutations for :firebase_messaging:mergeDebugAssets (Thread[#555,Execution worker Thread 4,5,main]) started.
[        ] :firebase_messaging:mergeDebugAssets (Thread[#555,Execution worker Thread 4,5,main]) started.
[        ] > Task :firebase_messaging:mergeDebugAssets UP-TO-DATE
[        ] Caching disabled for task ':firebase_messaging:mergeDebugAssets' because:
[        ]   Build cache is disabled
[        ]   Simple merging task
[        ] Skipping task ':firebase_messaging:mergeDebugAssets' as it is up-to-date.
[        ] work action resolve mergeDebugAssets (project :firebase_messaging) (Thread[#555,Execution worker Thread 4,5,main]) started.
[        ] Resolve mutations for :flutter_local_notifications:mergeDebugShaders (Thread[#555,Execution worker Thread 4,5,main]) started.
[        ] :flutter_local_notifications:mergeDebugShaders (Thread[#555,Execution worker Thread 4,5,main]) started.
[        ] > Task :flutter_local_notifications:mergeDebugShaders UP-TO-DATE
[        ] Caching disabled for task ':flutter_local_notifications:mergeDebugShaders' because:
[        ]   Build cache is disabled
[        ]   Simple merging task
[        ] Skipping task ':flutter_local_notifications:mergeDebugShaders' as it is up-to-date.
[        ] Resolve mutations for :flutter_local_notifications:compileDebugShaders (Thread[#555,Execution worker Thread 4,5,main]) started.
[        ] :flutter_local_notifications:compileDebugShaders (Thread[#555,Execution worker Thread 4,5,main]) started.
[        ] > Task :flutter_local_notifications:compileDebugShaders NO-SOURCE
[        ] Skipping task ':flutter_local_notifications:compileDebugShaders' as it has no source files and no previous output files.
[        ] Resolve mutations for :flutter_local_notifications:generateDebugAssets (Thread[#555,Execution worker Thread 4,5,main]) started.
[        ] :flutter_local_notifications:generateDebugAssets (Thread[#555,Execution worker Thread 4,5,main]) started.
[        ] > Task :flutter_local_notifications:generateDebugAssets UP-TO-DATE
[        ] Skipping task ':flutter_local_notifications:generateDebugAssets' as it has no actions.
[        ] Resolve mutations for :flutter_local_notifications:mergeDebugAssets (Thread[#555,Execution worker Thread 4,5,main]) started.
[        ] :flutter_local_notifications:mergeDebugAssets (Thread[#555,Execution worker Thread 4,5,main]) started.
[        ] > Task :flutter_local_notifications:mergeDebugAssets UP-TO-DATE
[        ] Caching disabled for task ':flutter_local_notifications:mergeDebugAssets' because:
[        ]   Build cache is disabled
[        ]   Simple merging task
[        ] Skipping task ':flutter_local_notifications:mergeDebugAssets' as it is up-to-date.
[        ] work action resolve mergeDebugAssets (project :flutter_local_notifications) (Thread[#555,Execution worker Thread 4,5,main]) started.
[        ] Resolve mutations for :flutter_tts:mergeDebugShaders (Thread[#551,included builds,5,main]) started.
[        ] :flutter_tts:mergeDebugShaders (Thread[#551,included builds,5,main]) started.
[        ] > Task :flutter_tts:mergeDebugShaders UP-TO-DATE
[        ] Caching disabled for task ':flutter_tts:mergeDebugShaders' because:
[        ]   Build cache is disabled
[        ]   Simple merging task
[        ] Skipping task ':flutter_tts:mergeDebugShaders' as it is up-to-date.
[        ] Resolve mutations for :flutter_tts:compileDebugShaders (Thread[#551,included builds,5,main]) started.
[        ] :flutter_tts:compileDebugShaders (Thread[#551,included builds,5,main]) started.
[        ] > Task :flutter_tts:compileDebugShaders NO-SOURCE
[        ] Skipping task ':flutter_tts:compileDebugShaders' as it has no source files and no previous output files.
[        ] Resolve mutations for :flutter_tts:generateDebugAssets (Thread[#551,included builds,5,main]) started.
[        ] :flutter_tts:generateDebugAssets (Thread[#551,included builds,5,main]) started.
[        ] > Task :flutter_tts:generateDebugAssets UP-TO-DATE
[        ] Skipping task ':flutter_tts:generateDebugAssets' as it has no actions.
[        ] Resolve mutations for :flutter_tts:mergeDebugAssets (Thread[#551,included builds,5,main]) started.
[        ] :flutter_tts:mergeDebugAssets (Thread[#551,included builds,5,main]) started.
[        ] > Task :flutter_tts:mergeDebugAssets UP-TO-DATE
[        ] Caching disabled for task ':flutter_tts:mergeDebugAssets' because:
[        ]   Build cache is disabled
[        ]   Simple merging task
[        ] Skipping task ':flutter_tts:mergeDebugAssets' as it is up-to-date.
[        ] work action resolve mergeDebugAssets (project :flutter_tts) (Thread[#551,included builds,5,main]) started.
[        ] Resolve mutations for :google_sign_in_android:mergeDebugShaders (Thread[#551,included builds,5,main]) started.
[        ] :google_sign_in_android:mergeDebugShaders (Thread[#551,included builds,5,main]) started.
[        ] > Task :google_sign_in_android:mergeDebugShaders UP-TO-DATE
[        ] Caching disabled for task ':google_sign_in_android:mergeDebugShaders' because:
[        ]   Build cache is disabled
[        ]   Simple merging task
[        ] Skipping task ':google_sign_in_android:mergeDebugShaders' as it is up-to-date.
[        ] Resolve mutations for :google_sign_in_android:compileDebugShaders (Thread[#551,included builds,5,main]) started.
[        ] :google_sign_in_android:compileDebugShaders (Thread[#565,Execution worker Thread 14,5,main]) started.
[        ] > Task :google_sign_in_android:compileDebugShaders NO-SOURCE
[        ] Skipping task ':google_sign_in_android:compileDebugShaders' as it has no source files and no previous output files.
[        ] Resolve mutations for :google_sign_in_android:generateDebugAssets (Thread[#565,Execution worker Thread 14,5,main]) started.
[        ] :google_sign_in_android:generateDebugAssets (Thread[#565,Execution worker Thread 14,5,main]) started.
[        ] > Task :google_sign_in_android:generateDebugAssets UP-TO-DATE
[        ] Skipping task ':google_sign_in_android:generateDebugAssets' as it has no actions.
[        ] Resolve mutations for :google_sign_in_android:mergeDebugAssets (Thread[#565,Execution worker Thread 14,5,main]) started.
[        ] :google_sign_in_android:mergeDebugAssets (Thread[#565,Execution worker Thread 14,5,main]) started.
[        ] > Task :google_sign_in_android:mergeDebugAssets UP-TO-DATE
[        ] Caching disabled for task ':google_sign_in_android:mergeDebugAssets' because:
[        ]   Build cache is disabled
[        ]   Simple merging task
[        ] Skipping task ':google_sign_in_android:mergeDebugAssets' as it is up-to-date.
[        ] work action resolve mergeDebugAssets (project :google_sign_in_android) (Thread[#565,Execution worker Thread 14,5,main]) started.
[        ] Resolve mutations for :path_provider_android:mergeDebugShaders (Thread[#565,Execution worker Thread 14,5,main]) started.
[        ] :path_provider_android:mergeDebugShaders (Thread[#565,Execution worker Thread 14,5,main]) started.
[        ] > Task :path_provider_android:mergeDebugShaders UP-TO-DATE
[        ] Caching disabled for task ':path_provider_android:mergeDebugShaders' because:
[        ]   Build cache is disabled
[        ]   Simple merging task
[        ] Skipping task ':path_provider_android:mergeDebugShaders' as it is up-to-date.
[        ] Resolve mutations for :path_provider_android:compileDebugShaders (Thread[#565,Execution worker Thread 14,5,main]) started.
[        ] :path_provider_android:compileDebugShaders (Thread[#565,Execution worker Thread 14,5,main]) started.
[        ] > Task :path_provider_android:compileDebugShaders NO-SOURCE
[        ] Skipping task ':path_provider_android:compileDebugShaders' as it has no source files and no previous output files.
[        ] Resolve mutations for :path_provider_android:generateDebugAssets (Thread[#565,Execution worker Thread 14,5,main]) started.
[        ] :path_provider_android:generateDebugAssets (Thread[#565,Execution worker Thread 14,5,main]) started.
[  +23 ms] > Task :path_provider_android:generateDebugAssets UP-TO-DATE
[        ] Skipping task ':path_provider_android:generateDebugAssets' as it has no actions.
[        ] Resolve mutations for :path_provider_android:mergeDebugAssets (Thread[#565,Execution worker Thread 14,5,main]) started.
[        ] :path_provider_android:mergeDebugAssets (Thread[#565,Execution worker Thread 14,5,main]) started.
[        ] > Task :path_provider_android:mergeDebugAssets UP-TO-DATE
[        ] Caching disabled for task ':path_provider_android:mergeDebugAssets' because:
[        ]   Build cache is disabled
[        ]   Simple merging task
[        ] Skipping task ':path_provider_android:mergeDebugAssets' as it is up-to-date.
[        ] work action resolve mergeDebugAssets (project :path_provider_android) (Thread[#565,Execution worker Thread 14,5,main]) started.
[        ] Resolve mutations for :shared_preferences_android:mergeDebugShaders (Thread[#551,included builds,5,main]) started.
[        ] :shared_preferences_android:mergeDebugShaders (Thread[#551,included builds,5,main]) started.
[        ] > Task :shared_preferences_android:mergeDebugShaders UP-TO-DATE
[        ] Caching disabled for task ':shared_preferences_android:mergeDebugShaders' because:
[        ]   Build cache is disabled
[        ]   Simple merging task
[        ] Skipping task ':shared_preferences_android:mergeDebugShaders' as it is up-to-date.
[        ] Resolve mutations for :shared_preferences_android:compileDebugShaders (Thread[#551,included builds,5,main]) started.
[        ] :shared_preferences_android:compileDebugShaders (Thread[#551,included builds,5,main]) started.
[        ] > Task :shared_preferences_android:compileDebugShaders NO-SOURCE
[        ] Skipping task ':shared_preferences_android:compileDebugShaders' as it has no source files and no previous output files.
[        ] Resolve mutations for :shared_preferences_android:generateDebugAssets (Thread[#551,included builds,5,main]) started.
[        ] :shared_preferences_android:generateDebugAssets (Thread[#551,included builds,5,main]) started.
[        ] > Task :shared_preferences_android:generateDebugAssets UP-TO-DATE
[        ] Skipping task ':shared_preferences_android:generateDebugAssets' as it has no actions.
[        ] Resolve mutations for :shared_preferences_android:mergeDebugAssets (Thread[#551,included builds,5,main]) started.
[        ] :shared_preferences_android:mergeDebugAssets (Thread[#551,included builds,5,main]) started.
[        ] > Task :shared_preferences_android:mergeDebugAssets UP-TO-DATE
[        ] Caching disabled for task ':shared_preferences_android:mergeDebugAssets' because:
[        ]   Build cache is disabled
[        ]   Simple merging task
[        ] Skipping task ':shared_preferences_android:mergeDebugAssets' as it is up-to-date.
[        ] work action resolve mergeDebugAssets (project :shared_preferences_android) (Thread[#551,included builds,5,main]) started.
[        ] Resolve mutations for :twitter_login:mergeDebugShaders (Thread[#551,included builds,5,main]) started.
[        ] :twitter_login:mergeDebugShaders (Thread[#551,included builds,5,main]) started.
[        ] > Task :twitter_login:mergeDebugShaders UP-TO-DATE
[        ] Caching disabled for task ':twitter_login:mergeDebugShaders' because:
[        ]   Build cache is disabled
[        ]   Simple merging task
[        ] Skipping task ':twitter_login:mergeDebugShaders' as it is up-to-date.
[        ] Resolve mutations for :twitter_login:compileDebugShaders (Thread[#551,included builds,5,main]) started.
[        ] :twitter_login:compileDebugShaders (Thread[#551,included builds,5,main]) started.
[        ] > Task :twitter_login:compileDebugShaders NO-SOURCE
[        ] Skipping task ':twitter_login:compileDebugShaders' as it has no source files and no previous output files.
[        ] Resolve mutations for :twitter_login:generateDebugAssets (Thread[#551,included builds,5,main]) started.
[        ] :twitter_login:generateDebugAssets (Thread[#552,Execution worker,5,main]) started.
[        ] > Task :twitter_login:generateDebugAssets UP-TO-DATE
[        ] Skipping task ':twitter_login:generateDebugAssets' as it has no actions.
[        ] Resolve mutations for :twitter_login:mergeDebugAssets (Thread[#552,Execution worker,5,main]) started.
[        ] :twitter_login:mergeDebugAssets (Thread[#552,Execution worker,5,main]) started.
[        ] > Task :twitter_login:mergeDebugAssets UP-TO-DATE
[        ] Caching disabled for task ':twitter_login:mergeDebugAssets' because:
[        ]   Build cache is disabled
[        ]   Simple merging task
[        ] Skipping task ':twitter_login:mergeDebugAssets' as it is up-to-date.
[        ] work action resolve mergeDebugAssets (project :twitter_login) (Thread[#551,included builds,5,main]) started.
[        ] Resolve mutations for :url_launcher_android:mergeDebugShaders (Thread[#556,Execution worker Thread 5,5,main]) started.
[        ] :url_launcher_android:mergeDebugShaders (Thread[#556,Execution worker Thread 5,5,main]) started.
[        ] > Task :url_launcher_android:mergeDebugShaders UP-TO-DATE
[        ] Caching disabled for task ':url_launcher_android:mergeDebugShaders' because:
[        ]   Build cache is disabled
[        ]   Simple merging task
[        ] Skipping task ':url_launcher_android:mergeDebugShaders' as it is up-to-date.
[        ] Resolve mutations for :url_launcher_android:compileDebugShaders (Thread[#556,Execution worker Thread 5,5,main]) started.
[        ] :url_launcher_android:compileDebugShaders (Thread[#556,Execution worker Thread 5,5,main]) started.
[        ] > Task :url_launcher_android:compileDebugShaders NO-SOURCE
[        ] Skipping task ':url_launcher_android:compileDebugShaders' as it has no source files and no previous output files.
[        ] Resolve mutations for :url_launcher_android:generateDebugAssets (Thread[#556,Execution worker Thread 5,5,main]) started.
[        ] :url_launcher_android:generateDebugAssets (Thread[#566,Execution worker Thread 15,5,main]) started.
[        ] > Task :url_launcher_android:generateDebugAssets UP-TO-DATE
[        ] Skipping task ':url_launcher_android:generateDebugAssets' as it has no actions.
[        ] Resolve mutations for :url_launcher_android:mergeDebugAssets (Thread[#566,Execution worker Thread 15,5,main]) started.
[        ] :url_launcher_android:mergeDebugAssets (Thread[#566,Execution worker Thread 15,5,main]) started.
[        ] > Task :url_launcher_android:mergeDebugAssets UP-TO-DATE
[        ] Caching disabled for task ':url_launcher_android:mergeDebugAssets' because:
[        ]   Build cache is disabled
[        ]   Simple merging task
[        ] Skipping task ':url_launcher_android:mergeDebugAssets' as it is up-to-date.
[        ] work action resolve mergeDebugAssets (project :url_launcher_android) (Thread[#566,Execution worker Thread 15,5,main]) started.
[        ] Resolve mutations for :app:mergeDebugAssets (Thread[#566,Execution worker Thread 15,5,main]) started.
[        ] :app:mergeDebugAssets (Thread[#566,Execution worker Thread 15,5,main]) started.
[        ] > Task :app:mergeDebugAssets
[        ] Transforming firebase-firestore-26.1.0.aar (com.google.firebase:firebase-firestore:26.1.0) with JetifyTransform
[        ] Transforming firebase-firestore-26.1.0.aar (com.google.firebase:firebase-firestore:26.1.0) with ExtractAarTransform
[        ] Transforming firebase-firestore-26.1.0.aar (com.google.firebase:firebase-firestore:26.1.0) with AarTransform
[        ] Transforming firebase-auth-24.0.1.aar (com.google.firebase:firebase-auth:24.0.1) with JetifyTransform
[        ] Transforming firebase-auth-24.0.1.aar (com.google.firebase:firebase-auth:24.0.1) with ExtractAarTransform
[        ] Transforming firebase-auth-24.0.1.aar (com.google.firebase:firebase-auth:24.0.1) with AarTransform
[        ] Transforming firebase-messaging-25.0.1.aar (com.google.firebase:firebase-messaging:25.0.1) with JetifyTransform
[        ] Transforming firebase-messaging-25.0.1.aar (com.google.firebase:firebase-messaging:25.0.1) with ExtractAarTransform
[        ] Transforming firebase-messaging-25.0.1.aar (com.google.firebase:firebase-messaging:25.0.1) with AarTransform
[        ] Transforming firebase-auth-interop-20.0.0.aar (com.google.firebase:firebase-auth-interop:20.0.0) with JetifyTransform
[        ] Transforming firebase-auth-interop-20.0.0.aar (com.google.firebase:firebase-auth-interop:20.0.0) with ExtractAarTransform
[        ] Transforming firebase-auth-interop-20.0.0.aar (com.google.firebase:firebase-auth-interop:20.0.0) with AarTransform
[        ] Transforming firebase-installations-19.0.1.aar (com.google.firebase:firebase-installations:19.0.1) with JetifyTransform
[        ] Transforming firebase-installations-19.0.1.aar (com.google.firebase:firebase-installations:19.0.1) with ExtractAarTransform
[        ] Transforming firebase-installations-19.0.1.aar (com.google.firebase:firebase-installations:19.0.1) with AarTransform
[        ] Transforming firebase-common-22.0.1.aar (com.google.firebase:firebase-common:22.0.1) with JetifyTransform
[        ] Transforming firebase-common-22.0.1.aar (com.google.firebase:firebase-common:22.0.1) with ExtractAarTransform
[        ] Transforming firebase-common-22.0.1.aar (com.google.firebase:firebase-common:22.0.1) with AarTransform
[        ] Transforming firebase-common-22.0.1.aar (com.google.firebase:firebase-common:22.0.1) with JetifyTransform
[        ] Transforming firebase-common-22.0.1.aar (com.google.firebase:firebase-common:22.0.1) with ExtractAarTransform
[        ] Transforming firebase-common-22.0.1.aar (com.google.firebase:firebase-common:22.0.1) with AarTransform
[        ] Transforming media-1.1.0.aar (androidx.media:media:1.1.0) with JetifyTransform
[        ] Transforming media-1.1.0.aar (androidx.media:media:1.1.0) with ExtractAarTransform
[        ] Transforming media-1.1.0.aar (androidx.media:media:1.1.0) with AarTransform
[        ] Transforming preference-1.2.1.aar (androidx.preference:preference:1.2.1) with JetifyTransform
[        ] Transforming preference-1.2.1.aar (androidx.preference:preference:1.2.1) with ExtractAarTransform
[        ] Transforming preference-1.2.1.aar (androidx.preference:preference:1.2.1) with AarTransform
[        ] Transforming browser-1.9.0.aar (androidx.browser:browser:1.9.0) with JetifyTransform
[        ] Transforming browser-1.9.0.aar (androidx.browser:browser:1.9.0) with ExtractAarTransform
[        ] Transforming browser-1.9.0.aar (androidx.browser:browser:1.9.0) with AarTransform
[        ] Transforming browser-1.9.0.aar (androidx.browser:browser:1.9.0) with JetifyTransform
[        ] Transforming browser-1.9.0.aar (androidx.browser:browser:1.9.0) with ExtractAarTransform
[        ] Transforming browser-1.9.0.aar (androidx.browser:browser:1.9.0) with AarTransform
[        ] Transforming recyclerview-1.0.0.aar (androidx.recyclerview:recyclerview:1.0.0) with JetifyTransform
[        ] Transforming recyclerview-1.0.0.aar (androidx.recyclerview:recyclerview:1.0.0) with ExtractAarTransform
[        ] Transforming recyclerview-1.0.0.aar (androidx.recyclerview:recyclerview:1.0.0) with AarTransform
[        ] Transforming legacy-support-core-ui-1.0.0.aar (androidx.legacy:legacy-support-core-ui:1.0.0) with JetifyTransform
[        ] Transforming legacy-support-core-ui-1.0.0.aar (androidx.legacy:legacy-support-core-ui:1.0.0) with ExtractAarTransform
[        ] Transforming legacy-support-core-ui-1.0.0.aar (androidx.legacy:legacy-support-core-ui:1.0.0) with AarTransform
[        ] Transforming slidingpanelayout-1.2.0.aar (androidx.slidingpanelayout:slidingpanelayout:1.2.0) with JetifyTransform
[        ] Transforming slidingpanelayout-1.2.0.aar (androidx.slidingpanelayout:slidingpanelayout:1.2.0) with ExtractAarTransform
[        ] Transforming slidingpanelayout-1.2.0.aar (androidx.slidingpanelayout:slidingpanelayout:1.2.0) with AarTransform
[        ] Transforming slidingpanelayout-1.2.0.aar (androidx.slidingpanelayout:slidingpanelayout:1.2.0) with JetifyTransform
[        ] Transforming slidingpanelayout-1.2.0.aar (androidx.slidingpanelayout:slidingpanelayout:1.2.0) with ExtractAarTransform
[        ] Transforming slidingpanelayout-1.2.0.aar (androidx.slidingpanelayout:slidingpanelayout:1.2.0) with AarTransform
[        ] Transforming window-1.2.0.aar (androidx.window:window:1.2.0) with JetifyTransform
[        ] Transforming window-1.2.0.aar (androidx.window:window:1.2.0) with ExtractAarTransform
[        ] Transforming window-1.2.0.aar (androidx.window:window:1.2.0) with AarTransform
[        ] Transforming window-java-1.2.0.aar (androidx.window:window-java:1.2.0) with JetifyTransform
[        ] Transforming window-java-1.2.0.aar (androidx.window:window-java:1.2.0) with ExtractAarTransform
[        ] Transforming window-java-1.2.0.aar (androidx.window:window-java:1.2.0) with AarTransform
[        ] Transforming credentials-1.2.0-rc01.aar (androidx.credentials:credentials:1.2.0-rc01) with JetifyTransform
[        ] Transforming credentials-1.2.0-rc01.aar (androidx.credentials:credentials:1.2.0-rc01) with ExtractAarTransform
[        ] Transforming credentials-1.2.0-rc01.aar (androidx.credentials:credentials:1.2.0-rc01) with AarTransform
[        ] Transforming credentials-1.2.0-rc01.aar (androidx.credentials:credentials:1.2.0-rc01) with JetifyTransform
[        ] Transforming credentials-1.2.0-rc01.aar (androidx.credentials:credentials:1.2.0-rc01) with ExtractAarTransform
[        ] Transforming credentials-1.2.0-rc01.aar (androidx.credentials:credentials:1.2.0-rc01) with AarTransform
[        ] Transforming credentials-play-services-auth-1.2.0-rc01.aar (androidx.credentials:credentials-play-services-auth:1.2.0-rc01) with JetifyTransform
[        ] Transforming credentials-play-services-auth-1.2.0-rc01.aar (androidx.credentials:credentials-play-services-auth:1.2.0-rc01) with ExtractAarTransform
[        ] Transforming credentials-play-services-auth-1.2.0-rc01.aar (androidx.credentials:credentials-play-services-auth:1.2.0-rc01) with AarTransform
[        ] Transforming play-services-auth-21.0.0.aar (com.google.android.gms:play-services-auth:21.0.0) with JetifyTransform
[        ] Transforming play-services-auth-21.0.0.aar (com.google.android.gms:play-services-auth:21.0.0) with ExtractAarTransform
[        ] Transforming play-services-auth-21.0.0.aar (com.google.android.gms:play-services-auth:21.0.0) with AarTransform
[        ] Transforming firebase-appcheck-interop-17.0.0.aar (com.google.firebase:firebase-appcheck-interop:17.0.0) with JetifyTransform
[        ] Transforming firebase-appcheck-interop-17.0.0.aar (com.google.firebase:firebase-appcheck-interop:17.0.0) with ExtractAarTransform
[        ] Transforming firebase-appcheck-interop-17.0.0.aar (com.google.firebase:firebase-appcheck-interop:17.0.0) with AarTransform
[        ] Transforming firebase-database-collection-18.0.1.aar (com.google.firebase:firebase-database-collection:18.0.1) with JetifyTransform
[        ] Transforming firebase-database-collection-18.0.1.aar (com.google.firebase:firebase-database-collection:18.0.1) with ExtractAarTransform
[        ] Transforming firebase-database-collection-18.0.1.aar (com.google.firebase:firebase-database-collection:18.0.1) with AarTransform
[        ] Transforming play-services-auth-api-phone-18.0.2.aar (com.google.android.gms:play-services-auth-api-phone:18.0.2) with JetifyTransform
[        ] Transforming play-services-auth-api-phone-18.0.2.aar (com.google.android.gms:play-services-auth-api-phone:18.0.2) with ExtractAarTransform
[        ] Transforming play-services-auth-api-phone-18.0.2.aar (com.google.android.gms:play-services-auth-api-phone:18.0.2) with AarTransform
[        ] Transforming play-services-auth-base-18.0.10.aar (com.google.android.gms:play-services-auth-base:18.0.10) with JetifyTransform
[        ] Transforming play-services-auth-base-18.0.10.aar (com.google.android.gms:play-services-auth-base:18.0.10) with ExtractAarTransform
[        ] Transforming play-services-auth-base-18.0.10.aar (com.google.android.gms:play-services-auth-base:18.0.10) with AarTransform
[        ] Transforming play-services-fido-20.1.0.aar (com.google.android.gms:play-services-fido:20.1.0) with JetifyTransform
[        ] Transforming play-services-fido-20.1.0.aar (com.google.android.gms:play-services-fido:20.1.0) with ExtractAarTransform
[        ] Transforming play-services-fido-20.1.0.aar (com.google.android.gms:play-services-fido:20.1.0) with AarTransform
[        ] Transforming play-services-fido-20.1.0.aar (com.google.android.gms:play-services-fido:20.1.0) with JetifyTransform
[        ] Transforming play-services-fido-20.1.0.aar (com.google.android.gms:play-services-fido:20.1.0) with ExtractAarTransform
[        ] Transforming play-services-fido-20.1.0.aar (com.google.android.gms:play-services-fido:20.1.0) with AarTransform
[        ] Transforming play-services-base-18.9.0.aar (com.google.android.gms:play-services-base:18.9.0) with JetifyTransform
[        ] Transforming play-services-base-18.9.0.aar (com.google.android.gms:play-services-base:18.9.0) with ExtractAarTransform
[        ] Transforming play-services-base-18.9.0.aar (com.google.android.gms:play-services-base:18.9.0) with AarTransform
[        ] Transforming recaptcha-18.6.1.aar (com.google.android.recaptcha:recaptcha:18.6.1) with JetifyTransform
[        ] Transforming recaptcha-18.6.1.aar (com.google.android.recaptcha:recaptcha:18.6.1) with ExtractAarTransform
[        ] Transforming recaptcha-18.6.1.aar (com.google.android.recaptcha:recaptcha:18.6.1) with AarTransform
[        ] Transforming integrity-1.3.0.aar (com.google.android.play:integrity:1.3.0) with JetifyTransform
[        ] Transforming integrity-1.3.0.aar (com.google.android.play:integrity:1.3.0) with ExtractAarTransform
[        ] Transforming integrity-1.3.0.aar (com.google.android.play:integrity:1.3.0) with AarTransform
[        ] Transforming appcompat-1.1.0.aar (androidx.appcompat:appcompat:1.1.0) with JetifyTransform
[        ] Transforming appcompat-1.1.0.aar (androidx.appcompat:appcompat:1.1.0) with ExtractAarTransform
[        ] Transforming appcompat-1.1.0.aar (androidx.appcompat:appcompat:1.1.0) with AarTransform
[        ] Transforming fragment-ktx-1.7.1.aar (androidx.fragment:fragment-ktx:1.7.1) with JetifyTransform
[        ] Transforming fragment-ktx-1.7.1.aar (androidx.fragment:fragment-ktx:1.7.1) with ExtractAarTransform
[        ] Transforming fragment-ktx-1.7.1.aar (androidx.fragment:fragment-ktx:1.7.1) with AarTransform
[        ] Transforming fragment-1.7.1.aar (androidx.fragment:fragment:1.7.1) with JetifyTransform
[        ] Transforming fragment-1.7.1.aar (androidx.fragment:fragment:1.7.1) with ExtractAarTransform
[        ] Transforming fragment-1.7.1.aar (androidx.fragment:fragment:1.7.1) with AarTransform
[        ] Transforming fragment-1.7.1.aar (androidx.fragment:fragment:1.7.1) with JetifyTransform
[        ] Transforming fragment-1.7.1.aar (androidx.fragment:fragment:1.7.1) with ExtractAarTransform
[        ] Transforming fragment-1.7.1.aar (androidx.fragment:fragment:1.7.1) with AarTransform
[        ] Transforming activity-ktx-1.9.0.aar (androidx.activity:activity-ktx:1.9.0) with JetifyTransform
[        ] Transforming activity-ktx-1.9.0.aar (androidx.activity:activity-ktx:1.9.0) with ExtractAarTransform
[        ] Transforming activity-ktx-1.9.0.aar (androidx.activity:activity-ktx:1.9.0) with AarTransform
[        ] Transforming activity-1.9.0.aar (androidx.activity:activity:1.9.0) with JetifyTransform
[        ] Transforming activity-1.9.0.aar (androidx.activity:activity:1.9.0) with ExtractAarTransform
[        ] Transforming activity-1.9.0.aar (androidx.activity:activity:1.9.0) with AarTransform
[        ] Transforming play-services-stats-17.0.2.aar (com.google.android.gms:play-services-stats:17.0.2) with JetifyTransform
[        ] Transforming play-services-stats-17.0.2.aar (com.google.android.gms:play-services-stats:17.0.2) with ExtractAarTransform
[        ] Transforming play-services-stats-17.0.2.aar (com.google.android.gms:play-services-stats:17.0.2) with AarTransform
[        ] Transforming legacy-support-core-utils-1.0.0.aar (androidx.legacy:legacy-support-core-utils:1.0.0) with JetifyTransform
[        ] Transforming legacy-support-core-utils-1.0.0.aar (androidx.legacy:legacy-support-core-utils:1.0.0) with ExtractAarTransform
[        ] Transforming legacy-support-core-utils-1.0.0.aar (androidx.legacy:legacy-support-core-utils:1.0.0) with AarTransform
[        ] Transforming loader-1.1.0.aar (androidx.loader:loader:1.1.0) with JetifyTransform
[        ] Transforming loader-1.1.0.aar (androidx.loader:loader:1.1.0) with ExtractAarTransform
[        ] Transforming loader-1.1.0.aar (androidx.loader:loader:1.1.0) with AarTransform
[        ] Transforming loader-1.1.0.aar (androidx.loader:loader:1.1.0) with JetifyTransform
[        ] Transforming loader-1.1.0.aar (androidx.loader:loader:1.1.0) with ExtractAarTransform
[        ] Transforming loader-1.1.0.aar (androidx.loader:loader:1.1.0) with AarTransform
[        ] Transforming lifecycle-runtime-ktx-2.7.0.aar (androidx.lifecycle:lifecycle-runtime-ktx:2.7.0) with JetifyTransform
[        ] Transforming lifecycle-runtime-ktx-2.7.0.aar (androidx.lifecycle:lifecycle-runtime-ktx:2.7.0) with ExtractAarTransform
[        ] Transforming lifecycle-runtime-ktx-2.7.0.aar (androidx.lifecycle:lifecycle-runtime-ktx:2.7.0) with AarTransform
[        ] Transforming lifecycle-livedata-core-ktx-2.7.0.aar (androidx.lifecycle:lifecycle-livedata-core-ktx:2.7.0) with JetifyTransform
[        ] Transforming lifecycle-livedata-core-ktx-2.7.0.aar (androidx.lifecycle:lifecycle-livedata-core-ktx:2.7.0) with ExtractAarTransform
[        ] Transforming lifecycle-livedata-core-ktx-2.7.0.aar (androidx.lifecycle:lifecycle-livedata-core-ktx:2.7.0) with AarTransform
[        ] Transforming lifecycle-viewmodel-ktx-2.7.0.aar (androidx.lifecycle:lifecycle-viewmodel-ktx:2.7.0) with JetifyTransform
[        ] Transforming lifecycle-viewmodel-ktx-2.7.0.aar (androidx.lifecycle:lifecycle-viewmodel-ktx:2.7.0) with ExtractAarTransform
[        ] Transforming lifecycle-viewmodel-ktx-2.7.0.aar (androidx.lifecycle:lifecycle-viewmodel-ktx:2.7.0) with AarTransform
[        ] Transforming lifecycle-viewmodel-savedstate-2.7.0.aar (androidx.lifecycle:lifecycle-viewmodel-savedstate:2.7.0) with JetifyTransform
[        ] Transforming lifecycle-viewmodel-savedstate-2.7.0.aar (androidx.lifecycle:lifecycle-viewmodel-savedstate:2.7.0) with ExtractAarTransform
[        ] Transforming lifecycle-viewmodel-savedstate-2.7.0.aar (androidx.lifecycle:lifecycle-viewmodel-savedstate:2.7.0) with AarTransform
[        ] Transforming lifecycle-viewmodel-2.7.0.aar (androidx.lifecycle:lifecycle-viewmodel:2.7.0) with JetifyTransform
[        ] Transforming lifecycle-viewmodel-2.7.0.aar (androidx.lifecycle:lifecycle-viewmodel:2.7.0) with ExtractAarTransform
[        ] Transforming lifecycle-viewmodel-2.7.0.aar (androidx.lifecycle:lifecycle-viewmodel:2.7.0) with AarTransform
[        ] Transforming lifecycle-viewmodel-2.7.0.aar (androidx.lifecycle:lifecycle-viewmodel:2.7.0) with JetifyTransform
[        ] Transforming lifecycle-viewmodel-2.7.0.aar (androidx.lifecycle:lifecycle-viewmodel:2.7.0) with ExtractAarTransform
[        ] Transforming lifecycle-viewmodel-2.7.0.aar (androidx.lifecycle:lifecycle-viewmodel:2.7.0) with AarTransform
[        ] Transforming lifecycle-livedata-core-2.7.0.aar (androidx.lifecycle:lifecycle-livedata-core:2.7.0) with JetifyTransform
[        ] Transforming lifecycle-livedata-core-2.7.0.aar (androidx.lifecycle:lifecycle-livedata-core:2.7.0) with ExtractAarTransform
[        ] Transforming lifecycle-livedata-core-2.7.0.aar (androidx.lifecycle:lifecycle-livedata-core:2.7.0) with AarTransform
[        ] Transforming lifecycle-livedata-core-2.7.0.aar (androidx.lifecycle:lifecycle-livedata-core:2.7.0) with JetifyTransform
[        ] Transforming lifecycle-livedata-core-2.7.0.aar (androidx.lifecycle:lifecycle-livedata-core:2.7.0) with ExtractAarTransform
[        ] Transforming lifecycle-livedata-core-2.7.0.aar (androidx.lifecycle:lifecycle-livedata-core:2.7.0) with AarTransform
[        ] Transforming lifecycle-runtime-2.7.0.aar (androidx.lifecycle:lifecycle-runtime:2.7.0) with JetifyTransform
[        ] Transforming lifecycle-runtime-2.7.0.aar (androidx.lifecycle:lifecycle-runtime:2.7.0) with ExtractAarTransform
[        ] Transforming lifecycle-runtime-2.7.0.aar (androidx.lifecycle:lifecycle-runtime:2.7.0) with AarTransform
[        ] Transforming lifecycle-process-2.7.0.aar (androidx.lifecycle:lifecycle-process:2.7.0) with JetifyTransform
[        ] Transforming lifecycle-process-2.7.0.aar (androidx.lifecycle:lifecycle-process:2.7.0) with ExtractAarTransform
[        ] Transforming lifecycle-process-2.7.0.aar (androidx.lifecycle:lifecycle-process:2.7.0) with AarTransform
[        ] Transforming savedstate-ktx-1.2.1.aar (androidx.savedstate:savedstate-ktx:1.2.1) with JetifyTransform
[        ] Transforming savedstate-ktx-1.2.1.aar (androidx.savedstate:savedstate-ktx:1.2.1) with ExtractAarTransform
[        ] Transforming savedstate-ktx-1.2.1.aar (androidx.savedstate:savedstate-ktx:1.2.1) with AarTransform
[        ] Transforming savedstate-1.2.1.aar (androidx.savedstate:savedstate:1.2.1) with JetifyTransform
[        ] Transforming savedstate-1.2.1.aar (androidx.savedstate:savedstate:1.2.1) with ExtractAarTransform
[        ] Transforming savedstate-1.2.1.aar (androidx.savedstate:savedstate:1.2.1) with AarTransform
[        ] Transforming datastore-preferences-core.aar (androidx.datastore:datastore-preferences-core-android:1.2.0) with JetifyTransform
[        ] Transforming datastore-preferences-core.aar (androidx.datastore:datastore-preferences-core-android:1.2.0) with ExtractAarTransform
[        ] Transforming datastore-preferences-core.aar (androidx.datastore:datastore-preferences-core-android:1.2.0) with AarTransform
[        ] Transforming datastore-core.aar (androidx.datastore:datastore-core-android:1.2.0) with JetifyTransform
[        ] Transforming datastore-core.aar (androidx.datastore:datastore-core-android:1.2.0) with ExtractAarTransform
[        ] Transforming datastore-core.aar (androidx.datastore:datastore-core-android:1.2.0) with AarTransform
[        ] Transforming datastore-preferences.aar (androidx.datastore:datastore-preferences-android:1.2.0) with JetifyTransform
[        ] Transforming datastore-preferences.aar (androidx.datastore:datastore-preferences-android:1.2.0) with ExtractAarTransform
[        ] Transforming datastore-preferences.aar (androidx.datastore:datastore-preferences-android:1.2.0) with AarTransform
[        ] Transforming datastore.aar (androidx.datastore:datastore-android:1.2.0) with JetifyTransform
[        ] Transforming datastore.aar (androidx.datastore:datastore-android:1.2.0) with ExtractAarTransform
[        ] Transforming datastore.aar (androidx.datastore:datastore-android:1.2.0) with AarTransform
[        ] Transforming firebase-iid-interop-17.1.0.aar (com.google.firebase:firebase-iid-interop:17.1.0) with JetifyTransform
[        ] Transforming firebase-iid-interop-17.1.0.aar (com.google.firebase:firebase-iid-interop:17.1.0) with ExtractAarTransform
[        ] Transforming firebase-iid-interop-17.1.0.aar (com.google.firebase:firebase-iid-interop:17.1.0) with AarTransform
[        ] Transforming play-services-cloud-messaging-17.2.0.aar (com.google.android.gms:play-services-cloud-messaging:17.2.0) with JetifyTransform
[        ] Transforming play-services-cloud-messaging-17.2.0.aar (com.google.android.gms:play-services-cloud-messaging:17.2.0) with ExtractAarTransform
[        ] Transforming play-services-cloud-messaging-17.2.0.aar (com.google.android.gms:play-services-cloud-messaging:17.2.0) with AarTransform
[        ] Transforming firebase-installations-interop-17.1.1.aar (com.google.firebase:firebase-installations-interop:17.1.1) with JetifyTransform
[        ] Transforming firebase-installations-interop-17.1.1.aar (com.google.firebase:firebase-installations-interop:17.1.1) with ExtractAarTransform
[        ] Transforming firebase-installations-interop-17.1.1.aar (com.google.firebase:firebase-installations-interop:17.1.1) with AarTransform
[        ] Transforming play-services-tasks-18.4.0.aar (com.google.android.gms:play-services-tasks:18.4.0) with JetifyTransform
[        ] Transforming play-services-tasks-18.4.0.aar (com.google.android.gms:play-services-tasks:18.4.0) with ExtractAarTransform
[        ] Transforming play-services-tasks-18.4.0.aar (com.google.android.gms:play-services-tasks:18.4.0) with AarTransform
[        ] Transforming play-services-tasks-18.4.0.aar (com.google.android.gms:play-services-tasks:18.4.0) with JetifyTransform
[        ] Transforming play-services-tasks-18.4.0.aar (com.google.android.gms:play-services-tasks:18.4.0) with ExtractAarTransform
[        ] Transforming play-services-tasks-18.4.0.aar (com.google.android.gms:play-services-tasks:18.4.0) with AarTransform
[        ] Transforming firebase-measurement-connector-19.0.0.aar (com.google.firebase:firebase-measurement-connector:19.0.0) with JetifyTransform
[        ] Transforming firebase-measurement-connector-19.0.0.aar (com.google.firebase:firebase-measurement-connector:19.0.0) with ExtractAarTransform
[        ] Transforming firebase-measurement-connector-19.0.0.aar (com.google.firebase:firebase-measurement-connector:19.0.0) with AarTransform
[        ] Transforming play-services-basement-18.9.0.aar (com.google.android.gms:play-services-basement:18.9.0) with JetifyTransform
[        ] Transforming play-services-basement-18.9.0.aar (com.google.android.gms:play-services-basement:18.9.0) with ExtractAarTransform
[        ] Transforming play-services-basement-18.9.0.aar (com.google.android.gms:play-services-basement:18.9.0) with AarTransform
[        ] Transforming viewpager-1.0.0.aar (androidx.viewpager:viewpager:1.0.0) with JetifyTransform
[        ] Transforming viewpager-1.0.0.aar (androidx.viewpager:viewpager:1.0.0) with ExtractAarTransform
[        ] Transforming viewpager-1.0.0.aar (androidx.viewpager:viewpager:1.0.0) with AarTransform
[        ] Transforming viewpager-1.0.0.aar (androidx.viewpager:viewpager:1.0.0) with JetifyTransform
[        ] Transforming viewpager-1.0.0.aar (androidx.viewpager:viewpager:1.0.0) with ExtractAarTransform
[        ] Transforming viewpager-1.0.0.aar (androidx.viewpager:viewpager:1.0.0) with AarTransform
[        ] Transforming appcompat-resources-1.1.0.aar (androidx.appcompat:appcompat-resources:1.1.0) with JetifyTransform
[        ] Transforming appcompat-resources-1.1.0.aar (androidx.appcompat:appcompat-resources:1.1.0) with ExtractAarTransform
[        ] Transforming appcompat-resources-1.1.0.aar (androidx.appcompat:appcompat-resources:1.1.0) with AarTransform
[        ] Transforming drawerlayout-1.0.0.aar (androidx.drawerlayout:drawerlayout:1.0.0) with JetifyTransform
[        ] Transforming drawerlayout-1.0.0.aar (androidx.drawerlayout:drawerlayout:1.0.0) with ExtractAarTransform
[        ] Transforming drawerlayout-1.0.0.aar (androidx.drawerlayout:drawerlayout:1.0.0) with AarTransform
[        ] Transforming coordinatorlayout-1.0.0.aar (androidx.coordinatorlayout:coordinatorlayout:1.0.0) with JetifyTransform
[        ] Transforming coordinatorlayout-1.0.0.aar (androidx.coordinatorlayout:coordinatorlayout:1.0.0) with ExtractAarTransform
[        ] Transforming coordinatorlayout-1.0.0.aar (androidx.coordinatorlayout:coordinatorlayout:1.0.0) with AarTransform
[        ] Transforming customview-1.1.0.aar (androidx.customview:customview:1.1.0) with JetifyTransform
[        ] Transforming customview-1.1.0.aar (androidx.customview:customview:1.1.0) with ExtractAarTransform
[        ] Transforming customview-1.1.0.aar (androidx.customview:customview:1.1.0) with AarTransform
[        ] Transforming customview-1.1.0.aar (androidx.customview:customview:1.1.0) with JetifyTransform
[        ] Transforming customview-1.1.0.aar (androidx.customview:customview:1.1.0) with ExtractAarTransform
[        ] Transforming customview-1.1.0.aar (androidx.customview:customview:1.1.0) with AarTransform
[        ] Transforming transition-1.4.1.aar (androidx.transition:transition:1.4.1) with JetifyTransform
[        ] Transforming transition-1.4.1.aar (androidx.transition:transition:1.4.1) with ExtractAarTransform
[        ] Transforming transition-1.4.1.aar (androidx.transition:transition:1.4.1) with AarTransform
[        ] Transforming core-ktx-1.17.0.aar (androidx.core:core-ktx:1.17.0) with JetifyTransform
[        ] Transforming core-ktx-1.17.0.aar (androidx.core:core-ktx:1.17.0) with ExtractAarTransform
[        ] Transforming core-ktx-1.17.0.aar (androidx.core:core-ktx:1.17.0) with AarTransform
[        ] Transforming vectordrawable-animated-1.1.0.aar (androidx.vectordrawable:vectordrawable-animated:1.1.0) with JetifyTransform
[        ] Transforming vectordrawable-animated-1.1.0.aar (androidx.vectordrawable:vectordrawable-animated:1.1.0) with ExtractAarTransform
[        ] Transforming vectordrawable-animated-1.1.0.aar (androidx.vectordrawable:vectordrawable-animated:1.1.0) with AarTransform
[        ] Transforming vectordrawable-1.1.0.aar (androidx.vectordrawable:vectordrawable:1.1.0) with JetifyTransform
[        ] Transforming vectordrawable-1.1.0.aar (androidx.vectordrawable:vectordrawable:1.1.0) with ExtractAarTransform
[        ] Transforming vectordrawable-1.1.0.aar (androidx.vectordrawable:vectordrawable:1.1.0) with AarTransform
[        ] Transforming swiperefreshlayout-1.0.0.aar (androidx.swiperefreshlayout:swiperefreshlayout:1.0.0) with JetifyTransform
[        ] Transforming swiperefreshlayout-1.0.0.aar (androidx.swiperefreshlayout:swiperefreshlayout:1.0.0) with ExtractAarTransform
[        ] Transforming swiperefreshlayout-1.0.0.aar (androidx.swiperefreshlayout:swiperefreshlayout:1.0.0) with AarTransform
[        ] Transforming asynclayoutinflater-1.0.0.aar (androidx.asynclayoutinflater:asynclayoutinflater:1.0.0) with JetifyTransform
[        ] Transforming asynclayoutinflater-1.0.0.aar (androidx.asynclayoutinflater:asynclayoutinflater:1.0.0) with ExtractAarTransform
[        ] Transforming asynclayoutinflater-1.0.0.aar (androidx.asynclayoutinflater:asynclayoutinflater:1.0.0) with AarTransform
[        ] Transforming core-1.17.0.aar (androidx.core:core:1.17.0) with JetifyTransform
[        ] Transforming core-1.17.0.aar (androidx.core:core:1.17.0) with ExtractAarTransform
[        ] Transforming core-1.17.0.aar (androidx.core:core:1.17.0) with AarTransform
[        ] Transforming core-1.17.0.aar (androidx.core:core:1.17.0) with JetifyTransform
[        ] Transforming core-1.17.0.aar (androidx.core:core:1.17.0) with ExtractAarTransform
[        ] Transforming core-1.17.0.aar (androidx.core:core:1.17.0) with AarTransform
[        ] Transforming localbroadcastmanager-1.1.0.aar (androidx.localbroadcastmanager:localbroadcastmanager:1.1.0) with JetifyTransform
[        ] Transforming localbroadcastmanager-1.1.0.aar (androidx.localbroadcastmanager:localbroadcastmanager:1.1.0) with ExtractAarTransform
[        ] Transforming localbroadcastmanager-1.1.0.aar (androidx.localbroadcastmanager:localbroadcastmanager:1.1.0) with AarTransform
[        ] Transforming localbroadcastmanager-1.1.0.aar (androidx.localbroadcastmanager:localbroadcastmanager:1.1.0) with JetifyTransform
[        ] Transforming localbroadcastmanager-1.1.0.aar (androidx.localbroadcastmanager:localbroadcastmanager:1.1.0) with ExtractAarTransform
[        ] Transforming localbroadcastmanager-1.1.0.aar (androidx.localbroadcastmanager:localbroadcastmanager:1.1.0) with AarTransform
[        ] Transforming profileinstaller-1.3.1.aar (androidx.profileinstaller:profileinstaller:1.3.1) with JetifyTransform
[        ] Transforming profileinstaller-1.3.1.aar (androidx.profileinstaller:profileinstaller:1.3.1) with ExtractAarTransform
[        ] Transforming profileinstaller-1.3.1.aar (androidx.profileinstaller:profileinstaller:1.3.1) with AarTransform
[        ] Transforming startup-runtime-1.1.1.aar (androidx.startup:startup-runtime:1.1.1) with JetifyTransform
[        ] Transforming startup-runtime-1.1.1.aar (androidx.startup:startup-runtime:1.1.1) with ExtractAarTransform
[        ] Transforming startup-runtime-1.1.1.aar (androidx.startup:startup-runtime:1.1.1) with AarTransform
[        ] Transforming tracing-1.2.0.aar (androidx.tracing:tracing:1.2.0) with JetifyTransform
[        ] Transforming tracing-1.2.0.aar (androidx.tracing:tracing:1.2.0) with ExtractAarTransform
[        ] Transforming tracing-1.2.0.aar (androidx.tracing:tracing:1.2.0) with AarTransform
[        ] Transforming exifinterface-1.4.1.aar (androidx.exifinterface:exifinterface:1.4.1) with JetifyTransform
[        ] Transforming exifinterface-1.4.1.aar (androidx.exifinterface:exifinterface:1.4.1) with ExtractAarTransform
[        ] Transforming exifinterface-1.4.1.aar (androidx.exifinterface:exifinterface:1.4.1) with AarTransform
[        ] Transforming firebase-components-19.0.0.aar (com.google.firebase:firebase-components:19.0.0) with JetifyTransform
[        ] Transforming firebase-components-19.0.0.aar (com.google.firebase:firebase-components:19.0.0) with ExtractAarTransform
[        ] Transforming firebase-components-19.0.0.aar (com.google.firebase:firebase-components:19.0.0) with AarTransform
[        ] Transforming firebase-datatransport-18.2.0.aar (com.google.firebase:firebase-datatransport:18.2.0) with JetifyTransform
[        ] Transforming firebase-datatransport-18.2.0.aar (com.google.firebase:firebase-datatransport:18.2.0) with ExtractAarTransform
[        ] Transforming firebase-datatransport-18.2.0.aar (com.google.firebase:firebase-datatransport:18.2.0) with AarTransform
[        ] Transforming transport-backend-cct-3.1.9.aar (com.google.android.datatransport:transport-backend-cct:3.1.9) with JetifyTransform
[        ] Transforming transport-backend-cct-3.1.9.aar (com.google.android.datatransport:transport-backend-cct:3.1.9) with ExtractAarTransform
[        ] Transforming transport-backend-cct-3.1.9.aar (com.google.android.datatransport:transport-backend-cct:3.1.9) with AarTransform
[        ] Transforming firebase-encoders-json-18.0.0.aar (com.google.firebase:firebase-encoders-json:18.0.0) with JetifyTransform
[        ] Transforming firebase-encoders-json-18.0.0.aar (com.google.firebase:firebase-encoders-json:18.0.0) with ExtractAarTransform
[        ] Transforming firebase-encoders-json-18.0.0.aar (com.google.firebase:firebase-encoders-json:18.0.0) with AarTransform
[        ] Transforming transport-runtime-3.1.9.aar (com.google.android.datatransport:transport-runtime:3.1.9) with JetifyTransform
[        ] Transforming transport-runtime-3.1.9.aar (com.google.android.datatransport:transport-runtime:3.1.9) with ExtractAarTransform
[        ] Transforming transport-runtime-3.1.9.aar (com.google.android.datatransport:transport-runtime:3.1.9) with AarTransform
[        ] Transforming transport-api-3.1.0.aar (com.google.android.datatransport:transport-api:3.1.0) with JetifyTransform
[        ] Transforming transport-api-3.1.0.aar (com.google.android.datatransport:transport-api:3.1.0) with ExtractAarTransform
[        ] Transforming transport-api-3.1.0.aar (com.google.android.datatransport:transport-api:3.1.0) with AarTransform
[        ] Transforming interpolator-1.0.0.aar (androidx.interpolator:interpolator:1.0.0) with JetifyTransform
[        ] Transforming interpolator-1.0.0.aar (androidx.interpolator:interpolator:1.0.0) with ExtractAarTransform
[        ] Transforming interpolator-1.0.0.aar (androidx.interpolator:interpolator:1.0.0) with AarTransform
[        ] Transforming interpolator-1.0.0.aar (androidx.interpolator:interpolator:1.0.0) with JetifyTransform
[        ] Transforming interpolator-1.0.0.aar (androidx.interpolator:interpolator:1.0.0) with ExtractAarTransform
[        ] Transforming interpolator-1.0.0.aar (androidx.interpolator:interpolator:1.0.0) with AarTransform
[        ] Transforming versionedparcelable-1.1.1.aar (androidx.versionedparcelable:versionedparcelable:1.1.1) with JetifyTransform
[        ] Transforming versionedparcelable-1.1.1.aar (androidx.versionedparcelable:versionedparcelable:1.1.1) with ExtractAarTransform
[        ] Transforming versionedparcelable-1.1.1.aar (androidx.versionedparcelable:versionedparcelable:1.1.1) with AarTransform
[        ] Transforming core-runtime-2.2.0.aar (androidx.arch.core:core-runtime:2.2.0) with JetifyTransform
[        ] Transforming core-runtime-2.2.0.aar (androidx.arch.core:core-runtime:2.2.0) with ExtractAarTransform
[        ] Transforming core-runtime-2.2.0.aar (androidx.arch.core:core-runtime:2.2.0) with AarTransform
[        ] Transforming cursoradapter-1.0.0.aar (androidx.cursoradapter:cursoradapter:1.0.0) with JetifyTransform
[        ] Transforming cursoradapter-1.0.0.aar (androidx.cursoradapter:cursoradapter:1.0.0) with ExtractAarTransform
[        ] Transforming cursoradapter-1.0.0.aar (androidx.cursoradapter:cursoradapter:1.0.0) with AarTransform
[        ] Transforming core-1.0.0.aar (androidx.window.extensions.core:core:1.0.0) with JetifyTransform
[        ] Transforming core-1.0.0.aar (androidx.window.extensions.core:core:1.0.0) with ExtractAarTransform
[        ] Transforming core-1.0.0.aar (androidx.window.extensions.core:core:1.0.0) with AarTransform
[        ] Transforming documentfile-1.0.0.aar (androidx.documentfile:documentfile:1.0.0) with JetifyTransform
[        ] Transforming documentfile-1.0.0.aar (androidx.documentfile:documentfile:1.0.0) with ExtractAarTransform
[        ] Transforming documentfile-1.0.0.aar (androidx.documentfile:documentfile:1.0.0) with AarTransform
[        ] Transforming print-1.0.0.aar (androidx.print:print:1.0.0) with JetifyTransform
[        ] Transforming print-1.0.0.aar (androidx.print:print:1.0.0) with ExtractAarTransform
[        ] Transforming print-1.0.0.aar (androidx.print:print:1.0.0) with AarTransform
[        ] Transforming googleid-1.1.0.aar (com.google.android.libraries.identity.googleid:googleid:1.1.0) with JetifyTransform
[        ] Transforming googleid-1.1.0.aar (com.google.android.libraries.identity.googleid:googleid:1.1.0) with ExtractAarTransform
[        ] Transforming googleid-1.1.0.aar (com.google.android.libraries.identity.googleid:googleid:1.1.0) with AarTransform
[        ] Transforming annotation-experimental-1.4.1.aar (androidx.annotation:annotation-experimental:1.4.1) with JetifyTransform
[        ] Transforming annotation-experimental-1.4.1.aar (androidx.annotation:annotation-experimental:1.4.1) with ExtractAarTransform
[        ] Transforming annotation-experimental-1.4.1.aar (androidx.annotation:annotation-experimental:1.4.1) with AarTransform
[        ] Transforming core-viewtree-1.0.0.aar (androidx.core:core-viewtree:1.0.0) with JetifyTransform
[        ] Transforming core-viewtree-1.0.0.aar (androidx.core:core-viewtree:1.0.0) with ExtractAarTransform
[        ] Transforming core-viewtree-1.0.0.aar (androidx.core:core-viewtree:1.0.0) with AarTransform
[        ] Transforming grpc-android-1.62.2.aar (io.grpc:grpc-android:1.62.2) with JetifyTransform
[        ] Transforming grpc-android-1.62.2.aar (io.grpc:grpc-android:1.62.2) with ExtractAarTransform
[        ] Transforming grpc-android-1.62.2.aar (io.grpc:grpc-android:1.62.2) with AarTransform
[        ] Transforming relinker-1.4.5.aar (com.getkeepsafe.relinker:relinker:1.4.5) with JetifyTransform
[        ] Transforming relinker-1.4.5.aar (com.getkeepsafe.relinker:relinker:1.4.5) with ExtractAarTransform
[        ] Transforming relinker-1.4.5.aar (com.getkeepsafe.relinker:relinker:1.4.5) with AarTransform
[        ] Transforming protolite-well-known-types-18.0.1.aar (com.google.firebase:protolite-well-known-types:18.0.1) with JetifyTransform
[        ] Transforming protolite-well-known-types-18.0.1.aar (com.google.firebase:protolite-well-known-types:18.0.1) with ExtractAarTransform
[        ] Transforming protolite-well-known-types-18.0.1.aar (com.google.firebase:protolite-well-known-types:18.0.1) with AarTransform
[        ] Transforming core-common-2.0.3.aar (com.google.android.play:core-common:2.0.3) with JetifyTransform
[        ] Transforming core-common-2.0.3.aar (com.google.android.play:core-common:2.0.3) with ExtractAarTransform
[        ] Transforming core-common-2.0.3.aar (com.google.android.play:core-common:2.0.3) with AarTransform
[        ] Caching disabled for task ':app:mergeDebugAssets' because:
[        ]   Build cache is disabled
[        ]   Simple merging task
[        ] Task ':app:mergeDebugAssets' is not up-to-date because:
[        ]   Output property 'outputDir' file D:\Projects\govunity_connect3-master\build\app\intermediates\assets\debug\mergeDebugAssets has been removed.
[        ] The input changes require a full rebuild for incremental task ':app:mergeDebugAssets'.
[        ] Resolve mutations for :app:copyFlutterAssetsDebug (Thread[#566,Execution worker Thread 15,5,main]) started.
[        ] :app:copyFlutterAssetsDebug (Thread[#566,Execution worker Thread 15,5,main]) started.
[ +272 ms] > Task :app:copyFlutterAssetsDebug
[        ] Caching disabled for task ':app:copyFlutterAssetsDebug' because:
[        ]   Build cache is disabled
[        ]   Not worth caching
[        ] Task ':app:copyFlutterAssetsDebug' is not up-to-date because:
[        ]   Output property 'destinationDir' file D:\Projects\govunity_connect3-master\build\app\intermediates\assets\debug\mergeDebugAssets\flutter_assets has been removed.
[        ]   Output property 'destinationDir' file D:\Projects\govunity_connect3-master\build\app\intermediates\assets\debug\mergeDebugAssets\flutter_assets\AssetManifest.bin has been removed.
[        ]   Output property 'destinationDir' file D:\Projects\govunity_connect3-master\build\app\intermediates\assets\debug\mergeDebugAssets\flutter_assets\FontManifest.json has been removed.
[        ]   and more...
[        ] Resolve mutations for :app:generateDebugResValues (Thread[#566,Execution worker Thread 15,5,main]) started.
[        ] :app:generateDebugResValues (Thread[#566,Execution worker Thread 15,5,main]) started.
[        ] > Task :app:generateDebugResValues UP-TO-DATE
[        ] Caching disabled for task ':app:generateDebugResValues' because:
[        ]   Build cache is disabled
[        ] Skipping task ':app:generateDebugResValues' as it is up-to-date.
[        ] Resolve mutations for :app:processDebugGoogleServices (Thread[#566,Execution worker Thread 15,5,main]) started.
[        ] :app:processDebugGoogleServices (Thread[#566,Execution worker Thread 15,5,main]) started.
[        ] > Task :app:processDebugGoogleServices UP-TO-DATE
[        ] Caching disabled for task ':app:processDebugGoogleServices' because:
[        ]   Build cache is disabled
[        ]   Caching has not been enabled for the task
[        ] Skipping task ':app:processDebugGoogleServices' as it is up-to-date.
[        ] Resolve mutations for :app_links:generateDebugResValues (Thread[#566,Execution worker Thread 15,5,main]) started.
[        ] :app_links:generateDebugResValues (Thread[#563,Execution worker Thread 12,5,main]) started.
[        ] > Task :app_links:generateDebugResValues UP-TO-DATE
[        ] Caching disabled for task ':app_links:generateDebugResValues' because:
[        ]   Build cache is disabled
[        ] Skipping task ':app_links:generateDebugResValues' as it is up-to-date.
[        ] Resolve mutations for :app_links:generateDebugResources (Thread[#563,Execution worker Thread 12,5,main]) started.
[        ] :app_links:generateDebugResources (Thread[#563,Execution worker Thread 12,5,main]) started.
[        ] > Task :app_links:generateDebugResources UP-TO-DATE
[        ] Caching disabled for task ':app_links:generateDebugResources' because:
[        ]   Build cache is disabled
[        ] Skipping task ':app_links:generateDebugResources' as it is up-to-date.
[        ] Resolve mutations for :app_links:packageDebugResources (Thread[#563,Execution worker Thread 12,5,main]) started.
[        ] :app_links:packageDebugResources (Thread[#563,Execution worker Thread 12,5,main]) started.
[        ] > Task :app_links:packageDebugResources UP-TO-DATE
[        ] Caching disabled for task ':app_links:packageDebugResources' because:
[        ]   Build cache is disabled
[        ] Skipping task ':app_links:packageDebugResources' as it is up-to-date.
[        ] work action resolve packageDebugResources (project :app_links) (Thread[#563,Execution worker Thread 12,5,main]) started.
[        ] Resolve mutations for :cloud_firestore:generateDebugResValues (Thread[#563,Execution worker Thread 12,5,main]) started.
[        ] :cloud_firestore:generateDebugResValues (Thread[#563,Execution worker Thread 12,5,main]) started.
[        ] > Task :cloud_firestore:generateDebugResValues UP-TO-DATE
[        ] Caching disabled for task ':cloud_firestore:generateDebugResValues' because:
[        ]   Build cache is disabled
[        ] Skipping task ':cloud_firestore:generateDebugResValues' as it is up-to-date.
[        ] Resolve mutations for :cloud_firestore:generateDebugResources (Thread[#563,Execution worker Thread 12,5,main]) started.
[        ] :cloud_firestore:generateDebugResources (Thread[#562,Execution worker Thread 11,5,main]) started.
[        ] > Task :cloud_firestore:generateDebugResources UP-TO-DATE
[        ] Caching disabled for task ':cloud_firestore:generateDebugResources' because:
[        ]   Build cache is disabled
[        ] Skipping task ':cloud_firestore:generateDebugResources' as it is up-to-date.
[        ] Resolve mutations for :cloud_firestore:packageDebugResources (Thread[#562,Execution worker Thread 11,5,main]) started.
[        ] :cloud_firestore:packageDebugResources (Thread[#562,Execution worker Thread 11,5,main]) started.
[        ] > Task :cloud_firestore:packageDebugResources UP-TO-DATE
[        ] Caching disabled for task ':cloud_firestore:packageDebugResources' because:
[        ]   Build cache is disabled
[        ] Skipping task ':cloud_firestore:packageDebugResources' as it is up-to-date.
[        ] work action resolve packageDebugResources (project :cloud_firestore) (Thread[#562,Execution worker Thread 11,5,main]) started.
[        ] Resolve mutations for :desktop_webview_auth:generateDebugResValues (Thread[#562,Execution worker Thread 11,5,main]) started.
[        ] :desktop_webview_auth:generateDebugResValues (Thread[#562,Execution worker Thread 11,5,main]) started.
[        ] > Task :desktop_webview_auth:generateDebugResValues UP-TO-DATE
[        ] Caching disabled for task ':desktop_webview_auth:generateDebugResValues' because:
[        ]   Build cache is disabled
[        ] Skipping task ':desktop_webview_auth:generateDebugResValues' as it is up-to-date.
[        ] Resolve mutations for :desktop_webview_auth:generateDebugResources (Thread[#562,Execution worker Thread 11,5,main]) started.
[        ] :desktop_webview_auth:generateDebugResources (Thread[#562,Execution worker Thread 11,5,main]) started.
[        ] > Task :desktop_webview_auth:generateDebugResources UP-TO-DATE
[        ] Caching disabled for task ':desktop_webview_auth:generateDebugResources' because:
[        ]   Build cache is disabled
[        ] Skipping task ':desktop_webview_auth:generateDebugResources' as it is up-to-date.
[        ] Resolve mutations for :desktop_webview_auth:packageDebugResources (Thread[#562,Execution worker Thread 11,5,main]) started.
[        ] :desktop_webview_auth:packageDebugResources (Thread[#562,Execution worker Thread 11,5,main]) started.
[        ] > Task :desktop_webview_auth:packageDebugResources UP-TO-DATE
[        ] Caching disabled for task ':desktop_webview_auth:packageDebugResources' because:
[        ]   Build cache is disabled
[        ] Skipping task ':desktop_webview_auth:packageDebugResources' as it is up-to-date.
[        ] work action resolve packageDebugResources (project :desktop_webview_auth) (Thread[#562,Execution worker Thread 11,5,main]) started.
[        ] Resolve mutations for :firebase_auth:generateDebugResValues (Thread[#562,Execution worker Thread 11,5,main]) started.
[        ] :firebase_auth:generateDebugResValues (Thread[#559,Execution worker Thread 8,5,main]) started.
[        ] > Task :firebase_auth:generateDebugResValues UP-TO-DATE
[        ] Caching disabled for task ':firebase_auth:generateDebugResValues' because:
[        ]   Build cache is disabled
[        ] Skipping task ':firebase_auth:generateDebugResValues' as it is up-to-date.
[        ] Resolve mutations for :firebase_auth:generateDebugResources (Thread[#559,Execution worker Thread 8,5,main]) started.
[        ] :firebase_auth:generateDebugResources (Thread[#553,Execution worker Thread 2,5,main]) started.
[        ] > Task :firebase_auth:generateDebugResources UP-TO-DATE
[        ] Caching disabled for task ':firebase_auth:generateDebugResources' because:
[        ]   Build cache is disabled
[        ] Skipping task ':firebase_auth:generateDebugResources' as it is up-to-date.
[        ] Resolve mutations for :firebase_auth:packageDebugResources (Thread[#553,Execution worker Thread 2,5,main]) started.
[        ] :firebase_auth:packageDebugResources (Thread[#553,Execution worker Thread 2,5,main]) started.
[        ] > Task :firebase_auth:packageDebugResources UP-TO-DATE
[        ] Caching disabled for task ':firebase_auth:packageDebugResources' because:
[        ]   Build cache is disabled
[        ] Skipping task ':firebase_auth:packageDebugResources' as it is up-to-date.
[        ] work action resolve packageDebugResources (project :firebase_auth) (Thread[#553,Execution worker Thread 2,5,main]) started.
[        ] Resolve mutations for :firebase_core:generateDebugResValues (Thread[#553,Execution worker Thread 2,5,main]) started.
[        ] :firebase_core:generateDebugResValues (Thread[#556,Execution worker Thread 5,5,main]) started.
[        ] > Task :firebase_core:generateDebugResValues UP-TO-DATE
[        ] Caching disabled for task ':firebase_core:generateDebugResValues' because:
[        ]   Build cache is disabled
[        ] Skipping task ':firebase_core:generateDebugResValues' as it is up-to-date.
[        ] Resolve mutations for :firebase_core:generateDebugResources (Thread[#556,Execution worker Thread 5,5,main]) started.
[        ] :firebase_core:generateDebugResources (Thread[#556,Execution worker Thread 5,5,main]) started.
[        ] > Task :firebase_core:generateDebugResources UP-TO-DATE
[        ] Caching disabled for task ':firebase_core:generateDebugResources' because:
[        ]   Build cache is disabled
[        ] Skipping task ':firebase_core:generateDebugResources' as it is up-to-date.
[        ] Resolve mutations for :firebase_core:packageDebugResources (Thread[#556,Execution worker Thread 5,5,main]) started.
[        ] :firebase_core:packageDebugResources (Thread[#556,Execution worker Thread 5,5,main]) started.
[        ] > Task :firebase_core:packageDebugResources UP-TO-DATE
[        ] Caching disabled for task ':firebase_core:packageDebugResources' because:
[        ]   Build cache is disabled
[        ] Skipping task ':firebase_core:packageDebugResources' as it is up-to-date.
[        ] work action resolve packageDebugResources (project :firebase_core) (Thread[#565,Execution worker Thread 14,5,main]) started.
[        ] Resolve mutations for :firebase_messaging:generateDebugResValues (Thread[#565,Execution worker Thread 14,5,main]) started.
[        ] :firebase_messaging:generateDebugResValues (Thread[#565,Execution worker Thread 14,5,main]) started.
[  +85 ms] > Task :firebase_messaging:generateDebugResValues UP-TO-DATE
[        ] Caching disabled for task ':firebase_messaging:generateDebugResValues' because:
[        ]   Build cache is disabled
[        ] Skipping task ':firebase_messaging:generateDebugResValues' as it is up-to-date.
[        ] Resolve mutations for :firebase_messaging:generateDebugResources (Thread[#556,Execution worker Thread 5,5,main]) started.
[        ] :firebase_messaging:generateDebugResources (Thread[#552,Execution worker,5,main]) started.
[        ] > Task :firebase_messaging:generateDebugResources UP-TO-DATE
[        ] Caching disabled for task ':firebase_messaging:generateDebugResources' because:
[        ]   Build cache is disabled
[        ] Skipping task ':firebase_messaging:generateDebugResources' as it is up-to-date.
[        ] Resolve mutations for :firebase_messaging:packageDebugResources (Thread[#552,Execution worker,5,main]) started.
[        ] :firebase_messaging:packageDebugResources (Thread[#552,Execution worker,5,main]) started.
[        ] > Task :firebase_messaging:packageDebugResources UP-TO-DATE
[        ] Caching disabled for task ':firebase_messaging:packageDebugResources' because:
[        ]   Build cache is disabled
[        ] Skipping task ':firebase_messaging:packageDebugResources' as it is up-to-date.
[        ] work action resolve packageDebugResources (project :firebase_messaging) (Thread[#552,Execution worker,5,main]) started.
[        ] Resolve mutations for :flutter_local_notifications:generateDebugResValues (Thread[#552,Execution worker,5,main]) started.
[        ] :flutter_local_notifications:generateDebugResValues (Thread[#554,Execution worker Thread 3,5,main]) started.
[        ] > Task :flutter_local_notifications:generateDebugResValues UP-TO-DATE
[        ] Caching disabled for task ':flutter_local_notifications:generateDebugResValues' because:
[        ]   Build cache is disabled
[        ] Skipping task ':flutter_local_notifications:generateDebugResValues' as it is up-to-date.
[        ] Resolve mutations for :flutter_local_notifications:generateDebugResources (Thread[#554,Execution worker Thread 3,5,main]) started.
[        ] :flutter_local_notifications:generateDebugResources (Thread[#554,Execution worker Thread 3,5,main]) started.
[        ] > Task :flutter_local_notifications:generateDebugResources UP-TO-DATE
[        ] Caching disabled for task ':flutter_local_notifications:generateDebugResources' because:
[        ]   Build cache is disabled
[        ] Skipping task ':flutter_local_notifications:generateDebugResources' as it is up-to-date.
[        ] Resolve mutations for :flutter_local_notifications:packageDebugResources (Thread[#554,Execution worker Thread 3,5,main]) started.
[        ] :flutter_local_notifications:packageDebugResources (Thread[#554,Execution worker Thread 3,5,main]) started.
[        ] > Task :flutter_local_notifications:packageDebugResources UP-TO-DATE
[        ] Caching disabled for task ':flutter_local_notifications:packageDebugResources' because:
[        ]   Build cache is disabled
[        ] Skipping task ':flutter_local_notifications:packageDebugResources' as it is up-to-date.
[        ] work action resolve packageDebugResources (project :flutter_local_notifications) (Thread[#554,Execution worker Thread 3,5,main]) started.
[        ] Resolve mutations for :flutter_tts:generateDebugResValues (Thread[#554,Execution worker Thread 3,5,main]) started.
[        ] :flutter_tts:generateDebugResValues (Thread[#554,Execution worker Thread 3,5,main]) started.
[        ] > Task :flutter_tts:generateDebugResValues UP-TO-DATE
[        ] Caching disabled for task ':flutter_tts:generateDebugResValues' because:
[        ]   Build cache is disabled
[        ] Skipping task ':flutter_tts:generateDebugResValues' as it is up-to-date.
[        ] Resolve mutations for :flutter_tts:generateDebugResources (Thread[#554,Execution worker Thread 3,5,main]) started.
[        ] :flutter_tts:generateDebugResources (Thread[#554,Execution worker Thread 3,5,main]) started.
[        ] > Task :flutter_tts:generateDebugResources UP-TO-DATE
[        ] Caching disabled for task ':flutter_tts:generateDebugResources' because:
[        ]   Build cache is disabled
[        ] Skipping task ':flutter_tts:generateDebugResources' as it is up-to-date.
[        ] Resolve mutations for :flutter_tts:packageDebugResources (Thread[#554,Execution worker Thread 3,5,main]) started.
[        ] :flutter_tts:packageDebugResources (Thread[#554,Execution worker Thread 3,5,main]) started.
[        ] > Task :flutter_tts:packageDebugResources UP-TO-DATE
[        ] Caching disabled for task ':flutter_tts:packageDebugResources' because:
[        ]   Build cache is disabled
[        ] Skipping task ':flutter_tts:packageDebugResources' as it is up-to-date.
[        ] work action resolve packageDebugResources (project :flutter_tts) (Thread[#554,Execution worker Thread 3,5,main]) started.
[        ] Resolve mutations for :google_sign_in_android:generateDebugResValues (Thread[#554,Execution worker Thread 3,5,main]) started.
[        ] :google_sign_in_android:generateDebugResValues (Thread[#554,Execution worker Thread 3,5,main]) started.
[        ] > Task :google_sign_in_android:generateDebugResValues UP-TO-DATE
[        ] Caching disabled for task ':google_sign_in_android:generateDebugResValues' because:
[        ]   Build cache is disabled
[        ] Skipping task ':google_sign_in_android:generateDebugResValues' as it is up-to-date.
[        ] Resolve mutations for :google_sign_in_android:generateDebugResources (Thread[#554,Execution worker Thread 3,5,main]) started.
[        ] :google_sign_in_android:generateDebugResources (Thread[#554,Execution worker Thread 3,5,main]) started.
[        ] > Task :google_sign_in_android:generateDebugResources UP-TO-DATE
[        ] Caching disabled for task ':google_sign_in_android:generateDebugResources' because:
[        ]   Build cache is disabled
[        ] Skipping task ':google_sign_in_android:generateDebugResources' as it is up-to-date.
[        ] Resolve mutations for :google_sign_in_android:packageDebugResources (Thread[#554,Execution worker Thread 3,5,main]) started.
[        ] :google_sign_in_android:packageDebugResources (Thread[#554,Execution worker Thread 3,5,main]) started.
[        ] > Task :google_sign_in_android:packageDebugResources UP-TO-DATE
[        ] Caching disabled for task ':google_sign_in_android:packageDebugResources' because:
[        ]   Build cache is disabled
[        ] Skipping task ':google_sign_in_android:packageDebugResources' as it is up-to-date.
[        ] work action resolve packageDebugResources (project :google_sign_in_android) (Thread[#554,Execution worker Thread 3,5,main]) started.
[        ] Resolve mutations for :path_provider_android:generateDebugResValues (Thread[#554,Execution worker Thread 3,5,main]) started.
[        ] :path_provider_android:generateDebugResValues (Thread[#554,Execution worker Thread 3,5,main]) started.
[        ] > Task :path_provider_android:generateDebugResValues UP-TO-DATE
[        ] Caching disabled for task ':path_provider_android:generateDebugResValues' because:
[        ]   Build cache is disabled
[        ] Skipping task ':path_provider_android:generateDebugResValues' as it is up-to-date.
[        ] Resolve mutations for :path_provider_android:generateDebugResources (Thread[#554,Execution worker Thread 3,5,main]) started.
[        ] :path_provider_android:generateDebugResources (Thread[#554,Execution worker Thread 3,5,main]) started.
[        ] > Task :path_provider_android:generateDebugResources UP-TO-DATE
[        ] Caching disabled for task ':path_provider_android:generateDebugResources' because:
[        ]   Build cache is disabled
[        ] Skipping task ':path_provider_android:generateDebugResources' as it is up-to-date.
[        ] Resolve mutations for :path_provider_android:packageDebugResources (Thread[#554,Execution worker Thread 3,5,main]) started.
[        ] :path_provider_android:packageDebugResources (Thread[#554,Execution worker Thread 3,5,main]) started.
[        ] > Task :path_provider_android:packageDebugResources UP-TO-DATE
[        ] Caching disabled for task ':path_provider_android:packageDebugResources' because:
[        ]   Build cache is disabled
[        ] Skipping task ':path_provider_android:packageDebugResources' as it is up-to-date.
[        ] work action resolve packageDebugResources (project :path_provider_android) (Thread[#554,Execution worker Thread 3,5,main]) started.
[        ] Resolve mutations for :shared_preferences_android:generateDebugResValues (Thread[#554,Execution worker Thread 3,5,main]) started.
[        ] :shared_preferences_android:generateDebugResValues (Thread[#566,Execution worker Thread 15,5,main]) started.
[        ] > Task :shared_preferences_android:generateDebugResValues UP-TO-DATE
[        ] Caching disabled for task ':shared_preferences_android:generateDebugResValues' because:
[        ]   Build cache is disabled
[        ] Skipping task ':shared_preferences_android:generateDebugResValues' as it is up-to-date.
[        ] Resolve mutations for :shared_preferences_android:generateDebugResources (Thread[#566,Execution worker Thread 15,5,main]) started.
[        ] :shared_preferences_android:generateDebugResources (Thread[#566,Execution worker Thread 15,5,main]) started.
[        ] > Task :shared_preferences_android:generateDebugResources UP-TO-DATE
[        ] Caching disabled for task ':shared_preferences_android:generateDebugResources' because:
[        ]   Build cache is disabled
[        ] Skipping task ':shared_preferences_android:generateDebugResources' as it is up-to-date.
[        ] Resolve mutations for :shared_preferences_android:packageDebugResources (Thread[#566,Execution worker Thread 15,5,main]) started.
[        ] :shared_preferences_android:packageDebugResources (Thread[#566,Execution worker Thread 15,5,main]) started.
[        ] > Task :shared_preferences_android:packageDebugResources UP-TO-DATE
[        ] Caching disabled for task ':shared_preferences_android:packageDebugResources' because:
[        ]   Build cache is disabled
[        ] Skipping task ':shared_preferences_android:packageDebugResources' as it is up-to-date.
[        ] work action resolve packageDebugResources (project :shared_preferences_android) (Thread[#566,Execution worker Thread 15,5,main]) started.
[        ] Resolve mutations for :twitter_login:generateDebugResValues (Thread[#566,Execution worker Thread 15,5,main]) started.
[        ] :twitter_login:generateDebugResValues (Thread[#566,Execution worker Thread 15,5,main]) started.
[        ] > Task :twitter_login:generateDebugResValues UP-TO-DATE
[        ] Caching disabled for task ':twitter_login:generateDebugResValues' because:
[        ]   Build cache is disabled
[        ] Skipping task ':twitter_login:generateDebugResValues' as it is up-to-date.
[        ] Resolve mutations for :twitter_login:generateDebugResources (Thread[#566,Execution worker Thread 15,5,main]) started.
[        ] :twitter_login:generateDebugResources (Thread[#566,Execution worker Thread 15,5,main]) started.
[        ] > Task :twitter_login:generateDebugResources UP-TO-DATE
[        ] Caching disabled for task ':twitter_login:generateDebugResources' because:
[        ]   Build cache is disabled
[        ] Skipping task ':twitter_login:generateDebugResources' as it is up-to-date.
[        ] Resolve mutations for :twitter_login:packageDebugResources (Thread[#566,Execution worker Thread 15,5,main]) started.
[        ] :twitter_login:packageDebugResources (Thread[#566,Execution worker Thread 15,5,main]) started.
[        ] > Task :twitter_login:packageDebugResources UP-TO-DATE
[        ] Caching disabled for task ':twitter_login:packageDebugResources' because:
[        ]   Build cache is disabled
[        ] Skipping task ':twitter_login:packageDebugResources' as it is up-to-date.
[        ] work action resolve packageDebugResources (project :twitter_login) (Thread[#566,Execution worker Thread 15,5,main]) started.
[        ] Resolve mutations for :url_launcher_android:generateDebugResValues (Thread[#566,Execution worker Thread 15,5,main]) started.
[        ] :url_launcher_android:generateDebugResValues (Thread[#566,Execution worker Thread 15,5,main]) started.
[        ] > Task :url_launcher_android:generateDebugResValues UP-TO-DATE
[        ] Caching disabled for task ':url_launcher_android:generateDebugResValues' because:
[        ]   Build cache is disabled
[        ] Skipping task ':url_launcher_android:generateDebugResValues' as it is up-to-date.
[        ] Resolve mutations for :url_launcher_android:generateDebugResources (Thread[#566,Execution worker Thread 15,5,main]) started.
[        ] :url_launcher_android:generateDebugResources (Thread[#566,Execution worker Thread 15,5,main]) started.
[        ] > Task :url_launcher_android:generateDebugResources UP-TO-DATE
[        ] Caching disabled for task ':url_launcher_android:generateDebugResources' because:
[        ]   Build cache is disabled
[        ] Skipping task ':url_launcher_android:generateDebugResources' as it is up-to-date.
[        ] Resolve mutations for :url_launcher_android:packageDebugResources (Thread[#566,Execution worker Thread 15,5,main]) started.
[        ] :url_launcher_android:packageDebugResources (Thread[#566,Execution worker Thread 15,5,main]) started.
[        ] > Task :url_launcher_android:packageDebugResources UP-TO-DATE
[        ] Caching disabled for task ':url_launcher_android:packageDebugResources' because:
[        ]   Build cache is disabled
[        ] Skipping task ':url_launcher_android:packageDebugResources' as it is up-to-date.
[        ] work action resolve packageDebugResources (project :url_launcher_android) (Thread[#566,Execution worker Thread 15,5,main]) started.
[        ] Resolve mutations for :app:mapDebugSourceSetPaths (Thread[#566,Execution worker Thread 15,5,main]) started.
[        ] :app:mapDebugSourceSetPaths (Thread[#566,Execution worker Thread 15,5,main]) started.
[        ] > Task :app:mapDebugSourceSetPaths UP-TO-DATE
[        ] Transforming firebase-firestore-26.1.0.aar (com.google.firebase:firebase-firestore:26.1.0) with JetifyTransform
[        ] Transforming firebase-firestore-26.1.0.aar (com.google.firebase:firebase-firestore:26.1.0) with ExtractAarTransform
[        ] Transforming firebase-firestore-26.1.0.aar (com.google.firebase:firebase-firestore:26.1.0) with AarTransform
[        ] Transforming firebase-auth-24.0.1.aar (com.google.firebase:firebase-auth:24.0.1) with JetifyTransform
[        ] Transforming firebase-auth-24.0.1.aar (com.google.firebase:firebase-auth:24.0.1) with ExtractAarTransform
[        ] Transforming firebase-auth-24.0.1.aar (com.google.firebase:firebase-auth:24.0.1) with AarTransform
[        ] Transforming firebase-messaging-25.0.1.aar (com.google.firebase:firebase-messaging:25.0.1) with JetifyTransform
[        ] Transforming firebase-messaging-25.0.1.aar (com.google.firebase:firebase-messaging:25.0.1) with ExtractAarTransform
[        ] Transforming firebase-messaging-25.0.1.aar (com.google.firebase:firebase-messaging:25.0.1) with AarTransform
[        ] Transforming firebase-auth-interop-20.0.0.aar (com.google.firebase:firebase-auth-interop:20.0.0) with JetifyTransform
[        ] Transforming firebase-auth-interop-20.0.0.aar (com.google.firebase:firebase-auth-interop:20.0.0) with ExtractAarTransform
[        ] Transforming firebase-auth-interop-20.0.0.aar (com.google.firebase:firebase-auth-interop:20.0.0) with AarTransform
[        ] Transforming firebase-installations-19.0.1.aar (com.google.firebase:firebase-installations:19.0.1) with JetifyTransform
[        ] Transforming firebase-installations-19.0.1.aar (com.google.firebase:firebase-installations:19.0.1) with ExtractAarTransform
[        ] Transforming firebase-installations-19.0.1.aar (com.google.firebase:firebase-installations:19.0.1) with AarTransform
[        ] Transforming firebase-common-22.0.1.aar (com.google.firebase:firebase-common:22.0.1) with JetifyTransform
[        ] Transforming firebase-common-22.0.1.aar (com.google.firebase:firebase-common:22.0.1) with ExtractAarTransform
[        ] Transforming firebase-common-22.0.1.aar (com.google.firebase:firebase-common:22.0.1) with AarTransform
[        ] Transforming firebase-common-22.0.1.aar (com.google.firebase:firebase-common:22.0.1) with JetifyTransform
[        ] Transforming firebase-common-22.0.1.aar (com.google.firebase:firebase-common:22.0.1) with ExtractAarTransform
[        ] Transforming firebase-common-22.0.1.aar (com.google.firebase:firebase-common:22.0.1) with AarTransform
[        ] Transforming media-1.1.0.aar (androidx.media:media:1.1.0) with JetifyTransform
[        ] Transforming media-1.1.0.aar (androidx.media:media:1.1.0) with ExtractAarTransform
[        ] Transforming media-1.1.0.aar (androidx.media:media:1.1.0) with AarTransform
[        ] Transforming preference-1.2.1.aar (androidx.preference:preference:1.2.1) with JetifyTransform
[        ] Transforming preference-1.2.1.aar (androidx.preference:preference:1.2.1) with ExtractAarTransform
[        ] Transforming preference-1.2.1.aar (androidx.preference:preference:1.2.1) with AarTransform
[        ] Transforming browser-1.9.0.aar (androidx.browser:browser:1.9.0) with JetifyTransform
[        ] Transforming browser-1.9.0.aar (androidx.browser:browser:1.9.0) with ExtractAarTransform
[        ] Transforming browser-1.9.0.aar (androidx.browser:browser:1.9.0) with AarTransform
[        ] Transforming browser-1.9.0.aar (androidx.browser:browser:1.9.0) with JetifyTransform
[        ] Transforming browser-1.9.0.aar (androidx.browser:browser:1.9.0) with ExtractAarTransform
[        ] Transforming browser-1.9.0.aar (androidx.browser:browser:1.9.0) with AarTransform
[        ] Transforming recyclerview-1.0.0.aar (androidx.recyclerview:recyclerview:1.0.0) with JetifyTransform
[        ] Transforming recyclerview-1.0.0.aar (androidx.recyclerview:recyclerview:1.0.0) with ExtractAarTransform
[        ] Transforming recyclerview-1.0.0.aar (androidx.recyclerview:recyclerview:1.0.0) with AarTransform
[        ] Transforming legacy-support-core-ui-1.0.0.aar (androidx.legacy:legacy-support-core-ui:1.0.0) with JetifyTransform
[        ] Transforming legacy-support-core-ui-1.0.0.aar (androidx.legacy:legacy-support-core-ui:1.0.0) with ExtractAarTransform
[        ] Transforming legacy-support-core-ui-1.0.0.aar (androidx.legacy:legacy-support-core-ui:1.0.0) with AarTransform
[        ] Transforming slidingpanelayout-1.2.0.aar (androidx.slidingpanelayout:slidingpanelayout:1.2.0) with JetifyTransform
[        ] Transforming slidingpanelayout-1.2.0.aar (androidx.slidingpanelayout:slidingpanelayout:1.2.0) with ExtractAarTransform
[        ] Transforming slidingpanelayout-1.2.0.aar (androidx.slidingpanelayout:slidingpanelayout:1.2.0) with AarTransform
[        ] Transforming slidingpanelayout-1.2.0.aar (androidx.slidingpanelayout:slidingpanelayout:1.2.0) with JetifyTransform
[        ] Transforming slidingpanelayout-1.2.0.aar (androidx.slidingpanelayout:slidingpanelayout:1.2.0) with ExtractAarTransform
[        ] Transforming slidingpanelayout-1.2.0.aar (androidx.slidingpanelayout:slidingpanelayout:1.2.0) with AarTransform
[        ] Transforming window-1.2.0.aar (androidx.window:window:1.2.0) with JetifyTransform
[        ] Transforming window-1.2.0.aar (androidx.window:window:1.2.0) with ExtractAarTransform
[        ] Transforming window-1.2.0.aar (androidx.window:window:1.2.0) with AarTransform
[        ] Transforming window-java-1.2.0.aar (androidx.window:window-java:1.2.0) with JetifyTransform
[        ] Transforming window-java-1.2.0.aar (androidx.window:window-java:1.2.0) with ExtractAarTransform
[        ] Transforming window-java-1.2.0.aar (androidx.window:window-java:1.2.0) with AarTransform
[        ] Transforming credentials-1.2.0-rc01.aar (androidx.credentials:credentials:1.2.0-rc01) with JetifyTransform
[        ] Transforming credentials-1.2.0-rc01.aar (androidx.credentials:credentials:1.2.0-rc01) with ExtractAarTransform
[        ] Transforming credentials-1.2.0-rc01.aar (androidx.credentials:credentials:1.2.0-rc01) with AarTransform
[        ] Transforming credentials-1.2.0-rc01.aar (androidx.credentials:credentials:1.2.0-rc01) with JetifyTransform
[        ] Transforming credentials-1.2.0-rc01.aar (androidx.credentials:credentials:1.2.0-rc01) with ExtractAarTransform
[        ] Transforming credentials-1.2.0-rc01.aar (androidx.credentials:credentials:1.2.0-rc01) with AarTransform
[        ] Transforming credentials-play-services-auth-1.2.0-rc01.aar (androidx.credentials:credentials-play-services-auth:1.2.0-rc01) with JetifyTransform
[        ] Transforming credentials-play-services-auth-1.2.0-rc01.aar (androidx.credentials:credentials-play-services-auth:1.2.0-rc01) with ExtractAarTransform
[        ] Transforming credentials-play-services-auth-1.2.0-rc01.aar (androidx.credentials:credentials-play-services-auth:1.2.0-rc01) with AarTransform
[        ] Transforming play-services-auth-21.0.0.aar (com.google.android.gms:play-services-auth:21.0.0) with JetifyTransform
[        ] Transforming play-services-auth-21.0.0.aar (com.google.android.gms:play-services-auth:21.0.0) with ExtractAarTransform
[        ] Transforming play-services-auth-21.0.0.aar (com.google.android.gms:play-services-auth:21.0.0) with AarTransform
[        ] Transforming firebase-appcheck-interop-17.0.0.aar (com.google.firebase:firebase-appcheck-interop:17.0.0) with JetifyTransform
[        ] Transforming firebase-appcheck-interop-17.0.0.aar (com.google.firebase:firebase-appcheck-interop:17.0.0) with ExtractAarTransform
[        ] Transforming firebase-appcheck-interop-17.0.0.aar (com.google.firebase:firebase-appcheck-interop:17.0.0) with AarTransform
[        ] Transforming firebase-database-collection-18.0.1.aar (com.google.firebase:firebase-database-collection:18.0.1) with JetifyTransform
[        ] Transforming firebase-database-collection-18.0.1.aar (com.google.firebase:firebase-database-collection:18.0.1) with ExtractAarTransform
[        ] Transforming firebase-database-collection-18.0.1.aar (com.google.firebase:firebase-database-collection:18.0.1) with AarTransform
[        ] Transforming play-services-auth-api-phone-18.0.2.aar (com.google.android.gms:play-services-auth-api-phone:18.0.2) with JetifyTransform
[        ] Transforming play-services-auth-api-phone-18.0.2.aar (com.google.android.gms:play-services-auth-api-phone:18.0.2) with ExtractAarTransform
[        ] Transforming play-services-auth-api-phone-18.0.2.aar (com.google.android.gms:play-services-auth-api-phone:18.0.2) with AarTransform
[        ] Transforming play-services-auth-base-18.0.10.aar (com.google.android.gms:play-services-auth-base:18.0.10) with JetifyTransform
[        ] Transforming play-services-auth-base-18.0.10.aar (com.google.android.gms:play-services-auth-base:18.0.10) with ExtractAarTransform
[        ] Transforming play-services-auth-base-18.0.10.aar (com.google.android.gms:play-services-auth-base:18.0.10) with AarTransform
[        ] Transforming play-services-fido-20.1.0.aar (com.google.android.gms:play-services-fido:20.1.0) with JetifyTransform
[        ] Transforming play-services-fido-20.1.0.aar (com.google.android.gms:play-services-fido:20.1.0) with ExtractAarTransform
[        ] Transforming play-services-fido-20.1.0.aar (com.google.android.gms:play-services-fido:20.1.0) with AarTransform
[        ] Transforming play-services-fido-20.1.0.aar (com.google.android.gms:play-services-fido:20.1.0) with JetifyTransform
[        ] Transforming play-services-fido-20.1.0.aar (com.google.android.gms:play-services-fido:20.1.0) with ExtractAarTransform
[        ] Transforming play-services-fido-20.1.0.aar (com.google.android.gms:play-services-fido:20.1.0) with AarTransform
[        ] Transforming play-services-base-18.9.0.aar (com.google.android.gms:play-services-base:18.9.0) with JetifyTransform
[        ] Transforming play-services-base-18.9.0.aar (com.google.android.gms:play-services-base:18.9.0) with ExtractAarTransform
[        ] Transforming play-services-base-18.9.0.aar (com.google.android.gms:play-services-base:18.9.0) with AarTransform
[        ] Transforming recaptcha-18.6.1.aar (com.google.android.recaptcha:recaptcha:18.6.1) with JetifyTransform
[        ] Transforming recaptcha-18.6.1.aar (com.google.android.recaptcha:recaptcha:18.6.1) with ExtractAarTransform
[        ] Transforming recaptcha-18.6.1.aar (com.google.android.recaptcha:recaptcha:18.6.1) with AarTransform
[        ] Transforming integrity-1.3.0.aar (com.google.android.play:integrity:1.3.0) with JetifyTransform
[        ] Transforming integrity-1.3.0.aar (com.google.android.play:integrity:1.3.0) with ExtractAarTransform
[        ] Transforming integrity-1.3.0.aar (com.google.android.play:integrity:1.3.0) with AarTransform
[        ] Transforming appcompat-1.1.0.aar (androidx.appcompat:appcompat:1.1.0) with JetifyTransform
[        ] Transforming appcompat-1.1.0.aar (androidx.appcompat:appcompat:1.1.0) with ExtractAarTransform
[        ] Transforming appcompat-1.1.0.aar (androidx.appcompat:appcompat:1.1.0) with AarTransform
[        ] Transforming fragment-ktx-1.7.1.aar (androidx.fragment:fragment-ktx:1.7.1) with JetifyTransform
[        ] Transforming fragment-ktx-1.7.1.aar (androidx.fragment:fragment-ktx:1.7.1) with ExtractAarTransform
[        ] Transforming fragment-ktx-1.7.1.aar (androidx.fragment:fragment-ktx:1.7.1) with AarTransform
[        ] Transforming fragment-1.7.1.aar (androidx.fragment:fragment:1.7.1) with JetifyTransform
[        ] Transforming fragment-1.7.1.aar (androidx.fragment:fragment:1.7.1) with ExtractAarTransform
[        ] Transforming fragment-1.7.1.aar (androidx.fragment:fragment:1.7.1) with AarTransform
[        ] Transforming fragment-1.7.1.aar (androidx.fragment:fragment:1.7.1) with JetifyTransform
[        ] Transforming fragment-1.7.1.aar (androidx.fragment:fragment:1.7.1) with ExtractAarTransform
[        ] Transforming fragment-1.7.1.aar (androidx.fragment:fragment:1.7.1) with AarTransform
[        ] Transforming activity-ktx-1.9.0.aar (androidx.activity:activity-ktx:1.9.0) with JetifyTransform
[        ] Transforming activity-ktx-1.9.0.aar (androidx.activity:activity-ktx:1.9.0) with ExtractAarTransform
[        ] Transforming activity-ktx-1.9.0.aar (androidx.activity:activity-ktx:1.9.0) with AarTransform
[        ] Transforming activity-1.9.0.aar (androidx.activity:activity:1.9.0) with JetifyTransform
[        ] Transforming activity-1.9.0.aar (androidx.activity:activity:1.9.0) with ExtractAarTransform
[        ] Transforming activity-1.9.0.aar (androidx.activity:activity:1.9.0) with AarTransform
[        ] Transforming play-services-stats-17.0.2.aar (com.google.android.gms:play-services-stats:17.0.2) with JetifyTransform
[        ] Transforming play-services-stats-17.0.2.aar (com.google.android.gms:play-services-stats:17.0.2) with ExtractAarTransform
[        ] Transforming play-services-stats-17.0.2.aar (com.google.android.gms:play-services-stats:17.0.2) with AarTransform
[        ] Transforming legacy-support-core-utils-1.0.0.aar (androidx.legacy:legacy-support-core-utils:1.0.0) with JetifyTransform
[        ] Transforming legacy-support-core-utils-1.0.0.aar (androidx.legacy:legacy-support-core-utils:1.0.0) with ExtractAarTransform
[        ] Transforming legacy-support-core-utils-1.0.0.aar (androidx.legacy:legacy-support-core-utils:1.0.0) with AarTransform
[        ] Transforming loader-1.1.0.aar (androidx.loader:loader:1.1.0) with JetifyTransform
[        ] Transforming loader-1.1.0.aar (androidx.loader:loader:1.1.0) with ExtractAarTransform
[        ] Transforming loader-1.1.0.aar (androidx.loader:loader:1.1.0) with AarTransform
[        ] Transforming loader-1.1.0.aar (androidx.loader:loader:1.1.0) with JetifyTransform
[        ] Transforming loader-1.1.0.aar (androidx.loader:loader:1.1.0) with ExtractAarTransform
[        ] Transforming loader-1.1.0.aar (androidx.loader:loader:1.1.0) with AarTransform
[        ] Transforming lifecycle-runtime-ktx-2.7.0.aar (androidx.lifecycle:lifecycle-runtime-ktx:2.7.0) with JetifyTransform
[        ] Transforming lifecycle-runtime-ktx-2.7.0.aar (androidx.lifecycle:lifecycle-runtime-ktx:2.7.0) with ExtractAarTransform
[        ] Transforming lifecycle-runtime-ktx-2.7.0.aar (androidx.lifecycle:lifecycle-runtime-ktx:2.7.0) with AarTransform
[        ] Transforming lifecycle-livedata-core-ktx-2.7.0.aar (androidx.lifecycle:lifecycle-livedata-core-ktx:2.7.0) with JetifyTransform
[        ] Transforming lifecycle-livedata-core-ktx-2.7.0.aar (androidx.lifecycle:lifecycle-livedata-core-ktx:2.7.0) with ExtractAarTransform
[        ] Transforming lifecycle-livedata-core-ktx-2.7.0.aar (androidx.lifecycle:lifecycle-livedata-core-ktx:2.7.0) with AarTransform
[        ] Transforming lifecycle-viewmodel-ktx-2.7.0.aar (androidx.lifecycle:lifecycle-viewmodel-ktx:2.7.0) with JetifyTransform
[        ] Transforming lifecycle-viewmodel-ktx-2.7.0.aar (androidx.lifecycle:lifecycle-viewmodel-ktx:2.7.0) with ExtractAarTransform
[        ] Transforming lifecycle-viewmodel-ktx-2.7.0.aar (androidx.lifecycle:lifecycle-viewmodel-ktx:2.7.0) with AarTransform
[        ] Transforming lifecycle-viewmodel-savedstate-2.7.0.aar (androidx.lifecycle:lifecycle-viewmodel-savedstate:2.7.0) with JetifyTransform
[        ] Transforming lifecycle-viewmodel-savedstate-2.7.0.aar (androidx.lifecycle:lifecycle-viewmodel-savedstate:2.7.0) with ExtractAarTransform
[        ] Transforming lifecycle-viewmodel-savedstate-2.7.0.aar (androidx.lifecycle:lifecycle-viewmodel-savedstate:2.7.0) with AarTransform
[        ] Transforming lifecycle-viewmodel-2.7.0.aar (androidx.lifecycle:lifecycle-viewmodel:2.7.0) with JetifyTransform
[        ] Transforming lifecycle-viewmodel-2.7.0.aar (androidx.lifecycle:lifecycle-viewmodel:2.7.0) with ExtractAarTransform
[        ] Transforming lifecycle-viewmodel-2.7.0.aar (androidx.lifecycle:lifecycle-viewmodel:2.7.0) with AarTransform
[        ] Transforming lifecycle-viewmodel-2.7.0.aar (androidx.lifecycle:lifecycle-viewmodel:2.7.0) with JetifyTransform
[        ] Transforming lifecycle-viewmodel-2.7.0.aar (androidx.lifecycle:lifecycle-viewmodel:2.7.0) with ExtractAarTransform
[        ] Transforming lifecycle-viewmodel-2.7.0.aar (androidx.lifecycle:lifecycle-viewmodel:2.7.0) with AarTransform
[        ] Transforming lifecycle-livedata-core-2.7.0.aar (androidx.lifecycle:lifecycle-livedata-core:2.7.0) with JetifyTransform
[        ] Transforming lifecycle-livedata-core-2.7.0.aar (androidx.lifecycle:lifecycle-livedata-core:2.7.0) with ExtractAarTransform
[        ] Transforming lifecycle-livedata-core-2.7.0.aar (androidx.lifecycle:lifecycle-livedata-core:2.7.0) with AarTransform
[        ] Transforming lifecycle-livedata-core-2.7.0.aar (androidx.lifecycle:lifecycle-livedata-core:2.7.0) with JetifyTransform
[        ] Transforming lifecycle-livedata-core-2.7.0.aar (androidx.lifecycle:lifecycle-livedata-core:2.7.0) with ExtractAarTransform
[        ] Transforming lifecycle-livedata-core-2.7.0.aar (androidx.lifecycle:lifecycle-livedata-core:2.7.0) with AarTransform
[        ] Transforming lifecycle-runtime-2.7.0.aar (androidx.lifecycle:lifecycle-runtime:2.7.0) with JetifyTransform
[        ] Transforming lifecycle-runtime-2.7.0.aar (androidx.lifecycle:lifecycle-runtime:2.7.0) with ExtractAarTransform
[        ] Transforming lifecycle-runtime-2.7.0.aar (androidx.lifecycle:lifecycle-runtime:2.7.0) with AarTransform
[        ] Transforming lifecycle-process-2.7.0.aar (androidx.lifecycle:lifecycle-process:2.7.0) with JetifyTransform
[        ] Transforming lifecycle-process-2.7.0.aar (androidx.lifecycle:lifecycle-process:2.7.0) with ExtractAarTransform
[        ] Transforming lifecycle-process-2.7.0.aar (androidx.lifecycle:lifecycle-process:2.7.0) with AarTransform
[        ] Transforming savedstate-ktx-1.2.1.aar (androidx.savedstate:savedstate-ktx:1.2.1) with JetifyTransform
[        ] Transforming savedstate-ktx-1.2.1.aar (androidx.savedstate:savedstate-ktx:1.2.1) with ExtractAarTransform
[        ] Transforming savedstate-ktx-1.2.1.aar (androidx.savedstate:savedstate-ktx:1.2.1) with AarTransform
[        ] Transforming savedstate-1.2.1.aar (androidx.savedstate:savedstate:1.2.1) with JetifyTransform
[        ] Transforming savedstate-1.2.1.aar (androidx.savedstate:savedstate:1.2.1) with ExtractAarTransform
[        ] Transforming savedstate-1.2.1.aar (androidx.savedstate:savedstate:1.2.1) with AarTransform
[        ] Transforming datastore-preferences-core.aar (androidx.datastore:datastore-preferences-core-android:1.2.0) with JetifyTransform
[        ] Transforming datastore-preferences-core.aar (androidx.datastore:datastore-preferences-core-android:1.2.0) with ExtractAarTransform
[        ] Transforming datastore-preferences-core.aar (androidx.datastore:datastore-preferences-core-android:1.2.0) with AarTransform
[        ] Transforming datastore-core.aar (androidx.datastore:datastore-core-android:1.2.0) with JetifyTransform
[        ] Transforming datastore-core.aar (androidx.datastore:datastore-core-android:1.2.0) with ExtractAarTransform
[        ] Transforming datastore-core.aar (androidx.datastore:datastore-core-android:1.2.0) with AarTransform
[        ] Transforming datastore-preferences.aar (androidx.datastore:datastore-preferences-android:1.2.0) with JetifyTransform
[        ] Transforming datastore-preferences.aar (androidx.datastore:datastore-preferences-android:1.2.0) with ExtractAarTransform
[        ] Transforming datastore-preferences.aar (androidx.datastore:datastore-preferences-android:1.2.0) with AarTransform
[        ] Transforming datastore.aar (androidx.datastore:datastore-android:1.2.0) with JetifyTransform
[        ] Transforming datastore.aar (androidx.datastore:datastore-android:1.2.0) with ExtractAarTransform
[        ] Transforming datastore.aar (androidx.datastore:datastore-android:1.2.0) with AarTransform
[        ] Transforming firebase-iid-interop-17.1.0.aar (com.google.firebase:firebase-iid-interop:17.1.0) with JetifyTransform
[        ] Transforming firebase-iid-interop-17.1.0.aar (com.google.firebase:firebase-iid-interop:17.1.0) with ExtractAarTransform
[        ] Transforming firebase-iid-interop-17.1.0.aar (com.google.firebase:firebase-iid-interop:17.1.0) with AarTransform
[        ] Transforming play-services-cloud-messaging-17.2.0.aar (com.google.android.gms:play-services-cloud-messaging:17.2.0) with JetifyTransform
[        ] Transforming play-services-cloud-messaging-17.2.0.aar (com.google.android.gms:play-services-cloud-messaging:17.2.0) with ExtractAarTransform
[        ] Transforming play-services-cloud-messaging-17.2.0.aar (com.google.android.gms:play-services-cloud-messaging:17.2.0) with AarTransform
[        ] Transforming firebase-installations-interop-17.1.1.aar (com.google.firebase:firebase-installations-interop:17.1.1) with JetifyTransform
[        ] Transforming firebase-installations-interop-17.1.1.aar (com.google.firebase:firebase-installations-interop:17.1.1) with ExtractAarTransform
[        ] Transforming firebase-installations-interop-17.1.1.aar (com.google.firebase:firebase-installations-interop:17.1.1) with AarTransform
[        ] Transforming play-services-tasks-18.4.0.aar (com.google.android.gms:play-services-tasks:18.4.0) with JetifyTransform
[        ] Transforming play-services-tasks-18.4.0.aar (com.google.android.gms:play-services-tasks:18.4.0) with ExtractAarTransform
[        ] Transforming play-services-tasks-18.4.0.aar (com.google.android.gms:play-services-tasks:18.4.0) with AarTransform
[        ] Transforming play-services-tasks-18.4.0.aar (com.google.android.gms:play-services-tasks:18.4.0) with JetifyTransform
[        ] Transforming play-services-tasks-18.4.0.aar (com.google.android.gms:play-services-tasks:18.4.0) with ExtractAarTransform
[        ] Transforming play-services-tasks-18.4.0.aar (com.google.android.gms:play-services-tasks:18.4.0) with AarTransform
[        ] Transforming firebase-measurement-connector-19.0.0.aar (com.google.firebase:firebase-measurement-connector:19.0.0) with JetifyTransform
[        ] Transforming firebase-measurement-connector-19.0.0.aar (com.google.firebase:firebase-measurement-connector:19.0.0) with ExtractAarTransform
[        ] Transforming firebase-measurement-connector-19.0.0.aar (com.google.firebase:firebase-measurement-connector:19.0.0) with AarTransform
[        ] Transforming play-services-basement-18.9.0.aar (com.google.android.gms:play-services-basement:18.9.0) with JetifyTransform
[        ] Transforming play-services-basement-18.9.0.aar (com.google.android.gms:play-services-basement:18.9.0) with ExtractAarTransform
[        ] Transforming play-services-basement-18.9.0.aar (com.google.android.gms:play-services-basement:18.9.0) with AarTransform
[        ] Transforming viewpager-1.0.0.aar (androidx.viewpager:viewpager:1.0.0) with JetifyTransform
[        ] Transforming viewpager-1.0.0.aar (androidx.viewpager:viewpager:1.0.0) with ExtractAarTransform
[        ] Transforming viewpager-1.0.0.aar (androidx.viewpager:viewpager:1.0.0) with AarTransform
[        ] Transforming viewpager-1.0.0.aar (androidx.viewpager:viewpager:1.0.0) with JetifyTransform
[        ] Transforming viewpager-1.0.0.aar (androidx.viewpager:viewpager:1.0.0) with ExtractAarTransform
[        ] Transforming viewpager-1.0.0.aar (androidx.viewpager:viewpager:1.0.0) with AarTransform
[        ] Transforming appcompat-resources-1.1.0.aar (androidx.appcompat:appcompat-resources:1.1.0) with JetifyTransform
[        ] Transforming appcompat-resources-1.1.0.aar (androidx.appcompat:appcompat-resources:1.1.0) with ExtractAarTransform
[        ] Transforming appcompat-resources-1.1.0.aar (androidx.appcompat:appcompat-resources:1.1.0) with AarTransform
[        ] Transforming drawerlayout-1.0.0.aar (androidx.drawerlayout:drawerlayout:1.0.0) with JetifyTransform
[        ] Transforming drawerlayout-1.0.0.aar (androidx.drawerlayout:drawerlayout:1.0.0) with ExtractAarTransform
[        ] Transforming drawerlayout-1.0.0.aar (androidx.drawerlayout:drawerlayout:1.0.0) with AarTransform
[        ] Transforming coordinatorlayout-1.0.0.aar (androidx.coordinatorlayout:coordinatorlayout:1.0.0) with JetifyTransform
[        ] Transforming coordinatorlayout-1.0.0.aar (androidx.coordinatorlayout:coordinatorlayout:1.0.0) with ExtractAarTransform
[        ] Transforming coordinatorlayout-1.0.0.aar (androidx.coordinatorlayout:coordinatorlayout:1.0.0) with AarTransform
[        ] Transforming customview-1.1.0.aar (androidx.customview:customview:1.1.0) with JetifyTransform
[        ] Transforming customview-1.1.0.aar (androidx.customview:customview:1.1.0) with ExtractAarTransform
[        ] Transforming customview-1.1.0.aar (androidx.customview:customview:1.1.0) with AarTransform
[        ] Transforming customview-1.1.0.aar (androidx.customview:customview:1.1.0) with JetifyTransform
[        ] Transforming customview-1.1.0.aar (androidx.customview:customview:1.1.0) with ExtractAarTransform
[        ] Transforming customview-1.1.0.aar (androidx.customview:customview:1.1.0) with AarTransform
[        ] Transforming transition-1.4.1.aar (androidx.transition:transition:1.4.1) with JetifyTransform
[        ] Transforming transition-1.4.1.aar (androidx.transition:transition:1.4.1) with ExtractAarTransform
[        ] Transforming transition-1.4.1.aar (androidx.transition:transition:1.4.1) with AarTransform
[        ] Transforming core-ktx-1.17.0.aar (androidx.core:core-ktx:1.17.0) with JetifyTransform
[        ] Transforming core-ktx-1.17.0.aar (androidx.core:core-ktx:1.17.0) with ExtractAarTransform
[        ] Transforming core-ktx-1.17.0.aar (androidx.core:core-ktx:1.17.0) with AarTransform
[        ] Transforming vectordrawable-animated-1.1.0.aar (androidx.vectordrawable:vectordrawable-animated:1.1.0) with JetifyTransform
[        ] Transforming vectordrawable-animated-1.1.0.aar (androidx.vectordrawable:vectordrawable-animated:1.1.0) with ExtractAarTransform
[        ] Transforming vectordrawable-animated-1.1.0.aar (androidx.vectordrawable:vectordrawable-animated:1.1.0) with AarTransform
[        ] Transforming vectordrawable-1.1.0.aar (androidx.vectordrawable:vectordrawable:1.1.0) with JetifyTransform
[        ] Transforming vectordrawable-1.1.0.aar (androidx.vectordrawable:vectordrawable:1.1.0) with ExtractAarTransform
[        ] Transforming vectordrawable-1.1.0.aar (androidx.vectordrawable:vectordrawable:1.1.0) with AarTransform
[        ] Transforming swiperefreshlayout-1.0.0.aar (androidx.swiperefreshlayout:swiperefreshlayout:1.0.0) with JetifyTransform
[        ] Transforming swiperefreshlayout-1.0.0.aar (androidx.swiperefreshlayout:swiperefreshlayout:1.0.0) with ExtractAarTransform
[        ] Transforming swiperefreshlayout-1.0.0.aar (androidx.swiperefreshlayout:swiperefreshlayout:1.0.0) with AarTransform
[        ] Transforming asynclayoutinflater-1.0.0.aar (androidx.asynclayoutinflater:asynclayoutinflater:1.0.0) with JetifyTransform
[        ] Transforming asynclayoutinflater-1.0.0.aar (androidx.asynclayoutinflater:asynclayoutinflater:1.0.0) with ExtractAarTransform
[        ] Transforming asynclayoutinflater-1.0.0.aar (androidx.asynclayoutinflater:asynclayoutinflater:1.0.0) with AarTransform
[        ] Transforming core-1.17.0.aar (androidx.core:core:1.17.0) with JetifyTransform
[        ] Transforming core-1.17.0.aar (androidx.core:core:1.17.0) with ExtractAarTransform
[        ] Transforming core-1.17.0.aar (androidx.core:core:1.17.0) with AarTransform
[        ] Transforming core-1.17.0.aar (androidx.core:core:1.17.0) with JetifyTransform
[        ] Transforming core-1.17.0.aar (androidx.core:core:1.17.0) with ExtractAarTransform
[        ] Transforming core-1.17.0.aar (androidx.core:core:1.17.0) with AarTransform
[        ] Transforming localbroadcastmanager-1.1.0.aar (androidx.localbroadcastmanager:localbroadcastmanager:1.1.0) with JetifyTransform
[        ] Transforming localbroadcastmanager-1.1.0.aar (androidx.localbroadcastmanager:localbroadcastmanager:1.1.0) with ExtractAarTransform
[        ] Transforming localbroadcastmanager-1.1.0.aar (androidx.localbroadcastmanager:localbroadcastmanager:1.1.0) with AarTransform
[        ] Transforming localbroadcastmanager-1.1.0.aar (androidx.localbroadcastmanager:localbroadcastmanager:1.1.0) with JetifyTransform
[        ] Transforming localbroadcastmanager-1.1.0.aar (androidx.localbroadcastmanager:localbroadcastmanager:1.1.0) with ExtractAarTransform
[        ] Transforming localbroadcastmanager-1.1.0.aar (androidx.localbroadcastmanager:localbroadcastmanager:1.1.0) with AarTransform
[        ] Transforming profileinstaller-1.3.1.aar (androidx.profileinstaller:profileinstaller:1.3.1) with JetifyTransform
[        ] Transforming profileinstaller-1.3.1.aar (androidx.profileinstaller:profileinstaller:1.3.1) with ExtractAarTransform
[        ] Transforming profileinstaller-1.3.1.aar (androidx.profileinstaller:profileinstaller:1.3.1) with AarTransform
[        ] Transforming startup-runtime-1.1.1.aar (androidx.startup:startup-runtime:1.1.1) with JetifyTransform
[        ] Transforming startup-runtime-1.1.1.aar (androidx.startup:startup-runtime:1.1.1) with ExtractAarTransform
[        ] Transforming startup-runtime-1.1.1.aar (androidx.startup:startup-runtime:1.1.1) with AarTransform
[        ] Transforming tracing-1.2.0.aar (androidx.tracing:tracing:1.2.0) with JetifyTransform
[        ] Transforming tracing-1.2.0.aar (androidx.tracing:tracing:1.2.0) with ExtractAarTransform
[        ] Transforming tracing-1.2.0.aar (androidx.tracing:tracing:1.2.0) with AarTransform
[        ] Transforming exifinterface-1.4.1.aar (androidx.exifinterface:exifinterface:1.4.1) with JetifyTransform
[        ] Transforming exifinterface-1.4.1.aar (androidx.exifinterface:exifinterface:1.4.1) with ExtractAarTransform
[        ] Transforming exifinterface-1.4.1.aar (androidx.exifinterface:exifinterface:1.4.1) with AarTransform
[        ] Transforming firebase-components-19.0.0.aar (com.google.firebase:firebase-components:19.0.0) with JetifyTransform
[        ] Transforming firebase-components-19.0.0.aar (com.google.firebase:firebase-components:19.0.0) with ExtractAarTransform
[        ] Transforming firebase-components-19.0.0.aar (com.google.firebase:firebase-components:19.0.0) with AarTransform
[        ] Transforming firebase-datatransport-18.2.0.aar (com.google.firebase:firebase-datatransport:18.2.0) with JetifyTransform
[        ] Transforming firebase-datatransport-18.2.0.aar (com.google.firebase:firebase-datatransport:18.2.0) with ExtractAarTransform
[        ] Transforming firebase-datatransport-18.2.0.aar (com.google.firebase:firebase-datatransport:18.2.0) with AarTransform
[        ] Transforming transport-backend-cct-3.1.9.aar (com.google.android.datatransport:transport-backend-cct:3.1.9) with JetifyTransform
[        ] Transforming transport-backend-cct-3.1.9.aar (com.google.android.datatransport:transport-backend-cct:3.1.9) with ExtractAarTransform
[        ] Transforming transport-backend-cct-3.1.9.aar (com.google.android.datatransport:transport-backend-cct:3.1.9) with AarTransform
[        ] Transforming firebase-encoders-json-18.0.0.aar (com.google.firebase:firebase-encoders-json:18.0.0) with JetifyTransform
[        ] Transforming firebase-encoders-json-18.0.0.aar (com.google.firebase:firebase-encoders-json:18.0.0) with ExtractAarTransform
[        ] Transforming firebase-encoders-json-18.0.0.aar (com.google.firebase:firebase-encoders-json:18.0.0) with AarTransform
[        ] Transforming transport-runtime-3.1.9.aar (com.google.android.datatransport:transport-runtime:3.1.9) with JetifyTransform
[        ] Transforming transport-runtime-3.1.9.aar (com.google.android.datatransport:transport-runtime:3.1.9) with ExtractAarTransform
[        ] Transforming transport-runtime-3.1.9.aar (com.google.android.datatransport:transport-runtime:3.1.9) with AarTransform
[        ] Transforming transport-api-3.1.0.aar (com.google.android.datatransport:transport-api:3.1.0) with JetifyTransform
[        ] Transforming transport-api-3.1.0.aar (com.google.android.datatransport:transport-api:3.1.0) with ExtractAarTransform
[        ] Transforming transport-api-3.1.0.aar (com.google.android.datatransport:transport-api:3.1.0) with AarTransform
[        ] Transforming interpolator-1.0.0.aar (androidx.interpolator:interpolator:1.0.0) with JetifyTransform
[        ] Transforming interpolator-1.0.0.aar (androidx.interpolator:interpolator:1.0.0) with ExtractAarTransform
[        ] Transforming interpolator-1.0.0.aar (androidx.interpolator:interpolator:1.0.0) with AarTransform
[        ] Transforming interpolator-1.0.0.aar (androidx.interpolator:interpolator:1.0.0) with JetifyTransform
[        ] Transforming interpolator-1.0.0.aar (androidx.interpolator:interpolator:1.0.0) with ExtractAarTransform
[        ] Transforming interpolator-1.0.0.aar (androidx.interpolator:interpolator:1.0.0) with AarTransform
[        ] Transforming versionedparcelable-1.1.1.aar (androidx.versionedparcelable:versionedparcelable:1.1.1) with JetifyTransform
[        ] Transforming versionedparcelable-1.1.1.aar (androidx.versionedparcelable:versionedparcelable:1.1.1) with ExtractAarTransform
[        ] Transforming versionedparcelable-1.1.1.aar (androidx.versionedparcelable:versionedparcelable:1.1.1) with AarTransform
[        ] Transforming core-runtime-2.2.0.aar (androidx.arch.core:core-runtime:2.2.0) with JetifyTransform
[        ] Transforming core-runtime-2.2.0.aar (androidx.arch.core:core-runtime:2.2.0) with ExtractAarTransform
[        ] Transforming core-runtime-2.2.0.aar (androidx.arch.core:core-runtime:2.2.0) with AarTransform
[        ] Transforming cursoradapter-1.0.0.aar (androidx.cursoradapter:cursoradapter:1.0.0) with JetifyTransform
[        ] Transforming cursoradapter-1.0.0.aar (androidx.cursoradapter:cursoradapter:1.0.0) with ExtractAarTransform
[        ] Transforming cursoradapter-1.0.0.aar (androidx.cursoradapter:cursoradapter:1.0.0) with AarTransform
[        ] Transforming core-1.0.0.aar (androidx.window.extensions.core:core:1.0.0) with JetifyTransform
[        ] Transforming core-1.0.0.aar (androidx.window.extensions.core:core:1.0.0) with ExtractAarTransform
[        ] Transforming core-1.0.0.aar (androidx.window.extensions.core:core:1.0.0) with AarTransform
[        ] Transforming documentfile-1.0.0.aar (androidx.documentfile:documentfile:1.0.0) with JetifyTransform
[        ] Transforming documentfile-1.0.0.aar (androidx.documentfile:documentfile:1.0.0) with ExtractAarTransform
[        ] Transforming documentfile-1.0.0.aar (androidx.documentfile:documentfile:1.0.0) with AarTransform
[        ] Transforming print-1.0.0.aar (androidx.print:print:1.0.0) with JetifyTransform
[        ] Transforming print-1.0.0.aar (androidx.print:print:1.0.0) with ExtractAarTransform
[        ] Transforming print-1.0.0.aar (androidx.print:print:1.0.0) with AarTransform
[        ] Transforming googleid-1.1.0.aar (com.google.android.libraries.identity.googleid:googleid:1.1.0) with JetifyTransform
[        ] Transforming googleid-1.1.0.aar (com.google.android.libraries.identity.googleid:googleid:1.1.0) with ExtractAarTransform
[        ] Transforming googleid-1.1.0.aar (com.google.android.libraries.identity.googleid:googleid:1.1.0) with AarTransform
[        ] Transforming annotation-experimental-1.4.1.aar (androidx.annotation:annotation-experimental:1.4.1) with JetifyTransform
[        ] Transforming annotation-experimental-1.4.1.aar (androidx.annotation:annotation-experimental:1.4.1) with ExtractAarTransform
[        ] Transforming annotation-experimental-1.4.1.aar (androidx.annotation:annotation-experimental:1.4.1) with AarTransform
[        ] Transforming core-viewtree-1.0.0.aar (androidx.core:core-viewtree:1.0.0) with JetifyTransform
[        ] Transforming core-viewtree-1.0.0.aar (androidx.core:core-viewtree:1.0.0) with ExtractAarTransform
[        ] Transforming core-viewtree-1.0.0.aar (androidx.core:core-viewtree:1.0.0) with AarTransform
[        ] Transforming grpc-android-1.62.2.aar (io.grpc:grpc-android:1.62.2) with JetifyTransform
[        ] Transforming grpc-android-1.62.2.aar (io.grpc:grpc-android:1.62.2) with ExtractAarTransform
[        ] Transforming grpc-android-1.62.2.aar (io.grpc:grpc-android:1.62.2) with AarTransform
[        ] Transforming relinker-1.4.5.aar (com.getkeepsafe.relinker:relinker:1.4.5) with JetifyTransform
[        ] Transforming relinker-1.4.5.aar (com.getkeepsafe.relinker:relinker:1.4.5) with ExtractAarTransform
[        ] Transforming relinker-1.4.5.aar (com.getkeepsafe.relinker:relinker:1.4.5) with AarTransform
[        ] Transforming protolite-well-known-types-18.0.1.aar (com.google.firebase:protolite-well-known-types:18.0.1) with JetifyTransform
[        ] Transforming protolite-well-known-types-18.0.1.aar (com.google.firebase:protolite-well-known-types:18.0.1) with ExtractAarTransform
[        ] Transforming protolite-well-known-types-18.0.1.aar (com.google.firebase:protolite-well-known-types:18.0.1) with AarTransform
[        ] Transforming core-common-2.0.3.aar (com.google.android.play:core-common:2.0.3) with JetifyTransform
[        ] Transforming core-common-2.0.3.aar (com.google.android.play:core-common:2.0.3) with ExtractAarTransform
[        ] Transforming core-common-2.0.3.aar (com.google.android.play:core-common:2.0.3) with AarTransform
[        ] Caching disabled for task ':app:mapDebugSourceSetPaths' because:
[        ]   Build cache is disabled
[        ]   Caching has been disabled for the task
[        ] Skipping task ':app:mapDebugSourceSetPaths' as it is up-to-date.
[        ] Resolve mutations for :app:generateDebugResources (Thread[#566,Execution worker Thread 15,5,main]) started.
[        ] :app:generateDebugResources (Thread[#566,Execution worker Thread 15,5,main]) started.
[        ] > Task :app:generateDebugResources UP-TO-DATE
[        ] Caching disabled for task ':app:generateDebugResources' because:
[        ]   Build cache is disabled
[        ] Skipping task ':app:generateDebugResources' as it is up-to-date.
[        ] Resolve mutations for :app:mergeDebugResources (Thread[#566,Execution worker Thread 15,5,main]) started.
[        ] :app:mergeDebugResources (Thread[#566,Execution worker Thread 15,5,main]) started.
[        ] > Task :app:mergeDebugResources UP-TO-DATE
[        ] Caching disabled for task ':app:mergeDebugResources' because:
[        ]   Build cache is disabled
[        ] Skipping task ':app:mergeDebugResources' as it is up-to-date.
[        ] Resolve mutations for :app:packageDebugResources (Thread[#566,Execution worker Thread 15,5,main]) started.
[        ] :app:packageDebugResources (Thread[#566,Execution worker Thread 15,5,main]) started.
[        ] > Task :app:packageDebugResources UP-TO-DATE
[        ] Caching disabled for task ':app:packageDebugResources' because:
[        ]   Build cache is disabled
[        ] Skipping task ':app:packageDebugResources' as it is up-to-date.
[        ] Resolve mutations for :app:parseDebugLocalResources (Thread[#566,Execution worker Thread 15,5,main]) started.
[        ] :app:parseDebugLocalResources (Thread[#566,Execution worker Thread 15,5,main]) started.
[        ] > Task :app:parseDebugLocalResources UP-TO-DATE
[        ] Transforming android.jar with PlatformAttrTransform
[        ] Transforming android.jar with PlatformAttrTransform
[        ] Transforming android.jar with PlatformAttrTransform
[        ] Transforming android.jar with PlatformAttrTransform
[        ] Transforming android.jar with PlatformAttrTransform
[        ] Transforming android.jar with PlatformAttrTransform
[        ] Transforming android.jar with PlatformAttrTransform
[        ] Transforming android.jar with PlatformAttrTransform
[        ] Caching disabled for task ':app:parseDebugLocalResources' because:
[        ]   Build cache is disabled
[        ] Skipping task ':app:parseDebugLocalResources' as it is up-to-date.
[        ] Resolve mutations for :app:createDebugCompatibleScreenManifests (Thread[#566,Execution worker Thread 15,5,main]) started.
[        ] :app:createDebugCompatibleScreenManifests (Thread[#566,Execution worker Thread 15,5,main]) started.
[        ] > Task :app:createDebugCompatibleScreenManifests UP-TO-DATE
[        ] Caching disabled for task ':app:createDebugCompatibleScreenManifests' because:
[        ]   Build cache is disabled
[        ]   Caching has been disabled for the task
[        ] Skipping task ':app:createDebugCompatibleScreenManifests' as it is up-to-date.
[        ] Resolve mutations for :app:extractDeepLinksDebug (Thread[#566,Execution worker Thread 15,5,main]) started.
[        ] :app:extractDeepLinksDebug (Thread[#566,Execution worker Thread 15,5,main]) started.
[        ] > Task :app:extractDeepLinksDebug UP-TO-DATE
[        ] Caching disabled for task ':app:extractDeepLinksDebug' because:
[        ]   Build cache is disabled
[        ] Skipping task ':app:extractDeepLinksDebug' as it is up-to-date.
[        ] Resolve mutations for :app_links:extractDeepLinksDebug (Thread[#566,Execution worker Thread 15,5,main]) started.
[        ] :app_links:extractDeepLinksDebug (Thread[#566,Execution worker Thread 15,5,main]) started.
[        ] > Task :app_links:extractDeepLinksDebug UP-TO-DATE
[        ] Caching disabled for task ':app_links:extractDeepLinksDebug' because:
[        ]   Build cache is disabled
[        ] Skipping task ':app_links:extractDeepLinksDebug' as it is up-to-date.
[        ] work action resolve navigation.json (project :app_links) (Thread[#556,Execution worker Thread 5,5,main]) started.
[        ] Resolve mutations for :app_links:processDebugManifest (Thread[#553,Execution worker Thread 2,5,main]) started.
[        ] :app_links:processDebugManifest (Thread[#553,Execution worker Thread 2,5,main]) started.
[  +71 ms] > Task :app_links:processDebugManifest UP-TO-DATE
[        ] Caching disabled for task ':app_links:processDebugManifest' because:
[        ]   Build cache is disabled
[        ] Skipping task ':app_links:processDebugManifest' as it is up-to-date.
[        ] work action resolve AndroidManifest.xml (project :app_links) (Thread[#553,Execution worker Thread 2,5,main]) started.
[        ] Resolve mutations for :cloud_firestore:extractDeepLinksDebug (Thread[#553,Execution worker Thread 2,5,main]) started.
[        ] :cloud_firestore:extractDeepLinksDebug (Thread[#553,Execution worker Thread 2,5,main]) started.
[        ] > Task :cloud_firestore:extractDeepLinksDebug UP-TO-DATE
[        ] Caching disabled for task ':cloud_firestore:extractDeepLinksDebug' because:
[        ]   Build cache is disabled
[        ] Skipping task ':cloud_firestore:extractDeepLinksDebug' as it is up-to-date.
[        ] work action resolve navigation.json (project :cloud_firestore) (Thread[#553,Execution worker Thread 2,5,main]) started.
[        ] Resolve mutations for :cloud_firestore:processDebugManifest (Thread[#553,Execution worker Thread 2,5,main]) started.
[        ] :cloud_firestore:processDebugManifest (Thread[#553,Execution worker Thread 2,5,main]) started.
[        ] > Task :cloud_firestore:processDebugManifest UP-TO-DATE
[        ] Caching disabled for task ':cloud_firestore:processDebugManifest' because:
[        ]   Build cache is disabled
[        ] Skipping task ':cloud_firestore:processDebugManifest' as it is up-to-date.
[        ] work action resolve AndroidManifest.xml (project :cloud_firestore) (Thread[#553,Execution worker Thread 2,5,main]) started.
[        ] Resolve mutations for :desktop_webview_auth:extractDeepLinksDebug (Thread[#566,Execution worker Thread 15,5,main]) started.
[        ] :desktop_webview_auth:extractDeepLinksDebug (Thread[#561,Execution worker Thread 10,5,main]) started.
[        ] > Task :desktop_webview_auth:extractDeepLinksDebug UP-TO-DATE
[        ] Caching disabled for task ':desktop_webview_auth:extractDeepLinksDebug' because:
[        ]   Build cache is disabled
[        ] Skipping task ':desktop_webview_auth:extractDeepLinksDebug' as it is up-to-date.
[        ] work action resolve navigation.json (project :desktop_webview_auth) (Thread[#561,Execution worker Thread 10,5,main]) started.
[        ] Resolve mutations for :desktop_webview_auth:processDebugManifest (Thread[#561,Execution worker Thread 10,5,main]) started.
[        ] :desktop_webview_auth:processDebugManifest (Thread[#561,Execution worker Thread 10,5,main]) started.
[        ] > Task :desktop_webview_auth:processDebugManifest UP-TO-DATE
[        ] Caching disabled for task ':desktop_webview_auth:processDebugManifest' because:
[        ]   Build cache is disabled
[        ] Skipping task ':desktop_webview_auth:processDebugManifest' as it is up-to-date.
[        ] work action resolve AndroidManifest.xml (project :desktop_webview_auth) (Thread[#561,Execution worker Thread 10,5,main]) started.
[        ] Resolve mutations for :firebase_auth:extractDeepLinksDebug (Thread[#566,Execution worker Thread 15,5,main]) started.
[        ] :firebase_auth:extractDeepLinksDebug (Thread[#566,Execution worker Thread 15,5,main]) started.
[        ] > Task :firebase_auth:extractDeepLinksDebug UP-TO-DATE
[        ] Caching disabled for task ':firebase_auth:extractDeepLinksDebug' because:
[        ]   Build cache is disabled
[        ] Skipping task ':firebase_auth:extractDeepLinksDebug' as it is up-to-date.
[        ] work action resolve navigation.json (project :firebase_auth) (Thread[#564,Execution worker Thread 13,5,main]) started.
[        ] Resolve mutations for :firebase_auth:processDebugManifest (Thread[#564,Execution worker Thread 13,5,main]) started.
[        ] :firebase_auth:processDebugManifest (Thread[#564,Execution worker Thread 13,5,main]) started.
[        ] > Task :firebase_auth:processDebugManifest UP-TO-DATE
[        ] Caching disabled for task ':firebase_auth:processDebugManifest' because:
[        ]   Build cache is disabled
[        ] Skipping task ':firebase_auth:processDebugManifest' as it is up-to-date.
[        ] work action resolve AndroidManifest.xml (project :firebase_auth) (Thread[#564,Execution worker Thread 13,5,main]) started.
[        ] Resolve mutations for :firebase_core:extractDeepLinksDebug (Thread[#564,Execution worker Thread 13,5,main]) started.
[        ] :firebase_core:extractDeepLinksDebug (Thread[#564,Execution worker Thread 13,5,main]) started.
[        ] > Task :firebase_core:extractDeepLinksDebug UP-TO-DATE
[        ] Caching disabled for task ':firebase_core:extractDeepLinksDebug' because:
[        ]   Build cache is disabled
[        ] Skipping task ':firebase_core:extractDeepLinksDebug' as it is up-to-date.
[        ] work action resolve navigation.json (project :firebase_core) (Thread[#564,Execution worker Thread 13,5,main]) started.
[        ] Resolve mutations for :firebase_core:processDebugManifest (Thread[#566,Execution worker Thread 15,5,main]) started.
[        ] :firebase_core:processDebugManifest (Thread[#566,Execution worker Thread 15,5,main]) started.
[        ] > Task :firebase_core:processDebugManifest UP-TO-DATE
[        ] Caching disabled for task ':firebase_core:processDebugManifest' because:
[        ]   Build cache is disabled
[        ] Skipping task ':firebase_core:processDebugManifest' as it is up-to-date.
[        ] work action resolve AndroidManifest.xml (project :firebase_core) (Thread[#566,Execution worker Thread 15,5,main]) started.
[        ] Resolve mutations for :firebase_messaging:extractDeepLinksDebug (Thread[#566,Execution worker Thread 15,5,main]) started.
[        ] :firebase_messaging:extractDeepLinksDebug (Thread[#566,Execution worker Thread 15,5,main]) started.
[        ] > Task :firebase_messaging:extractDeepLinksDebug UP-TO-DATE
[        ] Caching disabled for task ':firebase_messaging:extractDeepLinksDebug' because:
[        ]   Build cache is disabled
[        ] Skipping task ':firebase_messaging:extractDeepLinksDebug' as it is up-to-date.
[        ] work action resolve navigation.json (project :firebase_messaging) (Thread[#566,Execution worker Thread 15,5,main]) started.
[        ] Resolve mutations for :firebase_messaging:processDebugManifest (Thread[#566,Execution worker Thread 15,5,main]) started.
[        ] :firebase_messaging:processDebugManifest (Thread[#566,Execution worker Thread 15,5,main]) started.
[        ] > Task :firebase_messaging:processDebugManifest UP-TO-DATE
[        ] Caching disabled for task ':firebase_messaging:processDebugManifest' because:
[        ]   Build cache is disabled
[        ] Skipping task ':firebase_messaging:processDebugManifest' as it is up-to-date.
[        ] work action resolve AndroidManifest.xml (project :firebase_messaging) (Thread[#566,Execution worker Thread 15,5,main]) started.
[        ] Resolve mutations for :flutter_local_notifications:extractDeepLinksDebug (Thread[#566,Execution worker Thread 15,5,main]) started.
[        ] :flutter_local_notifications:extractDeepLinksDebug (Thread[#566,Execution worker Thread 15,5,main]) started.
[        ] > Task :flutter_local_notifications:extractDeepLinksDebug UP-TO-DATE
[        ] Caching disabled for task ':flutter_local_notifications:extractDeepLinksDebug' because:
[        ]   Build cache is disabled
[        ] Skipping task ':flutter_local_notifications:extractDeepLinksDebug' as it is up-to-date.
[        ] work action resolve navigation.json (project :flutter_local_notifications) (Thread[#566,Execution worker Thread 15,5,main]) started.
[        ] Resolve mutations for :flutter_local_notifications:processDebugManifest (Thread[#566,Execution worker Thread 15,5,main]) started.
[        ] :flutter_local_notifications:processDebugManifest (Thread[#566,Execution worker Thread 15,5,main]) started.
[        ] > Task :flutter_local_notifications:processDebugManifest UP-TO-DATE
[        ] Caching disabled for task ':flutter_local_notifications:processDebugManifest' because:
[        ]   Build cache is disabled
[        ] Skipping task ':flutter_local_notifications:processDebugManifest' as it is up-to-date.
[        ] work action resolve AndroidManifest.xml (project :flutter_local_notifications) (Thread[#566,Execution worker Thread 15,5,main]) started.
[        ] Resolve mutations for :flutter_tts:extractDeepLinksDebug (Thread[#566,Execution worker Thread 15,5,main]) started.
[        ] :flutter_tts:extractDeepLinksDebug (Thread[#566,Execution worker Thread 15,5,main]) started.
[        ] > Task :flutter_tts:extractDeepLinksDebug UP-TO-DATE
[        ] Caching disabled for task ':flutter_tts:extractDeepLinksDebug' because:
[        ]   Build cache is disabled
[        ] Skipping task ':flutter_tts:extractDeepLinksDebug' as it is up-to-date.
[        ] work action resolve navigation.json (project :flutter_tts) (Thread[#566,Execution worker Thread 15,5,main]) started.
[        ] Resolve mutations for :flutter_tts:processDebugManifest (Thread[#566,Execution worker Thread 15,5,main]) started.
[        ] :flutter_tts:processDebugManifest (Thread[#566,Execution worker Thread 15,5,main]) started.
[        ] > Task :flutter_tts:processDebugManifest UP-TO-DATE
[        ] Caching disabled for task ':flutter_tts:processDebugManifest' because:
[        ]   Build cache is disabled
[        ] Skipping task ':flutter_tts:processDebugManifest' as it is up-to-date.
[        ] work action resolve AndroidManifest.xml (project :flutter_tts) (Thread[#566,Execution worker Thread 15,5,main]) started.
[        ] Resolve mutations for :google_sign_in_android:extractDeepLinksDebug (Thread[#566,Execution worker Thread 15,5,main]) started.
[        ] :google_sign_in_android:extractDeepLinksDebug (Thread[#566,Execution worker Thread 15,5,main]) started.
[        ] > Task :google_sign_in_android:extractDeepLinksDebug UP-TO-DATE
[        ] Caching disabled for task ':google_sign_in_android:extractDeepLinksDebug' because:
[        ]   Build cache is disabled
[        ] Skipping task ':google_sign_in_android:extractDeepLinksDebug' as it is up-to-date.
[        ] work action resolve navigation.json (project :google_sign_in_android) (Thread[#566,Execution worker Thread 15,5,main]) started.
[        ] Resolve mutations for :google_sign_in_android:processDebugManifest (Thread[#566,Execution worker Thread 15,5,main]) started.
[        ] :google_sign_in_android:processDebugManifest (Thread[#566,Execution worker Thread 15,5,main]) started.
[        ] > Task :google_sign_in_android:processDebugManifest UP-TO-DATE
[        ] Caching disabled for task ':google_sign_in_android:processDebugManifest' because:
[        ]   Build cache is disabled
[        ] Skipping task ':google_sign_in_android:processDebugManifest' as it is up-to-date.
[        ] work action resolve AndroidManifest.xml (project :google_sign_in_android) (Thread[#566,Execution worker Thread 15,5,main]) started.
[        ] Resolve mutations for :path_provider_android:extractDeepLinksDebug (Thread[#555,Execution worker Thread 4,5,main]) started.
[        ] :path_provider_android:extractDeepLinksDebug (Thread[#555,Execution worker Thread 4,5,main]) started.
[        ] > Task :path_provider_android:extractDeepLinksDebug UP-TO-DATE
[        ] Caching disabled for task ':path_provider_android:extractDeepLinksDebug' because:
[        ]   Build cache is disabled
[        ] Skipping task ':path_provider_android:extractDeepLinksDebug' as it is up-to-date.
[        ] work action resolve navigation.json (project :path_provider_android) (Thread[#555,Execution worker Thread 4,5,main]) started.
[        ] Resolve mutations for :path_provider_android:processDebugManifest (Thread[#555,Execution worker Thread 4,5,main]) started.
[        ] :path_provider_android:processDebugManifest (Thread[#555,Execution worker Thread 4,5,main]) started.
[        ] > Task :path_provider_android:processDebugManifest UP-TO-DATE
[        ] Caching disabled for task ':path_provider_android:processDebugManifest' because:
[        ]   Build cache is disabled
[        ] Skipping task ':path_provider_android:processDebugManifest' as it is up-to-date.
[        ] work action resolve AndroidManifest.xml (project :path_provider_android) (Thread[#555,Execution worker Thread 4,5,main]) started.
[        ] Resolve mutations for :shared_preferences_android:extractDeepLinksDebug (Thread[#555,Execution worker Thread 4,5,main]) started.
[        ] :shared_preferences_android:extractDeepLinksDebug (Thread[#551,included builds,5,main]) started.
[        ] > Task :shared_preferences_android:extractDeepLinksDebug UP-TO-DATE
[        ] Caching disabled for task ':shared_preferences_android:extractDeepLinksDebug' because:
[        ]   Build cache is disabled
[        ] Skipping task ':shared_preferences_android:extractDeepLinksDebug' as it is up-to-date.
[        ] work action resolve navigation.json (project :shared_preferences_android) (Thread[#551,included builds,5,main]) started.
[        ] Resolve mutations for :shared_preferences_android:processDebugManifest (Thread[#551,included builds,5,main]) started.
[        ] :shared_preferences_android:processDebugManifest (Thread[#551,included builds,5,main]) started.
[        ] > Task :shared_preferences_android:processDebugManifest UP-TO-DATE
[        ] Caching disabled for task ':shared_preferences_android:processDebugManifest' because:
[        ]   Build cache is disabled
[        ] Skipping task ':shared_preferences_android:processDebugManifest' as it is up-to-date.
[        ] work action resolve AndroidManifest.xml (project :shared_preferences_android) (Thread[#551,included builds,5,main]) started.
[        ] Resolve mutations for :twitter_login:extractDeepLinksDebug (Thread[#551,included builds,5,main]) started.
[        ] :twitter_login:extractDeepLinksDebug (Thread[#551,included builds,5,main]) started.
[        ] > Task :twitter_login:extractDeepLinksDebug UP-TO-DATE
[        ] Caching disabled for task ':twitter_login:extractDeepLinksDebug' because:
[        ]   Build cache is disabled
[        ] Skipping task ':twitter_login:extractDeepLinksDebug' as it is up-to-date.
[        ] work action resolve navigation.json (project :twitter_login) (Thread[#551,included builds,5,main]) started.
[        ] Resolve mutations for :twitter_login:processDebugManifest (Thread[#563,Execution worker Thread 12,5,main]) started.
[        ] :twitter_login:processDebugManifest (Thread[#551,included builds,5,main]) started.
[        ] > Task :twitter_login:processDebugManifest UP-TO-DATE
[        ] Caching disabled for task ':twitter_login:processDebugManifest' because:
[        ]   Build cache is disabled
[        ] Skipping task ':twitter_login:processDebugManifest' as it is up-to-date.
[        ] work action resolve AndroidManifest.xml (project :twitter_login) (Thread[#551,included builds,5,main]) started.
[        ] Resolve mutations for :url_launcher_android:extractDeepLinksDebug (Thread[#565,Execution worker Thread 14,5,main]) started.
[        ] :url_launcher_android:extractDeepLinksDebug (Thread[#565,Execution worker Thread 14,5,main]) started.
[        ] > Task :url_launcher_android:extractDeepLinksDebug UP-TO-DATE
[        ] Caching disabled for task ':url_launcher_android:extractDeepLinksDebug' because:
[        ]   Build cache is disabled
[        ] Skipping task ':url_launcher_android:extractDeepLinksDebug' as it is up-to-date.
[        ] work action resolve navigation.json (project :url_launcher_android) (Thread[#565,Execution worker Thread 14,5,main]) started.
[        ] Resolve mutations for :url_launcher_android:processDebugManifest (Thread[#565,Execution worker Thread 14,5,main]) started.
[        ] :url_launcher_android:processDebugManifest (Thread[#565,Execution worker Thread 14,5,main]) started.
[        ] > Task :url_launcher_android:processDebugManifest UP-TO-DATE
[        ] Caching disabled for task ':url_launcher_android:processDebugManifest' because:
[        ]   Build cache is disabled
[        ] Skipping task ':url_launcher_android:processDebugManifest' as it is up-to-date.
[        ] work action resolve AndroidManifest.xml (project :url_launcher_android) (Thread[#565,Execution worker Thread 14,5,main]) started.
[        ] Resolve mutations for :app:processDebugMainManifest (Thread[#565,Execution worker Thread 14,5,main]) started.
[        ] :app:processDebugMainManifest (Thread[#565,Execution worker Thread 14,5,main]) started.
[        ] > Task :app:processDebugMainManifest UP-TO-DATE
[        ] Transforming firebase-firestore-26.1.0.aar (com.google.firebase:firebase-firestore:26.1.0) with JetifyTransform
[        ] Transforming firebase-firestore-26.1.0.aar (com.google.firebase:firebase-firestore:26.1.0) with ExtractAarTransform
[        ] Transforming firebase-firestore-26.1.0.aar (com.google.firebase:firebase-firestore:26.1.0) with AarTransform
[        ] Transforming firebase-auth-24.0.1.aar (com.google.firebase:firebase-auth:24.0.1) with JetifyTransform
[        ] Transforming firebase-auth-24.0.1.aar (com.google.firebase:firebase-auth:24.0.1) with ExtractAarTransform
[        ] Transforming firebase-auth-24.0.1.aar (com.google.firebase:firebase-auth:24.0.1) with AarTransform
[        ] Transforming firebase-messaging-25.0.1.aar (com.google.firebase:firebase-messaging:25.0.1) with JetifyTransform
[        ] Transforming firebase-messaging-25.0.1.aar (com.google.firebase:firebase-messaging:25.0.1) with ExtractAarTransform
[        ] Transforming firebase-messaging-25.0.1.aar (com.google.firebase:firebase-messaging:25.0.1) with AarTransform
[        ] Transforming firebase-auth-interop-20.0.0.aar (com.google.firebase:firebase-auth-interop:20.0.0) with JetifyTransform
[        ] Transforming firebase-auth-interop-20.0.0.aar (com.google.firebase:firebase-auth-interop:20.0.0) with ExtractAarTransform
[        ] Transforming firebase-auth-interop-20.0.0.aar (com.google.firebase:firebase-auth-interop:20.0.0) with AarTransform
[        ] Transforming firebase-installations-19.0.1.aar (com.google.firebase:firebase-installations:19.0.1) with JetifyTransform
[        ] Transforming firebase-installations-19.0.1.aar (com.google.firebase:firebase-installations:19.0.1) with ExtractAarTransform
[        ] Transforming firebase-installations-19.0.1.aar (com.google.firebase:firebase-installations:19.0.1) with AarTransform
[        ] Transforming firebase-common-22.0.1.aar (com.google.firebase:firebase-common:22.0.1) with JetifyTransform
[        ] Transforming firebase-common-22.0.1.aar (com.google.firebase:firebase-common:22.0.1) with ExtractAarTransform
[        ] Transforming firebase-common-22.0.1.aar (com.google.firebase:firebase-common:22.0.1) with AarTransform
[        ] Transforming firebase-common-22.0.1.aar (com.google.firebase:firebase-common:22.0.1) with JetifyTransform
[        ] Transforming firebase-common-22.0.1.aar (com.google.firebase:firebase-common:22.0.1) with ExtractAarTransform
[        ] Transforming firebase-common-22.0.1.aar (com.google.firebase:firebase-common:22.0.1) with AarTransform
[        ] Transforming media-1.1.0.aar (androidx.media:media:1.1.0) with JetifyTransform
[        ] Transforming media-1.1.0.aar (androidx.media:media:1.1.0) with ExtractAarTransform
[        ] Transforming media-1.1.0.aar (androidx.media:media:1.1.0) with AarTransform
[        ] Transforming preference-1.2.1.aar (androidx.preference:preference:1.2.1) with JetifyTransform
[        ] Transforming preference-1.2.1.aar (androidx.preference:preference:1.2.1) with ExtractAarTransform
[        ] Transforming preference-1.2.1.aar (androidx.preference:preference:1.2.1) with AarTransform
[        ] Transforming browser-1.9.0.aar (androidx.browser:browser:1.9.0) with JetifyTransform
[        ] Transforming browser-1.9.0.aar (androidx.browser:browser:1.9.0) with ExtractAarTransform
[        ] Transforming browser-1.9.0.aar (androidx.browser:browser:1.9.0) with AarTransform
[        ] Transforming browser-1.9.0.aar (androidx.browser:browser:1.9.0) with JetifyTransform
[        ] Transforming browser-1.9.0.aar (androidx.browser:browser:1.9.0) with ExtractAarTransform
[        ] Transforming browser-1.9.0.aar (androidx.browser:browser:1.9.0) with AarTransform
[        ] Transforming recyclerview-1.0.0.aar (androidx.recyclerview:recyclerview:1.0.0) with JetifyTransform
[        ] Transforming recyclerview-1.0.0.aar (androidx.recyclerview:recyclerview:1.0.0) with ExtractAarTransform
[        ] Transforming recyclerview-1.0.0.aar (androidx.recyclerview:recyclerview:1.0.0) with AarTransform
[        ] Transforming legacy-support-core-ui-1.0.0.aar (androidx.legacy:legacy-support-core-ui:1.0.0) with JetifyTransform
[        ] Transforming legacy-support-core-ui-1.0.0.aar (androidx.legacy:legacy-support-core-ui:1.0.0) with ExtractAarTransform
[        ] Transforming legacy-support-core-ui-1.0.0.aar (androidx.legacy:legacy-support-core-ui:1.0.0) with AarTransform
[        ] Transforming slidingpanelayout-1.2.0.aar (androidx.slidingpanelayout:slidingpanelayout:1.2.0) with JetifyTransform
[        ] Transforming slidingpanelayout-1.2.0.aar (androidx.slidingpanelayout:slidingpanelayout:1.2.0) with ExtractAarTransform
[        ] Transforming slidingpanelayout-1.2.0.aar (androidx.slidingpanelayout:slidingpanelayout:1.2.0) with AarTransform
[        ] Transforming slidingpanelayout-1.2.0.aar (androidx.slidingpanelayout:slidingpanelayout:1.2.0) with JetifyTransform
[        ] Transforming slidingpanelayout-1.2.0.aar (androidx.slidingpanelayout:slidingpanelayout:1.2.0) with ExtractAarTransform
[        ] Transforming slidingpanelayout-1.2.0.aar (androidx.slidingpanelayout:slidingpanelayout:1.2.0) with AarTransform
[        ] Transforming window-1.2.0.aar (androidx.window:window:1.2.0) with JetifyTransform
[        ] Transforming window-1.2.0.aar (androidx.window:window:1.2.0) with ExtractAarTransform
[        ] Transforming window-1.2.0.aar (androidx.window:window:1.2.0) with AarTransform
[        ] Transforming window-java-1.2.0.aar (androidx.window:window-java:1.2.0) with JetifyTransform
[        ] Transforming window-java-1.2.0.aar (androidx.window:window-java:1.2.0) with ExtractAarTransform
[        ] Transforming window-java-1.2.0.aar (androidx.window:window-java:1.2.0) with AarTransform
[        ] Transforming credentials-1.2.0-rc01.aar (androidx.credentials:credentials:1.2.0-rc01) with JetifyTransform
[        ] Transforming credentials-1.2.0-rc01.aar (androidx.credentials:credentials:1.2.0-rc01) with ExtractAarTransform
[        ] Transforming credentials-1.2.0-rc01.aar (androidx.credentials:credentials:1.2.0-rc01) with AarTransform
[        ] Transforming credentials-1.2.0-rc01.aar (androidx.credentials:credentials:1.2.0-rc01) with JetifyTransform
[        ] Transforming credentials-1.2.0-rc01.aar (androidx.credentials:credentials:1.2.0-rc01) with ExtractAarTransform
[        ] Transforming credentials-1.2.0-rc01.aar (androidx.credentials:credentials:1.2.0-rc01) with AarTransform
[        ] Transforming credentials-play-services-auth-1.2.0-rc01.aar (androidx.credentials:credentials-play-services-auth:1.2.0-rc01) with JetifyTransform
[        ] Transforming credentials-play-services-auth-1.2.0-rc01.aar (androidx.credentials:credentials-play-services-auth:1.2.0-rc01) with ExtractAarTransform
[        ] Transforming credentials-play-services-auth-1.2.0-rc01.aar (androidx.credentials:credentials-play-services-auth:1.2.0-rc01) with AarTransform
[        ] Transforming play-services-auth-21.0.0.aar (com.google.android.gms:play-services-auth:21.0.0) with JetifyTransform
[        ] Transforming play-services-auth-21.0.0.aar (com.google.android.gms:play-services-auth:21.0.0) with ExtractAarTransform
[        ] Transforming play-services-auth-21.0.0.aar (com.google.android.gms:play-services-auth:21.0.0) with AarTransform
[        ] Transforming firebase-appcheck-interop-17.0.0.aar (com.google.firebase:firebase-appcheck-interop:17.0.0) with JetifyTransform
[        ] Transforming firebase-appcheck-interop-17.0.0.aar (com.google.firebase:firebase-appcheck-interop:17.0.0) with ExtractAarTransform
[        ] Transforming firebase-appcheck-interop-17.0.0.aar (com.google.firebase:firebase-appcheck-interop:17.0.0) with AarTransform
[        ] Transforming firebase-database-collection-18.0.1.aar (com.google.firebase:firebase-database-collection:18.0.1) with JetifyTransform
[        ] Transforming firebase-database-collection-18.0.1.aar (com.google.firebase:firebase-database-collection:18.0.1) with ExtractAarTransform
[        ] Transforming firebase-database-collection-18.0.1.aar (com.google.firebase:firebase-database-collection:18.0.1) with AarTransform
[        ] Transforming play-services-auth-api-phone-18.0.2.aar (com.google.android.gms:play-services-auth-api-phone:18.0.2) with JetifyTransform
[        ] Transforming play-services-auth-api-phone-18.0.2.aar (com.google.android.gms:play-services-auth-api-phone:18.0.2) with ExtractAarTransform
[        ] Transforming play-services-auth-api-phone-18.0.2.aar (com.google.android.gms:play-services-auth-api-phone:18.0.2) with AarTransform
[        ] Transforming play-services-auth-base-18.0.10.aar (com.google.android.gms:play-services-auth-base:18.0.10) with JetifyTransform
[        ] Transforming play-services-auth-base-18.0.10.aar (com.google.android.gms:play-services-auth-base:18.0.10) with ExtractAarTransform
[        ] Transforming play-services-auth-base-18.0.10.aar (com.google.android.gms:play-services-auth-base:18.0.10) with AarTransform
[        ] Transforming play-services-fido-20.1.0.aar (com.google.android.gms:play-services-fido:20.1.0) with JetifyTransform
[        ] Transforming play-services-fido-20.1.0.aar (com.google.android.gms:play-services-fido:20.1.0) with ExtractAarTransform
[        ] Transforming play-services-fido-20.1.0.aar (com.google.android.gms:play-services-fido:20.1.0) with AarTransform
[        ] Transforming play-services-fido-20.1.0.aar (com.google.android.gms:play-services-fido:20.1.0) with JetifyTransform
[        ] Transforming play-services-fido-20.1.0.aar (com.google.android.gms:play-services-fido:20.1.0) with ExtractAarTransform
[        ] Transforming play-services-fido-20.1.0.aar (com.google.android.gms:play-services-fido:20.1.0) with AarTransform
[        ] Transforming play-services-base-18.9.0.aar (com.google.android.gms:play-services-base:18.9.0) with JetifyTransform
[        ] Transforming play-services-base-18.9.0.aar (com.google.android.gms:play-services-base:18.9.0) with ExtractAarTransform
[        ] Transforming play-services-base-18.9.0.aar (com.google.android.gms:play-services-base:18.9.0) with AarTransform
[        ] Transforming recaptcha-18.6.1.aar (com.google.android.recaptcha:recaptcha:18.6.1) with JetifyTransform
[        ] Transforming recaptcha-18.6.1.aar (com.google.android.recaptcha:recaptcha:18.6.1) with ExtractAarTransform
[        ] Transforming recaptcha-18.6.1.aar (com.google.android.recaptcha:recaptcha:18.6.1) with AarTransform
[        ] Transforming integrity-1.3.0.aar (com.google.android.play:integrity:1.3.0) with JetifyTransform
[        ] Transforming integrity-1.3.0.aar (com.google.android.play:integrity:1.3.0) with ExtractAarTransform
[        ] Transforming integrity-1.3.0.aar (com.google.android.play:integrity:1.3.0) with AarTransform
[        ] Transforming appcompat-1.1.0.aar (androidx.appcompat:appcompat:1.1.0) with JetifyTransform
[        ] Transforming appcompat-1.1.0.aar (androidx.appcompat:appcompat:1.1.0) with ExtractAarTransform
[        ] Transforming appcompat-1.1.0.aar (androidx.appcompat:appcompat:1.1.0) with AarTransform
[        ] Transforming fragment-ktx-1.7.1.aar (androidx.fragment:fragment-ktx:1.7.1) with JetifyTransform
[        ] Transforming fragment-ktx-1.7.1.aar (androidx.fragment:fragment-ktx:1.7.1) with ExtractAarTransform
[        ] Transforming fragment-ktx-1.7.1.aar (androidx.fragment:fragment-ktx:1.7.1) with AarTransform
[        ] Transforming fragment-1.7.1.aar (androidx.fragment:fragment:1.7.1) with JetifyTransform
[        ] Transforming fragment-1.7.1.aar (androidx.fragment:fragment:1.7.1) with ExtractAarTransform
[        ] Transforming fragment-1.7.1.aar (androidx.fragment:fragment:1.7.1) with AarTransform
[        ] Transforming fragment-1.7.1.aar (androidx.fragment:fragment:1.7.1) with JetifyTransform
[        ] Transforming fragment-1.7.1.aar (androidx.fragment:fragment:1.7.1) with ExtractAarTransform
[        ] Transforming fragment-1.7.1.aar (androidx.fragment:fragment:1.7.1) with AarTransform
[        ] Transforming activity-ktx-1.9.0.aar (androidx.activity:activity-ktx:1.9.0) with JetifyTransform
[        ] Transforming activity-ktx-1.9.0.aar (androidx.activity:activity-ktx:1.9.0) with ExtractAarTransform
[        ] Transforming activity-ktx-1.9.0.aar (androidx.activity:activity-ktx:1.9.0) with AarTransform
[        ] Transforming activity-1.9.0.aar (androidx.activity:activity:1.9.0) with JetifyTransform
[        ] Transforming activity-1.9.0.aar (androidx.activity:activity:1.9.0) with ExtractAarTransform
[        ] Transforming activity-1.9.0.aar (androidx.activity:activity:1.9.0) with AarTransform
[        ] Transforming play-services-stats-17.0.2.aar (com.google.android.gms:play-services-stats:17.0.2) with JetifyTransform
[        ] Transforming play-services-stats-17.0.2.aar (com.google.android.gms:play-services-stats:17.0.2) with ExtractAarTransform
[        ] Transforming play-services-stats-17.0.2.aar (com.google.android.gms:play-services-stats:17.0.2) with AarTransform
[        ] Transforming legacy-support-core-utils-1.0.0.aar (androidx.legacy:legacy-support-core-utils:1.0.0) with JetifyTransform
[        ] Transforming legacy-support-core-utils-1.0.0.aar (androidx.legacy:legacy-support-core-utils:1.0.0) with ExtractAarTransform
[        ] Transforming legacy-support-core-utils-1.0.0.aar (androidx.legacy:legacy-support-core-utils:1.0.0) with AarTransform
[        ] Transforming loader-1.1.0.aar (androidx.loader:loader:1.1.0) with JetifyTransform
[        ] Transforming loader-1.1.0.aar (androidx.loader:loader:1.1.0) with ExtractAarTransform
[        ] Transforming loader-1.1.0.aar (androidx.loader:loader:1.1.0) with AarTransform
[        ] Transforming loader-1.1.0.aar (androidx.loader:loader:1.1.0) with JetifyTransform
[        ] Transforming loader-1.1.0.aar (androidx.loader:loader:1.1.0) with ExtractAarTransform
[        ] Transforming loader-1.1.0.aar (androidx.loader:loader:1.1.0) with AarTransform
[        ] Transforming lifecycle-runtime-ktx-2.7.0.aar (androidx.lifecycle:lifecycle-runtime-ktx:2.7.0) with JetifyTransform
[        ] Transforming lifecycle-runtime-ktx-2.7.0.aar (androidx.lifecycle:lifecycle-runtime-ktx:2.7.0) with ExtractAarTransform
[        ] Transforming lifecycle-runtime-ktx-2.7.0.aar (androidx.lifecycle:lifecycle-runtime-ktx:2.7.0) with AarTransform
[        ] Transforming lifecycle-livedata-core-ktx-2.7.0.aar (androidx.lifecycle:lifecycle-livedata-core-ktx:2.7.0) with JetifyTransform
[        ] Transforming lifecycle-livedata-core-ktx-2.7.0.aar (androidx.lifecycle:lifecycle-livedata-core-ktx:2.7.0) with ExtractAarTransform
[        ] Transforming lifecycle-livedata-core-ktx-2.7.0.aar (androidx.lifecycle:lifecycle-livedata-core-ktx:2.7.0) with AarTransform
[        ] Transforming lifecycle-viewmodel-ktx-2.7.0.aar (androidx.lifecycle:lifecycle-viewmodel-ktx:2.7.0) with JetifyTransform
[        ] Transforming lifecycle-viewmodel-ktx-2.7.0.aar (androidx.lifecycle:lifecycle-viewmodel-ktx:2.7.0) with ExtractAarTransform
[        ] Transforming lifecycle-viewmodel-ktx-2.7.0.aar (androidx.lifecycle:lifecycle-viewmodel-ktx:2.7.0) with AarTransform
[        ] Transforming lifecycle-viewmodel-savedstate-2.7.0.aar (androidx.lifecycle:lifecycle-viewmodel-savedstate:2.7.0) with JetifyTransform
[        ] Transforming lifecycle-viewmodel-savedstate-2.7.0.aar (androidx.lifecycle:lifecycle-viewmodel-savedstate:2.7.0) with ExtractAarTransform
[        ] Transforming lifecycle-viewmodel-savedstate-2.7.0.aar (androidx.lifecycle:lifecycle-viewmodel-savedstate:2.7.0) with AarTransform
[        ] Transforming lifecycle-viewmodel-2.7.0.aar (androidx.lifecycle:lifecycle-viewmodel:2.7.0) with JetifyTransform
[        ] Transforming lifecycle-viewmodel-2.7.0.aar (androidx.lifecycle:lifecycle-viewmodel:2.7.0) with ExtractAarTransform
[        ] Transforming lifecycle-viewmodel-2.7.0.aar (androidx.lifecycle:lifecycle-viewmodel:2.7.0) with AarTransform
[        ] Transforming lifecycle-viewmodel-2.7.0.aar (androidx.lifecycle:lifecycle-viewmodel:2.7.0) with JetifyTransform
[        ] Transforming lifecycle-viewmodel-2.7.0.aar (androidx.lifecycle:lifecycle-viewmodel:2.7.0) with ExtractAarTransform
[        ] Transforming lifecycle-viewmodel-2.7.0.aar (androidx.lifecycle:lifecycle-viewmodel:2.7.0) with AarTransform
[        ] Transforming lifecycle-livedata-core-2.7.0.aar (androidx.lifecycle:lifecycle-livedata-core:2.7.0) with JetifyTransform
[        ] Transforming lifecycle-livedata-core-2.7.0.aar (androidx.lifecycle:lifecycle-livedata-core:2.7.0) with ExtractAarTransform
[        ] Transforming lifecycle-livedata-core-2.7.0.aar (androidx.lifecycle:lifecycle-livedata-core:2.7.0) with AarTransform
[        ] Transforming lifecycle-livedata-core-2.7.0.aar (androidx.lifecycle:lifecycle-livedata-core:2.7.0) with JetifyTransform
[        ] Transforming lifecycle-livedata-core-2.7.0.aar (androidx.lifecycle:lifecycle-livedata-core:2.7.0) with ExtractAarTransform
[        ] Transforming lifecycle-livedata-core-2.7.0.aar (androidx.lifecycle:lifecycle-livedata-core:2.7.0) with AarTransform
[        ] Transforming lifecycle-runtime-2.7.0.aar (androidx.lifecycle:lifecycle-runtime:2.7.0) with JetifyTransform
[        ] Transforming lifecycle-runtime-2.7.0.aar (androidx.lifecycle:lifecycle-runtime:2.7.0) with ExtractAarTransform
[        ] Transforming lifecycle-runtime-2.7.0.aar (androidx.lifecycle:lifecycle-runtime:2.7.0) with AarTransform
[        ] Transforming lifecycle-process-2.7.0.aar (androidx.lifecycle:lifecycle-process:2.7.0) with JetifyTransform
[        ] Transforming lifecycle-process-2.7.0.aar (androidx.lifecycle:lifecycle-process:2.7.0) with ExtractAarTransform
[        ] Transforming lifecycle-process-2.7.0.aar (androidx.lifecycle:lifecycle-process:2.7.0) with AarTransform
[        ] Transforming savedstate-ktx-1.2.1.aar (androidx.savedstate:savedstate-ktx:1.2.1) with JetifyTransform
[        ] Transforming savedstate-ktx-1.2.1.aar (androidx.savedstate:savedstate-ktx:1.2.1) with ExtractAarTransform
[        ] Transforming savedstate-ktx-1.2.1.aar (androidx.savedstate:savedstate-ktx:1.2.1) with AarTransform
[        ] Transforming savedstate-1.2.1.aar (androidx.savedstate:savedstate:1.2.1) with JetifyTransform
[        ] Transforming savedstate-1.2.1.aar (androidx.savedstate:savedstate:1.2.1) with ExtractAarTransform
[        ] Transforming savedstate-1.2.1.aar (androidx.savedstate:savedstate:1.2.1) with AarTransform
[        ] Transforming datastore-preferences-core.aar (androidx.datastore:datastore-preferences-core-android:1.2.0) with JetifyTransform
[        ] Transforming datastore-preferences-core.aar (androidx.datastore:datastore-preferences-core-android:1.2.0) with ExtractAarTransform
[        ] Transforming datastore-preferences-core.aar (androidx.datastore:datastore-preferences-core-android:1.2.0) with AarTransform
[        ] Transforming datastore-core.aar (androidx.datastore:datastore-core-android:1.2.0) with JetifyTransform
[        ] Transforming datastore-core.aar (androidx.datastore:datastore-core-android:1.2.0) with ExtractAarTransform
[        ] Transforming datastore-core.aar (androidx.datastore:datastore-core-android:1.2.0) with AarTransform
[        ] Transforming datastore-preferences.aar (androidx.datastore:datastore-preferences-android:1.2.0) with JetifyTransform
[        ] Transforming datastore-preferences.aar (androidx.datastore:datastore-preferences-android:1.2.0) with ExtractAarTransform
[        ] Transforming datastore-preferences.aar (androidx.datastore:datastore-preferences-android:1.2.0) with AarTransform
[        ] Transforming datastore.aar (androidx.datastore:datastore-android:1.2.0) with JetifyTransform
[        ] Transforming datastore.aar (androidx.datastore:datastore-android:1.2.0) with ExtractAarTransform
[        ] Transforming datastore.aar (androidx.datastore:datastore-android:1.2.0) with AarTransform
[        ] Transforming firebase-iid-interop-17.1.0.aar (com.google.firebase:firebase-iid-interop:17.1.0) with JetifyTransform
[        ] Transforming firebase-iid-interop-17.1.0.aar (com.google.firebase:firebase-iid-interop:17.1.0) with ExtractAarTransform
[        ] Transforming firebase-iid-interop-17.1.0.aar (com.google.firebase:firebase-iid-interop:17.1.0) with AarTransform
[        ] Transforming play-services-cloud-messaging-17.2.0.aar (com.google.android.gms:play-services-cloud-messaging:17.2.0) with JetifyTransform
[        ] Transforming play-services-cloud-messaging-17.2.0.aar (com.google.android.gms:play-services-cloud-messaging:17.2.0) with ExtractAarTransform
[        ] Transforming play-services-cloud-messaging-17.2.0.aar (com.google.android.gms:play-services-cloud-messaging:17.2.0) with AarTransform
[        ] Transforming firebase-installations-interop-17.1.1.aar (com.google.firebase:firebase-installations-interop:17.1.1) with JetifyTransform
[        ] Transforming firebase-installations-interop-17.1.1.aar (com.google.firebase:firebase-installations-interop:17.1.1) with ExtractAarTransform
[        ] Transforming firebase-installations-interop-17.1.1.aar (com.google.firebase:firebase-installations-interop:17.1.1) with AarTransform
[        ] Transforming play-services-tasks-18.4.0.aar (com.google.android.gms:play-services-tasks:18.4.0) with JetifyTransform
[        ] Transforming play-services-tasks-18.4.0.aar (com.google.android.gms:play-services-tasks:18.4.0) with ExtractAarTransform
[        ] Transforming play-services-tasks-18.4.0.aar (com.google.android.gms:play-services-tasks:18.4.0) with AarTransform
[        ] Transforming play-services-tasks-18.4.0.aar (com.google.android.gms:play-services-tasks:18.4.0) with JetifyTransform
[        ] Transforming play-services-tasks-18.4.0.aar (com.google.android.gms:play-services-tasks:18.4.0) with ExtractAarTransform
[        ] Transforming play-services-tasks-18.4.0.aar (com.google.android.gms:play-services-tasks:18.4.0) with AarTransform
[        ] Transforming firebase-measurement-connector-19.0.0.aar (com.google.firebase:firebase-measurement-connector:19.0.0) with JetifyTransform
[        ] Transforming firebase-measurement-connector-19.0.0.aar (com.google.firebase:firebase-measurement-connector:19.0.0) with ExtractAarTransform
[        ] Transforming firebase-measurement-connector-19.0.0.aar (com.google.firebase:firebase-measurement-connector:19.0.0) with AarTransform
[        ] Transforming play-services-basement-18.9.0.aar (com.google.android.gms:play-services-basement:18.9.0) with JetifyTransform
[        ] Transforming play-services-basement-18.9.0.aar (com.google.android.gms:play-services-basement:18.9.0) with ExtractAarTransform
[        ] Transforming play-services-basement-18.9.0.aar (com.google.android.gms:play-services-basement:18.9.0) with AarTransform
[        ] Transforming viewpager-1.0.0.aar (androidx.viewpager:viewpager:1.0.0) with JetifyTransform
[        ] Transforming viewpager-1.0.0.aar (androidx.viewpager:viewpager:1.0.0) with ExtractAarTransform
[        ] Transforming viewpager-1.0.0.aar (androidx.viewpager:viewpager:1.0.0) with AarTransform
[        ] Transforming viewpager-1.0.0.aar (androidx.viewpager:viewpager:1.0.0) with JetifyTransform
[        ] Transforming viewpager-1.0.0.aar (androidx.viewpager:viewpager:1.0.0) with ExtractAarTransform
[        ] Transforming viewpager-1.0.0.aar (androidx.viewpager:viewpager:1.0.0) with AarTransform
[        ] Transforming appcompat-resources-1.1.0.aar (androidx.appcompat:appcompat-resources:1.1.0) with JetifyTransform
[        ] Transforming appcompat-resources-1.1.0.aar (androidx.appcompat:appcompat-resources:1.1.0) with ExtractAarTransform
[        ] Transforming appcompat-resources-1.1.0.aar (androidx.appcompat:appcompat-resources:1.1.0) with AarTransform
[        ] Transforming drawerlayout-1.0.0.aar (androidx.drawerlayout:drawerlayout:1.0.0) with JetifyTransform
[        ] Transforming drawerlayout-1.0.0.aar (androidx.drawerlayout:drawerlayout:1.0.0) with ExtractAarTransform
[        ] Transforming drawerlayout-1.0.0.aar (androidx.drawerlayout:drawerlayout:1.0.0) with AarTransform
[        ] Transforming coordinatorlayout-1.0.0.aar (androidx.coordinatorlayout:coordinatorlayout:1.0.0) with JetifyTransform
[        ] Transforming coordinatorlayout-1.0.0.aar (androidx.coordinatorlayout:coordinatorlayout:1.0.0) with ExtractAarTransform
[        ] Transforming coordinatorlayout-1.0.0.aar (androidx.coordinatorlayout:coordinatorlayout:1.0.0) with AarTransform
[        ] Transforming customview-1.1.0.aar (androidx.customview:customview:1.1.0) with JetifyTransform
[        ] Transforming customview-1.1.0.aar (androidx.customview:customview:1.1.0) with ExtractAarTransform
[        ] Transforming customview-1.1.0.aar (androidx.customview:customview:1.1.0) with AarTransform
[        ] Transforming customview-1.1.0.aar (androidx.customview:customview:1.1.0) with JetifyTransform
[        ] Transforming customview-1.1.0.aar (androidx.customview:customview:1.1.0) with ExtractAarTransform
[        ] Transforming customview-1.1.0.aar (androidx.customview:customview:1.1.0) with AarTransform
[        ] Transforming transition-1.4.1.aar (androidx.transition:transition:1.4.1) with JetifyTransform
[        ] Transforming transition-1.4.1.aar (androidx.transition:transition:1.4.1) with ExtractAarTransform
[        ] Transforming transition-1.4.1.aar (androidx.transition:transition:1.4.1) with AarTransform
[        ] Transforming core-ktx-1.17.0.aar (androidx.core:core-ktx:1.17.0) with JetifyTransform
[        ] Transforming core-ktx-1.17.0.aar (androidx.core:core-ktx:1.17.0) with ExtractAarTransform
[        ] Transforming core-ktx-1.17.0.aar (androidx.core:core-ktx:1.17.0) with AarTransform
[        ] Transforming vectordrawable-animated-1.1.0.aar (androidx.vectordrawable:vectordrawable-animated:1.1.0) with JetifyTransform
[        ] Transforming vectordrawable-animated-1.1.0.aar (androidx.vectordrawable:vectordrawable-animated:1.1.0) with ExtractAarTransform
[        ] Transforming vectordrawable-animated-1.1.0.aar (androidx.vectordrawable:vectordrawable-animated:1.1.0) with AarTransform
[        ] Transforming vectordrawable-1.1.0.aar (androidx.vectordrawable:vectordrawable:1.1.0) with JetifyTransform
[        ] Transforming vectordrawable-1.1.0.aar (androidx.vectordrawable:vectordrawable:1.1.0) with ExtractAarTransform
[        ] Transforming vectordrawable-1.1.0.aar (androidx.vectordrawable:vectordrawable:1.1.0) with AarTransform
[        ] Transforming swiperefreshlayout-1.0.0.aar (androidx.swiperefreshlayout:swiperefreshlayout:1.0.0) with JetifyTransform
[        ] Transforming swiperefreshlayout-1.0.0.aar (androidx.swiperefreshlayout:swiperefreshlayout:1.0.0) with ExtractAarTransform
[        ] Transforming swiperefreshlayout-1.0.0.aar (androidx.swiperefreshlayout:swiperefreshlayout:1.0.0) with AarTransform
[        ] Transforming asynclayoutinflater-1.0.0.aar (androidx.asynclayoutinflater:asynclayoutinflater:1.0.0) with JetifyTransform
[        ] Transforming asynclayoutinflater-1.0.0.aar (androidx.asynclayoutinflater:asynclayoutinflater:1.0.0) with ExtractAarTransform
[        ] Transforming asynclayoutinflater-1.0.0.aar (androidx.asynclayoutinflater:asynclayoutinflater:1.0.0) with AarTransform
[        ] Transforming core-1.17.0.aar (androidx.core:core:1.17.0) with JetifyTransform
[        ] Transforming core-1.17.0.aar (androidx.core:core:1.17.0) with ExtractAarTransform
[        ] Transforming core-1.17.0.aar (androidx.core:core:1.17.0) with AarTransform
[        ] Transforming core-1.17.0.aar (androidx.core:core:1.17.0) with JetifyTransform
[        ] Transforming core-1.17.0.aar (androidx.core:core:1.17.0) with ExtractAarTransform
[        ] Transforming core-1.17.0.aar (androidx.core:core:1.17.0) with AarTransform
[        ] Transforming localbroadcastmanager-1.1.0.aar (androidx.localbroadcastmanager:localbroadcastmanager:1.1.0) with JetifyTransform
[        ] Transforming localbroadcastmanager-1.1.0.aar (androidx.localbroadcastmanager:localbroadcastmanager:1.1.0) with ExtractAarTransform
[        ] Transforming localbroadcastmanager-1.1.0.aar (androidx.localbroadcastmanager:localbroadcastmanager:1.1.0) with AarTransform
[        ] Transforming localbroadcastmanager-1.1.0.aar (androidx.localbroadcastmanager:localbroadcastmanager:1.1.0) with JetifyTransform
[        ] Transforming localbroadcastmanager-1.1.0.aar (androidx.localbroadcastmanager:localbroadcastmanager:1.1.0) with ExtractAarTransform
[        ] Transforming localbroadcastmanager-1.1.0.aar (androidx.localbroadcastmanager:localbroadcastmanager:1.1.0) with AarTransform
[        ] Transforming profileinstaller-1.3.1.aar (androidx.profileinstaller:profileinstaller:1.3.1) with JetifyTransform
[        ] Transforming profileinstaller-1.3.1.aar (androidx.profileinstaller:profileinstaller:1.3.1) with ExtractAarTransform
[        ] Transforming profileinstaller-1.3.1.aar (androidx.profileinstaller:profileinstaller:1.3.1) with AarTransform
[        ] Transforming startup-runtime-1.1.1.aar (androidx.startup:startup-runtime:1.1.1) with JetifyTransform
[        ] Transforming startup-runtime-1.1.1.aar (androidx.startup:startup-runtime:1.1.1) with ExtractAarTransform
[        ] Transforming startup-runtime-1.1.1.aar (androidx.startup:startup-runtime:1.1.1) with AarTransform
[        ] Transforming tracing-1.2.0.aar (androidx.tracing:tracing:1.2.0) with JetifyTransform
[        ] Transforming tracing-1.2.0.aar (androidx.tracing:tracing:1.2.0) with ExtractAarTransform
[        ] Transforming tracing-1.2.0.aar (androidx.tracing:tracing:1.2.0) with AarTransform
[        ] Transforming exifinterface-1.4.1.aar (androidx.exifinterface:exifinterface:1.4.1) with JetifyTransform
[        ] Transforming exifinterface-1.4.1.aar (androidx.exifinterface:exifinterface:1.4.1) with ExtractAarTransform
[        ] Transforming exifinterface-1.4.1.aar (androidx.exifinterface:exifinterface:1.4.1) with AarTransform
[        ] Transforming firebase-components-19.0.0.aar (com.google.firebase:firebase-components:19.0.0) with JetifyTransform
[        ] Transforming firebase-components-19.0.0.aar (com.google.firebase:firebase-components:19.0.0) with ExtractAarTransform
[        ] Transforming firebase-components-19.0.0.aar (com.google.firebase:firebase-components:19.0.0) with AarTransform
[        ] Transforming firebase-datatransport-18.2.0.aar (com.google.firebase:firebase-datatransport:18.2.0) with JetifyTransform
[        ] Transforming firebase-datatransport-18.2.0.aar (com.google.firebase:firebase-datatransport:18.2.0) with ExtractAarTransform
[        ] Transforming firebase-datatransport-18.2.0.aar (com.google.firebase:firebase-datatransport:18.2.0) with AarTransform
[        ] Transforming transport-backend-cct-3.1.9.aar (com.google.android.datatransport:transport-backend-cct:3.1.9) with JetifyTransform
[        ] Transforming transport-backend-cct-3.1.9.aar (com.google.android.datatransport:transport-backend-cct:3.1.9) with ExtractAarTransform
[        ] Transforming transport-backend-cct-3.1.9.aar (com.google.android.datatransport:transport-backend-cct:3.1.9) with AarTransform
[        ] Transforming firebase-encoders-json-18.0.0.aar (com.google.firebase:firebase-encoders-json:18.0.0) with JetifyTransform
[        ] Transforming firebase-encoders-json-18.0.0.aar (com.google.firebase:firebase-encoders-json:18.0.0) with ExtractAarTransform
[        ] Transforming firebase-encoders-json-18.0.0.aar (com.google.firebase:firebase-encoders-json:18.0.0) with AarTransform
[        ] Transforming transport-runtime-3.1.9.aar (com.google.android.datatransport:transport-runtime:3.1.9) with JetifyTransform
[        ] Transforming transport-runtime-3.1.9.aar (com.google.android.datatransport:transport-runtime:3.1.9) with ExtractAarTransform
[        ] Transforming transport-runtime-3.1.9.aar (com.google.android.datatransport:transport-runtime:3.1.9) with AarTransform
[        ] Transforming transport-api-3.1.0.aar (com.google.android.datatransport:transport-api:3.1.0) with JetifyTransform
[        ] Transforming transport-api-3.1.0.aar (com.google.android.datatransport:transport-api:3.1.0) with ExtractAarTransform
[        ] Transforming transport-api-3.1.0.aar (com.google.android.datatransport:transport-api:3.1.0) with AarTransform
[        ] Transforming interpolator-1.0.0.aar (androidx.interpolator:interpolator:1.0.0) with JetifyTransform
[        ] Transforming interpolator-1.0.0.aar (androidx.interpolator:interpolator:1.0.0) with ExtractAarTransform
[        ] Transforming interpolator-1.0.0.aar (androidx.interpolator:interpolator:1.0.0) with AarTransform
[        ] Transforming interpolator-1.0.0.aar (androidx.interpolator:interpolator:1.0.0) with JetifyTransform
[        ] Transforming interpolator-1.0.0.aar (androidx.interpolator:interpolator:1.0.0) with ExtractAarTransform
[        ] Transforming interpolator-1.0.0.aar (androidx.interpolator:interpolator:1.0.0) with AarTransform
[        ] Transforming versionedparcelable-1.1.1.aar (androidx.versionedparcelable:versionedparcelable:1.1.1) with JetifyTransform
[        ] Transforming versionedparcelable-1.1.1.aar (androidx.versionedparcelable:versionedparcelable:1.1.1) with ExtractAarTransform
[        ] Transforming versionedparcelable-1.1.1.aar (androidx.versionedparcelable:versionedparcelable:1.1.1) with AarTransform
[        ] Transforming core-runtime-2.2.0.aar (androidx.arch.core:core-runtime:2.2.0) with JetifyTransform
[        ] Transforming core-runtime-2.2.0.aar (androidx.arch.core:core-runtime:2.2.0) with ExtractAarTransform
[        ] Transforming core-runtime-2.2.0.aar (androidx.arch.core:core-runtime:2.2.0) with AarTransform
[        ] Transforming cursoradapter-1.0.0.aar (androidx.cursoradapter:cursoradapter:1.0.0) with JetifyTransform
[        ] Transforming cursoradapter-1.0.0.aar (androidx.cursoradapter:cursoradapter:1.0.0) with ExtractAarTransform
[        ] Transforming cursoradapter-1.0.0.aar (androidx.cursoradapter:cursoradapter:1.0.0) with AarTransform
[        ] Transforming core-1.0.0.aar (androidx.window.extensions.core:core:1.0.0) with JetifyTransform
[        ] Transforming core-1.0.0.aar (androidx.window.extensions.core:core:1.0.0) with ExtractAarTransform
[        ] Transforming core-1.0.0.aar (androidx.window.extensions.core:core:1.0.0) with AarTransform
[        ] Transforming documentfile-1.0.0.aar (androidx.documentfile:documentfile:1.0.0) with JetifyTransform
[        ] Transforming documentfile-1.0.0.aar (androidx.documentfile:documentfile:1.0.0) with ExtractAarTransform
[        ] Transforming documentfile-1.0.0.aar (androidx.documentfile:documentfile:1.0.0) with AarTransform
[        ] Transforming print-1.0.0.aar (androidx.print:print:1.0.0) with JetifyTransform
[        ] Transforming print-1.0.0.aar (androidx.print:print:1.0.0) with ExtractAarTransform
[        ] Transforming print-1.0.0.aar (androidx.print:print:1.0.0) with AarTransform
[        ] Transforming googleid-1.1.0.aar (com.google.android.libraries.identity.googleid:googleid:1.1.0) with JetifyTransform
[        ] Transforming googleid-1.1.0.aar (com.google.android.libraries.identity.googleid:googleid:1.1.0) with ExtractAarTransform
[        ] Transforming googleid-1.1.0.aar (com.google.android.libraries.identity.googleid:googleid:1.1.0) with AarTransform
[        ] Transforming annotation-experimental-1.4.1.aar (androidx.annotation:annotation-experimental:1.4.1) with JetifyTransform
[        ] Transforming annotation-experimental-1.4.1.aar (androidx.annotation:annotation-experimental:1.4.1) with ExtractAarTransform
[        ] Transforming annotation-experimental-1.4.1.aar (androidx.annotation:annotation-experimental:1.4.1) with AarTransform
[        ] Transforming core-viewtree-1.0.0.aar (androidx.core:core-viewtree:1.0.0) with JetifyTransform
[        ] Transforming core-viewtree-1.0.0.aar (androidx.core:core-viewtree:1.0.0) with ExtractAarTransform
[        ] Transforming core-viewtree-1.0.0.aar (androidx.core:core-viewtree:1.0.0) with AarTransform
[        ] Transforming grpc-android-1.62.2.aar (io.grpc:grpc-android:1.62.2) with JetifyTransform
[        ] Transforming grpc-android-1.62.2.aar (io.grpc:grpc-android:1.62.2) with ExtractAarTransform
[        ] Transforming grpc-android-1.62.2.aar (io.grpc:grpc-android:1.62.2) with AarTransform
[        ] Transforming relinker-1.4.5.aar (com.getkeepsafe.relinker:relinker:1.4.5) with JetifyTransform
[        ] Transforming relinker-1.4.5.aar (com.getkeepsafe.relinker:relinker:1.4.5) with ExtractAarTransform
[        ] Transforming relinker-1.4.5.aar (com.getkeepsafe.relinker:relinker:1.4.5) with AarTransform
[        ] Transforming protolite-well-known-types-18.0.1.aar (com.google.firebase:protolite-well-known-types:18.0.1) with JetifyTransform
[        ] Transforming protolite-well-known-types-18.0.1.aar (com.google.firebase:protolite-well-known-types:18.0.1) with ExtractAarTransform
[        ] Transforming protolite-well-known-types-18.0.1.aar (com.google.firebase:protolite-well-known-types:18.0.1) with AarTransform
[        ] Transforming core-common-2.0.3.aar (com.google.android.play:core-common:2.0.3) with JetifyTransform
[        ] Transforming core-common-2.0.3.aar (com.google.android.play:core-common:2.0.3) with ExtractAarTransform
[        ] Transforming core-common-2.0.3.aar (com.google.android.play:core-common:2.0.3) with AarTransform
[        ] Transforming firebase-firestore-26.1.0.aar (com.google.firebase:firebase-firestore:26.1.0) with JetifyTransform
[        ] Transforming firebase-firestore-26.1.0.aar (com.google.firebase:firebase-firestore:26.1.0) with ExtractAarTransform
[        ] Transforming firebase-firestore-26.1.0.aar (com.google.firebase:firebase-firestore:26.1.0) with AarTransform
[        ] Transforming firebase-auth-24.0.1.aar (com.google.firebase:firebase-auth:24.0.1) with JetifyTransform
[        ] Transforming firebase-auth-24.0.1.aar (com.google.firebase:firebase-auth:24.0.1) with ExtractAarTransform
[        ] Transforming firebase-auth-24.0.1.aar (com.google.firebase:firebase-auth:24.0.1) with AarTransform
[        ] Transforming firebase-messaging-25.0.1.aar (com.google.firebase:firebase-messaging:25.0.1) with JetifyTransform
[        ] Transforming firebase-messaging-25.0.1.aar (com.google.firebase:firebase-messaging:25.0.1) with ExtractAarTransform
[        ] Transforming firebase-messaging-25.0.1.aar (com.google.firebase:firebase-messaging:25.0.1) with AarTransform
[        ] Transforming firebase-auth-interop-20.0.0.aar (com.google.firebase:firebase-auth-interop:20.0.0) with JetifyTransform
[        ] Transforming firebase-auth-interop-20.0.0.aar (com.google.firebase:firebase-auth-interop:20.0.0) with ExtractAarTransform
[        ] Transforming firebase-auth-interop-20.0.0.aar (com.google.firebase:firebase-auth-interop:20.0.0) with AarTransform
[        ] Transforming firebase-installations-19.0.1.aar (com.google.firebase:firebase-installations:19.0.1) with JetifyTransform
[        ] Transforming firebase-installations-19.0.1.aar (com.google.firebase:firebase-installations:19.0.1) with ExtractAarTransform
[        ] Transforming firebase-installations-19.0.1.aar (com.google.firebase:firebase-installations:19.0.1) with AarTransform
[        ] Transforming firebase-common-22.0.1.aar (com.google.firebase:firebase-common:22.0.1) with JetifyTransform
[        ] Transforming firebase-common-22.0.1.aar (com.google.firebase:firebase-common:22.0.1) with ExtractAarTransform
[        ] Transforming firebase-common-22.0.1.aar (com.google.firebase:firebase-common:22.0.1) with AarTransform
[        ] Transforming firebase-common-22.0.1.aar (com.google.firebase:firebase-common:22.0.1) with JetifyTransform
[        ] Transforming firebase-common-22.0.1.aar (com.google.firebase:firebase-common:22.0.1) with ExtractAarTransform
[        ] Transforming firebase-common-22.0.1.aar (com.google.firebase:firebase-common:22.0.1) with AarTransform
[        ] Transforming media-1.1.0.aar (androidx.media:media:1.1.0) with JetifyTransform
[        ] Transforming media-1.1.0.aar (androidx.media:media:1.1.0) with ExtractAarTransform
[        ] Transforming media-1.1.0.aar (androidx.media:media:1.1.0) with AarTransform
[        ] Transforming preference-1.2.1.aar (androidx.preference:preference:1.2.1) with JetifyTransform
[        ] Transforming preference-1.2.1.aar (androidx.preference:preference:1.2.1) with ExtractAarTransform
[        ] Transforming preference-1.2.1.aar (androidx.preference:preference:1.2.1) with AarTransform
[        ] Transforming browser-1.9.0.aar (androidx.browser:browser:1.9.0) with JetifyTransform
[        ] Transforming browser-1.9.0.aar (androidx.browser:browser:1.9.0) with ExtractAarTransform
[        ] Transforming browser-1.9.0.aar (androidx.browser:browser:1.9.0) with AarTransform
[        ] Transforming browser-1.9.0.aar (androidx.browser:browser:1.9.0) with JetifyTransform
[        ] Transforming browser-1.9.0.aar (androidx.browser:browser:1.9.0) with ExtractAarTransform
[        ] Transforming browser-1.9.0.aar (androidx.browser:browser:1.9.0) with AarTransform
[        ] Transforming recyclerview-1.0.0.aar (androidx.recyclerview:recyclerview:1.0.0) with JetifyTransform
[        ] Transforming recyclerview-1.0.0.aar (androidx.recyclerview:recyclerview:1.0.0) with ExtractAarTransform
[        ] Transforming recyclerview-1.0.0.aar (androidx.recyclerview:recyclerview:1.0.0) with AarTransform
[        ] Transforming legacy-support-core-ui-1.0.0.aar (androidx.legacy:legacy-support-core-ui:1.0.0) with JetifyTransform
[        ] Transforming legacy-support-core-ui-1.0.0.aar (androidx.legacy:legacy-support-core-ui:1.0.0) with ExtractAarTransform
[        ] Transforming legacy-support-core-ui-1.0.0.aar (androidx.legacy:legacy-support-core-ui:1.0.0) with AarTransform
[        ] Transforming slidingpanelayout-1.2.0.aar (androidx.slidingpanelayout:slidingpanelayout:1.2.0) with JetifyTransform
[        ] Transforming slidingpanelayout-1.2.0.aar (androidx.slidingpanelayout:slidingpanelayout:1.2.0) with ExtractAarTransform
[        ] Transforming slidingpanelayout-1.2.0.aar (androidx.slidingpanelayout:slidingpanelayout:1.2.0) with AarTransform
[        ] Transforming slidingpanelayout-1.2.0.aar (androidx.slidingpanelayout:slidingpanelayout:1.2.0) with JetifyTransform
[        ] Transforming slidingpanelayout-1.2.0.aar (androidx.slidingpanelayout:slidingpanelayout:1.2.0) with ExtractAarTransform
[        ] Transforming slidingpanelayout-1.2.0.aar (androidx.slidingpanelayout:slidingpanelayout:1.2.0) with AarTransform
[        ] Transforming window-1.2.0.aar (androidx.window:window:1.2.0) with JetifyTransform
[        ] Transforming window-1.2.0.aar (androidx.window:window:1.2.0) with ExtractAarTransform
[        ] Transforming window-1.2.0.aar (androidx.window:window:1.2.0) with AarTransform
[        ] Transforming window-java-1.2.0.aar (androidx.window:window-java:1.2.0) with JetifyTransform
[        ] Transforming window-java-1.2.0.aar (androidx.window:window-java:1.2.0) with ExtractAarTransform
[        ] Transforming window-java-1.2.0.aar (androidx.window:window-java:1.2.0) with AarTransform
[        ] Transforming credentials-1.2.0-rc01.aar (androidx.credentials:credentials:1.2.0-rc01) with JetifyTransform
[        ] Transforming credentials-1.2.0-rc01.aar (androidx.credentials:credentials:1.2.0-rc01) with ExtractAarTransform
[        ] Transforming credentials-1.2.0-rc01.aar (androidx.credentials:credentials:1.2.0-rc01) with AarTransform
[        ] Transforming credentials-1.2.0-rc01.aar (androidx.credentials:credentials:1.2.0-rc01) with JetifyTransform
[        ] Transforming credentials-1.2.0-rc01.aar (androidx.credentials:credentials:1.2.0-rc01) with ExtractAarTransform
[        ] Transforming credentials-1.2.0-rc01.aar (androidx.credentials:credentials:1.2.0-rc01) with AarTransform
[        ] Transforming credentials-play-services-auth-1.2.0-rc01.aar (androidx.credentials:credentials-play-services-auth:1.2.0-rc01) with JetifyTransform
[        ] Transforming credentials-play-services-auth-1.2.0-rc01.aar (androidx.credentials:credentials-play-services-auth:1.2.0-rc01) with ExtractAarTransform
[        ] Transforming credentials-play-services-auth-1.2.0-rc01.aar (androidx.credentials:credentials-play-services-auth:1.2.0-rc01) with AarTransform
[        ] Transforming play-services-auth-21.0.0.aar (com.google.android.gms:play-services-auth:21.0.0) with JetifyTransform
[        ] Transforming play-services-auth-21.0.0.aar (com.google.android.gms:play-services-auth:21.0.0) with ExtractAarTransform
[        ] Transforming play-services-auth-21.0.0.aar (com.google.android.gms:play-services-auth:21.0.0) with AarTransform
[        ] Transforming firebase-appcheck-interop-17.0.0.aar (com.google.firebase:firebase-appcheck-interop:17.0.0) with JetifyTransform
[        ] Transforming firebase-appcheck-interop-17.0.0.aar (com.google.firebase:firebase-appcheck-interop:17.0.0) with ExtractAarTransform
[        ] Transforming firebase-appcheck-interop-17.0.0.aar (com.google.firebase:firebase-appcheck-interop:17.0.0) with AarTransform
[        ] Transforming firebase-database-collection-18.0.1.aar (com.google.firebase:firebase-database-collection:18.0.1) with JetifyTransform
[        ] Transforming firebase-database-collection-18.0.1.aar (com.google.firebase:firebase-database-collection:18.0.1) with ExtractAarTransform
[        ] Transforming firebase-database-collection-18.0.1.aar (com.google.firebase:firebase-database-collection:18.0.1) with AarTransform
[        ] Transforming play-services-auth-api-phone-18.0.2.aar (com.google.android.gms:play-services-auth-api-phone:18.0.2) with JetifyTransform
[        ] Transforming play-services-auth-api-phone-18.0.2.aar (com.google.android.gms:play-services-auth-api-phone:18.0.2) with ExtractAarTransform
[        ] Transforming play-services-auth-api-phone-18.0.2.aar (com.google.android.gms:play-services-auth-api-phone:18.0.2) with AarTransform
[        ] Transforming play-services-auth-base-18.0.10.aar (com.google.android.gms:play-services-auth-base:18.0.10) with JetifyTransform
[        ] Transforming play-services-auth-base-18.0.10.aar (com.google.android.gms:play-services-auth-base:18.0.10) with ExtractAarTransform
[        ] Transforming play-services-auth-base-18.0.10.aar (com.google.android.gms:play-services-auth-base:18.0.10) with AarTransform
[        ] Transforming play-services-fido-20.1.0.aar (com.google.android.gms:play-services-fido:20.1.0) with JetifyTransform
[        ] Transforming play-services-fido-20.1.0.aar (com.google.android.gms:play-services-fido:20.1.0) with ExtractAarTransform
[        ] Transforming play-services-fido-20.1.0.aar (com.google.android.gms:play-services-fido:20.1.0) with AarTransform
[        ] Transforming play-services-fido-20.1.0.aar (com.google.android.gms:play-services-fido:20.1.0) with JetifyTransform
[        ] Transforming play-services-fido-20.1.0.aar (com.google.android.gms:play-services-fido:20.1.0) with ExtractAarTransform
[        ] Transforming play-services-fido-20.1.0.aar (com.google.android.gms:play-services-fido:20.1.0) with AarTransform
[        ] Transforming play-services-base-18.9.0.aar (com.google.android.gms:play-services-base:18.9.0) with JetifyTransform
[        ] Transforming play-services-base-18.9.0.aar (com.google.android.gms:play-services-base:18.9.0) with ExtractAarTransform
[        ] Transforming play-services-base-18.9.0.aar (com.google.android.gms:play-services-base:18.9.0) with AarTransform
[        ] Transforming recaptcha-18.6.1.aar (com.google.android.recaptcha:recaptcha:18.6.1) with JetifyTransform
[        ] Transforming recaptcha-18.6.1.aar (com.google.android.recaptcha:recaptcha:18.6.1) with ExtractAarTransform
[        ] Transforming recaptcha-18.6.1.aar (com.google.android.recaptcha:recaptcha:18.6.1) with AarTransform
[        ] Transforming integrity-1.3.0.aar (com.google.android.play:integrity:1.3.0) with JetifyTransform
[        ] Transforming integrity-1.3.0.aar (com.google.android.play:integrity:1.3.0) with ExtractAarTransform
[        ] Transforming integrity-1.3.0.aar (com.google.android.play:integrity:1.3.0) with AarTransform
[        ] Transforming appcompat-1.1.0.aar (androidx.appcompat:appcompat:1.1.0) with JetifyTransform
[        ] Transforming appcompat-1.1.0.aar (androidx.appcompat:appcompat:1.1.0) with ExtractAarTransform
[        ] Transforming appcompat-1.1.0.aar (androidx.appcompat:appcompat:1.1.0) with AarTransform
[        ] Transforming fragment-ktx-1.7.1.aar (androidx.fragment:fragment-ktx:1.7.1) with JetifyTransform
[        ] Transforming fragment-ktx-1.7.1.aar (androidx.fragment:fragment-ktx:1.7.1) with ExtractAarTransform
[        ] Transforming fragment-ktx-1.7.1.aar (androidx.fragment:fragment-ktx:1.7.1) with AarTransform
[        ] Transforming fragment-1.7.1.aar (androidx.fragment:fragment:1.7.1) with JetifyTransform
[        ] Transforming fragment-1.7.1.aar (androidx.fragment:fragment:1.7.1) with ExtractAarTransform
[        ] Transforming fragment-1.7.1.aar (androidx.fragment:fragment:1.7.1) with AarTransform
[        ] Transforming fragment-1.7.1.aar (androidx.fragment:fragment:1.7.1) with JetifyTransform
[        ] Transforming fragment-1.7.1.aar (androidx.fragment:fragment:1.7.1) with ExtractAarTransform
[        ] Transforming fragment-1.7.1.aar (androidx.fragment:fragment:1.7.1) with AarTransform
[        ] Transforming activity-ktx-1.9.0.aar (androidx.activity:activity-ktx:1.9.0) with JetifyTransform
[        ] Transforming activity-ktx-1.9.0.aar (androidx.activity:activity-ktx:1.9.0) with ExtractAarTransform
[        ] Transforming activity-ktx-1.9.0.aar (androidx.activity:activity-ktx:1.9.0) with AarTransform
[        ] Transforming activity-1.9.0.aar (androidx.activity:activity:1.9.0) with JetifyTransform
[        ] Transforming activity-1.9.0.aar (androidx.activity:activity:1.9.0) with ExtractAarTransform
[        ] Transforming activity-1.9.0.aar (androidx.activity:activity:1.9.0) with AarTransform
[        ] Transforming play-services-stats-17.0.2.aar (com.google.android.gms:play-services-stats:17.0.2) with JetifyTransform
[        ] Transforming play-services-stats-17.0.2.aar (com.google.android.gms:play-services-stats:17.0.2) with ExtractAarTransform
[        ] Transforming play-services-stats-17.0.2.aar (com.google.android.gms:play-services-stats:17.0.2) with AarTransform
[        ] Transforming legacy-support-core-utils-1.0.0.aar (androidx.legacy:legacy-support-core-utils:1.0.0) with JetifyTransform
[        ] Transforming legacy-support-core-utils-1.0.0.aar (androidx.legacy:legacy-support-core-utils:1.0.0) with ExtractAarTransform
[        ] Transforming legacy-support-core-utils-1.0.0.aar (androidx.legacy:legacy-support-core-utils:1.0.0) with AarTransform
[        ] Transforming loader-1.1.0.aar (androidx.loader:loader:1.1.0) with JetifyTransform
[        ] Transforming loader-1.1.0.aar (androidx.loader:loader:1.1.0) with ExtractAarTransform
[        ] Transforming loader-1.1.0.aar (androidx.loader:loader:1.1.0) with AarTransform
[        ] Transforming loader-1.1.0.aar (androidx.loader:loader:1.1.0) with JetifyTransform
[        ] Transforming loader-1.1.0.aar (androidx.loader:loader:1.1.0) with ExtractAarTransform
[        ] Transforming loader-1.1.0.aar (androidx.loader:loader:1.1.0) with AarTransform
[        ] Transforming lifecycle-runtime-ktx-2.7.0.aar (androidx.lifecycle:lifecycle-runtime-ktx:2.7.0) with JetifyTransform
[        ] Transforming lifecycle-runtime-ktx-2.7.0.aar (androidx.lifecycle:lifecycle-runtime-ktx:2.7.0) with ExtractAarTransform
[        ] Transforming lifecycle-runtime-ktx-2.7.0.aar (androidx.lifecycle:lifecycle-runtime-ktx:2.7.0) with AarTransform
[        ] Transforming lifecycle-livedata-core-ktx-2.7.0.aar (androidx.lifecycle:lifecycle-livedata-core-ktx:2.7.0) with JetifyTransform
[        ] Transforming lifecycle-livedata-core-ktx-2.7.0.aar (androidx.lifecycle:lifecycle-livedata-core-ktx:2.7.0) with ExtractAarTransform
[        ] Transforming lifecycle-livedata-core-ktx-2.7.0.aar (androidx.lifecycle:lifecycle-livedata-core-ktx:2.7.0) with AarTransform
[        ] Transforming lifecycle-viewmodel-ktx-2.7.0.aar (androidx.lifecycle:lifecycle-viewmodel-ktx:2.7.0) with JetifyTransform
[        ] Transforming lifecycle-viewmodel-ktx-2.7.0.aar (androidx.lifecycle:lifecycle-viewmodel-ktx:2.7.0) with ExtractAarTransform
[        ] Transforming lifecycle-viewmodel-ktx-2.7.0.aar (androidx.lifecycle:lifecycle-viewmodel-ktx:2.7.0) with AarTransform
[        ] Transforming lifecycle-viewmodel-savedstate-2.7.0.aar (androidx.lifecycle:lifecycle-viewmodel-savedstate:2.7.0) with JetifyTransform
[        ] Transforming lifecycle-viewmodel-savedstate-2.7.0.aar (androidx.lifecycle:lifecycle-viewmodel-savedstate:2.7.0) with ExtractAarTransform
[        ] Transforming lifecycle-viewmodel-savedstate-2.7.0.aar (androidx.lifecycle:lifecycle-viewmodel-savedstate:2.7.0) with AarTransform
[        ] Transforming lifecycle-viewmodel-2.7.0.aar (androidx.lifecycle:lifecycle-viewmodel:2.7.0) with JetifyTransform
[        ] Transforming lifecycle-viewmodel-2.7.0.aar (androidx.lifecycle:lifecycle-viewmodel:2.7.0) with ExtractAarTransform
[        ] Transforming lifecycle-viewmodel-2.7.0.aar (androidx.lifecycle:lifecycle-viewmodel:2.7.0) with AarTransform
[        ] Transforming lifecycle-viewmodel-2.7.0.aar (androidx.lifecycle:lifecycle-viewmodel:2.7.0) with JetifyTransform
[        ] Transforming lifecycle-viewmodel-2.7.0.aar (androidx.lifecycle:lifecycle-viewmodel:2.7.0) with ExtractAarTransform
[        ] Transforming lifecycle-viewmodel-2.7.0.aar (androidx.lifecycle:lifecycle-viewmodel:2.7.0) with AarTransform
[        ] Transforming lifecycle-livedata-core-2.7.0.aar (androidx.lifecycle:lifecycle-livedata-core:2.7.0) with JetifyTransform
[        ] Transforming lifecycle-livedata-core-2.7.0.aar (androidx.lifecycle:lifecycle-livedata-core:2.7.0) with ExtractAarTransform
[        ] Transforming lifecycle-livedata-core-2.7.0.aar (androidx.lifecycle:lifecycle-livedata-core:2.7.0) with AarTransform
[        ] Transforming lifecycle-livedata-core-2.7.0.aar (androidx.lifecycle:lifecycle-livedata-core:2.7.0) with JetifyTransform
[        ] Transforming lifecycle-livedata-core-2.7.0.aar (androidx.lifecycle:lifecycle-livedata-core:2.7.0) with ExtractAarTransform
[        ] Transforming lifecycle-livedata-core-2.7.0.aar (androidx.lifecycle:lifecycle-livedata-core:2.7.0) with AarTransform
[        ] Transforming lifecycle-runtime-2.7.0.aar (androidx.lifecycle:lifecycle-runtime:2.7.0) with JetifyTransform
[        ] Transforming lifecycle-runtime-2.7.0.aar (androidx.lifecycle:lifecycle-runtime:2.7.0) with ExtractAarTransform
[        ] Transforming lifecycle-runtime-2.7.0.aar (androidx.lifecycle:lifecycle-runtime:2.7.0) with AarTransform
[        ] Transforming lifecycle-process-2.7.0.aar (androidx.lifecycle:lifecycle-process:2.7.0) with JetifyTransform
[        ] Transforming lifecycle-process-2.7.0.aar (androidx.lifecycle:lifecycle-process:2.7.0) with ExtractAarTransform
[        ] Transforming lifecycle-process-2.7.0.aar (androidx.lifecycle:lifecycle-process:2.7.0) with AarTransform
[        ] Transforming savedstate-ktx-1.2.1.aar (androidx.savedstate:savedstate-ktx:1.2.1) with JetifyTransform
[        ] Transforming savedstate-ktx-1.2.1.aar (androidx.savedstate:savedstate-ktx:1.2.1) with ExtractAarTransform
[        ] Transforming savedstate-ktx-1.2.1.aar (androidx.savedstate:savedstate-ktx:1.2.1) with AarTransform
[        ] Transforming savedstate-1.2.1.aar (androidx.savedstate:savedstate:1.2.1) with JetifyTransform
[        ] Transforming savedstate-1.2.1.aar (androidx.savedstate:savedstate:1.2.1) with ExtractAarTransform
[        ] Transforming savedstate-1.2.1.aar (androidx.savedstate:savedstate:1.2.1) with AarTransform
[        ] Transforming datastore-preferences-core.aar (androidx.datastore:datastore-preferences-core-android:1.2.0) with JetifyTransform
[        ] Transforming datastore-preferences-core.aar (androidx.datastore:datastore-preferences-core-android:1.2.0) with ExtractAarTransform
[        ] Transforming datastore-preferences-core.aar (androidx.datastore:datastore-preferences-core-android:1.2.0) with AarTransform
[        ] Transforming datastore-core.aar (androidx.datastore:datastore-core-android:1.2.0) with JetifyTransform
[        ] Transforming datastore-core.aar (androidx.datastore:datastore-core-android:1.2.0) with ExtractAarTransform
[        ] Transforming datastore-core.aar (androidx.datastore:datastore-core-android:1.2.0) with AarTransform
[        ] Transforming datastore-preferences.aar (androidx.datastore:datastore-preferences-android:1.2.0) with JetifyTransform
[        ] Transforming datastore-preferences.aar (androidx.datastore:datastore-preferences-android:1.2.0) with ExtractAarTransform
[        ] Transforming datastore-preferences.aar (androidx.datastore:datastore-preferences-android:1.2.0) with AarTransform
[        ] Transforming datastore.aar (androidx.datastore:datastore-android:1.2.0) with JetifyTransform
[        ] Transforming datastore.aar (androidx.datastore:datastore-android:1.2.0) with ExtractAarTransform
[        ] Transforming datastore.aar (androidx.datastore:datastore-android:1.2.0) with AarTransform
[        ] Transforming firebase-iid-interop-17.1.0.aar (com.google.firebase:firebase-iid-interop:17.1.0) with JetifyTransform
[        ] Transforming firebase-iid-interop-17.1.0.aar (com.google.firebase:firebase-iid-interop:17.1.0) with ExtractAarTransform
[        ] Transforming firebase-iid-interop-17.1.0.aar (com.google.firebase:firebase-iid-interop:17.1.0) with AarTransform
[        ] Transforming play-services-cloud-messaging-17.2.0.aar (com.google.android.gms:play-services-cloud-messaging:17.2.0) with JetifyTransform
[        ] Transforming play-services-cloud-messaging-17.2.0.aar (com.google.android.gms:play-services-cloud-messaging:17.2.0) with ExtractAarTransform
[        ] Transforming play-services-cloud-messaging-17.2.0.aar (com.google.android.gms:play-services-cloud-messaging:17.2.0) with AarTransform
[        ] Transforming firebase-installations-interop-17.1.1.aar (com.google.firebase:firebase-installations-interop:17.1.1) with JetifyTransform
[        ] Transforming firebase-installations-interop-17.1.1.aar (com.google.firebase:firebase-installations-interop:17.1.1) with ExtractAarTransform
[        ] Transforming firebase-installations-interop-17.1.1.aar (com.google.firebase:firebase-installations-interop:17.1.1) with AarTransform
[        ] Transforming play-services-tasks-18.4.0.aar (com.google.android.gms:play-services-tasks:18.4.0) with JetifyTransform
[        ] Transforming play-services-tasks-18.4.0.aar (com.google.android.gms:play-services-tasks:18.4.0) with ExtractAarTransform
[        ] Transforming play-services-tasks-18.4.0.aar (com.google.android.gms:play-services-tasks:18.4.0) with AarTransform
[        ] Transforming play-services-tasks-18.4.0.aar (com.google.android.gms:play-services-tasks:18.4.0) with JetifyTransform
[        ] Transforming play-services-tasks-18.4.0.aar (com.google.android.gms:play-services-tasks:18.4.0) with ExtractAarTransform
[        ] Transforming play-services-tasks-18.4.0.aar (com.google.android.gms:play-services-tasks:18.4.0) with AarTransform
[        ] Transforming firebase-measurement-connector-19.0.0.aar (com.google.firebase:firebase-measurement-connector:19.0.0) with JetifyTransform
[        ] Transforming firebase-measurement-connector-19.0.0.aar (com.google.firebase:firebase-measurement-connector:19.0.0) with ExtractAarTransform
[        ] Transforming firebase-measurement-connector-19.0.0.aar (com.google.firebase:firebase-measurement-connector:19.0.0) with AarTransform
[        ] Transforming play-services-basement-18.9.0.aar (com.google.android.gms:play-services-basement:18.9.0) with JetifyTransform
[        ] Transforming play-services-basement-18.9.0.aar (com.google.android.gms:play-services-basement:18.9.0) with ExtractAarTransform
[        ] Transforming play-services-basement-18.9.0.aar (com.google.android.gms:play-services-basement:18.9.0) with AarTransform
[        ] Transforming viewpager-1.0.0.aar (androidx.viewpager:viewpager:1.0.0) with JetifyTransform
[        ] Transforming viewpager-1.0.0.aar (androidx.viewpager:viewpager:1.0.0) with ExtractAarTransform
[        ] Transforming viewpager-1.0.0.aar (androidx.viewpager:viewpager:1.0.0) with AarTransform
[        ] Transforming viewpager-1.0.0.aar (androidx.viewpager:viewpager:1.0.0) with JetifyTransform
[        ] Transforming viewpager-1.0.0.aar (androidx.viewpager:viewpager:1.0.0) with ExtractAarTransform
[        ] Transforming viewpager-1.0.0.aar (androidx.viewpager:viewpager:1.0.0) with AarTransform
[        ] Transforming appcompat-resources-1.1.0.aar (androidx.appcompat:appcompat-resources:1.1.0) with JetifyTransform
[        ] Transforming appcompat-resources-1.1.0.aar (androidx.appcompat:appcompat-resources:1.1.0) with ExtractAarTransform
[        ] Transforming appcompat-resources-1.1.0.aar (androidx.appcompat:appcompat-resources:1.1.0) with AarTransform
[        ] Transforming drawerlayout-1.0.0.aar (androidx.drawerlayout:drawerlayout:1.0.0) with JetifyTransform
[        ] Transforming drawerlayout-1.0.0.aar (androidx.drawerlayout:drawerlayout:1.0.0) with ExtractAarTransform
[        ] Transforming drawerlayout-1.0.0.aar (androidx.drawerlayout:drawerlayout:1.0.0) with AarTransform
[        ] Transforming coordinatorlayout-1.0.0.aar (androidx.coordinatorlayout:coordinatorlayout:1.0.0) with JetifyTransform
[        ] Transforming coordinatorlayout-1.0.0.aar (androidx.coordinatorlayout:coordinatorlayout:1.0.0) with ExtractAarTransform
[        ] Transforming coordinatorlayout-1.0.0.aar (androidx.coordinatorlayout:coordinatorlayout:1.0.0) with AarTransform
[        ] Transforming customview-1.1.0.aar (androidx.customview:customview:1.1.0) with JetifyTransform
[        ] Transforming customview-1.1.0.aar (androidx.customview:customview:1.1.0) with ExtractAarTransform
[        ] Transforming customview-1.1.0.aar (androidx.customview:customview:1.1.0) with AarTransform
[        ] Transforming customview-1.1.0.aar (androidx.customview:customview:1.1.0) with JetifyTransform
[        ] Transforming customview-1.1.0.aar (androidx.customview:customview:1.1.0) with ExtractAarTransform
[        ] Transforming customview-1.1.0.aar (androidx.customview:customview:1.1.0) with AarTransform
[        ] Transforming transition-1.4.1.aar (androidx.transition:transition:1.4.1) with JetifyTransform
[        ] Transforming transition-1.4.1.aar (androidx.transition:transition:1.4.1) with ExtractAarTransform
[        ] Transforming transition-1.4.1.aar (androidx.transition:transition:1.4.1) with AarTransform
[        ] Transforming core-ktx-1.17.0.aar (androidx.core:core-ktx:1.17.0) with JetifyTransform
[        ] Transforming core-ktx-1.17.0.aar (androidx.core:core-ktx:1.17.0) with ExtractAarTransform
[        ] Transforming core-ktx-1.17.0.aar (androidx.core:core-ktx:1.17.0) with AarTransform
[        ] Transforming vectordrawable-animated-1.1.0.aar (androidx.vectordrawable:vectordrawable-animated:1.1.0) with JetifyTransform
[        ] Transforming vectordrawable-animated-1.1.0.aar (androidx.vectordrawable:vectordrawable-animated:1.1.0) with ExtractAarTransform
[        ] Transforming vectordrawable-animated-1.1.0.aar (androidx.vectordrawable:vectordrawable-animated:1.1.0) with AarTransform
[        ] Transforming vectordrawable-1.1.0.aar (androidx.vectordrawable:vectordrawable:1.1.0) with JetifyTransform
[        ] Transforming vectordrawable-1.1.0.aar (androidx.vectordrawable:vectordrawable:1.1.0) with ExtractAarTransform
[        ] Transforming vectordrawable-1.1.0.aar (androidx.vectordrawable:vectordrawable:1.1.0) with AarTransform
[        ] Transforming swiperefreshlayout-1.0.0.aar (androidx.swiperefreshlayout:swiperefreshlayout:1.0.0) with JetifyTransform
[        ] Transforming swiperefreshlayout-1.0.0.aar (androidx.swiperefreshlayout:swiperefreshlayout:1.0.0) with ExtractAarTransform
[        ] Transforming swiperefreshlayout-1.0.0.aar (androidx.swiperefreshlayout:swiperefreshlayout:1.0.0) with AarTransform
[        ] Transforming asynclayoutinflater-1.0.0.aar (androidx.asynclayoutinflater:asynclayoutinflater:1.0.0) with JetifyTransform
[        ] Transforming asynclayoutinflater-1.0.0.aar (androidx.asynclayoutinflater:asynclayoutinflater:1.0.0) with ExtractAarTransform
[        ] Transforming asynclayoutinflater-1.0.0.aar (androidx.asynclayoutinflater:asynclayoutinflater:1.0.0) with AarTransform
[        ] Transforming core-1.17.0.aar (androidx.core:core:1.17.0) with JetifyTransform
[        ] Transforming core-1.17.0.aar (androidx.core:core:1.17.0) with ExtractAarTransform
[        ] Transforming core-1.17.0.aar (androidx.core:core:1.17.0) with AarTransform
[        ] Transforming core-1.17.0.aar (androidx.core:core:1.17.0) with JetifyTransform
[        ] Transforming core-1.17.0.aar (androidx.core:core:1.17.0) with ExtractAarTransform
[        ] Transforming core-1.17.0.aar (androidx.core:core:1.17.0) with AarTransform
[        ] Transforming localbroadcastmanager-1.1.0.aar (androidx.localbroadcastmanager:localbroadcastmanager:1.1.0) with JetifyTransform
[        ] Transforming localbroadcastmanager-1.1.0.aar (androidx.localbroadcastmanager:localbroadcastmanager:1.1.0) with ExtractAarTransform
[        ] Transforming localbroadcastmanager-1.1.0.aar (androidx.localbroadcastmanager:localbroadcastmanager:1.1.0) with AarTransform
[        ] Transforming localbroadcastmanager-1.1.0.aar (androidx.localbroadcastmanager:localbroadcastmanager:1.1.0) with JetifyTransform
[        ] Transforming localbroadcastmanager-1.1.0.aar (androidx.localbroadcastmanager:localbroadcastmanager:1.1.0) with ExtractAarTransform
[        ] Transforming localbroadcastmanager-1.1.0.aar (androidx.localbroadcastmanager:localbroadcastmanager:1.1.0) with AarTransform
[        ] Transforming profileinstaller-1.3.1.aar (androidx.profileinstaller:profileinstaller:1.3.1) with JetifyTransform
[        ] Transforming profileinstaller-1.3.1.aar (androidx.profileinstaller:profileinstaller:1.3.1) with ExtractAarTransform
[        ] Transforming profileinstaller-1.3.1.aar (androidx.profileinstaller:profileinstaller:1.3.1) with AarTransform
[        ] Transforming startup-runtime-1.1.1.aar (androidx.startup:startup-runtime:1.1.1) with JetifyTransform
[        ] Transforming startup-runtime-1.1.1.aar (androidx.startup:startup-runtime:1.1.1) with ExtractAarTransform
[        ] Transforming startup-runtime-1.1.1.aar (androidx.startup:startup-runtime:1.1.1) with AarTransform
[        ] Transforming tracing-1.2.0.aar (androidx.tracing:tracing:1.2.0) with JetifyTransform
[        ] Transforming tracing-1.2.0.aar (androidx.tracing:tracing:1.2.0) with ExtractAarTransform
[        ] Transforming tracing-1.2.0.aar (androidx.tracing:tracing:1.2.0) with AarTransform
[        ] Transforming exifinterface-1.4.1.aar (androidx.exifinterface:exifinterface:1.4.1) with JetifyTransform
[        ] Transforming exifinterface-1.4.1.aar (androidx.exifinterface:exifinterface:1.4.1) with ExtractAarTransform
[        ] Transforming exifinterface-1.4.1.aar (androidx.exifinterface:exifinterface:1.4.1) with AarTransform
[        ] Transforming firebase-components-19.0.0.aar (com.google.firebase:firebase-components:19.0.0) with JetifyTransform
[        ] Transforming firebase-components-19.0.0.aar (com.google.firebase:firebase-components:19.0.0) with ExtractAarTransform
[        ] Transforming firebase-components-19.0.0.aar (com.google.firebase:firebase-components:19.0.0) with AarTransform
[        ] Transforming firebase-datatransport-18.2.0.aar (com.google.firebase:firebase-datatransport:18.2.0) with JetifyTransform
[        ] Transforming firebase-datatransport-18.2.0.aar (com.google.firebase:firebase-datatransport:18.2.0) with ExtractAarTransform
[        ] Transforming firebase-datatransport-18.2.0.aar (com.google.firebase:firebase-datatransport:18.2.0) with AarTransform
[        ] Transforming transport-backend-cct-3.1.9.aar (com.google.android.datatransport:transport-backend-cct:3.1.9) with JetifyTransform
[        ] Transforming transport-backend-cct-3.1.9.aar (com.google.android.datatransport:transport-backend-cct:3.1.9) with ExtractAarTransform
[        ] Transforming transport-backend-cct-3.1.9.aar (com.google.android.datatransport:transport-backend-cct:3.1.9) with AarTransform
[        ] Transforming firebase-encoders-json-18.0.0.aar (com.google.firebase:firebase-encoders-json:18.0.0) with JetifyTransform
[        ] Transforming firebase-encoders-json-18.0.0.aar (com.google.firebase:firebase-encoders-json:18.0.0) with ExtractAarTransform
[        ] Transforming firebase-encoders-json-18.0.0.aar (com.google.firebase:firebase-encoders-json:18.0.0) with AarTransform
[        ] Transforming transport-runtime-3.1.9.aar (com.google.android.datatransport:transport-runtime:3.1.9) with JetifyTransform
[        ] Transforming transport-runtime-3.1.9.aar (com.google.android.datatransport:transport-runtime:3.1.9) with ExtractAarTransform
[        ] Transforming transport-runtime-3.1.9.aar (com.google.android.datatransport:transport-runtime:3.1.9) with AarTransform
[        ] Transforming transport-api-3.1.0.aar (com.google.android.datatransport:transport-api:3.1.0) with JetifyTransform
[        ] Transforming transport-api-3.1.0.aar (com.google.android.datatransport:transport-api:3.1.0) with ExtractAarTransform
[        ] Transforming transport-api-3.1.0.aar (com.google.android.datatransport:transport-api:3.1.0) with AarTransform
[        ] Transforming interpolator-1.0.0.aar (androidx.interpolator:interpolator:1.0.0) with JetifyTransform
[        ] Transforming interpolator-1.0.0.aar (androidx.interpolator:interpolator:1.0.0) with ExtractAarTransform
[        ] Transforming interpolator-1.0.0.aar (androidx.interpolator:interpolator:1.0.0) with AarTransform
[        ] Transforming interpolator-1.0.0.aar (androidx.interpolator:interpolator:1.0.0) with JetifyTransform
[        ] Transforming interpolator-1.0.0.aar (androidx.interpolator:interpolator:1.0.0) with ExtractAarTransform
[        ] Transforming interpolator-1.0.0.aar (androidx.interpolator:interpolator:1.0.0) with AarTransform
[        ] Transforming versionedparcelable-1.1.1.aar (androidx.versionedparcelable:versionedparcelable:1.1.1) with JetifyTransform
[        ] Transforming versionedparcelable-1.1.1.aar (androidx.versionedparcelable:versionedparcelable:1.1.1) with ExtractAarTransform
[        ] Transforming versionedparcelable-1.1.1.aar (androidx.versionedparcelable:versionedparcelable:1.1.1) with AarTransform
[        ] Transforming core-runtime-2.2.0.aar (androidx.arch.core:core-runtime:2.2.0) with JetifyTransform
[        ] Transforming core-runtime-2.2.0.aar (androidx.arch.core:core-runtime:2.2.0) with ExtractAarTransform
[        ] Transforming core-runtime-2.2.0.aar (androidx.arch.core:core-runtime:2.2.0) with AarTransform
[        ] Transforming cursoradapter-1.0.0.aar (androidx.cursoradapter:cursoradapter:1.0.0) with JetifyTransform
[        ] Transforming cursoradapter-1.0.0.aar (androidx.cursoradapter:cursoradapter:1.0.0) with ExtractAarTransform
[        ] Transforming cursoradapter-1.0.0.aar (androidx.cursoradapter:cursoradapter:1.0.0) with AarTransform
[        ] Transforming core-1.0.0.aar (androidx.window.extensions.core:core:1.0.0) with JetifyTransform
[        ] Transforming core-1.0.0.aar (androidx.window.extensions.core:core:1.0.0) with ExtractAarTransform
[        ] Transforming core-1.0.0.aar (androidx.window.extensions.core:core:1.0.0) with AarTransform
[        ] Transforming documentfile-1.0.0.aar (androidx.documentfile:documentfile:1.0.0) with JetifyTransform
[        ] Transforming documentfile-1.0.0.aar (androidx.documentfile:documentfile:1.0.0) with ExtractAarTransform
[        ] Transforming documentfile-1.0.0.aar (androidx.documentfile:documentfile:1.0.0) with AarTransform
[        ] Transforming print-1.0.0.aar (androidx.print:print:1.0.0) with JetifyTransform
[        ] Transforming print-1.0.0.aar (androidx.print:print:1.0.0) with ExtractAarTransform
[        ] Transforming print-1.0.0.aar (androidx.print:print:1.0.0) with AarTransform
[        ] Transforming googleid-1.1.0.aar (com.google.android.libraries.identity.googleid:googleid:1.1.0) with JetifyTransform
[        ] Transforming googleid-1.1.0.aar (com.google.android.libraries.identity.googleid:googleid:1.1.0) with ExtractAarTransform
[        ] Transforming googleid-1.1.0.aar (com.google.android.libraries.identity.googleid:googleid:1.1.0) with AarTransform
[        ] Transforming annotation-experimental-1.4.1.aar (androidx.annotation:annotation-experimental:1.4.1) with JetifyTransform
[        ] Transforming annotation-experimental-1.4.1.aar (androidx.annotation:annotation-experimental:1.4.1) with ExtractAarTransform
[        ] Transforming annotation-experimental-1.4.1.aar (androidx.annotation:annotation-experimental:1.4.1) with AarTransform
[        ] Transforming core-viewtree-1.0.0.aar (androidx.core:core-viewtree:1.0.0) with JetifyTransform
[        ] Transforming core-viewtree-1.0.0.aar (androidx.core:core-viewtree:1.0.0) with ExtractAarTransform
[        ] Transforming core-viewtree-1.0.0.aar (androidx.core:core-viewtree:1.0.0) with AarTransform
[        ] Transforming grpc-android-1.62.2.aar (io.grpc:grpc-android:1.62.2) with JetifyTransform
[        ] Transforming grpc-android-1.62.2.aar (io.grpc:grpc-android:1.62.2) with ExtractAarTransform
[        ] Transforming grpc-android-1.62.2.aar (io.grpc:grpc-android:1.62.2) with AarTransform
[        ] Transforming relinker-1.4.5.aar (com.getkeepsafe.relinker:relinker:1.4.5) with JetifyTransform
[        ] Transforming relinker-1.4.5.aar (com.getkeepsafe.relinker:relinker:1.4.5) with ExtractAarTransform
[        ] Transforming relinker-1.4.5.aar (com.getkeepsafe.relinker:relinker:1.4.5) with AarTransform
[        ] Transforming protolite-well-known-types-18.0.1.aar (com.google.firebase:protolite-well-known-types:18.0.1) with JetifyTransform
[        ] Transforming protolite-well-known-types-18.0.1.aar (com.google.firebase:protolite-well-known-types:18.0.1) with ExtractAarTransform
[        ] Transforming protolite-well-known-types-18.0.1.aar (com.google.firebase:protolite-well-known-types:18.0.1) with AarTransform
[        ] Transforming core-common-2.0.3.aar (com.google.android.play:core-common:2.0.3) with JetifyTransform
[        ] Transforming core-common-2.0.3.aar (com.google.android.play:core-common:2.0.3) with ExtractAarTransform
[        ] Transforming core-common-2.0.3.aar (com.google.android.play:core-common:2.0.3) with AarTransform
[        ] Caching disabled for task ':app:processDebugMainManifest' because:
[        ]   Build cache is disabled
[        ] Skipping task ':app:processDebugMainManifest' as it is up-to-date.
[        ] Resolve mutations for :app:outputDebugAppLinkSettings (Thread[#565,Execution worker Thread 14,5,main]) started.
[        ] :app:outputDebugAppLinkSettings (Thread[#565,Execution worker Thread 14,5,main]) started.
[        ] > Task :app:outputDebugAppLinkSettings UP-TO-DATE
[        ] Caching disabled for task ':app:outputDebugAppLinkSettings' because:
[        ]   Build cache is disabled
[        ]   Caching has not been enabled for the task
[        ] Skipping task ':app:outputDebugAppLinkSettings' as it is up-to-date.
[        ] Resolve mutations for :app:processDebugManifest (Thread[#565,Execution worker Thread 14,5,main]) started.
[        ] :app:processDebugManifest (Thread[#565,Execution worker Thread 14,5,main]) started.
[        ] > Task :app:processDebugManifest UP-TO-DATE
[        ] Caching disabled for task ':app:processDebugManifest' because:
[        ]   Build cache is disabled
[        ] Skipping task ':app:processDebugManifest' as it is up-to-date.
[        ] Resolve mutations for :app:processDebugManifestForPackage (Thread[#565,Execution worker Thread 14,5,main]) started.
[        ] :app:processDebugManifestForPackage (Thread[#564,Execution worker Thread 13,5,main]) started.
[        ] > Task :app:processDebugManifestForPackage UP-TO-DATE
[        ] Custom actions are attached to task ':app:processDebugManifestForPackage'.
[        ] Caching disabled for task ':app:processDebugManifestForPackage' because:
[        ]   Build cache is disabled
[        ] Skipping task ':app:processDebugManifestForPackage' as it is up-to-date.
[        ] Resolve mutations for :app_links:compileDebugLibraryResources (Thread[#564,Execution worker Thread 13,5,main]) started.
[        ] :app_links:compileDebugLibraryResources (Thread[#564,Execution worker Thread 13,5,main]) started.
[        ] > Task :app_links:compileDebugLibraryResources UP-TO-DATE
[        ] Caching disabled for task ':app_links:compileDebugLibraryResources' because:
[        ]   Build cache is disabled
[        ] Skipping task ':app_links:compileDebugLibraryResources' as it is up-to-date.
[        ] work action resolve out (project :app_links) (Thread[#564,Execution worker Thread 13,5,main]) started.
[        ] Resolve mutations for :app_links:parseDebugLocalResources (Thread[#564,Execution worker Thread 13,5,main]) started.
[        ] :app_links:parseDebugLocalResources (Thread[#564,Execution worker Thread 13,5,main]) started.
[        ] > Task :app_links:parseDebugLocalResources UP-TO-DATE
[        ] Transforming android.jar with PlatformAttrTransform
[        ] Transforming android.jar with PlatformAttrTransform
[        ] Transforming android.jar with PlatformAttrTransform
[        ] Transforming android.jar with PlatformAttrTransform
[        ] Transforming android.jar with PlatformAttrTransform
[        ] Transforming android.jar with PlatformAttrTransform
[        ] Transforming android.jar with PlatformAttrTransform
[        ] Transforming android.jar with PlatformAttrTransform
[        ] Caching disabled for task ':app_links:parseDebugLocalResources' because:
[        ]   Build cache is disabled
[        ] Skipping task ':app_links:parseDebugLocalResources' as it is up-to-date.
[        ] Resolve mutations for :app_links:generateDebugRFile (Thread[#564,Execution worker Thread 13,5,main]) started.
[        ] :app_links:generateDebugRFile (Thread[#564,Execution worker Thread 13,5,main]) started.
[        ] > Task :app_links:generateDebugRFile UP-TO-DATE
[        ] Transforming android.jar with PlatformAttrTransform
[        ] Transforming android.jar with PlatformAttrTransform
[        ] Transforming android.jar with PlatformAttrTransform
[        ] Transforming android.jar with PlatformAttrTransform
[        ] Caching disabled for task ':app_links:generateDebugRFile' because:
[        ]   Build cache is disabled
[        ] Skipping task ':app_links:generateDebugRFile' as it is up-to-date.
[        ] work action resolve package-aware-r.txt (project :app_links) (Thread[#564,Execution worker Thread 13,5,main]) started.
[        ] Resolve mutations for :cloud_firestore:compileDebugLibraryResources (Thread[#564,Execution worker Thread 13,5,main]) started.
[        ] :cloud_firestore:compileDebugLibraryResources (Thread[#564,Execution worker Thread 13,5,main]) started.
[        ] > Task :cloud_firestore:compileDebugLibraryResources UP-TO-DATE
[        ] Caching disabled for task ':cloud_firestore:compileDebugLibraryResources' because:
[        ]   Build cache is disabled
[        ] Skipping task ':cloud_firestore:compileDebugLibraryResources' as it is up-to-date.
[        ] work action resolve out (project :cloud_firestore) (Thread[#564,Execution worker Thread 13,5,main]) started.
[        ] Resolve mutations for :cloud_firestore:parseDebugLocalResources (Thread[#564,Execution worker Thread 13,5,main]) started.
[        ] :cloud_firestore:parseDebugLocalResources (Thread[#564,Execution worker Thread 13,5,main]) started.
[        ] > Task :cloud_firestore:parseDebugLocalResources UP-TO-DATE
[        ] Transforming android.jar with PlatformAttrTransform
[        ] Transforming android.jar with PlatformAttrTransform
[        ] Transforming android.jar with PlatformAttrTransform
[        ] Transforming android.jar with PlatformAttrTransform
[        ] Transforming android.jar with PlatformAttrTransform
[        ] Transforming android.jar with PlatformAttrTransform
[        ] Transforming android.jar with PlatformAttrTransform
[        ] Transforming android.jar with PlatformAttrTransform
[        ] Caching disabled for task ':cloud_firestore:parseDebugLocalResources' because:
[        ]   Build cache is disabled
[        ] Skipping task ':cloud_firestore:parseDebugLocalResources' as it is up-to-date.
[        ] Resolve mutations for :cloud_firestore:generateDebugRFile (Thread[#564,Execution worker Thread 13,5,main]) started.
[        ] :cloud_firestore:generateDebugRFile (Thread[#564,Execution worker Thread 13,5,main]) started.
[        ] > Task :cloud_firestore:generateDebugRFile UP-TO-DATE
[        ] Transforming android.jar with PlatformAttrTransform
[        ] Transforming android.jar with PlatformAttrTransform
[        ] Transforming android.jar with PlatformAttrTransform
[        ] Transforming android.jar with PlatformAttrTransform
[        ] Caching disabled for task ':cloud_firestore:generateDebugRFile' because:
[        ]   Build cache is disabled
[        ] Skipping task ':cloud_firestore:generateDebugRFile' as it is up-to-date.
[        ] work action resolve package-aware-r.txt (project :cloud_firestore) (Thread[#564,Execution worker Thread 13,5,main]) started.
[        ] Resolve mutations for :desktop_webview_auth:compileDebugLibraryResources (Thread[#564,Execution worker Thread 13,5,main]) started.
[        ] :desktop_webview_auth:compileDebugLibraryResources (Thread[#564,Execution worker Thread 13,5,main]) started.
[        ] > Task :desktop_webview_auth:compileDebugLibraryResources UP-TO-DATE
[        ] Caching disabled for task ':desktop_webview_auth:compileDebugLibraryResources' because:
[        ]   Build cache is disabled
[        ] Skipping task ':desktop_webview_auth:compileDebugLibraryResources' as it is up-to-date.
[        ] work action resolve out (project :desktop_webview_auth) (Thread[#564,Execution worker Thread 13,5,main]) started.
[        ] Resolve mutations for :desktop_webview_auth:parseDebugLocalResources (Thread[#565,Execution worker Thread 14,5,main]) started.
[        ] :desktop_webview_auth:parseDebugLocalResources (Thread[#565,Execution worker Thread 14,5,main]) started.
[  +31 ms] > Task :desktop_webview_auth:parseDebugLocalResources UP-TO-DATE
[        ] Transforming android.jar with PlatformAttrTransform
[        ] Transforming android.jar with PlatformAttrTransform
[        ] Transforming android.jar with PlatformAttrTransform
[        ] Transforming android.jar with PlatformAttrTransform
[        ] Transforming android.jar with PlatformAttrTransform
[        ] Transforming android.jar with PlatformAttrTransform
[        ] Transforming android.jar with PlatformAttrTransform
[        ] Transforming android.jar with PlatformAttrTransform
[        ] Caching disabled for task ':desktop_webview_auth:parseDebugLocalResources' because:
[        ]   Build cache is disabled
[        ] Skipping task ':desktop_webview_auth:parseDebugLocalResources' as it is up-to-date.
[        ] Resolve mutations for :desktop_webview_auth:generateDebugRFile (Thread[#565,Execution worker Thread 14,5,main]) started.
[        ] :desktop_webview_auth:generateDebugRFile (Thread[#565,Execution worker Thread 14,5,main]) started.
[        ] > Task :desktop_webview_auth:generateDebugRFile UP-TO-DATE
[        ] Transforming android.jar with PlatformAttrTransform
[        ] Transforming android.jar with PlatformAttrTransform
[        ] Transforming android.jar with PlatformAttrTransform
[        ] Transforming android.jar with PlatformAttrTransform
[        ] Caching disabled for task ':desktop_webview_auth:generateDebugRFile' because:
[        ]   Build cache is disabled
[        ] Skipping task ':desktop_webview_auth:generateDebugRFile' as it is up-to-date.
[        ] work action resolve package-aware-r.txt (project :desktop_webview_auth) (Thread[#565,Execution worker Thread 14,5,main]) started.
[        ] Resolve mutations for :firebase_auth:compileDebugLibraryResources (Thread[#565,Execution worker Thread 14,5,main]) started.
[        ] :firebase_auth:compileDebugLibraryResources (Thread[#565,Execution worker Thread 14,5,main]) started.
[        ] > Task :firebase_auth:compileDebugLibraryResources UP-TO-DATE
[        ] Caching disabled for task ':firebase_auth:compileDebugLibraryResources' because:
[        ]   Build cache is disabled
[        ] Skipping task ':firebase_auth:compileDebugLibraryResources' as it is up-to-date.
[        ] work action resolve out (project :firebase_auth) (Thread[#565,Execution worker Thread 14,5,main]) started.
[        ] Resolve mutations for :firebase_auth:parseDebugLocalResources (Thread[#565,Execution worker Thread 14,5,main]) started.
[        ] :firebase_auth:parseDebugLocalResources (Thread[#565,Execution worker Thread 14,5,main]) started.
[        ] > Task :firebase_auth:parseDebugLocalResources UP-TO-DATE
[        ] Transforming android.jar with PlatformAttrTransform
[        ] Transforming android.jar with PlatformAttrTransform
[        ] Transforming android.jar with PlatformAttrTransform
[        ] Transforming android.jar with PlatformAttrTransform
[        ] Transforming android.jar with PlatformAttrTransform
[        ] Transforming android.jar with PlatformAttrTransform
[        ] Transforming android.jar with PlatformAttrTransform
[        ] Transforming android.jar with PlatformAttrTransform
[        ] Caching disabled for task ':firebase_auth:parseDebugLocalResources' because:
[        ]   Build cache is disabled
[        ] Skipping task ':firebase_auth:parseDebugLocalResources' as it is up-to-date.
[        ] Resolve mutations for :firebase_auth:generateDebugRFile (Thread[#565,Execution worker Thread 14,5,main]) started.
[        ] :firebase_auth:generateDebugRFile (Thread[#565,Execution worker Thread 14,5,main]) started.
[        ] > Task :firebase_auth:generateDebugRFile UP-TO-DATE
[        ] Transforming android.jar with PlatformAttrTransform
[        ] Transforming android.jar with PlatformAttrTransform
[        ] Transforming android.jar with PlatformAttrTransform
[        ] Transforming android.jar with PlatformAttrTransform
[        ] Caching disabled for task ':firebase_auth:generateDebugRFile' because:
[        ]   Build cache is disabled
[        ] Skipping task ':firebase_auth:generateDebugRFile' as it is up-to-date.
[        ] work action resolve package-aware-r.txt (project :firebase_auth) (Thread[#565,Execution worker Thread 14,5,main]) started.
[        ] Resolve mutations for :firebase_core:compileDebugLibraryResources (Thread[#565,Execution worker Thread 14,5,main]) started.
[        ] :firebase_core:compileDebugLibraryResources (Thread[#565,Execution worker Thread 14,5,main]) started.
[        ] > Task :firebase_core:compileDebugLibraryResources UP-TO-DATE
[        ] Caching disabled for task ':firebase_core:compileDebugLibraryResources' because:
[        ]   Build cache is disabled
[        ] Skipping task ':firebase_core:compileDebugLibraryResources' as it is up-to-date.
[        ] work action resolve out (project :firebase_core) (Thread[#565,Execution worker Thread 14,5,main]) started.
[        ] Resolve mutations for :firebase_core:parseDebugLocalResources (Thread[#565,Execution worker Thread 14,5,main]) started.
[        ] :firebase_core:parseDebugLocalResources (Thread[#565,Execution worker Thread 14,5,main]) started.
[        ] > Task :firebase_core:parseDebugLocalResources UP-TO-DATE
[        ] Transforming android.jar with PlatformAttrTransform
[        ] Transforming android.jar with PlatformAttrTransform
[        ] Transforming android.jar with PlatformAttrTransform
[        ] Transforming android.jar with PlatformAttrTransform
[        ] Transforming android.jar with PlatformAttrTransform
[        ] Transforming android.jar with PlatformAttrTransform
[        ] Transforming android.jar with PlatformAttrTransform
[        ] Transforming android.jar with PlatformAttrTransform
[        ] Caching disabled for task ':firebase_core:parseDebugLocalResources' because:
[        ]   Build cache is disabled
[        ] Skipping task ':firebase_core:parseDebugLocalResources' as it is up-to-date.
[        ] Resolve mutations for :firebase_core:generateDebugRFile (Thread[#565,Execution worker Thread 14,5,main]) started.
[        ] :firebase_core:generateDebugRFile (Thread[#565,Execution worker Thread 14,5,main]) started.
[        ] > Task :firebase_core:generateDebugRFile UP-TO-DATE
[        ] Transforming android.jar with PlatformAttrTransform
[        ] Transforming android.jar with PlatformAttrTransform
[        ] Transforming android.jar with PlatformAttrTransform
[        ] Transforming android.jar with PlatformAttrTransform
[        ] Caching disabled for task ':firebase_core:generateDebugRFile' because:
[        ]   Build cache is disabled
[        ] Skipping task ':firebase_core:generateDebugRFile' as it is up-to-date.
[        ] work action resolve package-aware-r.txt (project :firebase_core) (Thread[#565,Execution worker Thread 14,5,main]) started.
[        ] Resolve mutations for :firebase_messaging:compileDebugLibraryResources (Thread[#565,Execution worker Thread 14,5,main]) started.
[        ] :firebase_messaging:compileDebugLibraryResources (Thread[#565,Execution worker Thread 14,5,main]) started.
[        ] > Task :firebase_messaging:compileDebugLibraryResources UP-TO-DATE
[        ] Caching disabled for task ':firebase_messaging:compileDebugLibraryResources' because:
[        ]   Build cache is disabled
[        ] Skipping task ':firebase_messaging:compileDebugLibraryResources' as it is up-to-date.
[        ] work action resolve out (project :firebase_messaging) (Thread[#565,Execution worker Thread 14,5,main]) started.
[        ] Resolve mutations for :firebase_messaging:parseDebugLocalResources (Thread[#565,Execution worker Thread 14,5,main]) started.
[        ] :firebase_messaging:parseDebugLocalResources (Thread[#565,Execution worker Thread 14,5,main]) started.
[        ] > Task :firebase_messaging:parseDebugLocalResources UP-TO-DATE
[        ] Transforming android.jar with PlatformAttrTransform
[        ] Transforming android.jar with PlatformAttrTransform
[        ] Transforming android.jar with PlatformAttrTransform
[        ] Transforming android.jar with PlatformAttrTransform
[        ] Transforming android.jar with PlatformAttrTransform
[        ] Transforming android.jar with PlatformAttrTransform
[        ] Transforming android.jar with PlatformAttrTransform
[        ] Transforming android.jar with PlatformAttrTransform
[        ] Caching disabled for task ':firebase_messaging:parseDebugLocalResources' because:
[        ]   Build cache is disabled
[        ] Skipping task ':firebase_messaging:parseDebugLocalResources' as it is up-to-date.
[        ] Resolve mutations for :firebase_messaging:generateDebugRFile (Thread[#565,Execution worker Thread 14,5,main]) started.
[        ] :firebase_messaging:generateDebugRFile (Thread[#565,Execution worker Thread 14,5,main]) started.
[        ] > Task :firebase_messaging:generateDebugRFile UP-TO-DATE
[        ] Transforming android.jar with PlatformAttrTransform
[        ] Transforming android.jar with PlatformAttrTransform
[        ] Transforming android.jar with PlatformAttrTransform
[        ] Transforming android.jar with PlatformAttrTransform
[        ] Caching disabled for task ':firebase_messaging:generateDebugRFile' because:
[        ]   Build cache is disabled
[        ] Skipping task ':firebase_messaging:generateDebugRFile' as it is up-to-date.
[        ] work action resolve package-aware-r.txt (project :firebase_messaging) (Thread[#565,Execution worker Thread 14,5,main]) started.
[        ] Resolve mutations for :flutter_local_notifications:compileDebugLibraryResources (Thread[#565,Execution worker Thread 14,5,main]) started.
[        ] :flutter_local_notifications:compileDebugLibraryResources (Thread[#565,Execution worker Thread 14,5,main]) started.
[        ] > Task :flutter_local_notifications:compileDebugLibraryResources UP-TO-DATE
[        ] Caching disabled for task ':flutter_local_notifications:compileDebugLibraryResources' because:
[        ]   Build cache is disabled
[        ] Skipping task ':flutter_local_notifications:compileDebugLibraryResources' as it is up-to-date.
[        ] work action resolve out (project :flutter_local_notifications) (Thread[#565,Execution worker Thread 14,5,main]) started.
[        ] Resolve mutations for :flutter_local_notifications:parseDebugLocalResources (Thread[#565,Execution worker Thread 14,5,main]) started.
[        ] :flutter_local_notifications:parseDebugLocalResources (Thread[#565,Execution worker Thread 14,5,main]) started.
[        ] > Task :flutter_local_notifications:parseDebugLocalResources UP-TO-DATE
[        ] Transforming android.jar with PlatformAttrTransform
[        ] Transforming android.jar with PlatformAttrTransform
[        ] Transforming android.jar with PlatformAttrTransform
[        ] Transforming android.jar with PlatformAttrTransform
[        ] Transforming android.jar with PlatformAttrTransform
[        ] Transforming android.jar with PlatformAttrTransform
[        ] Transforming android.jar with PlatformAttrTransform
[        ] Transforming android.jar with PlatformAttrTransform
[        ] Caching disabled for task ':flutter_local_notifications:parseDebugLocalResources' because:
[        ]   Build cache is disabled
[        ] Skipping task ':flutter_local_notifications:parseDebugLocalResources' as it is up-to-date.
[        ] Resolve mutations for :flutter_local_notifications:generateDebugRFile (Thread[#565,Execution worker Thread 14,5,main]) started.
[        ] :flutter_local_notifications:generateDebugRFile (Thread[#565,Execution worker Thread 14,5,main]) started.
[        ] > Task :flutter_local_notifications:generateDebugRFile UP-TO-DATE
[        ] Transforming android.jar with PlatformAttrTransform
[        ] Transforming android.jar with PlatformAttrTransform
[        ] Transforming android.jar with PlatformAttrTransform
[        ] Transforming android.jar with PlatformAttrTransform
[        ] Caching disabled for task ':flutter_local_notifications:generateDebugRFile' because:
[        ]   Build cache is disabled
[        ] Skipping task ':flutter_local_notifications:generateDebugRFile' as it is up-to-date.
[        ] work action resolve package-aware-r.txt (project :flutter_local_notifications) (Thread[#565,Execution worker Thread 14,5,main]) started.
[        ] Resolve mutations for :flutter_tts:compileDebugLibraryResources (Thread[#557,Execution worker Thread 6,5,main]) started.
[        ] :flutter_tts:compileDebugLibraryResources (Thread[#557,Execution worker Thread 6,5,main]) started.
[        ] > Task :flutter_tts:compileDebugLibraryResources UP-TO-DATE
[        ] Caching disabled for task ':flutter_tts:compileDebugLibraryResources' because:
[        ]   Build cache is disabled
[        ] Skipping task ':flutter_tts:compileDebugLibraryResources' as it is up-to-date.
[        ] work action resolve out (project :flutter_tts) (Thread[#557,Execution worker Thread 6,5,main]) started.
[        ] Resolve mutations for :flutter_tts:parseDebugLocalResources (Thread[#561,Execution worker Thread 10,5,main]) started.
[        ] :flutter_tts:parseDebugLocalResources (Thread[#565,Execution worker Thread 14,5,main]) started.
[        ] > Task :flutter_tts:parseDebugLocalResources UP-TO-DATE
[        ] Transforming android.jar with PlatformAttrTransform
[        ] Transforming android.jar with PlatformAttrTransform
[        ] Transforming android.jar with PlatformAttrTransform
[        ] Transforming android.jar with PlatformAttrTransform
[        ] Transforming android.jar with PlatformAttrTransform
[        ] Transforming android.jar with PlatformAttrTransform
[        ] Transforming android.jar with PlatformAttrTransform
[        ] Transforming android.jar with PlatformAttrTransform
[        ] Caching disabled for task ':flutter_tts:parseDebugLocalResources' because:
[        ]   Build cache is disabled
[        ] Skipping task ':flutter_tts:parseDebugLocalResources' as it is up-to-date.
[        ] Resolve mutations for :flutter_tts:generateDebugRFile (Thread[#565,Execution worker Thread 14,5,main]) started.
[        ] :flutter_tts:generateDebugRFile (Thread[#565,Execution worker Thread 14,5,main]) started.
[        ] > Task :flutter_tts:generateDebugRFile UP-TO-DATE
[        ] Transforming android.jar with PlatformAttrTransform
[        ] Transforming android.jar with PlatformAttrTransform
[        ] Transforming android.jar with PlatformAttrTransform
[        ] Transforming android.jar with PlatformAttrTransform
[        ] Caching disabled for task ':flutter_tts:generateDebugRFile' because:
[        ]   Build cache is disabled
[        ] Skipping task ':flutter_tts:generateDebugRFile' as it is up-to-date.
[        ] work action resolve package-aware-r.txt (project :flutter_tts) (Thread[#561,Execution worker Thread 10,5,main]) started.
[        ] Resolve mutations for :google_sign_in_android:compileDebugLibraryResources (Thread[#551,included builds,5,main]) started.
[        ] :google_sign_in_android:compileDebugLibraryResources (Thread[#551,included builds,5,main]) started.
[        ] > Task :google_sign_in_android:compileDebugLibraryResources UP-TO-DATE
[        ] Caching disabled for task ':google_sign_in_android:compileDebugLibraryResources' because:
[        ]   Build cache is disabled
[        ] Skipping task ':google_sign_in_android:compileDebugLibraryResources' as it is up-to-date.
[        ] work action resolve out (project :google_sign_in_android) (Thread[#551,included builds,5,main]) started.
[        ] Resolve mutations for :google_sign_in_android:parseDebugLocalResources (Thread[#562,Execution worker Thread 11,5,main]) started.
[        ] :google_sign_in_android:parseDebugLocalResources (Thread[#562,Execution worker Thread 11,5,main]) started.
[        ] > Task :google_sign_in_android:parseDebugLocalResources UP-TO-DATE
[        ] Transforming android.jar with PlatformAttrTransform
[        ] Transforming android.jar with PlatformAttrTransform
[        ] Transforming android.jar with PlatformAttrTransform
[        ] Transforming android.jar with PlatformAttrTransform
[        ] Transforming android.jar with PlatformAttrTransform
[        ] Transforming android.jar with PlatformAttrTransform
[        ] Transforming android.jar with PlatformAttrTransform
[        ] Transforming android.jar with PlatformAttrTransform
[        ] Caching disabled for task ':google_sign_in_android:parseDebugLocalResources' because:
[        ]   Build cache is disabled
[        ] Skipping task ':google_sign_in_android:parseDebugLocalResources' as it is up-to-date.
[        ] Resolve mutations for :google_sign_in_android:generateDebugRFile (Thread[#562,Execution worker Thread 11,5,main]) started.
[        ] :google_sign_in_android:generateDebugRFile (Thread[#562,Execution worker Thread 11,5,main]) started.
[        ] > Task :google_sign_in_android:generateDebugRFile UP-TO-DATE
[        ] Transforming android.jar with PlatformAttrTransform
[        ] Transforming android.jar with PlatformAttrTransform
[        ] Transforming android.jar with PlatformAttrTransform
[        ] Transforming android.jar with PlatformAttrTransform
[        ] Caching disabled for task ':google_sign_in_android:generateDebugRFile' because:
[        ]   Build cache is disabled
[        ] Skipping task ':google_sign_in_android:generateDebugRFile' as it is up-to-date.
[        ] work action resolve package-aware-r.txt (project :google_sign_in_android) (Thread[#562,Execution worker Thread 11,5,main]) started.
[        ] Resolve mutations for :path_provider_android:compileDebugLibraryResources (Thread[#562,Execution worker Thread 11,5,main]) started.
[        ] :path_provider_android:compileDebugLibraryResources (Thread[#562,Execution worker Thread 11,5,main]) started.
[        ] > Task :path_provider_android:compileDebugLibraryResources UP-TO-DATE
[        ] Caching disabled for task ':path_provider_android:compileDebugLibraryResources' because:
[        ]   Build cache is disabled
[        ] Skipping task ':path_provider_android:compileDebugLibraryResources' as it is up-to-date.
[        ] work action resolve out (project :path_provider_android) (Thread[#562,Execution worker Thread 11,5,main]) started.
[        ] Resolve mutations for :path_provider_android:parseDebugLocalResources (Thread[#562,Execution worker Thread 11,5,main]) started.
[        ] :path_provider_android:parseDebugLocalResources (Thread[#562,Execution worker Thread 11,5,main]) started.
[        ] > Task :path_provider_android:parseDebugLocalResources UP-TO-DATE
[        ] Transforming android.jar with PlatformAttrTransform
[        ] Transforming android.jar with PlatformAttrTransform
[        ] Transforming android.jar with PlatformAttrTransform
[        ] Transforming android.jar with PlatformAttrTransform
[        ] Transforming android.jar with PlatformAttrTransform
[        ] Transforming android.jar with PlatformAttrTransform
[        ] Transforming android.jar with PlatformAttrTransform
[        ] Transforming android.jar with PlatformAttrTransform
[        ] Caching disabled for task ':path_provider_android:parseDebugLocalResources' because:
[        ]   Build cache is disabled
[        ] Skipping task ':path_provider_android:parseDebugLocalResources' as it is up-to-date.
[        ] Resolve mutations for :path_provider_android:generateDebugRFile (Thread[#562,Execution worker Thread 11,5,main]) started.
[        ] :path_provider_android:generateDebugRFile (Thread[#562,Execution worker Thread 11,5,main]) started.
[        ] > Task :path_provider_android:generateDebugRFile UP-TO-DATE
[        ] Transforming android.jar with PlatformAttrTransform
[        ] Transforming android.jar with PlatformAttrTransform
[        ] Transforming android.jar with PlatformAttrTransform
[        ] Transforming android.jar with PlatformAttrTransform
[        ] Caching disabled for task ':path_provider_android:generateDebugRFile' because:
[        ]   Build cache is disabled
[        ] Skipping task ':path_provider_android:generateDebugRFile' as it is up-to-date.
[        ] work action resolve package-aware-r.txt (project :path_provider_android) (Thread[#562,Execution worker Thread 11,5,main]) started.
[        ] Resolve mutations for :shared_preferences_android:compileDebugLibraryResources (Thread[#562,Execution worker Thread 11,5,main]) started.
[        ] :shared_preferences_android:compileDebugLibraryResources (Thread[#562,Execution worker Thread 11,5,main]) started.
[        ] > Task :shared_preferences_android:compileDebugLibraryResources UP-TO-DATE
[        ] Caching disabled for task ':shared_preferences_android:compileDebugLibraryResources' because:
[        ]   Build cache is disabled
[        ] Skipping task ':shared_preferences_android:compileDebugLibraryResources' as it is up-to-date.
[        ] work action resolve out (project :shared_preferences_android) (Thread[#562,Execution worker Thread 11,5,main]) started.
[        ] Resolve mutations for :shared_preferences_android:parseDebugLocalResources (Thread[#562,Execution worker Thread 11,5,main]) started.
[        ] :shared_preferences_android:parseDebugLocalResources (Thread[#562,Execution worker Thread 11,5,main]) started.
[        ] > Task :shared_preferences_android:parseDebugLocalResources UP-TO-DATE
[        ] Transforming android.jar with PlatformAttrTransform
[        ] Transforming android.jar with PlatformAttrTransform
[        ] Transforming android.jar with PlatformAttrTransform
[        ] Transforming android.jar with PlatformAttrTransform
[        ] Transforming android.jar with PlatformAttrTransform
[        ] Transforming android.jar with PlatformAttrTransform
[        ] Transforming android.jar with PlatformAttrTransform
[        ] Transforming android.jar with PlatformAttrTransform
[        ] Caching disabled for task ':shared_preferences_android:parseDebugLocalResources' because:
[        ]   Build cache is disabled
[        ] Skipping task ':shared_preferences_android:parseDebugLocalResources' as it is up-to-date.
[        ] Resolve mutations for :shared_preferences_android:generateDebugRFile (Thread[#562,Execution worker Thread 11,5,main]) started.
[        ] :shared_preferences_android:generateDebugRFile (Thread[#562,Execution worker Thread 11,5,main]) started.
[        ] > Task :shared_preferences_android:generateDebugRFile UP-TO-DATE
[        ] Transforming android.jar with PlatformAttrTransform
[        ] Transforming android.jar with PlatformAttrTransform
[        ] Transforming android.jar with PlatformAttrTransform
[        ] Transforming android.jar with PlatformAttrTransform
[        ] Caching disabled for task ':shared_preferences_android:generateDebugRFile' because:
[        ]   Build cache is disabled
[        ] Skipping task ':shared_preferences_android:generateDebugRFile' as it is up-to-date.
[        ] work action resolve package-aware-r.txt (project :shared_preferences_android) (Thread[#562,Execution worker Thread 11,5,main]) started.
[        ] Resolve mutations for :twitter_login:compileDebugLibraryResources (Thread[#562,Execution worker Thread 11,5,main]) started.
[        ] :twitter_login:compileDebugLibraryResources (Thread[#562,Execution worker Thread 11,5,main]) started.
[        ] > Task :twitter_login:compileDebugLibraryResources UP-TO-DATE
[        ] Caching disabled for task ':twitter_login:compileDebugLibraryResources' because:
[        ]   Build cache is disabled
[        ] Skipping task ':twitter_login:compileDebugLibraryResources' as it is up-to-date.
[        ] work action resolve out (project :twitter_login) (Thread[#562,Execution worker Thread 11,5,main]) started.
[        ] Resolve mutations for :twitter_login:parseDebugLocalResources (Thread[#562,Execution worker Thread 11,5,main]) started.
[        ] :twitter_login:parseDebugLocalResources (Thread[#562,Execution worker Thread 11,5,main]) started.
[  +84 ms] > Task :twitter_login:parseDebugLocalResources UP-TO-DATE
[        ] Transforming android.jar with PlatformAttrTransform
[        ] Transforming android.jar with PlatformAttrTransform
[        ] Transforming android.jar with PlatformAttrTransform
[        ] Transforming android.jar with PlatformAttrTransform
[        ] Transforming android.jar with PlatformAttrTransform
[        ] Transforming android.jar with PlatformAttrTransform
[        ] Transforming android.jar with PlatformAttrTransform
[        ] Transforming android.jar with PlatformAttrTransform
[        ] Caching disabled for task ':twitter_login:parseDebugLocalResources' because:
[        ]   Build cache is disabled
[        ] Skipping task ':twitter_login:parseDebugLocalResources' as it is up-to-date.
[        ] Resolve mutations for :twitter_login:generateDebugRFile (Thread[#562,Execution worker Thread 11,5,main]) started.
[        ] :twitter_login:generateDebugRFile (Thread[#566,Execution worker Thread 15,5,main]) started.
[        ] > Task :twitter_login:generateDebugRFile UP-TO-DATE
[        ] Transforming android.jar with PlatformAttrTransform
[        ] Transforming android.jar with PlatformAttrTransform
[        ] Transforming android.jar with PlatformAttrTransform
[        ] Transforming android.jar with PlatformAttrTransform
[        ] Caching disabled for task ':twitter_login:generateDebugRFile' because:
[        ]   Build cache is disabled
[        ] Skipping task ':twitter_login:generateDebugRFile' as it is up-to-date.
[        ] work action resolve package-aware-r.txt (project :twitter_login) (Thread[#566,Execution worker Thread 15,5,main]) started.
[        ] Resolve mutations for :url_launcher_android:compileDebugLibraryResources (Thread[#566,Execution worker Thread 15,5,main]) started.
[        ] :url_launcher_android:compileDebugLibraryResources (Thread[#566,Execution worker Thread 15,5,main]) started.
[        ] > Task :url_launcher_android:compileDebugLibraryResources UP-TO-DATE
[        ] Caching disabled for task ':url_launcher_android:compileDebugLibraryResources' because:
[        ]   Build cache is disabled
[        ] Skipping task ':url_launcher_android:compileDebugLibraryResources' as it is up-to-date.
[        ] work action resolve out (project :url_launcher_android) (Thread[#566,Execution worker Thread 15,5,main]) started.
[        ] Resolve mutations for :url_launcher_android:parseDebugLocalResources (Thread[#566,Execution worker Thread 15,5,main]) started.
[        ] :url_launcher_android:parseDebugLocalResources (Thread[#566,Execution worker Thread 15,5,main]) started.
[        ] > Task :url_launcher_android:parseDebugLocalResources UP-TO-DATE
[        ] Transforming android.jar with PlatformAttrTransform
[        ] Transforming android.jar with PlatformAttrTransform
[        ] Transforming android.jar with PlatformAttrTransform
[        ] Transforming android.jar with PlatformAttrTransform
[        ] Transforming android.jar with PlatformAttrTransform
[        ] Transforming android.jar with PlatformAttrTransform
[        ] Transforming android.jar with PlatformAttrTransform
[        ] Transforming android.jar with PlatformAttrTransform
[        ] Caching disabled for task ':url_launcher_android:parseDebugLocalResources' because:
[        ]   Build cache is disabled
[        ] Skipping task ':url_launcher_android:parseDebugLocalResources' as it is up-to-date.
[        ] Resolve mutations for :url_launcher_android:generateDebugRFile (Thread[#566,Execution worker Thread 15,5,main]) started.
[        ] :url_launcher_android:generateDebugRFile (Thread[#566,Execution worker Thread 15,5,main]) started.
[        ] > Task :url_launcher_android:generateDebugRFile UP-TO-DATE
[        ] Transforming android.jar with PlatformAttrTransform
[        ] Transforming android.jar with PlatformAttrTransform
[        ] Transforming android.jar with PlatformAttrTransform
[        ] Transforming android.jar with PlatformAttrTransform
[        ] Caching disabled for task ':url_launcher_android:generateDebugRFile' because:
[        ]   Build cache is disabled
[        ] Skipping task ':url_launcher_android:generateDebugRFile' as it is up-to-date.
[        ] work action resolve package-aware-r.txt (project :url_launcher_android) (Thread[#566,Execution worker Thread 15,5,main]) started.
[        ] Resolve mutations for :app:processDebugResources (Thread[#559,Execution worker Thread 8,5,main]) started.
[        ] :app:processDebugResources (Thread[#566,Execution worker Thread 15,5,main]) started.
[        ] > Task :app:processDebugResources UP-TO-DATE
[        ] Transforming aapt2-8.9.1-12782657-windows.jar (com.android.tools.build:aapt2:8.9.1-12782657) with Aapt2Extractor
[        ] Transforming firebase-firestore-26.1.0.aar (com.google.firebase:firebase-firestore:26.1.0) with JetifyTransform
[        ] Transforming firebase-firestore-26.1.0.aar (com.google.firebase:firebase-firestore:26.1.0) with ExtractAarTransform
[        ] Transforming firebase-firestore-26.1.0.aar (com.google.firebase:firebase-firestore:26.1.0) with AarResourcesCompilerTransform
[        ] Transforming firebase-auth-24.0.1.aar (com.google.firebase:firebase-auth:24.0.1) with JetifyTransform
[        ] Transforming firebase-auth-24.0.1.aar (com.google.firebase:firebase-auth:24.0.1) with ExtractAarTransform
[        ] Transforming firebase-auth-24.0.1.aar (com.google.firebase:firebase-auth:24.0.1) with AarResourcesCompilerTransform
[        ] Transforming firebase-messaging-25.0.1.aar (com.google.firebase:firebase-messaging:25.0.1) with JetifyTransform
[        ] Transforming firebase-messaging-25.0.1.aar (com.google.firebase:firebase-messaging:25.0.1) with ExtractAarTransform
[        ] Transforming firebase-messaging-25.0.1.aar (com.google.firebase:firebase-messaging:25.0.1) with AarResourcesCompilerTransform
[        ] Transforming firebase-auth-interop-20.0.0.aar (com.google.firebase:firebase-auth-interop:20.0.0) with JetifyTransform
[        ] Transforming firebase-auth-interop-20.0.0.aar (com.google.firebase:firebase-auth-interop:20.0.0) with ExtractAarTransform
[        ] Transforming firebase-auth-interop-20.0.0.aar (com.google.firebase:firebase-auth-interop:20.0.0) with AarResourcesCompilerTransform
[        ] Transforming firebase-installations-19.0.1.aar (com.google.firebase:firebase-installations:19.0.1) with JetifyTransform
[        ] Transforming firebase-installations-19.0.1.aar (com.google.firebase:firebase-installations:19.0.1) with ExtractAarTransform
[        ] Transforming firebase-installations-19.0.1.aar (com.google.firebase:firebase-installations:19.0.1) with AarResourcesCompilerTransform
[        ] Transforming firebase-common-22.0.1.aar (com.google.firebase:firebase-common:22.0.1) with JetifyTransform
[        ] Transforming firebase-common-22.0.1.aar (com.google.firebase:firebase-common:22.0.1) with ExtractAarTransform
[        ] Transforming firebase-common-22.0.1.aar (com.google.firebase:firebase-common:22.0.1) with AarResourcesCompilerTransform
[        ] Transforming firebase-common-22.0.1.aar (com.google.firebase:firebase-common:22.0.1) with JetifyTransform
[        ] Transforming firebase-common-22.0.1.aar (com.google.firebase:firebase-common:22.0.1) with ExtractAarTransform
[        ] Transforming firebase-common-22.0.1.aar (com.google.firebase:firebase-common:22.0.1) with AarResourcesCompilerTransform
[        ] Transforming media-1.1.0.aar (androidx.media:media:1.1.0) with JetifyTransform
[        ] Transforming media-1.1.0.aar (androidx.media:media:1.1.0) with ExtractAarTransform
[        ] Transforming media-1.1.0.aar (androidx.media:media:1.1.0) with AarResourcesCompilerTransform
[        ] Transforming preference-1.2.1.aar (androidx.preference:preference:1.2.1) with JetifyTransform
[        ] Transforming preference-1.2.1.aar (androidx.preference:preference:1.2.1) with ExtractAarTransform
[        ] Transforming preference-1.2.1.aar (androidx.preference:preference:1.2.1) with AarResourcesCompilerTransform
[        ] Transforming browser-1.9.0.aar (androidx.browser:browser:1.9.0) with JetifyTransform
[        ] Transforming browser-1.9.0.aar (androidx.browser:browser:1.9.0) with ExtractAarTransform
[        ] Transforming browser-1.9.0.aar (androidx.browser:browser:1.9.0) with AarResourcesCompilerTransform
[        ] Transforming browser-1.9.0.aar (androidx.browser:browser:1.9.0) with JetifyTransform
[        ] Transforming browser-1.9.0.aar (androidx.browser:browser:1.9.0) with ExtractAarTransform
[        ] Transforming browser-1.9.0.aar (androidx.browser:browser:1.9.0) with AarResourcesCompilerTransform
[        ] Transforming recyclerview-1.0.0.aar (androidx.recyclerview:recyclerview:1.0.0) with JetifyTransform
[        ] Transforming recyclerview-1.0.0.aar (androidx.recyclerview:recyclerview:1.0.0) with ExtractAarTransform
[        ] Transforming recyclerview-1.0.0.aar (androidx.recyclerview:recyclerview:1.0.0) with AarResourcesCompilerTransform
[        ] Transforming legacy-support-core-ui-1.0.0.aar (androidx.legacy:legacy-support-core-ui:1.0.0) with JetifyTransform
[        ] Transforming legacy-support-core-ui-1.0.0.aar (androidx.legacy:legacy-support-core-ui:1.0.0) with ExtractAarTransform
[        ] Transforming legacy-support-core-ui-1.0.0.aar (androidx.legacy:legacy-support-core-ui:1.0.0) with AarResourcesCompilerTransform
[        ] Transforming slidingpanelayout-1.2.0.aar (androidx.slidingpanelayout:slidingpanelayout:1.2.0) with JetifyTransform
[        ] Transforming slidingpanelayout-1.2.0.aar (androidx.slidingpanelayout:slidingpanelayout:1.2.0) with ExtractAarTransform
[        ] Transforming slidingpanelayout-1.2.0.aar (androidx.slidingpanelayout:slidingpanelayout:1.2.0) with AarResourcesCompilerTransform
[        ] Transforming slidingpanelayout-1.2.0.aar (androidx.slidingpanelayout:slidingpanelayout:1.2.0) with JetifyTransform
[        ] Transforming slidingpanelayout-1.2.0.aar (androidx.slidingpanelayout:slidingpanelayout:1.2.0) with ExtractAarTransform
[        ] Transforming slidingpanelayout-1.2.0.aar (androidx.slidingpanelayout:slidingpanelayout:1.2.0) with AarResourcesCompilerTransform
[        ] Transforming window-1.2.0.aar (androidx.window:window:1.2.0) with JetifyTransform
[        ] Transforming window-1.2.0.aar (androidx.window:window:1.2.0) with ExtractAarTransform
[        ] Transforming window-1.2.0.aar (androidx.window:window:1.2.0) with AarResourcesCompilerTransform
[        ] Transforming window-java-1.2.0.aar (androidx.window:window-java:1.2.0) with JetifyTransform
[        ] Transforming window-java-1.2.0.aar (androidx.window:window-java:1.2.0) with ExtractAarTransform
[        ] Transforming window-java-1.2.0.aar (androidx.window:window-java:1.2.0) with AarResourcesCompilerTransform
[        ] Transforming credentials-1.2.0-rc01.aar (androidx.credentials:credentials:1.2.0-rc01) with JetifyTransform
[        ] Transforming credentials-1.2.0-rc01.aar (androidx.credentials:credentials:1.2.0-rc01) with ExtractAarTransform
[        ] Transforming credentials-1.2.0-rc01.aar (androidx.credentials:credentials:1.2.0-rc01) with AarResourcesCompilerTransform
[        ] Transforming credentials-1.2.0-rc01.aar (androidx.credentials:credentials:1.2.0-rc01) with JetifyTransform
[        ] Transforming credentials-1.2.0-rc01.aar (androidx.credentials:credentials:1.2.0-rc01) with ExtractAarTransform
[        ] Transforming credentials-1.2.0-rc01.aar (androidx.credentials:credentials:1.2.0-rc01) with AarResourcesCompilerTransform
[        ] Transforming credentials-play-services-auth-1.2.0-rc01.aar (androidx.credentials:credentials-play-services-auth:1.2.0-rc01) with JetifyTransform
[        ] Transforming credentials-play-services-auth-1.2.0-rc01.aar (androidx.credentials:credentials-play-services-auth:1.2.0-rc01) with ExtractAarTransform
[        ] Transforming credentials-play-services-auth-1.2.0-rc01.aar (androidx.credentials:credentials-play-services-auth:1.2.0-rc01) with AarResourcesCompilerTransform
[        ] Transforming play-services-auth-21.0.0.aar (com.google.android.gms:play-services-auth:21.0.0) with JetifyTransform
[        ] Transforming play-services-auth-21.0.0.aar (com.google.android.gms:play-services-auth:21.0.0) with ExtractAarTransform
[        ] Transforming play-services-auth-21.0.0.aar (com.google.android.gms:play-services-auth:21.0.0) with AarResourcesCompilerTransform
[        ] Transforming firebase-appcheck-interop-17.0.0.aar (com.google.firebase:firebase-appcheck-interop:17.0.0) with JetifyTransform
[        ] Transforming firebase-appcheck-interop-17.0.0.aar (com.google.firebase:firebase-appcheck-interop:17.0.0) with ExtractAarTransform
[        ] Transforming firebase-appcheck-interop-17.0.0.aar (com.google.firebase:firebase-appcheck-interop:17.0.0) with AarResourcesCompilerTransform
[        ] Transforming firebase-database-collection-18.0.1.aar (com.google.firebase:firebase-database-collection:18.0.1) with JetifyTransform
[        ] Transforming firebase-database-collection-18.0.1.aar (com.google.firebase:firebase-database-collection:18.0.1) with ExtractAarTransform
[        ] Transforming firebase-database-collection-18.0.1.aar (com.google.firebase:firebase-database-collection:18.0.1) with AarResourcesCompilerTransform
[        ] Transforming play-services-auth-api-phone-18.0.2.aar (com.google.android.gms:play-services-auth-api-phone:18.0.2) with JetifyTransform
[        ] Transforming play-services-auth-api-phone-18.0.2.aar (com.google.android.gms:play-services-auth-api-phone:18.0.2) with ExtractAarTransform
[        ] Transforming play-services-auth-api-phone-18.0.2.aar (com.google.android.gms:play-services-auth-api-phone:18.0.2) with AarResourcesCompilerTransform
[        ] Transforming play-services-auth-base-18.0.10.aar (com.google.android.gms:play-services-auth-base:18.0.10) with JetifyTransform
[        ] Transforming play-services-auth-base-18.0.10.aar (com.google.android.gms:play-services-auth-base:18.0.10) with ExtractAarTransform
[        ] Transforming play-services-auth-base-18.0.10.aar (com.google.android.gms:play-services-auth-base:18.0.10) with AarResourcesCompilerTransform
[        ] Transforming play-services-fido-20.1.0.aar (com.google.android.gms:play-services-fido:20.1.0) with JetifyTransform
[        ] Transforming play-services-fido-20.1.0.aar (com.google.android.gms:play-services-fido:20.1.0) with ExtractAarTransform
[        ] Transforming play-services-fido-20.1.0.aar (com.google.android.gms:play-services-fido:20.1.0) with AarResourcesCompilerTransform
[        ] Transforming play-services-fido-20.1.0.aar (com.google.android.gms:play-services-fido:20.1.0) with JetifyTransform
[        ] Transforming play-services-fido-20.1.0.aar (com.google.android.gms:play-services-fido:20.1.0) with ExtractAarTransform
[        ] Transforming play-services-fido-20.1.0.aar (com.google.android.gms:play-services-fido:20.1.0) with AarResourcesCompilerTransform
[        ] Transforming play-services-base-18.9.0.aar (com.google.android.gms:play-services-base:18.9.0) with JetifyTransform
[        ] Transforming play-services-base-18.9.0.aar (com.google.android.gms:play-services-base:18.9.0) with ExtractAarTransform
[        ] Transforming play-services-base-18.9.0.aar (com.google.android.gms:play-services-base:18.9.0) with AarResourcesCompilerTransform
[        ] Transforming recaptcha-18.6.1.aar (com.google.android.recaptcha:recaptcha:18.6.1) with JetifyTransform
[        ] Transforming recaptcha-18.6.1.aar (com.google.android.recaptcha:recaptcha:18.6.1) with ExtractAarTransform
[        ] Transforming recaptcha-18.6.1.aar (com.google.android.recaptcha:recaptcha:18.6.1) with AarResourcesCompilerTransform
[        ] Transforming integrity-1.3.0.aar (com.google.android.play:integrity:1.3.0) with JetifyTransform
[        ] Transforming integrity-1.3.0.aar (com.google.android.play:integrity:1.3.0) with ExtractAarTransform
[        ] Transforming integrity-1.3.0.aar (com.google.android.play:integrity:1.3.0) with AarResourcesCompilerTransform
[        ] Transforming appcompat-1.1.0.aar (androidx.appcompat:appcompat:1.1.0) with JetifyTransform
[        ] Transforming appcompat-1.1.0.aar (androidx.appcompat:appcompat:1.1.0) with ExtractAarTransform
[        ] Transforming appcompat-1.1.0.aar (androidx.appcompat:appcompat:1.1.0) with AarResourcesCompilerTransform
[        ] Transforming fragment-ktx-1.7.1.aar (androidx.fragment:fragment-ktx:1.7.1) with JetifyTransform
[        ] Transforming fragment-ktx-1.7.1.aar (androidx.fragment:fragment-ktx:1.7.1) with ExtractAarTransform
[        ] Transforming fragment-ktx-1.7.1.aar (androidx.fragment:fragment-ktx:1.7.1) with AarResourcesCompilerTransform
[        ] Transforming fragment-1.7.1.aar (androidx.fragment:fragment:1.7.1) with JetifyTransform
[        ] Transforming fragment-1.7.1.aar (androidx.fragment:fragment:1.7.1) with ExtractAarTransform
[        ] Transforming fragment-1.7.1.aar (androidx.fragment:fragment:1.7.1) with AarResourcesCompilerTransform
[        ] Transforming fragment-1.7.1.aar (androidx.fragment:fragment:1.7.1) with JetifyTransform
[        ] Transforming fragment-1.7.1.aar (androidx.fragment:fragment:1.7.1) with ExtractAarTransform
[        ] Transforming fragment-1.7.1.aar (androidx.fragment:fragment:1.7.1) with AarResourcesCompilerTransform
[        ] Transforming activity-ktx-1.9.0.aar (androidx.activity:activity-ktx:1.9.0) with JetifyTransform
[        ] Transforming activity-ktx-1.9.0.aar (androidx.activity:activity-ktx:1.9.0) with ExtractAarTransform
[        ] Transforming activity-ktx-1.9.0.aar (androidx.activity:activity-ktx:1.9.0) with AarResourcesCompilerTransform
[        ] Transforming activity-1.9.0.aar (androidx.activity:activity:1.9.0) with JetifyTransform
[        ] Transforming activity-1.9.0.aar (androidx.activity:activity:1.9.0) with ExtractAarTransform
[        ] Transforming activity-1.9.0.aar (androidx.activity:activity:1.9.0) with AarResourcesCompilerTransform
[        ] Transforming play-services-stats-17.0.2.aar (com.google.android.gms:play-services-stats:17.0.2) with JetifyTransform
[        ] Transforming play-services-stats-17.0.2.aar (com.google.android.gms:play-services-stats:17.0.2) with ExtractAarTransform
[        ] Transforming play-services-stats-17.0.2.aar (com.google.android.gms:play-services-stats:17.0.2) with AarResourcesCompilerTransform
[        ] Transforming legacy-support-core-utils-1.0.0.aar (androidx.legacy:legacy-support-core-utils:1.0.0) with JetifyTransform
[        ] Transforming legacy-support-core-utils-1.0.0.aar (androidx.legacy:legacy-support-core-utils:1.0.0) with ExtractAarTransform
[        ] Transforming legacy-support-core-utils-1.0.0.aar (androidx.legacy:legacy-support-core-utils:1.0.0) with AarResourcesCompilerTransform
[        ] Transforming loader-1.1.0.aar (androidx.loader:loader:1.1.0) with JetifyTransform
[        ] Transforming loader-1.1.0.aar (androidx.loader:loader:1.1.0) with ExtractAarTransform
[        ] Transforming loader-1.1.0.aar (androidx.loader:loader:1.1.0) with AarResourcesCompilerTransform
[        ] Transforming loader-1.1.0.aar (androidx.loader:loader:1.1.0) with JetifyTransform
[        ] Transforming loader-1.1.0.aar (androidx.loader:loader:1.1.0) with ExtractAarTransform
[        ] Transforming loader-1.1.0.aar (androidx.loader:loader:1.1.0) with AarResourcesCompilerTransform
[        ] Transforming lifecycle-runtime-ktx-2.7.0.aar (androidx.lifecycle:lifecycle-runtime-ktx:2.7.0) with JetifyTransform
[        ] Transforming lifecycle-runtime-ktx-2.7.0.aar (androidx.lifecycle:lifecycle-runtime-ktx:2.7.0) with ExtractAarTransform
[        ] Transforming lifecycle-runtime-ktx-2.7.0.aar (androidx.lifecycle:lifecycle-runtime-ktx:2.7.0) with AarResourcesCompilerTransform
[        ] Transforming lifecycle-livedata-core-ktx-2.7.0.aar (androidx.lifecycle:lifecycle-livedata-core-ktx:2.7.0) with JetifyTransform
[        ] Transforming lifecycle-livedata-core-ktx-2.7.0.aar (androidx.lifecycle:lifecycle-livedata-core-ktx:2.7.0) with ExtractAarTransform
[        ] Transforming lifecycle-livedata-core-ktx-2.7.0.aar (androidx.lifecycle:lifecycle-livedata-core-ktx:2.7.0) with AarResourcesCompilerTransform
[        ] Transforming lifecycle-viewmodel-ktx-2.7.0.aar (androidx.lifecycle:lifecycle-viewmodel-ktx:2.7.0) with JetifyTransform
[        ] Transforming lifecycle-viewmodel-ktx-2.7.0.aar (androidx.lifecycle:lifecycle-viewmodel-ktx:2.7.0) with ExtractAarTransform
[        ] Transforming lifecycle-viewmodel-ktx-2.7.0.aar (androidx.lifecycle:lifecycle-viewmodel-ktx:2.7.0) with AarResourcesCompilerTransform
[        ] Transforming lifecycle-viewmodel-savedstate-2.7.0.aar (androidx.lifecycle:lifecycle-viewmodel-savedstate:2.7.0) with JetifyTransform
[        ] Transforming lifecycle-viewmodel-savedstate-2.7.0.aar (androidx.lifecycle:lifecycle-viewmodel-savedstate:2.7.0) with ExtractAarTransform
[        ] Transforming lifecycle-viewmodel-savedstate-2.7.0.aar (androidx.lifecycle:lifecycle-viewmodel-savedstate:2.7.0) with AarResourcesCompilerTransform
[        ] Transforming lifecycle-viewmodel-2.7.0.aar (androidx.lifecycle:lifecycle-viewmodel:2.7.0) with JetifyTransform
[        ] Transforming lifecycle-viewmodel-2.7.0.aar (androidx.lifecycle:lifecycle-viewmodel:2.7.0) with ExtractAarTransform
[        ] Transforming lifecycle-viewmodel-2.7.0.aar (androidx.lifecycle:lifecycle-viewmodel:2.7.0) with AarResourcesCompilerTransform
[        ] Transforming lifecycle-viewmodel-2.7.0.aar (androidx.lifecycle:lifecycle-viewmodel:2.7.0) with JetifyTransform
[        ] Transforming lifecycle-viewmodel-2.7.0.aar (androidx.lifecycle:lifecycle-viewmodel:2.7.0) with ExtractAarTransform
[        ] Transforming lifecycle-viewmodel-2.7.0.aar (androidx.lifecycle:lifecycle-viewmodel:2.7.0) with AarResourcesCompilerTransform
[        ] Transforming lifecycle-livedata-core-2.7.0.aar (androidx.lifecycle:lifecycle-livedata-core:2.7.0) with JetifyTransform
[        ] Transforming lifecycle-livedata-core-2.7.0.aar (androidx.lifecycle:lifecycle-livedata-core:2.7.0) with ExtractAarTransform
[        ] Transforming lifecycle-livedata-core-2.7.0.aar (androidx.lifecycle:lifecycle-livedata-core:2.7.0) with AarResourcesCompilerTransform
[        ] Transforming lifecycle-livedata-core-2.7.0.aar (androidx.lifecycle:lifecycle-livedata-core:2.7.0) with JetifyTransform
[        ] Transforming lifecycle-livedata-core-2.7.0.aar (androidx.lifecycle:lifecycle-livedata-core:2.7.0) with ExtractAarTransform
[        ] Transforming lifecycle-livedata-core-2.7.0.aar (androidx.lifecycle:lifecycle-livedata-core:2.7.0) with AarResourcesCompilerTransform
[        ] Transforming lifecycle-runtime-2.7.0.aar (androidx.lifecycle:lifecycle-runtime:2.7.0) with JetifyTransform
[        ] Transforming lifecycle-runtime-2.7.0.aar (androidx.lifecycle:lifecycle-runtime:2.7.0) with ExtractAarTransform
[        ] Transforming lifecycle-runtime-2.7.0.aar (androidx.lifecycle:lifecycle-runtime:2.7.0) with AarResourcesCompilerTransform
[        ] Transforming lifecycle-process-2.7.0.aar (androidx.lifecycle:lifecycle-process:2.7.0) with JetifyTransform
[        ] Transforming lifecycle-process-2.7.0.aar (androidx.lifecycle:lifecycle-process:2.7.0) with ExtractAarTransform
[        ] Transforming lifecycle-process-2.7.0.aar (androidx.lifecycle:lifecycle-process:2.7.0) with AarResourcesCompilerTransform
[        ] Transforming savedstate-ktx-1.2.1.aar (androidx.savedstate:savedstate-ktx:1.2.1) with JetifyTransform
[        ] Transforming savedstate-ktx-1.2.1.aar (androidx.savedstate:savedstate-ktx:1.2.1) with ExtractAarTransform
[        ] Transforming savedstate-ktx-1.2.1.aar (androidx.savedstate:savedstate-ktx:1.2.1) with AarResourcesCompilerTransform
[        ] Transforming savedstate-1.2.1.aar (androidx.savedstate:savedstate:1.2.1) with JetifyTransform
[        ] Transforming savedstate-1.2.1.aar (androidx.savedstate:savedstate:1.2.1) with ExtractAarTransform
[        ] Transforming savedstate-1.2.1.aar (androidx.savedstate:savedstate:1.2.1) with AarResourcesCompilerTransform
[        ] Transforming datastore-preferences-core.aar (androidx.datastore:datastore-preferences-core-android:1.2.0) with JetifyTransform
[        ] Transforming datastore-preferences-core.aar (androidx.datastore:datastore-preferences-core-android:1.2.0) with ExtractAarTransform
[        ] Transforming datastore-preferences-core.aar (androidx.datastore:datastore-preferences-core-android:1.2.0) with AarResourcesCompilerTransform
[        ] Transforming datastore-core.aar (androidx.datastore:datastore-core-android:1.2.0) with JetifyTransform
[        ] Transforming datastore-core.aar (androidx.datastore:datastore-core-android:1.2.0) with ExtractAarTransform
[        ] Transforming datastore-core.aar (androidx.datastore:datastore-core-android:1.2.0) with AarResourcesCompilerTransform
[        ] Transforming datastore-preferences.aar (androidx.datastore:datastore-preferences-android:1.2.0) with JetifyTransform
[        ] Transforming datastore-preferences.aar (androidx.datastore:datastore-preferences-android:1.2.0) with ExtractAarTransform
[        ] Transforming datastore-preferences.aar (androidx.datastore:datastore-preferences-android:1.2.0) with AarResourcesCompilerTransform
[        ] Transforming datastore.aar (androidx.datastore:datastore-android:1.2.0) with JetifyTransform
[        ] Transforming datastore.aar (androidx.datastore:datastore-android:1.2.0) with ExtractAarTransform
[        ] Transforming datastore.aar (androidx.datastore:datastore-android:1.2.0) with AarResourcesCompilerTransform
[        ] Transforming firebase-iid-interop-17.1.0.aar (com.google.firebase:firebase-iid-interop:17.1.0) with JetifyTransform
[        ] Transforming firebase-iid-interop-17.1.0.aar (com.google.firebase:firebase-iid-interop:17.1.0) with ExtractAarTransform
[        ] Transforming firebase-iid-interop-17.1.0.aar (com.google.firebase:firebase-iid-interop:17.1.0) with AarResourcesCompilerTransform
[        ] Transforming play-services-cloud-messaging-17.2.0.aar (com.google.android.gms:play-services-cloud-messaging:17.2.0) with JetifyTransform
[        ] Transforming play-services-cloud-messaging-17.2.0.aar (com.google.android.gms:play-services-cloud-messaging:17.2.0) with ExtractAarTransform
[        ] Transforming play-services-cloud-messaging-17.2.0.aar (com.google.android.gms:play-services-cloud-messaging:17.2.0) with AarResourcesCompilerTransform
[        ] Transforming firebase-installations-interop-17.1.1.aar (com.google.firebase:firebase-installations-interop:17.1.1) with JetifyTransform
[        ] Transforming firebase-installations-interop-17.1.1.aar (com.google.firebase:firebase-installations-interop:17.1.1) with ExtractAarTransform
[        ] Transforming firebase-installations-interop-17.1.1.aar (com.google.firebase:firebase-installations-interop:17.1.1) with AarResourcesCompilerTransform
[        ] Transforming play-services-tasks-18.4.0.aar (com.google.android.gms:play-services-tasks:18.4.0) with JetifyTransform
[        ] Transforming play-services-tasks-18.4.0.aar (com.google.android.gms:play-services-tasks:18.4.0) with ExtractAarTransform
[        ] Transforming play-services-tasks-18.4.0.aar (com.google.android.gms:play-services-tasks:18.4.0) with AarResourcesCompilerTransform
[        ] Transforming play-services-tasks-18.4.0.aar (com.google.android.gms:play-services-tasks:18.4.0) with JetifyTransform
[        ] Transforming play-services-tasks-18.4.0.aar (com.google.android.gms:play-services-tasks:18.4.0) with ExtractAarTransform
[        ] Transforming play-services-tasks-18.4.0.aar (com.google.android.gms:play-services-tasks:18.4.0) with AarResourcesCompilerTransform
[        ] Transforming firebase-measurement-connector-19.0.0.aar (com.google.firebase:firebase-measurement-connector:19.0.0) with JetifyTransform
[        ] Transforming firebase-measurement-connector-19.0.0.aar (com.google.firebase:firebase-measurement-connector:19.0.0) with ExtractAarTransform
[        ] Transforming firebase-measurement-connector-19.0.0.aar (com.google.firebase:firebase-measurement-connector:19.0.0) with AarResourcesCompilerTransform
[        ] Transforming play-services-basement-18.9.0.aar (com.google.android.gms:play-services-basement:18.9.0) with JetifyTransform
[        ] Transforming play-services-basement-18.9.0.aar (com.google.android.gms:play-services-basement:18.9.0) with ExtractAarTransform
[        ] Transforming play-services-basement-18.9.0.aar (com.google.android.gms:play-services-basement:18.9.0) with AarResourcesCompilerTransform
[        ] Transforming viewpager-1.0.0.aar (androidx.viewpager:viewpager:1.0.0) with JetifyTransform
[        ] Transforming viewpager-1.0.0.aar (androidx.viewpager:viewpager:1.0.0) with ExtractAarTransform
[        ] Transforming viewpager-1.0.0.aar (androidx.viewpager:viewpager:1.0.0) with AarResourcesCompilerTransform
[        ] Transforming viewpager-1.0.0.aar (androidx.viewpager:viewpager:1.0.0) with JetifyTransform
[        ] Transforming viewpager-1.0.0.aar (androidx.viewpager:viewpager:1.0.0) with ExtractAarTransform
[        ] Transforming viewpager-1.0.0.aar (androidx.viewpager:viewpager:1.0.0) with AarResourcesCompilerTransform
[        ] Transforming appcompat-resources-1.1.0.aar (androidx.appcompat:appcompat-resources:1.1.0) with JetifyTransform
[        ] Transforming appcompat-resources-1.1.0.aar (androidx.appcompat:appcompat-resources:1.1.0) with ExtractAarTransform
[        ] Transforming appcompat-resources-1.1.0.aar (androidx.appcompat:appcompat-resources:1.1.0) with AarResourcesCompilerTransform
[        ] Transforming drawerlayout-1.0.0.aar (androidx.drawerlayout:drawerlayout:1.0.0) with JetifyTransform
[        ] Transforming drawerlayout-1.0.0.aar (androidx.drawerlayout:drawerlayout:1.0.0) with ExtractAarTransform
[        ] Transforming drawerlayout-1.0.0.aar (androidx.drawerlayout:drawerlayout:1.0.0) with AarResourcesCompilerTransform
[        ] Transforming coordinatorlayout-1.0.0.aar (androidx.coordinatorlayout:coordinatorlayout:1.0.0) with JetifyTransform
[        ] Transforming coordinatorlayout-1.0.0.aar (androidx.coordinatorlayout:coordinatorlayout:1.0.0) with ExtractAarTransform
[        ] Transforming coordinatorlayout-1.0.0.aar (androidx.coordinatorlayout:coordinatorlayout:1.0.0) with AarResourcesCompilerTransform
[        ] Transforming customview-1.1.0.aar (androidx.customview:customview:1.1.0) with JetifyTransform
[        ] Transforming customview-1.1.0.aar (androidx.customview:customview:1.1.0) with ExtractAarTransform
[        ] Transforming customview-1.1.0.aar (androidx.customview:customview:1.1.0) with AarResourcesCompilerTransform
[        ] Transforming customview-1.1.0.aar (androidx.customview:customview:1.1.0) with JetifyTransform
[        ] Transforming customview-1.1.0.aar (androidx.customview:customview:1.1.0) with ExtractAarTransform
[        ] Transforming customview-1.1.0.aar (androidx.customview:customview:1.1.0) with AarResourcesCompilerTransform
[        ] Transforming transition-1.4.1.aar (androidx.transition:transition:1.4.1) with JetifyTransform
[        ] Transforming transition-1.4.1.aar (androidx.transition:transition:1.4.1) with ExtractAarTransform
[        ] Transforming transition-1.4.1.aar (androidx.transition:transition:1.4.1) with AarResourcesCompilerTransform
[        ] Transforming core-ktx-1.17.0.aar (androidx.core:core-ktx:1.17.0) with JetifyTransform
[        ] Transforming core-ktx-1.17.0.aar (androidx.core:core-ktx:1.17.0) with ExtractAarTransform
[        ] Transforming core-ktx-1.17.0.aar (androidx.core:core-ktx:1.17.0) with AarResourcesCompilerTransform
[        ] Transforming vectordrawable-animated-1.1.0.aar (androidx.vectordrawable:vectordrawable-animated:1.1.0) with JetifyTransform
[        ] Transforming vectordrawable-animated-1.1.0.aar (androidx.vectordrawable:vectordrawable-animated:1.1.0) with ExtractAarTransform
[        ] Transforming vectordrawable-animated-1.1.0.aar (androidx.vectordrawable:vectordrawable-animated:1.1.0) with AarResourcesCompilerTransform
[        ] Transforming vectordrawable-1.1.0.aar (androidx.vectordrawable:vectordrawable:1.1.0) with JetifyTransform
[        ] Transforming vectordrawable-1.1.0.aar (androidx.vectordrawable:vectordrawable:1.1.0) with ExtractAarTransform
[        ] Transforming vectordrawable-1.1.0.aar (androidx.vectordrawable:vectordrawable:1.1.0) with AarResourcesCompilerTransform
[        ] Transforming swiperefreshlayout-1.0.0.aar (androidx.swiperefreshlayout:swiperefreshlayout:1.0.0) with JetifyTransform
[        ] Transforming swiperefreshlayout-1.0.0.aar (androidx.swiperefreshlayout:swiperefreshlayout:1.0.0) with ExtractAarTransform
[        ] Transforming swiperefreshlayout-1.0.0.aar (androidx.swiperefreshlayout:swiperefreshlayout:1.0.0) with AarResourcesCompilerTransform
[        ] Transforming asynclayoutinflater-1.0.0.aar (androidx.asynclayoutinflater:asynclayoutinflater:1.0.0) with JetifyTransform
[        ] Transforming asynclayoutinflater-1.0.0.aar (androidx.asynclayoutinflater:asynclayoutinflater:1.0.0) with ExtractAarTransform
[        ] Transforming asynclayoutinflater-1.0.0.aar (androidx.asynclayoutinflater:asynclayoutinflater:1.0.0) with AarResourcesCompilerTransform
[        ] Transforming core-1.17.0.aar (androidx.core:core:1.17.0) with JetifyTransform
[        ] Transforming core-1.17.0.aar (androidx.core:core:1.17.0) with ExtractAarTransform
[        ] Transforming core-1.17.0.aar (androidx.core:core:1.17.0) with AarResourcesCompilerTransform
[        ] Transforming core-1.17.0.aar (androidx.core:core:1.17.0) with JetifyTransform
[        ] Transforming core-1.17.0.aar (androidx.core:core:1.17.0) with ExtractAarTransform
[        ] Transforming core-1.17.0.aar (androidx.core:core:1.17.0) with AarResourcesCompilerTransform
[        ] Transforming localbroadcastmanager-1.1.0.aar (androidx.localbroadcastmanager:localbroadcastmanager:1.1.0) with JetifyTransform
[        ] Transforming localbroadcastmanager-1.1.0.aar (androidx.localbroadcastmanager:localbroadcastmanager:1.1.0) with ExtractAarTransform
[        ] Transforming localbroadcastmanager-1.1.0.aar (androidx.localbroadcastmanager:localbroadcastmanager:1.1.0) with AarResourcesCompilerTransform
[        ] Transforming localbroadcastmanager-1.1.0.aar (androidx.localbroadcastmanager:localbroadcastmanager:1.1.0) with JetifyTransform
[        ] Transforming localbroadcastmanager-1.1.0.aar (androidx.localbroadcastmanager:localbroadcastmanager:1.1.0) with ExtractAarTransform
[        ] Transforming localbroadcastmanager-1.1.0.aar (androidx.localbroadcastmanager:localbroadcastmanager:1.1.0) with AarResourcesCompilerTransform
[        ] Transforming profileinstaller-1.3.1.aar (androidx.profileinstaller:profileinstaller:1.3.1) with JetifyTransform
[        ] Transforming profileinstaller-1.3.1.aar (androidx.profileinstaller:profileinstaller:1.3.1) with ExtractAarTransform
[        ] Transforming profileinstaller-1.3.1.aar (androidx.profileinstaller:profileinstaller:1.3.1) with AarResourcesCompilerTransform
[        ] Transforming startup-runtime-1.1.1.aar (androidx.startup:startup-runtime:1.1.1) with JetifyTransform
[        ] Transforming startup-runtime-1.1.1.aar (androidx.startup:startup-runtime:1.1.1) with ExtractAarTransform
[        ] Transforming startup-runtime-1.1.1.aar (androidx.startup:startup-runtime:1.1.1) with AarResourcesCompilerTransform
[        ] Transforming tracing-1.2.0.aar (androidx.tracing:tracing:1.2.0) with JetifyTransform
[        ] Transforming tracing-1.2.0.aar (androidx.tracing:tracing:1.2.0) with ExtractAarTransform
[        ] Transforming tracing-1.2.0.aar (androidx.tracing:tracing:1.2.0) with AarResourcesCompilerTransform
[        ] Transforming exifinterface-1.4.1.aar (androidx.exifinterface:exifinterface:1.4.1) with JetifyTransform
[        ] Transforming exifinterface-1.4.1.aar (androidx.exifinterface:exifinterface:1.4.1) with ExtractAarTransform
[        ] Transforming exifinterface-1.4.1.aar (androidx.exifinterface:exifinterface:1.4.1) with AarResourcesCompilerTransform
[        ] Transforming firebase-components-19.0.0.aar (com.google.firebase:firebase-components:19.0.0) with JetifyTransform
[        ] Transforming firebase-components-19.0.0.aar (com.google.firebase:firebase-components:19.0.0) with ExtractAarTransform
[        ] Transforming firebase-components-19.0.0.aar (com.google.firebase:firebase-components:19.0.0) with AarResourcesCompilerTransform
[        ] Transforming firebase-datatransport-18.2.0.aar (com.google.firebase:firebase-datatransport:18.2.0) with JetifyTransform
[        ] Transforming firebase-datatransport-18.2.0.aar (com.google.firebase:firebase-datatransport:18.2.0) with ExtractAarTransform
[        ] Transforming firebase-datatransport-18.2.0.aar (com.google.firebase:firebase-datatransport:18.2.0) with AarResourcesCompilerTransform
[        ] Transforming transport-backend-cct-3.1.9.aar (com.google.android.datatransport:transport-backend-cct:3.1.9) with JetifyTransform
[        ] Transforming transport-backend-cct-3.1.9.aar (com.google.android.datatransport:transport-backend-cct:3.1.9) with ExtractAarTransform
[        ] Transforming transport-backend-cct-3.1.9.aar (com.google.android.datatransport:transport-backend-cct:3.1.9) with AarResourcesCompilerTransform
[        ] Transforming firebase-encoders-json-18.0.0.aar (com.google.firebase:firebase-encoders-json:18.0.0) with JetifyTransform
[        ] Transforming firebase-encoders-json-18.0.0.aar (com.google.firebase:firebase-encoders-json:18.0.0) with ExtractAarTransform
[        ] Transforming firebase-encoders-json-18.0.0.aar (com.google.firebase:firebase-encoders-json:18.0.0) with AarResourcesCompilerTransform
[        ] Transforming transport-runtime-3.1.9.aar (com.google.android.datatransport:transport-runtime:3.1.9) with JetifyTransform
[        ] Transforming transport-runtime-3.1.9.aar (com.google.android.datatransport:transport-runtime:3.1.9) with ExtractAarTransform
[        ] Transforming transport-runtime-3.1.9.aar (com.google.android.datatransport:transport-runtime:3.1.9) with AarResourcesCompilerTransform
[        ] Transforming transport-api-3.1.0.aar (com.google.android.datatransport:transport-api:3.1.0) with JetifyTransform
[        ] Transforming transport-api-3.1.0.aar (com.google.android.datatransport:transport-api:3.1.0) with ExtractAarTransform
[        ] Transforming transport-api-3.1.0.aar (com.google.android.datatransport:transport-api:3.1.0) with AarResourcesCompilerTransform
[        ] Transforming interpolator-1.0.0.aar (androidx.interpolator:interpolator:1.0.0) with JetifyTransform
[        ] Transforming interpolator-1.0.0.aar (androidx.interpolator:interpolator:1.0.0) with ExtractAarTransform
[        ] Transforming interpolator-1.0.0.aar (androidx.interpolator:interpolator:1.0.0) with AarResourcesCompilerTransform
[        ] Transforming interpolator-1.0.0.aar (androidx.interpolator:interpolator:1.0.0) with JetifyTransform
[        ] Transforming interpolator-1.0.0.aar (androidx.interpolator:interpolator:1.0.0) with ExtractAarTransform
[        ] Transforming interpolator-1.0.0.aar (androidx.interpolator:interpolator:1.0.0) with AarResourcesCompilerTransform
[        ] Transforming versionedparcelable-1.1.1.aar (androidx.versionedparcelable:versionedparcelable:1.1.1) with JetifyTransform
[        ] Transforming versionedparcelable-1.1.1.aar (androidx.versionedparcelable:versionedparcelable:1.1.1) with ExtractAarTransform
[        ] Transforming versionedparcelable-1.1.1.aar (androidx.versionedparcelable:versionedparcelable:1.1.1) with AarResourcesCompilerTransform
[        ] Transforming core-runtime-2.2.0.aar (androidx.arch.core:core-runtime:2.2.0) with JetifyTransform
[        ] Transforming core-runtime-2.2.0.aar (androidx.arch.core:core-runtime:2.2.0) with ExtractAarTransform
[        ] Transforming core-runtime-2.2.0.aar (androidx.arch.core:core-runtime:2.2.0) with AarResourcesCompilerTransform
[        ] Transforming cursoradapter-1.0.0.aar (androidx.cursoradapter:cursoradapter:1.0.0) with JetifyTransform
[        ] Transforming cursoradapter-1.0.0.aar (androidx.cursoradapter:cursoradapter:1.0.0) with ExtractAarTransform
[        ] Transforming cursoradapter-1.0.0.aar (androidx.cursoradapter:cursoradapter:1.0.0) with AarResourcesCompilerTransform
[        ] Transforming core-1.0.0.aar (androidx.window.extensions.core:core:1.0.0) with JetifyTransform
[        ] Transforming core-1.0.0.aar (androidx.window.extensions.core:core:1.0.0) with ExtractAarTransform
[        ] Transforming core-1.0.0.aar (androidx.window.extensions.core:core:1.0.0) with AarResourcesCompilerTransform
[        ] Transforming documentfile-1.0.0.aar (androidx.documentfile:documentfile:1.0.0) with JetifyTransform
[        ] Transforming documentfile-1.0.0.aar (androidx.documentfile:documentfile:1.0.0) with ExtractAarTransform
[        ] Transforming documentfile-1.0.0.aar (androidx.documentfile:documentfile:1.0.0) with AarResourcesCompilerTransform
[        ] Transforming print-1.0.0.aar (androidx.print:print:1.0.0) with JetifyTransform
[        ] Transforming print-1.0.0.aar (androidx.print:print:1.0.0) with ExtractAarTransform
[        ] Transforming print-1.0.0.aar (androidx.print:print:1.0.0) with AarResourcesCompilerTransform
[        ] Transforming googleid-1.1.0.aar (com.google.android.libraries.identity.googleid:googleid:1.1.0) with JetifyTransform
[        ] Transforming googleid-1.1.0.aar (com.google.android.libraries.identity.googleid:googleid:1.1.0) with ExtractAarTransform
[        ] Transforming googleid-1.1.0.aar (com.google.android.libraries.identity.googleid:googleid:1.1.0) with AarResourcesCompilerTransform
[        ] Transforming annotation-experimental-1.4.1.aar (androidx.annotation:annotation-experimental:1.4.1) with JetifyTransform
[        ] Transforming annotation-experimental-1.4.1.aar (androidx.annotation:annotation-experimental:1.4.1) with ExtractAarTransform
[        ] Transforming annotation-experimental-1.4.1.aar (androidx.annotation:annotation-experimental:1.4.1) with AarResourcesCompilerTransform
[        ] Transforming core-viewtree-1.0.0.aar (androidx.core:core-viewtree:1.0.0) with JetifyTransform
[        ] Transforming core-viewtree-1.0.0.aar (androidx.core:core-viewtree:1.0.0) with ExtractAarTransform
[        ] Transforming core-viewtree-1.0.0.aar (androidx.core:core-viewtree:1.0.0) with AarResourcesCompilerTransform
[        ] Transforming grpc-android-1.62.2.aar (io.grpc:grpc-android:1.62.2) with JetifyTransform
[        ] Transforming grpc-android-1.62.2.aar (io.grpc:grpc-android:1.62.2) with ExtractAarTransform
[        ] Transforming grpc-android-1.62.2.aar (io.grpc:grpc-android:1.62.2) with AarResourcesCompilerTransform
[        ] Transforming relinker-1.4.5.aar (com.getkeepsafe.relinker:relinker:1.4.5) with JetifyTransform
[        ] Transforming relinker-1.4.5.aar (com.getkeepsafe.relinker:relinker:1.4.5) with ExtractAarTransform
[        ] Transforming relinker-1.4.5.aar (com.getkeepsafe.relinker:relinker:1.4.5) with AarResourcesCompilerTransform
[        ] Transforming protolite-well-known-types-18.0.1.aar (com.google.firebase:protolite-well-known-types:18.0.1) with JetifyTransform
[        ] Transforming protolite-well-known-types-18.0.1.aar (com.google.firebase:protolite-well-known-types:18.0.1) with ExtractAarTransform
[        ] Transforming protolite-well-known-types-18.0.1.aar (com.google.firebase:protolite-well-known-types:18.0.1) with AarResourcesCompilerTransform
[        ] Transforming core-common-2.0.3.aar (com.google.android.play:core-common:2.0.3) with JetifyTransform
[        ] Transforming core-common-2.0.3.aar (com.google.android.play:core-common:2.0.3) with ExtractAarTransform
[        ] Transforming core-common-2.0.3.aar (com.google.android.play:core-common:2.0.3) with AarResourcesCompilerTransform
[        ] Transforming firebase-firestore-26.1.0.aar (com.google.firebase:firebase-firestore:26.1.0) with JetifyTransform
[        ] Transforming firebase-firestore-26.1.0.aar (com.google.firebase:firebase-firestore:26.1.0) with ExtractAarTransform
[        ] Transforming firebase-firestore-26.1.0.aar (com.google.firebase:firebase-firestore:26.1.0) with LibrarySymbolTableTransform
[        ] Transforming firebase-auth-24.0.1.aar (com.google.firebase:firebase-auth:24.0.1) with JetifyTransform
[        ] Transforming firebase-auth-24.0.1.aar (com.google.firebase:firebase-auth:24.0.1) with ExtractAarTransform
[        ] Transforming firebase-auth-24.0.1.aar (com.google.firebase:firebase-auth:24.0.1) with LibrarySymbolTableTransform
[        ] Transforming firebase-messaging-25.0.1.aar (com.google.firebase:firebase-messaging:25.0.1) with JetifyTransform
[        ] Transforming firebase-messaging-25.0.1.aar (com.google.firebase:firebase-messaging:25.0.1) with ExtractAarTransform
[        ] Transforming firebase-messaging-25.0.1.aar (com.google.firebase:firebase-messaging:25.0.1) with LibrarySymbolTableTransform
[        ] Transforming firebase-auth-interop-20.0.0.aar (com.google.firebase:firebase-auth-interop:20.0.0) with JetifyTransform
[        ] Transforming firebase-auth-interop-20.0.0.aar (com.google.firebase:firebase-auth-interop:20.0.0) with ExtractAarTransform
[        ] Transforming firebase-auth-interop-20.0.0.aar (com.google.firebase:firebase-auth-interop:20.0.0) with LibrarySymbolTableTransform
[        ] Transforming firebase-installations-19.0.1.aar (com.google.firebase:firebase-installations:19.0.1) with JetifyTransform
[        ] Transforming firebase-installations-19.0.1.aar (com.google.firebase:firebase-installations:19.0.1) with ExtractAarTransform
[        ] Transforming firebase-installations-19.0.1.aar (com.google.firebase:firebase-installations:19.0.1) with LibrarySymbolTableTransform
[        ] Transforming firebase-common-22.0.1.aar (com.google.firebase:firebase-common:22.0.1) with JetifyTransform
[        ] Transforming firebase-common-22.0.1.aar (com.google.firebase:firebase-common:22.0.1) with ExtractAarTransform
[        ] Transforming firebase-common-22.0.1.aar (com.google.firebase:firebase-common:22.0.1) with LibrarySymbolTableTransform
[        ] Transforming firebase-common-22.0.1.aar (com.google.firebase:firebase-common:22.0.1) with JetifyTransform
[        ] Transforming firebase-common-22.0.1.aar (com.google.firebase:firebase-common:22.0.1) with ExtractAarTransform
[        ] Transforming firebase-common-22.0.1.aar (com.google.firebase:firebase-common:22.0.1) with LibrarySymbolTableTransform
[        ] Transforming media-1.1.0.aar (androidx.media:media:1.1.0) with JetifyTransform
[        ] Transforming media-1.1.0.aar (androidx.media:media:1.1.0) with ExtractAarTransform
[        ] Transforming media-1.1.0.aar (androidx.media:media:1.1.0) with LibrarySymbolTableTransform
[        ] Transforming preference-1.2.1.aar (androidx.preference:preference:1.2.1) with JetifyTransform
[        ] Transforming preference-1.2.1.aar (androidx.preference:preference:1.2.1) with ExtractAarTransform
[        ] Transforming preference-1.2.1.aar (androidx.preference:preference:1.2.1) with LibrarySymbolTableTransform
[        ] Transforming browser-1.9.0.aar (androidx.browser:browser:1.9.0) with JetifyTransform
[        ] Transforming browser-1.9.0.aar (androidx.browser:browser:1.9.0) with ExtractAarTransform
[        ] Transforming browser-1.9.0.aar (androidx.browser:browser:1.9.0) with LibrarySymbolTableTransform
[        ] Transforming browser-1.9.0.aar (androidx.browser:browser:1.9.0) with JetifyTransform
[        ] Transforming browser-1.9.0.aar (androidx.browser:browser:1.9.0) with ExtractAarTransform
[        ] Transforming browser-1.9.0.aar (androidx.browser:browser:1.9.0) with LibrarySymbolTableTransform
[        ] Transforming recyclerview-1.0.0.aar (androidx.recyclerview:recyclerview:1.0.0) with JetifyTransform
[        ] Transforming recyclerview-1.0.0.aar (androidx.recyclerview:recyclerview:1.0.0) with ExtractAarTransform
[        ] Transforming recyclerview-1.0.0.aar (androidx.recyclerview:recyclerview:1.0.0) with LibrarySymbolTableTransform
[        ] Transforming legacy-support-core-ui-1.0.0.aar (androidx.legacy:legacy-support-core-ui:1.0.0) with JetifyTransform
[        ] Transforming legacy-support-core-ui-1.0.0.aar (androidx.legacy:legacy-support-core-ui:1.0.0) with ExtractAarTransform
[        ] Transforming legacy-support-core-ui-1.0.0.aar (androidx.legacy:legacy-support-core-ui:1.0.0) with LibrarySymbolTableTransform
[        ] Transforming slidingpanelayout-1.2.0.aar (androidx.slidingpanelayout:slidingpanelayout:1.2.0) with JetifyTransform
[        ] Transforming slidingpanelayout-1.2.0.aar (androidx.slidingpanelayout:slidingpanelayout:1.2.0) with ExtractAarTransform
[        ] Transforming slidingpanelayout-1.2.0.aar (androidx.slidingpanelayout:slidingpanelayout:1.2.0) with LibrarySymbolTableTransform
[        ] Transforming slidingpanelayout-1.2.0.aar (androidx.slidingpanelayout:slidingpanelayout:1.2.0) with JetifyTransform
[        ] Transforming slidingpanelayout-1.2.0.aar (androidx.slidingpanelayout:slidingpanelayout:1.2.0) with ExtractAarTransform
[        ] Transforming slidingpanelayout-1.2.0.aar (androidx.slidingpanelayout:slidingpanelayout:1.2.0) with LibrarySymbolTableTransform
[        ] Transforming window-1.2.0.aar (androidx.window:window:1.2.0) with JetifyTransform
[        ] Transforming window-1.2.0.aar (androidx.window:window:1.2.0) with ExtractAarTransform
[        ] Transforming window-1.2.0.aar (androidx.window:window:1.2.0) with LibrarySymbolTableTransform
[        ] Transforming window-java-1.2.0.aar (androidx.window:window-java:1.2.0) with JetifyTransform
[        ] Transforming window-java-1.2.0.aar (androidx.window:window-java:1.2.0) with ExtractAarTransform
[        ] Transforming window-java-1.2.0.aar (androidx.window:window-java:1.2.0) with LibrarySymbolTableTransform
[        ] Transforming credentials-1.2.0-rc01.aar (androidx.credentials:credentials:1.2.0-rc01) with JetifyTransform
[        ] Transforming credentials-1.2.0-rc01.aar (androidx.credentials:credentials:1.2.0-rc01) with ExtractAarTransform
[        ] Transforming credentials-1.2.0-rc01.aar (androidx.credentials:credentials:1.2.0-rc01) with LibrarySymbolTableTransform
[        ] Transforming credentials-1.2.0-rc01.aar (androidx.credentials:credentials:1.2.0-rc01) with JetifyTransform
[        ] Transforming credentials-1.2.0-rc01.aar (androidx.credentials:credentials:1.2.0-rc01) with ExtractAarTransform
[        ] Transforming credentials-1.2.0-rc01.aar (androidx.credentials:credentials:1.2.0-rc01) with LibrarySymbolTableTransform
[        ] Transforming credentials-play-services-auth-1.2.0-rc01.aar (androidx.credentials:credentials-play-services-auth:1.2.0-rc01) with JetifyTransform
[        ] Transforming credentials-play-services-auth-1.2.0-rc01.aar (androidx.credentials:credentials-play-services-auth:1.2.0-rc01) with ExtractAarTransform
[        ] Transforming credentials-play-services-auth-1.2.0-rc01.aar (androidx.credentials:credentials-play-services-auth:1.2.0-rc01) with LibrarySymbolTableTransform
[        ] Transforming play-services-auth-21.0.0.aar (com.google.android.gms:play-services-auth:21.0.0) with JetifyTransform
[        ] Transforming play-services-auth-21.0.0.aar (com.google.android.gms:play-services-auth:21.0.0) with ExtractAarTransform
[        ] Transforming play-services-auth-21.0.0.aar (com.google.android.gms:play-services-auth:21.0.0) with LibrarySymbolTableTransform
[        ] Transforming firebase-appcheck-interop-17.0.0.aar (com.google.firebase:firebase-appcheck-interop:17.0.0) with JetifyTransform
[        ] Transforming firebase-appcheck-interop-17.0.0.aar (com.google.firebase:firebase-appcheck-interop:17.0.0) with ExtractAarTransform
[        ] Transforming firebase-appcheck-interop-17.0.0.aar (com.google.firebase:firebase-appcheck-interop:17.0.0) with LibrarySymbolTableTransform
[        ] Transforming firebase-database-collection-18.0.1.aar (com.google.firebase:firebase-database-collection:18.0.1) with JetifyTransform
[        ] Transforming firebase-database-collection-18.0.1.aar (com.google.firebase:firebase-database-collection:18.0.1) with ExtractAarTransform
[        ] Transforming firebase-database-collection-18.0.1.aar (com.google.firebase:firebase-database-collection:18.0.1) with LibrarySymbolTableTransform
[        ] Transforming play-services-auth-api-phone-18.0.2.aar (com.google.android.gms:play-services-auth-api-phone:18.0.2) with JetifyTransform
[        ] Transforming play-services-auth-api-phone-18.0.2.aar (com.google.android.gms:play-services-auth-api-phone:18.0.2) with ExtractAarTransform
[        ] Transforming play-services-auth-api-phone-18.0.2.aar (com.google.android.gms:play-services-auth-api-phone:18.0.2) with LibrarySymbolTableTransform
[        ] Transforming play-services-auth-base-18.0.10.aar (com.google.android.gms:play-services-auth-base:18.0.10) with JetifyTransform
[        ] Transforming play-services-auth-base-18.0.10.aar (com.google.android.gms:play-services-auth-base:18.0.10) with ExtractAarTransform
[        ] Transforming play-services-auth-base-18.0.10.aar (com.google.android.gms:play-services-auth-base:18.0.10) with LibrarySymbolTableTransform
[        ] Transforming play-services-fido-20.1.0.aar (com.google.android.gms:play-services-fido:20.1.0) with JetifyTransform
[        ] Transforming play-services-fido-20.1.0.aar (com.google.android.gms:play-services-fido:20.1.0) with ExtractAarTransform
[        ] Transforming play-services-fido-20.1.0.aar (com.google.android.gms:play-services-fido:20.1.0) with LibrarySymbolTableTransform
[        ] Transforming play-services-fido-20.1.0.aar (com.google.android.gms:play-services-fido:20.1.0) with JetifyTransform
[        ] Transforming play-services-fido-20.1.0.aar (com.google.android.gms:play-services-fido:20.1.0) with ExtractAarTransform
[        ] Transforming play-services-fido-20.1.0.aar (com.google.android.gms:play-services-fido:20.1.0) with LibrarySymbolTableTransform
[        ] Transforming play-services-base-18.9.0.aar (com.google.android.gms:play-services-base:18.9.0) with JetifyTransform
[        ] Transforming play-services-base-18.9.0.aar (com.google.android.gms:play-services-base:18.9.0) with ExtractAarTransform
[        ] Transforming play-services-base-18.9.0.aar (com.google.android.gms:play-services-base:18.9.0) with LibrarySymbolTableTransform
[        ] Transforming recaptcha-18.6.1.aar (com.google.android.recaptcha:recaptcha:18.6.1) with JetifyTransform
[        ] Transforming recaptcha-18.6.1.aar (com.google.android.recaptcha:recaptcha:18.6.1) with ExtractAarTransform
[        ] Transforming recaptcha-18.6.1.aar (com.google.android.recaptcha:recaptcha:18.6.1) with LibrarySymbolTableTransform
[        ] Transforming integrity-1.3.0.aar (com.google.android.play:integrity:1.3.0) with JetifyTransform
[        ] Transforming integrity-1.3.0.aar (com.google.android.play:integrity:1.3.0) with ExtractAarTransform
[        ] Transforming integrity-1.3.0.aar (com.google.android.play:integrity:1.3.0) with LibrarySymbolTableTransform
[        ] Transforming appcompat-1.1.0.aar (androidx.appcompat:appcompat:1.1.0) with JetifyTransform
[        ] Transforming appcompat-1.1.0.aar (androidx.appcompat:appcompat:1.1.0) with ExtractAarTransform
[        ] Transforming appcompat-1.1.0.aar (androidx.appcompat:appcompat:1.1.0) with LibrarySymbolTableTransform
[        ] Transforming fragment-ktx-1.7.1.aar (androidx.fragment:fragment-ktx:1.7.1) with JetifyTransform
[        ] Transforming fragment-ktx-1.7.1.aar (androidx.fragment:fragment-ktx:1.7.1) with ExtractAarTransform
[        ] Transforming fragment-ktx-1.7.1.aar (androidx.fragment:fragment-ktx:1.7.1) with LibrarySymbolTableTransform
[        ] Transforming fragment-1.7.1.aar (androidx.fragment:fragment:1.7.1) with JetifyTransform
[        ] Transforming fragment-1.7.1.aar (androidx.fragment:fragment:1.7.1) with ExtractAarTransform
[        ] Transforming fragment-1.7.1.aar (androidx.fragment:fragment:1.7.1) with LibrarySymbolTableTransform
[        ] Transforming fragment-1.7.1.aar (androidx.fragment:fragment:1.7.1) with JetifyTransform
[        ] Transforming fragment-1.7.1.aar (androidx.fragment:fragment:1.7.1) with ExtractAarTransform
[        ] Transforming fragment-1.7.1.aar (androidx.fragment:fragment:1.7.1) with LibrarySymbolTableTransform
[        ] Transforming activity-ktx-1.9.0.aar (androidx.activity:activity-ktx:1.9.0) with JetifyTransform
[        ] Transforming activity-ktx-1.9.0.aar (androidx.activity:activity-ktx:1.9.0) with ExtractAarTransform
[        ] Transforming activity-ktx-1.9.0.aar (androidx.activity:activity-ktx:1.9.0) with LibrarySymbolTableTransform
[        ] Transforming activity-1.9.0.aar (androidx.activity:activity:1.9.0) with JetifyTransform
[        ] Transforming activity-1.9.0.aar (androidx.activity:activity:1.9.0) with ExtractAarTransform
[        ] Transforming activity-1.9.0.aar (androidx.activity:activity:1.9.0) with LibrarySymbolTableTransform
[        ] Transforming play-services-stats-17.0.2.aar (com.google.android.gms:play-services-stats:17.0.2) with JetifyTransform
[        ] Transforming play-services-stats-17.0.2.aar (com.google.android.gms:play-services-stats:17.0.2) with ExtractAarTransform
[        ] Transforming play-services-stats-17.0.2.aar (com.google.android.gms:play-services-stats:17.0.2) with LibrarySymbolTableTransform
[        ] Transforming legacy-support-core-utils-1.0.0.aar (androidx.legacy:legacy-support-core-utils:1.0.0) with JetifyTransform
[        ] Transforming legacy-support-core-utils-1.0.0.aar (androidx.legacy:legacy-support-core-utils:1.0.0) with ExtractAarTransform
[        ] Transforming legacy-support-core-utils-1.0.0.aar (androidx.legacy:legacy-support-core-utils:1.0.0) with LibrarySymbolTableTransform
[        ] Transforming loader-1.1.0.aar (androidx.loader:loader:1.1.0) with JetifyTransform
[        ] Transforming loader-1.1.0.aar (androidx.loader:loader:1.1.0) with ExtractAarTransform
[        ] Transforming loader-1.1.0.aar (androidx.loader:loader:1.1.0) with LibrarySymbolTableTransform
[        ] Transforming loader-1.1.0.aar (androidx.loader:loader:1.1.0) with JetifyTransform
[        ] Transforming loader-1.1.0.aar (androidx.loader:loader:1.1.0) with ExtractAarTransform
[        ] Transforming loader-1.1.0.aar (androidx.loader:loader:1.1.0) with LibrarySymbolTableTransform
[        ] Transforming lifecycle-runtime-ktx-2.7.0.aar (androidx.lifecycle:lifecycle-runtime-ktx:2.7.0) with JetifyTransform
[        ] Transforming lifecycle-runtime-ktx-2.7.0.aar (androidx.lifecycle:lifecycle-runtime-ktx:2.7.0) with ExtractAarTransform
[        ] Transforming lifecycle-runtime-ktx-2.7.0.aar (androidx.lifecycle:lifecycle-runtime-ktx:2.7.0) with LibrarySymbolTableTransform
[        ] Transforming lifecycle-livedata-core-ktx-2.7.0.aar (androidx.lifecycle:lifecycle-livedata-core-ktx:2.7.0) with JetifyTransform
[        ] Transforming lifecycle-livedata-core-ktx-2.7.0.aar (androidx.lifecycle:lifecycle-livedata-core-ktx:2.7.0) with ExtractAarTransform
[        ] Transforming lifecycle-livedata-core-ktx-2.7.0.aar (androidx.lifecycle:lifecycle-livedata-core-ktx:2.7.0) with LibrarySymbolTableTransform
[        ] Transforming lifecycle-viewmodel-ktx-2.7.0.aar (androidx.lifecycle:lifecycle-viewmodel-ktx:2.7.0) with JetifyTransform
[        ] Transforming lifecycle-viewmodel-ktx-2.7.0.aar (androidx.lifecycle:lifecycle-viewmodel-ktx:2.7.0) with ExtractAarTransform
[        ] Transforming lifecycle-viewmodel-ktx-2.7.0.aar (androidx.lifecycle:lifecycle-viewmodel-ktx:2.7.0) with LibrarySymbolTableTransform
[        ] Transforming lifecycle-viewmodel-savedstate-2.7.0.aar (androidx.lifecycle:lifecycle-viewmodel-savedstate:2.7.0) with JetifyTransform
[        ] Transforming lifecycle-viewmodel-savedstate-2.7.0.aar (androidx.lifecycle:lifecycle-viewmodel-savedstate:2.7.0) with ExtractAarTransform
[        ] Transforming lifecycle-viewmodel-savedstate-2.7.0.aar (androidx.lifecycle:lifecycle-viewmodel-savedstate:2.7.0) with LibrarySymbolTableTransform
[        ] Transforming lifecycle-viewmodel-2.7.0.aar (androidx.lifecycle:lifecycle-viewmodel:2.7.0) with JetifyTransform
[        ] Transforming lifecycle-viewmodel-2.7.0.aar (androidx.lifecycle:lifecycle-viewmodel:2.7.0) with ExtractAarTransform
[        ] Transforming lifecycle-viewmodel-2.7.0.aar (androidx.lifecycle:lifecycle-viewmodel:2.7.0) with LibrarySymbolTableTransform
[        ] Transforming lifecycle-viewmodel-2.7.0.aar (androidx.lifecycle:lifecycle-viewmodel:2.7.0) with JetifyTransform
[        ] Transforming lifecycle-viewmodel-2.7.0.aar (androidx.lifecycle:lifecycle-viewmodel:2.7.0) with ExtractAarTransform
[        ] Transforming lifecycle-viewmodel-2.7.0.aar (androidx.lifecycle:lifecycle-viewmodel:2.7.0) with LibrarySymbolTableTransform
[        ] Transforming lifecycle-livedata-core-2.7.0.aar (androidx.lifecycle:lifecycle-livedata-core:2.7.0) with JetifyTransform
[        ] Transforming lifecycle-livedata-core-2.7.0.aar (androidx.lifecycle:lifecycle-livedata-core:2.7.0) with ExtractAarTransform
[        ] Transforming lifecycle-livedata-core-2.7.0.aar (androidx.lifecycle:lifecycle-livedata-core:2.7.0) with LibrarySymbolTableTransform
[        ] Transforming lifecycle-livedata-core-2.7.0.aar (androidx.lifecycle:lifecycle-livedata-core:2.7.0) with JetifyTransform
[        ] Transforming lifecycle-livedata-core-2.7.0.aar (androidx.lifecycle:lifecycle-livedata-core:2.7.0) with ExtractAarTransform
[        ] Transforming lifecycle-livedata-core-2.7.0.aar (androidx.lifecycle:lifecycle-livedata-core:2.7.0) with LibrarySymbolTableTransform
[        ] Transforming lifecycle-runtime-2.7.0.aar (androidx.lifecycle:lifecycle-runtime:2.7.0) with JetifyTransform
[        ] Transforming lifecycle-runtime-2.7.0.aar (androidx.lifecycle:lifecycle-runtime:2.7.0) with ExtractAarTransform
[        ] Transforming lifecycle-runtime-2.7.0.aar (androidx.lifecycle:lifecycle-runtime:2.7.0) with LibrarySymbolTableTransform
[        ] Transforming lifecycle-process-2.7.0.aar (androidx.lifecycle:lifecycle-process:2.7.0) with JetifyTransform
[        ] Transforming lifecycle-process-2.7.0.aar (androidx.lifecycle:lifecycle-process:2.7.0) with ExtractAarTransform
[        ] Transforming lifecycle-process-2.7.0.aar (androidx.lifecycle:lifecycle-process:2.7.0) with LibrarySymbolTableTransform
[        ] Transforming savedstate-ktx-1.2.1.aar (androidx.savedstate:savedstate-ktx:1.2.1) with JetifyTransform
[        ] Transforming savedstate-ktx-1.2.1.aar (androidx.savedstate:savedstate-ktx:1.2.1) with ExtractAarTransform
[        ] Transforming savedstate-ktx-1.2.1.aar (androidx.savedstate:savedstate-ktx:1.2.1) with LibrarySymbolTableTransform
[        ] Transforming savedstate-1.2.1.aar (androidx.savedstate:savedstate:1.2.1) with JetifyTransform
[        ] Transforming savedstate-1.2.1.aar (androidx.savedstate:savedstate:1.2.1) with ExtractAarTransform
[        ] Transforming savedstate-1.2.1.aar (androidx.savedstate:savedstate:1.2.1) with LibrarySymbolTableTransform
[        ] Transforming datastore-preferences-core.aar (androidx.datastore:datastore-preferences-core-android:1.2.0) with JetifyTransform
[        ] Transforming datastore-preferences-core.aar (androidx.datastore:datastore-preferences-core-android:1.2.0) with ExtractAarTransform
[        ] Transforming datastore-preferences-core.aar (androidx.datastore:datastore-preferences-core-android:1.2.0) with LibrarySymbolTableTransform
[        ] Transforming datastore-core.aar (androidx.datastore:datastore-core-android:1.2.0) with JetifyTransform
[        ] Transforming datastore-core.aar (androidx.datastore:datastore-core-android:1.2.0) with ExtractAarTransform
[        ] Transforming datastore-core.aar (androidx.datastore:datastore-core-android:1.2.0) with LibrarySymbolTableTransform
[        ] Transforming datastore-preferences.aar (androidx.datastore:datastore-preferences-android:1.2.0) with JetifyTransform
[        ] Transforming datastore-preferences.aar (androidx.datastore:datastore-preferences-android:1.2.0) with ExtractAarTransform
[        ] Transforming datastore-preferences.aar (androidx.datastore:datastore-preferences-android:1.2.0) with LibrarySymbolTableTransform
[        ] Transforming datastore.aar (androidx.datastore:datastore-android:1.2.0) with JetifyTransform
[        ] Transforming datastore.aar (androidx.datastore:datastore-android:1.2.0) with ExtractAarTransform
[        ] Transforming datastore.aar (androidx.datastore:datastore-android:1.2.0) with LibrarySymbolTableTransform
[        ] Transforming firebase-iid-interop-17.1.0.aar (com.google.firebase:firebase-iid-interop:17.1.0) with JetifyTransform
[        ] Transforming firebase-iid-interop-17.1.0.aar (com.google.firebase:firebase-iid-interop:17.1.0) with ExtractAarTransform
[        ] Transforming firebase-iid-interop-17.1.0.aar (com.google.firebase:firebase-iid-interop:17.1.0) with LibrarySymbolTableTransform
[        ] Transforming play-services-cloud-messaging-17.2.0.aar (com.google.android.gms:play-services-cloud-messaging:17.2.0) with JetifyTransform
[        ] Transforming play-services-cloud-messaging-17.2.0.aar (com.google.android.gms:play-services-cloud-messaging:17.2.0) with ExtractAarTransform
[        ] Transforming play-services-cloud-messaging-17.2.0.aar (com.google.android.gms:play-services-cloud-messaging:17.2.0) with LibrarySymbolTableTransform
[        ] Transforming firebase-installations-interop-17.1.1.aar (com.google.firebase:firebase-installations-interop:17.1.1) with JetifyTransform
[        ] Transforming firebase-installations-interop-17.1.1.aar (com.google.firebase:firebase-installations-interop:17.1.1) with ExtractAarTransform
[        ] Transforming firebase-installations-interop-17.1.1.aar (com.google.firebase:firebase-installations-interop:17.1.1) with LibrarySymbolTableTransform
[        ] Transforming play-services-tasks-18.4.0.aar (com.google.android.gms:play-services-tasks:18.4.0) with JetifyTransform
[        ] Transforming play-services-tasks-18.4.0.aar (com.google.android.gms:play-services-tasks:18.4.0) with ExtractAarTransform
[        ] Transforming play-services-tasks-18.4.0.aar (com.google.android.gms:play-services-tasks:18.4.0) with LibrarySymbolTableTransform
[        ] Transforming play-services-tasks-18.4.0.aar (com.google.android.gms:play-services-tasks:18.4.0) with JetifyTransform
[        ] Transforming play-services-tasks-18.4.0.aar (com.google.android.gms:play-services-tasks:18.4.0) with ExtractAarTransform
[        ] Transforming play-services-tasks-18.4.0.aar (com.google.android.gms:play-services-tasks:18.4.0) with LibrarySymbolTableTransform
[        ] Transforming firebase-measurement-connector-19.0.0.aar (com.google.firebase:firebase-measurement-connector:19.0.0) with JetifyTransform
[        ] Transforming firebase-measurement-connector-19.0.0.aar (com.google.firebase:firebase-measurement-connector:19.0.0) with ExtractAarTransform
[        ] Transforming firebase-measurement-connector-19.0.0.aar (com.google.firebase:firebase-measurement-connector:19.0.0) with LibrarySymbolTableTransform
[        ] Transforming play-services-basement-18.9.0.aar (com.google.android.gms:play-services-basement:18.9.0) with JetifyTransform
[        ] Transforming play-services-basement-18.9.0.aar (com.google.android.gms:play-services-basement:18.9.0) with ExtractAarTransform
[        ] Transforming play-services-basement-18.9.0.aar (com.google.android.gms:play-services-basement:18.9.0) with LibrarySymbolTableTransform
[        ] Transforming viewpager-1.0.0.aar (androidx.viewpager:viewpager:1.0.0) with JetifyTransform
[        ] Transforming viewpager-1.0.0.aar (androidx.viewpager:viewpager:1.0.0) with ExtractAarTransform
[        ] Transforming viewpager-1.0.0.aar (androidx.viewpager:viewpager:1.0.0) with LibrarySymbolTableTransform
[        ] Transforming viewpager-1.0.0.aar (androidx.viewpager:viewpager:1.0.0) with JetifyTransform
[        ] Transforming viewpager-1.0.0.aar (androidx.viewpager:viewpager:1.0.0) with ExtractAarTransform
[        ] Transforming viewpager-1.0.0.aar (androidx.viewpager:viewpager:1.0.0) with LibrarySymbolTableTransform
[        ] Transforming appcompat-resources-1.1.0.aar (androidx.appcompat:appcompat-resources:1.1.0) with JetifyTransform
[        ] Transforming appcompat-resources-1.1.0.aar (androidx.appcompat:appcompat-resources:1.1.0) with ExtractAarTransform
[        ] Transforming appcompat-resources-1.1.0.aar (androidx.appcompat:appcompat-resources:1.1.0) with LibrarySymbolTableTransform
[        ] Transforming drawerlayout-1.0.0.aar (androidx.drawerlayout:drawerlayout:1.0.0) with JetifyTransform
[        ] Transforming drawerlayout-1.0.0.aar (androidx.drawerlayout:drawerlayout:1.0.0) with ExtractAarTransform
[        ] Transforming drawerlayout-1.0.0.aar (androidx.drawerlayout:drawerlayout:1.0.0) with LibrarySymbolTableTransform
[        ] Transforming coordinatorlayout-1.0.0.aar (androidx.coordinatorlayout:coordinatorlayout:1.0.0) with JetifyTransform
[        ] Transforming coordinatorlayout-1.0.0.aar (androidx.coordinatorlayout:coordinatorlayout:1.0.0) with ExtractAarTransform
[        ] Transforming coordinatorlayout-1.0.0.aar (androidx.coordinatorlayout:coordinatorlayout:1.0.0) with LibrarySymbolTableTransform
[        ] Transforming customview-1.1.0.aar (androidx.customview:customview:1.1.0) with JetifyTransform
[        ] Transforming customview-1.1.0.aar (androidx.customview:customview:1.1.0) with ExtractAarTransform
[        ] Transforming customview-1.1.0.aar (androidx.customview:customview:1.1.0) with LibrarySymbolTableTransform
[        ] Transforming customview-1.1.0.aar (androidx.customview:customview:1.1.0) with JetifyTransform
[        ] Transforming customview-1.1.0.aar (androidx.customview:customview:1.1.0) with ExtractAarTransform
[        ] Transforming customview-1.1.0.aar (androidx.customview:customview:1.1.0) with LibrarySymbolTableTransform
[        ] Transforming transition-1.4.1.aar (androidx.transition:transition:1.4.1) with JetifyTransform
[        ] Transforming transition-1.4.1.aar (androidx.transition:transition:1.4.1) with ExtractAarTransform
[        ] Transforming transition-1.4.1.aar (androidx.transition:transition:1.4.1) with LibrarySymbolTableTransform
[        ] Transforming core-ktx-1.17.0.aar (androidx.core:core-ktx:1.17.0) with JetifyTransform
[        ] Transforming core-ktx-1.17.0.aar (androidx.core:core-ktx:1.17.0) with ExtractAarTransform
[        ] Transforming core-ktx-1.17.0.aar (androidx.core:core-ktx:1.17.0) with LibrarySymbolTableTransform
[        ] Transforming vectordrawable-animated-1.1.0.aar (androidx.vectordrawable:vectordrawable-animated:1.1.0) with JetifyTransform
[        ] Transforming vectordrawable-animated-1.1.0.aar (androidx.vectordrawable:vectordrawable-animated:1.1.0) with ExtractAarTransform
[        ] Transforming vectordrawable-animated-1.1.0.aar (androidx.vectordrawable:vectordrawable-animated:1.1.0) with LibrarySymbolTableTransform
[        ] Transforming vectordrawable-1.1.0.aar (androidx.vectordrawable:vectordrawable:1.1.0) with JetifyTransform
[        ] Transforming vectordrawable-1.1.0.aar (androidx.vectordrawable:vectordrawable:1.1.0) with ExtractAarTransform
[        ] Transforming vectordrawable-1.1.0.aar (androidx.vectordrawable:vectordrawable:1.1.0) with LibrarySymbolTableTransform
[        ] Transforming swiperefreshlayout-1.0.0.aar (androidx.swiperefreshlayout:swiperefreshlayout:1.0.0) with JetifyTransform
[        ] Transforming swiperefreshlayout-1.0.0.aar (androidx.swiperefreshlayout:swiperefreshlayout:1.0.0) with ExtractAarTransform
[        ] Transforming swiperefreshlayout-1.0.0.aar (androidx.swiperefreshlayout:swiperefreshlayout:1.0.0) with LibrarySymbolTableTransform
[        ] Transforming asynclayoutinflater-1.0.0.aar (androidx.asynclayoutinflater:asynclayoutinflater:1.0.0) with JetifyTransform
[        ] Transforming asynclayoutinflater-1.0.0.aar (androidx.asynclayoutinflater:asynclayoutinflater:1.0.0) with ExtractAarTransform
[        ] Transforming asynclayoutinflater-1.0.0.aar (androidx.asynclayoutinflater:asynclayoutinflater:1.0.0) with LibrarySymbolTableTransform
[        ] Transforming core-1.17.0.aar (androidx.core:core:1.17.0) with JetifyTransform
[        ] Transforming core-1.17.0.aar (androidx.core:core:1.17.0) with ExtractAarTransform
[        ] Transforming core-1.17.0.aar (androidx.core:core:1.17.0) with LibrarySymbolTableTransform
[        ] Transforming core-1.17.0.aar (androidx.core:core:1.17.0) with JetifyTransform
[        ] Transforming core-1.17.0.aar (androidx.core:core:1.17.0) with ExtractAarTransform
[        ] Transforming core-1.17.0.aar (androidx.core:core:1.17.0) with LibrarySymbolTableTransform
[        ] Transforming localbroadcastmanager-1.1.0.aar (androidx.localbroadcastmanager:localbroadcastmanager:1.1.0) with JetifyTransform
[        ] Transforming localbroadcastmanager-1.1.0.aar (androidx.localbroadcastmanager:localbroadcastmanager:1.1.0) with ExtractAarTransform
[        ] Transforming localbroadcastmanager-1.1.0.aar (androidx.localbroadcastmanager:localbroadcastmanager:1.1.0) with LibrarySymbolTableTransform
[        ] Transforming localbroadcastmanager-1.1.0.aar (androidx.localbroadcastmanager:localbroadcastmanager:1.1.0) with JetifyTransform
[        ] Transforming localbroadcastmanager-1.1.0.aar (androidx.localbroadcastmanager:localbroadcastmanager:1.1.0) with ExtractAarTransform
[        ] Transforming localbroadcastmanager-1.1.0.aar (androidx.localbroadcastmanager:localbroadcastmanager:1.1.0) with LibrarySymbolTableTransform
[        ] Transforming profileinstaller-1.3.1.aar (androidx.profileinstaller:profileinstaller:1.3.1) with JetifyTransform
[        ] Transforming profileinstaller-1.3.1.aar (androidx.profileinstaller:profileinstaller:1.3.1) with ExtractAarTransform
[        ] Transforming profileinstaller-1.3.1.aar (androidx.profileinstaller:profileinstaller:1.3.1) with LibrarySymbolTableTransform
[        ] Transforming startup-runtime-1.1.1.aar (androidx.startup:startup-runtime:1.1.1) with JetifyTransform
[        ] Transforming startup-runtime-1.1.1.aar (androidx.startup:startup-runtime:1.1.1) with ExtractAarTransform
[        ] Transforming startup-runtime-1.1.1.aar (androidx.startup:startup-runtime:1.1.1) with LibrarySymbolTableTransform
[        ] Transforming tracing-1.2.0.aar (androidx.tracing:tracing:1.2.0) with JetifyTransform
[        ] Transforming tracing-1.2.0.aar (androidx.tracing:tracing:1.2.0) with ExtractAarTransform
[        ] Transforming tracing-1.2.0.aar (androidx.tracing:tracing:1.2.0) with LibrarySymbolTableTransform
[        ] Transforming exifinterface-1.4.1.aar (androidx.exifinterface:exifinterface:1.4.1) with JetifyTransform
[        ] Transforming exifinterface-1.4.1.aar (androidx.exifinterface:exifinterface:1.4.1) with ExtractAarTransform
[        ] Transforming exifinterface-1.4.1.aar (androidx.exifinterface:exifinterface:1.4.1) with LibrarySymbolTableTransform
[        ] Transforming firebase-components-19.0.0.aar (com.google.firebase:firebase-components:19.0.0) with JetifyTransform
[        ] Transforming firebase-components-19.0.0.aar (com.google.firebase:firebase-components:19.0.0) with ExtractAarTransform
[        ] Transforming firebase-components-19.0.0.aar (com.google.firebase:firebase-components:19.0.0) with LibrarySymbolTableTransform
[        ] Transforming firebase-datatransport-18.2.0.aar (com.google.firebase:firebase-datatransport:18.2.0) with JetifyTransform
[        ] Transforming firebase-datatransport-18.2.0.aar (com.google.firebase:firebase-datatransport:18.2.0) with ExtractAarTransform
[        ] Transforming firebase-datatransport-18.2.0.aar (com.google.firebase:firebase-datatransport:18.2.0) with LibrarySymbolTableTransform
[        ] Transforming transport-backend-cct-3.1.9.aar (com.google.android.datatransport:transport-backend-cct:3.1.9) with JetifyTransform
[        ] Transforming transport-backend-cct-3.1.9.aar (com.google.android.datatransport:transport-backend-cct:3.1.9) with ExtractAarTransform
[        ] Transforming transport-backend-cct-3.1.9.aar (com.google.android.datatransport:transport-backend-cct:3.1.9) with LibrarySymbolTableTransform
[        ] Transforming firebase-encoders-json-18.0.0.aar (com.google.firebase:firebase-encoders-json:18.0.0) with JetifyTransform
[        ] Transforming firebase-encoders-json-18.0.0.aar (com.google.firebase:firebase-encoders-json:18.0.0) with ExtractAarTransform
[        ] Transforming firebase-encoders-json-18.0.0.aar (com.google.firebase:firebase-encoders-json:18.0.0) with LibrarySymbolTableTransform
[        ] Transforming transport-runtime-3.1.9.aar (com.google.android.datatransport:transport-runtime:3.1.9) with JetifyTransform
[        ] Transforming transport-runtime-3.1.9.aar (com.google.android.datatransport:transport-runtime:3.1.9) with ExtractAarTransform
[        ] Transforming transport-runtime-3.1.9.aar (com.google.android.datatransport:transport-runtime:3.1.9) with LibrarySymbolTableTransform
[        ] Transforming transport-api-3.1.0.aar (com.google.android.datatransport:transport-api:3.1.0) with JetifyTransform
[        ] Transforming transport-api-3.1.0.aar (com.google.android.datatransport:transport-api:3.1.0) with ExtractAarTransform
[        ] Transforming transport-api-3.1.0.aar (com.google.android.datatransport:transport-api:3.1.0) with LibrarySymbolTableTransform
[        ] Transforming interpolator-1.0.0.aar (androidx.interpolator:interpolator:1.0.0) with JetifyTransform
[        ] Transforming interpolator-1.0.0.aar (androidx.interpolator:interpolator:1.0.0) with ExtractAarTransform
[        ] Transforming interpolator-1.0.0.aar (androidx.interpolator:interpolator:1.0.0) with LibrarySymbolTableTransform
[        ] Transforming interpolator-1.0.0.aar (androidx.interpolator:interpolator:1.0.0) with JetifyTransform
[        ] Transforming interpolator-1.0.0.aar (androidx.interpolator:interpolator:1.0.0) with ExtractAarTransform
[        ] Transforming interpolator-1.0.0.aar (androidx.interpolator:interpolator:1.0.0) with LibrarySymbolTableTransform
[        ] Transforming versionedparcelable-1.1.1.aar (androidx.versionedparcelable:versionedparcelable:1.1.1) with JetifyTransform
[        ] Transforming versionedparcelable-1.1.1.aar (androidx.versionedparcelable:versionedparcelable:1.1.1) with ExtractAarTransform
[        ] Transforming versionedparcelable-1.1.1.aar (androidx.versionedparcelable:versionedparcelable:1.1.1) with LibrarySymbolTableTransform
[        ] Transforming core-runtime-2.2.0.aar (androidx.arch.core:core-runtime:2.2.0) with JetifyTransform
[        ] Transforming core-runtime-2.2.0.aar (androidx.arch.core:core-runtime:2.2.0) with ExtractAarTransform
[        ] Transforming core-runtime-2.2.0.aar (androidx.arch.core:core-runtime:2.2.0) with LibrarySymbolTableTransform
[        ] Transforming cursoradapter-1.0.0.aar (androidx.cursoradapter:cursoradapter:1.0.0) with JetifyTransform
[        ] Transforming cursoradapter-1.0.0.aar (androidx.cursoradapter:cursoradapter:1.0.0) with ExtractAarTransform
[        ] Transforming cursoradapter-1.0.0.aar (androidx.cursoradapter:cursoradapter:1.0.0) with LibrarySymbolTableTransform
[        ] Transforming core-1.0.0.aar (androidx.window.extensions.core:core:1.0.0) with JetifyTransform
[        ] Transforming core-1.0.0.aar (androidx.window.extensions.core:core:1.0.0) with ExtractAarTransform
[        ] Transforming core-1.0.0.aar (androidx.window.extensions.core:core:1.0.0) with LibrarySymbolTableTransform
[        ] Transforming documentfile-1.0.0.aar (androidx.documentfile:documentfile:1.0.0) with JetifyTransform
[        ] Transforming documentfile-1.0.0.aar (androidx.documentfile:documentfile:1.0.0) with ExtractAarTransform
[        ] Transforming documentfile-1.0.0.aar (androidx.documentfile:documentfile:1.0.0) with LibrarySymbolTableTransform
[        ] Transforming print-1.0.0.aar (androidx.print:print:1.0.0) with JetifyTransform
[        ] Transforming print-1.0.0.aar (androidx.print:print:1.0.0) with ExtractAarTransform
[        ] Transforming print-1.0.0.aar (androidx.print:print:1.0.0) with LibrarySymbolTableTransform
[        ] Transforming googleid-1.1.0.aar (com.google.android.libraries.identity.googleid:googleid:1.1.0) with JetifyTransform
[        ] Transforming googleid-1.1.0.aar (com.google.android.libraries.identity.googleid:googleid:1.1.0) with ExtractAarTransform
[        ] Transforming googleid-1.1.0.aar (com.google.android.libraries.identity.googleid:googleid:1.1.0) with LibrarySymbolTableTransform
[        ] Transforming annotation-experimental-1.4.1.aar (androidx.annotation:annotation-experimental:1.4.1) with JetifyTransform
[        ] Transforming annotation-experimental-1.4.1.aar (androidx.annotation:annotation-experimental:1.4.1) with ExtractAarTransform
[        ] Transforming annotation-experimental-1.4.1.aar (androidx.annotation:annotation-experimental:1.4.1) with LibrarySymbolTableTransform
[        ] Transforming core-viewtree-1.0.0.aar (androidx.core:core-viewtree:1.0.0) with JetifyTransform
[        ] Transforming core-viewtree-1.0.0.aar (androidx.core:core-viewtree:1.0.0) with ExtractAarTransform
[        ] Transforming core-viewtree-1.0.0.aar (androidx.core:core-viewtree:1.0.0) with LibrarySymbolTableTransform
[        ] Transforming grpc-android-1.62.2.aar (io.grpc:grpc-android:1.62.2) with JetifyTransform
[        ] Transforming grpc-android-1.62.2.aar (io.grpc:grpc-android:1.62.2) with ExtractAarTransform
[        ] Transforming grpc-android-1.62.2.aar (io.grpc:grpc-android:1.62.2) with LibrarySymbolTableTransform
[        ] Transforming relinker-1.4.5.aar (com.getkeepsafe.relinker:relinker:1.4.5) with JetifyTransform
[        ] Transforming relinker-1.4.5.aar (com.getkeepsafe.relinker:relinker:1.4.5) with ExtractAarTransform
[        ] Transforming relinker-1.4.5.aar (com.getkeepsafe.relinker:relinker:1.4.5) with LibrarySymbolTableTransform
[        ] Transforming protolite-well-known-types-18.0.1.aar (com.google.firebase:protolite-well-known-types:18.0.1) with JetifyTransform
[        ] Transforming protolite-well-known-types-18.0.1.aar (com.google.firebase:protolite-well-known-types:18.0.1) with ExtractAarTransform
[        ] Transforming protolite-well-known-types-18.0.1.aar (com.google.firebase:protolite-well-known-types:18.0.1) with LibrarySymbolTableTransform
[        ] Transforming core-common-2.0.3.aar (com.google.android.play:core-common:2.0.3) with JetifyTransform
[        ] Transforming core-common-2.0.3.aar (com.google.android.play:core-common:2.0.3) with ExtractAarTransform
[        ] Transforming core-common-2.0.3.aar (com.google.android.play:core-common:2.0.3) with LibrarySymbolTableTransform
[        ] Registered task dependencies: app:debugCompileClasspath
[        ] Skipping misunderstood TO dep string: project :app_links
[        ] Skipping misunderstood TO dep string: org.jetbrains.kotlin:kotlin-stdlib
[        ] Skipping misunderstood TO dep string: org.jetbrains.kotlin:kotlin-stdlib
[        ] Skipping misunderstood TO dep string: org.jetbrains.kotlin:kotlin-stdlib
[        ] Skipping misunderstood TO dep string: project :cloud_firestore
[        ] Skipping misunderstood TO dep string: project :firebase_core
[        ] Skipping misunderstood TO dep string: project :desktop_webview_auth
[        ] Skipping misunderstood TO dep string: project :firebase_auth
[        ] Skipping misunderstood TO dep string: project :firebase_core
[        ] Skipping misunderstood TO dep string: project :firebase_core
[        ] Skipping misunderstood TO dep string: project :firebase_messaging
[        ] Skipping misunderstood TO dep string: project :firebase_core
[        ] Skipping misunderstood TO dep string: project :flutter_local_notifications
[        ] Skipping misunderstood TO dep string: project :flutter_tts
[        ] Skipping misunderstood TO dep string: project :google_sign_in_android
[        ] Skipping misunderstood TO dep string: project :path_provider_android
[        ] Skipping misunderstood TO dep string: project :shared_preferences_android
[        ] Skipping misunderstood TO dep string: project :twitter_login
[        ] Skipping misunderstood TO dep string: project :url_launcher_android
[        ] Starting dependency analysis
[        ] Caching disabled for task ':app:processDebugResources' because:
[        ]   Build cache is disabled
[        ] Skipping task ':app:processDebugResources' as it is up-to-date.
[        ] Resolve mutations for :app_links:javaPreCompileDebug (Thread[#566,Execution worker Thread 15,5,main]) started.
[        ] :app_links:javaPreCompileDebug (Thread[#566,Execution worker Thread 15,5,main]) started.
[        ] > Task :app_links:javaPreCompileDebug UP-TO-DATE
[        ] Caching disabled for task ':app_links:javaPreCompileDebug' because:
[        ]   Build cache is disabled
[        ] Skipping task ':app_links:javaPreCompileDebug' as it is up-to-date.
[        ] Resolve mutations for :app_links:compileDebugJavaWithJavac (Thread[#566,Execution worker Thread 15,5,main]) started.
[        ] :app_links:compileDebugJavaWithJavac (Thread[#566,Execution worker Thread 15,5,main]) started.
[  +25 ms] > Task :app_links:compileDebugJavaWithJavac UP-TO-DATE
[        ] Transforming flutter_embedding_debug-1.0.0-6c0baaebf70e0148f485f27d5616b3d3382da7bf.jar (io.flutter:flutter_embedding_debug:1.0.0-6c0baaebf70e0148f485f27d5616b3d3382da7bf) with JetifyTransform
[        ] Transforming flutter_embedding_debug-1.0.0-6c0baaebf70e0148f485f27d5616b3d3382da7bf.jar (io.flutter:flutter_embedding_debug:1.0.0-6c0baaebf70e0148f485f27d5616b3d3382da7bf) with IdentityTransform
[        ] Transforming fragment-1.7.1.aar (androidx.fragment:fragment:1.7.1) with JetifyTransform
[        ] Transforming fragment-1.7.1.aar (androidx.fragment:fragment:1.7.1) with AarToClassTransform
[        ] Transforming lifecycle-livedata-core-ktx-2.7.0.aar (androidx.lifecycle:lifecycle-livedata-core-ktx:2.7.0) with JetifyTransform
[        ] Transforming lifecycle-livedata-core-ktx-2.7.0.aar (androidx.lifecycle:lifecycle-livedata-core-ktx:2.7.0) with AarToClassTransform
[        ] Transforming lifecycle-viewmodel-2.7.0.aar (androidx.lifecycle:lifecycle-viewmodel:2.7.0) with JetifyTransform
[        ] Transforming lifecycle-viewmodel-2.7.0.aar (androidx.lifecycle:lifecycle-viewmodel:2.7.0) with AarToClassTransform
[        ] Transforming lifecycle-viewmodel-2.7.0.aar (androidx.lifecycle:lifecycle-viewmodel:2.7.0) with JetifyTransform
[        ] Transforming loader-1.0.0.aar (androidx.loader:loader:1.0.0) with JetifyTransform
[        ] Transforming lifecycle-viewmodel-2.7.0.aar (androidx.lifecycle:lifecycle-viewmodel:2.7.0) with AarToClassTransform
[        ] Transforming loader-1.0.0.aar (androidx.loader:loader:1.0.0) with AarToClassTransform
[        ] Transforming lifecycle-livedata-2.7.0.aar (androidx.lifecycle:lifecycle-livedata:2.7.0) with JetifyTransform
[        ] Transforming lifecycle-livedata-2.7.0.aar (androidx.lifecycle:lifecycle-livedata:2.7.0) with AarToClassTransform
[        ] Transforming lifecycle-livedata-core-2.7.0.aar (androidx.lifecycle:lifecycle-livedata-core:2.7.0) with JetifyTransform
[        ] Transforming lifecycle-livedata-core-2.7.0.aar (androidx.lifecycle:lifecycle-livedata-core:2.7.0) with AarToClassTransform
[        ] Transforming lifecycle-viewmodel-savedstate-2.7.0.aar (androidx.lifecycle:lifecycle-viewmodel-savedstate:2.7.0) with JetifyTransform
[        ] Transforming lifecycle-viewmodel-savedstate-2.7.0.aar (androidx.lifecycle:lifecycle-viewmodel-savedstate:2.7.0) with AarToClassTransform
[        ] Transforming viewpager-1.0.0.aar (androidx.viewpager:viewpager:1.0.0) with JetifyTransform
[        ] Transforming viewpager-1.0.0.aar (androidx.viewpager:viewpager:1.0.0) with AarToClassTransform
[        ] Transforming lifecycle-runtime-2.7.0.aar (androidx.lifecycle:lifecycle-runtime:2.7.0) with JetifyTransform
[        ] Transforming lifecycle-runtime-2.7.0.aar (androidx.lifecycle:lifecycle-runtime:2.7.0) with AarToClassTransform
[        ] Transforming lifecycle-process-2.7.0.aar (androidx.lifecycle:lifecycle-process:2.7.0) with JetifyTransform
[        ] Transforming lifecycle-process-2.7.0.aar (androidx.lifecycle:lifecycle-process:2.7.0) with AarToClassTransform
[        ] Transforming activity-1.8.1.aar (androidx.activity:activity:1.8.1) with JetifyTransform
[        ] Transforming core-ktx-1.13.1.aar (androidx.core:core-ktx:1.13.1) with JetifyTransform
[        ] Transforming core-runtime-2.2.0.aar (androidx.arch.core:core-runtime:2.2.0) with JetifyTransform
[        ] Transforming core-ktx-1.13.1.aar (androidx.core:core-ktx:1.13.1) with AarToClassTransform
[        ] Transforming core-runtime-2.2.0.aar (androidx.arch.core:core-runtime:2.2.0) with AarToClassTransform
[        ] Transforming versionedparcelable-1.1.1.aar (androidx.versionedparcelable:versionedparcelable:1.1.1) with JetifyTransform
[        ] Transforming versionedparcelable-1.1.1.aar (androidx.versionedparcelable:versionedparcelable:1.1.1) with AarToClassTransform
[        ] Transforming savedstate-1.2.1.aar (androidx.savedstate:savedstate:1.2.1) with JetifyTransform
[        ] Transforming activity-1.8.1.aar (androidx.activity:activity:1.8.1) with AarToClassTransform
[        ] Transforming savedstate-1.2.1.aar (androidx.savedstate:savedstate:1.2.1) with AarToClassTransform
[        ] Transforming customview-1.0.0.aar (androidx.customview:customview:1.0.0) with JetifyTransform
[        ] Transforming annotation-jvm-1.9.1.jar (androidx.annotation:annotation-jvm:1.9.1) with JetifyTransform
[        ] Transforming customview-1.0.0.aar (androidx.customview:customview:1.0.0) with AarToClassTransform
[        ] Transforming annotation-jvm-1.9.1.jar (androidx.annotation:annotation-jvm:1.9.1) with IdentityTransform
[        ] Transforming window-1.2.0.aar (androidx.window:window:1.2.0) with JetifyTransform
[        ] Transforming window-1.2.0.aar (androidx.window:window:1.2.0) with AarToClassTransform
[        ] Transforming core-1.13.1.aar (androidx.core:core:1.13.1) with JetifyTransform
[        ] Transforming window-java-1.2.0.aar (androidx.window:window-java:1.2.0) with JetifyTransform
[        ] Transforming window-java-1.2.0.aar (androidx.window:window-java:1.2.0) with AarToClassTransform
[        ] Transforming core-1.13.1.aar (androidx.core:core:1.13.1) with JetifyTransform
[        ] Transforming kotlin-stdlib-jdk8-2.1.0.jar (org.jetbrains.kotlin:kotlin-stdlib-jdk8:2.1.0) with JetifyTransform
[        ] Transforming collection-1.1.0.jar (androidx.collection:collection:1.1.0) with JetifyTransform
[        ] Transforming kotlin-stdlib-jdk8-2.1.0.jar (org.jetbrains.kotlin:kotlin-stdlib-jdk8:2.1.0) with IdentityTransform
[        ] Transforming core-1.13.1.aar (androidx.core:core:1.13.1) with JetifyTransform
[        ] Transforming core-common-2.2.0.jar (androidx.arch.core:core-common:2.2.0) with JetifyTransform
[        ] Transforming core-1.13.1.aar (androidx.core:core:1.13.1) with AarToClassTransform
[        ] Transforming lifecycle-common-java8-2.7.0.jar (androidx.lifecycle:lifecycle-common-java8:2.7.0) with JetifyTransform
[        ] Transforming kotlinx-coroutines-android-1.7.1.jar (org.jetbrains.kotlinx:kotlinx-coroutines-android:1.7.1) with JetifyTransform
[        ] Transforming lifecycle-common-java8-2.7.0.jar (androidx.lifecycle:lifecycle-common-java8:2.7.0) with IdentityTransform
[        ] Transforming kotlinx-coroutines-android-1.7.1.jar (org.jetbrains.kotlinx:kotlinx-coroutines-android:1.7.1) with IdentityTransform
[        ] Transforming annotation-experimental-1.4.0.aar (androidx.annotation:annotation-experimental:1.4.0) with JetifyTransform
[        ] Transforming core-1.13.1.aar (androidx.core:core:1.13.1) with AarToClassTransform
[        ] Transforming annotation-experimental-1.4.0.aar (androidx.annotation:annotation-experimental:1.4.0) with AarToClassTransform
[        ] Transforming kotlinx-coroutines-core-jvm-1.7.1.jar (org.jetbrains.kotlinx:kotlinx-coroutines-core-jvm:1.7.1) with JetifyTransform
[        ] Transforming kotlinx-coroutines-core-jvm-1.7.1.jar (org.jetbrains.kotlinx:kotlinx-coroutines-core-jvm:1.7.1) with IdentityTransform
[        ] Transforming lifecycle-common-2.7.0.jar (androidx.lifecycle:lifecycle-common:2.7.0) with JetifyTransform
[        ] Transforming core-common-2.2.0.jar (androidx.arch.core:core-common:2.2.0) with IdentityTransform
[        ] Transforming lifecycle-common-2.7.0.jar (androidx.lifecycle:lifecycle-common:2.7.0) with IdentityTransform
[        ] Transforming kotlin-stdlib-jdk7-2.1.0.jar (org.jetbrains.kotlin:kotlin-stdlib-jdk7:2.1.0) with JetifyTransform
[        ] Transforming collection-1.1.0.jar (androidx.collection:collection:1.1.0) with IdentityTransform
[        ] Transforming core-1.13.1.aar (androidx.core:core:1.13.1) with JetifyTransform
[        ] Transforming core-1.13.1.aar (androidx.core:core:1.13.1) with AarToClassTransform
[        ] Transforming core-1.13.1.aar (androidx.core:core:1.13.1) with AarToClassTransform
[        ] Transforming kotlin-stdlib-jdk7-2.1.0.jar (org.jetbrains.kotlin:kotlin-stdlib-jdk7:2.1.0) with IdentityTransform
[        ] Transforming kotlin-stdlib-2.1.0.jar (org.jetbrains.kotlin:kotlin-stdlib:2.1.0) with JetifyTransform
[        ] Transforming kotlin-stdlib-2.1.0.jar (org.jetbrains.kotlin:kotlin-stdlib:2.1.0) with IdentityTransform
[        ] Transforming annotations-23.0.0.jar (org.jetbrains:annotations:23.0.0) with JetifyTransform
[        ] Transforming annotations-23.0.0.jar (org.jetbrains:annotations:23.0.0) with IdentityTransform
[        ] Transforming startup-runtime-1.1.1.aar (androidx.startup:startup-runtime:1.1.1) with JetifyTransform
[        ] Transforming startup-runtime-1.1.1.aar (androidx.startup:startup-runtime:1.1.1) with AarToClassTransform
[        ] Transforming tracing-1.2.0.aar (androidx.tracing:tracing:1.2.0) with JetifyTransform
[        ] Transforming tracing-1.2.0.aar (androidx.tracing:tracing:1.2.0) with AarToClassTransform
[        ] Transforming relinker-1.4.5.aar (com.getkeepsafe.relinker:relinker:1.4.5) with JetifyTransform
[        ] Transforming relinker-1.4.5.aar (com.getkeepsafe.relinker:relinker:1.4.5) with AarToClassTransform
[        ] Transforming exifinterface-1.4.1.aar (androidx.exifinterface:exifinterface:1.4.1) with JetifyTransform
[        ] Transforming exifinterface-1.4.1.aar (androidx.exifinterface:exifinterface:1.4.1) with AarToClassTransform
[        ] Transforming jspecify-1.0.0.jar (org.jspecify:jspecify:1.0.0) with JetifyTransform
[        ] Transforming jspecify-1.0.0.jar (org.jspecify:jspecify:1.0.0) with IdentityTransform
[        ] Transforming core-for-system-modules.jar with JdkImageTransform
[        ] Transforming core-for-system-modules.jar with JdkImageTransform
[        ] Transforming core-for-system-modules.jar with JdkImageTransform
[        ] Transforming core-for-system-modules.jar with JdkImageTransform
[        ] Transforming core-for-system-modules.jar with JdkImageTransform
[        ] Transforming core-for-system-modules.jar with JdkImageTransform
[        ] Custom actions are attached to task ':app_links:compileDebugJavaWithJavac'.
[        ] Caching disabled for task ':app_links:compileDebugJavaWithJavac' because:
[        ]   Build cache is disabled
[        ] Skipping task ':app_links:compileDebugJavaWithJavac' as it is up-to-date.
[        ] No compile result for :app_links:compileDebugJavaWithJavac
[        ] No compile result for :app_links:compileDebugJavaWithJavac
[        ] Resolve mutations for :app_links:bundleLibCompileToJarDebug (Thread[#566,Execution worker Thread 15,5,main]) started.
[        ] :app_links:bundleLibCompileToJarDebug (Thread[#566,Execution worker Thread 15,5,main]) started.
[        ] > Task :app_links:bundleLibCompileToJarDebug UP-TO-DATE
[        ] Caching disabled for task ':app_links:bundleLibCompileToJarDebug' because:
[        ]   Build cache is disabled
[        ]   Simple merging task
[        ] Skipping task ':app_links:bundleLibCompileToJarDebug' as it is up-to-date.
[        ] work action resolve classes.jar (project :app_links) (Thread[#566,Execution worker Thread 15,5,main]) started.
[        ] Resolve mutations for :cloud_firestore:generateDebugBuildConfig (Thread[#566,Execution worker Thread 15,5,main]) started.
[        ] :cloud_firestore:generateDebugBuildConfig (Thread[#566,Execution worker Thread 15,5,main]) started.
[        ] > Task :cloud_firestore:generateDebugBuildConfig UP-TO-DATE
[        ] Caching disabled for task ':cloud_firestore:generateDebugBuildConfig' because:
[        ]   Build cache is disabled
[        ] Skipping task ':cloud_firestore:generateDebugBuildConfig' as it is up-to-date.
[        ] Resolve mutations for :cloud_firestore:javaPreCompileDebug (Thread[#566,Execution worker Thread 15,5,main]) started.
[        ] :cloud_firestore:javaPreCompileDebug (Thread[#566,Execution worker Thread 15,5,main]) started.
[        ] > Task :cloud_firestore:javaPreCompileDebug UP-TO-DATE
[        ] Caching disabled for task ':cloud_firestore:javaPreCompileDebug' because:
[        ]   Build cache is disabled
[        ] Skipping task ':cloud_firestore:javaPreCompileDebug' as it is up-to-date.
[        ] Resolve mutations for :firebase_core:generateDebugBuildConfig (Thread[#566,Execution worker Thread 15,5,main]) started.
[        ] :firebase_core:generateDebugBuildConfig (Thread[#566,Execution worker Thread 15,5,main]) started.
[        ] > Task :firebase_core:generateDebugBuildConfig UP-TO-DATE
[        ] Caching disabled for task ':firebase_core:generateDebugBuildConfig' because:
[        ]   Build cache is disabled
[        ] Skipping task ':firebase_core:generateDebugBuildConfig' as it is up-to-date.
[        ] Resolve mutations for :firebase_core:javaPreCompileDebug (Thread[#566,Execution worker Thread 15,5,main]) started.
[        ] :firebase_core:javaPreCompileDebug (Thread[#566,Execution worker Thread 15,5,main]) started.
[        ] > Task :firebase_core:javaPreCompileDebug UP-TO-DATE
[        ] Caching disabled for task ':firebase_core:javaPreCompileDebug' because:
[        ]   Build cache is disabled
[        ] Skipping task ':firebase_core:javaPreCompileDebug' as it is up-to-date.
[        ] Resolve mutations for :firebase_core:compileDebugJavaWithJavac (Thread[#566,Execution worker Thread 15,5,main]) started.
[        ] :firebase_core:compileDebugJavaWithJavac (Thread[#566,Execution worker Thread 15,5,main]) started.
[ +100 ms] > Task :firebase_core:compileDebugJavaWithJavac UP-TO-DATE
[        ] Transforming flutter_embedding_debug-1.0.0-6c0baaebf70e0148f485f27d5616b3d3382da7bf.jar (io.flutter:flutter_embedding_debug:1.0.0-6c0baaebf70e0148f485f27d5616b3d3382da7bf) with JetifyTransform
[        ] Transforming flutter_embedding_debug-1.0.0-6c0baaebf70e0148f485f27d5616b3d3382da7bf.jar (io.flutter:flutter_embedding_debug:1.0.0-6c0baaebf70e0148f485f27d5616b3d3382da7bf) with IdentityTransform
[        ] Transforming firebase-common-22.0.1.aar (com.google.firebase:firebase-common:22.0.1) with JetifyTransform
[        ] Transforming firebase-common-22.0.1.aar (com.google.firebase:firebase-common:22.0.1) with AarToClassTransform
[        ] Transforming activity-1.8.1.aar (androidx.activity:activity:1.8.1) with JetifyTransform
[        ] Transforming activity-1.8.1.aar (androidx.activity:activity:1.8.1) with AarToClassTransform
[        ] Transforming loader-1.0.0.aar (androidx.loader:loader:1.0.0) with JetifyTransform
[        ] Transforming loader-1.0.0.aar (androidx.loader:loader:1.0.0) with AarToClassTransform
[        ] Transforming lifecycle-livedata-core-ktx-2.7.0.aar (androidx.lifecycle:lifecycle-livedata-core-ktx:2.7.0) with JetifyTransform
[        ] Transforming lifecycle-livedata-core-ktx-2.7.0.aar (androidx.lifecycle:lifecycle-livedata-core-ktx:2.7.0) with AarToClassTransform
[        ] Transforming lifecycle-livedata-2.7.0.aar (androidx.lifecycle:lifecycle-livedata:2.7.0) with JetifyTransform
[        ] Transforming lifecycle-livedata-2.7.0.aar (androidx.lifecycle:lifecycle-livedata:2.7.0) with AarToClassTransform
[        ] Transforming lifecycle-viewmodel-2.7.0.aar (androidx.lifecycle:lifecycle-viewmodel:2.7.0) with JetifyTransform
[        ] Transforming lifecycle-viewmodel-2.7.0.aar (androidx.lifecycle:lifecycle-viewmodel:2.7.0) with AarToClassTransform
[        ] Transforming lifecycle-viewmodel-2.7.0.aar (androidx.lifecycle:lifecycle-viewmodel:2.7.0) with JetifyTransform
[        ] Transforming lifecycle-viewmodel-2.7.0.aar (androidx.lifecycle:lifecycle-viewmodel:2.7.0) with AarToClassTransform
[        ] Transforming lifecycle-livedata-core-2.7.0.aar (androidx.lifecycle:lifecycle-livedata-core:2.7.0) with JetifyTransform
[        ] Transforming lifecycle-livedata-core-2.7.0.aar (androidx.lifecycle:lifecycle-livedata-core:2.7.0) with AarToClassTransform
[        ] Transforming lifecycle-viewmodel-savedstate-2.7.0.aar (androidx.lifecycle:lifecycle-viewmodel-savedstate:2.7.0) with JetifyTransform
[        ] Transforming lifecycle-viewmodel-savedstate-2.7.0.aar (androidx.lifecycle:lifecycle-viewmodel-savedstate:2.7.0) with AarToClassTransform
[        ] Transforming window-java-1.2.0.aar (androidx.window:window-java:1.2.0) with JetifyTransform
[        ] Transforming window-java-1.2.0.aar (androidx.window:window-java:1.2.0) with AarToClassTransform
[        ] Transforming window-1.2.0.aar (androidx.window:window:1.2.0) with JetifyTransform
[        ] Transforming window-1.2.0.aar (androidx.window:window:1.2.0) with AarToClassTransform
[        ] Transforming kotlinx-coroutines-core-jvm-1.9.0.jar (org.jetbrains.kotlinx:kotlinx-coroutines-core-jvm:1.9.0) with JetifyTransform
[        ] Transforming kotlinx-coroutines-core-jvm-1.9.0.jar (org.jetbrains.kotlinx:kotlinx-coroutines-core-jvm:1.9.0) with IdentityTransform
[        ] Transforming fragment-1.7.1.aar (androidx.fragment:fragment:1.7.1) with JetifyTransform
[        ] Transforming fragment-1.7.1.aar (androidx.fragment:fragment:1.7.1) with AarToClassTransform
[        ] Transforming fragment-1.7.1.aar (androidx.fragment:fragment:1.7.1) with JetifyTransform
[        ] Transforming fragment-1.7.1.aar (androidx.fragment:fragment:1.7.1) with AarToClassTransform
[        ] Transforming core-ktx-1.13.1.aar (androidx.core:core-ktx:1.13.1) with JetifyTransform
[        ] Transforming core-ktx-1.13.1.aar (androidx.core:core-ktx:1.13.1) with AarToClassTransform
[        ] Transforming viewpager-1.0.0.aar (androidx.viewpager:viewpager:1.0.0) with JetifyTransform
[        ] Transforming viewpager-1.0.0.aar (androidx.viewpager:viewpager:1.0.0) with AarToClassTransform
[        ] Transforming customview-1.0.0.aar (androidx.customview:customview:1.0.0) with JetifyTransform
[        ] Transforming customview-1.0.0.aar (androidx.customview:customview:1.0.0) with AarToClassTransform
[        ] Transforming kotlinx-coroutines-android-1.9.0.jar (org.jetbrains.kotlinx:kotlinx-coroutines-android:1.9.0) with JetifyTransform
[        ] Transforming core-1.13.1.aar (androidx.core:core:1.13.1) with JetifyTransform
[        ] Transforming kotlinx-coroutines-android-1.9.0.jar (org.jetbrains.kotlinx:kotlinx-coroutines-android:1.9.0) with IdentityTransform
[        ] Transforming core-1.13.1.aar (androidx.core:core:1.13.1) with AarToClassTransform
[        ] Transforming core-1.13.1.aar (androidx.core:core:1.13.1) with JetifyTransform
[        ] Transforming core-1.13.1.aar (androidx.core:core:1.13.1) with AarToClassTransform
[        ] Transforming kotlinx-coroutines-play-services-1.9.0.jar (org.jetbrains.kotlinx:kotlinx-coroutines-play-services:1.9.0) with JetifyTransform
[        ] Transforming lifecycle-runtime-2.7.0.aar (androidx.lifecycle:lifecycle-runtime:2.7.0) with JetifyTransform
[        ] Transforming kotlinx-coroutines-play-services-1.9.0.jar (org.jetbrains.kotlinx:kotlinx-coroutines-play-services:1.9.0) with IdentityTransform
[        ] Transforming lifecycle-runtime-2.7.0.aar (androidx.lifecycle:lifecycle-runtime:2.7.0) with AarToClassTransform
[        ] Transforming lifecycle-process-2.7.0.aar (androidx.lifecycle:lifecycle-process:2.7.0) with JetifyTransform
[        ] Transforming play-services-tasks-18.1.0.aar (com.google.android.gms:play-services-tasks:18.1.0) with JetifyTransform
[        ] Transforming play-services-basement-18.3.0.aar (com.google.android.gms:play-services-basement:18.3.0) with JetifyTransform
[        ] Transforming lifecycle-process-2.7.0.aar (androidx.lifecycle:lifecycle-process:2.7.0) with AarToClassTransform
[        ] Transforming play-services-tasks-18.1.0.aar (com.google.android.gms:play-services-tasks:18.1.0) with AarToClassTransform
[        ] Transforming lifecycle-common-java8-2.7.0.jar (androidx.lifecycle:lifecycle-common-java8:2.7.0) with JetifyTransform
[        ] Transforming play-services-basement-18.3.0.aar (com.google.android.gms:play-services-basement:18.3.0) with AarToClassTransform
[        ] Transforming lifecycle-common-java8-2.7.0.jar (androidx.lifecycle:lifecycle-common-java8:2.7.0) with IdentityTransform
[        ] Transforming lifecycle-common-2.7.0.jar (androidx.lifecycle:lifecycle-common:2.7.0) with JetifyTransform
[        ] Transforming lifecycle-common-2.7.0.jar (androidx.lifecycle:lifecycle-common:2.7.0) with IdentityTransform
[        ] Transforming core-runtime-2.2.0.aar (androidx.arch.core:core-runtime:2.2.0) with JetifyTransform
[        ] Transforming core-runtime-2.2.0.aar (androidx.arch.core:core-runtime:2.2.0) with AarToClassTransform
[        ] Transforming core-common-2.2.0.jar (androidx.arch.core:core-common:2.2.0) with JetifyTransform
[        ] Transforming core-common-2.2.0.jar (androidx.arch.core:core-common:2.2.0) with IdentityTransform
[        ] Transforming versionedparcelable-1.1.1.aar (androidx.versionedparcelable:versionedparcelable:1.1.1) with JetifyTransform
[        ] Transforming versionedparcelable-1.1.1.aar (androidx.versionedparcelable:versionedparcelable:1.1.1) with AarToClassTransform
[        ] Transforming collection-1.1.0.jar (androidx.collection:collection:1.1.0) with JetifyTransform
[        ] Transforming collection-1.1.0.jar (androidx.collection:collection:1.1.0) with IdentityTransform
[        ] Transforming savedstate-1.2.1.aar (androidx.savedstate:savedstate:1.2.1) with JetifyTransform
[        ] Transforming savedstate-1.2.1.aar (androidx.savedstate:savedstate:1.2.1) with AarToClassTransform
[        ] Transforming annotation-experimental-1.4.0.aar (androidx.annotation:annotation-experimental:1.4.0) with JetifyTransform
[        ] Transforming annotation-experimental-1.4.0.aar (androidx.annotation:annotation-experimental:1.4.0) with AarToClassTransform
[        ] Transforming kotlin-stdlib-2.1.0.jar (org.jetbrains.kotlin:kotlin-stdlib:2.1.0) with JetifyTransform
[        ] Transforming kotlin-stdlib-2.1.0.jar (org.jetbrains.kotlin:kotlin-stdlib:2.1.0) with IdentityTransform
[        ] Transforming annotations-23.0.0.jar (org.jetbrains:annotations:23.0.0) with JetifyTransform
[        ] Transforming annotation-jvm-1.8.1.jar (androidx.annotation:annotation-jvm:1.8.1) with JetifyTransform
[        ] Transforming annotations-23.0.0.jar (org.jetbrains:annotations:23.0.0) with IdentityTransform
[        ] Transforming annotation-jvm-1.8.1.jar (androidx.annotation:annotation-jvm:1.8.1) with IdentityTransform
[        ] Transforming startup-runtime-1.1.1.aar (androidx.startup:startup-runtime:1.1.1) with JetifyTransform
[        ] Transforming startup-runtime-1.1.1.aar (androidx.startup:startup-runtime:1.1.1) with AarToClassTransform
[        ] Transforming tracing-1.2.0.aar (androidx.tracing:tracing:1.2.0) with JetifyTransform
[        ] Transforming tracing-1.2.0.aar (androidx.tracing:tracing:1.2.0) with AarToClassTransform
[        ] Transforming relinker-1.4.5.aar (com.getkeepsafe.relinker:relinker:1.4.5) with JetifyTransform
[        ] Transforming relinker-1.4.5.aar (com.getkeepsafe.relinker:relinker:1.4.5) with AarToClassTransform
[        ] Transforming exifinterface-1.4.1.aar (androidx.exifinterface:exifinterface:1.4.1) with JetifyTransform
[        ] Transforming exifinterface-1.4.1.aar (androidx.exifinterface:exifinterface:1.4.1) with AarToClassTransform
[        ] Transforming jspecify-1.0.0.jar (org.jspecify:jspecify:1.0.0) with JetifyTransform
[        ] Transforming jspecify-1.0.0.jar (org.jspecify:jspecify:1.0.0) with IdentityTransform
[        ] Transforming firebase-components-19.0.0.aar (com.google.firebase:firebase-components:19.0.0) with JetifyTransform
[        ] Transforming firebase-components-19.0.0.aar (com.google.firebase:firebase-components:19.0.0) with AarToClassTransform
[        ] Transforming firebase-annotations-17.0.0.jar (com.google.firebase:firebase-annotations:17.0.0) with JetifyTransform
[        ] Transforming firebase-annotations-17.0.0.jar (com.google.firebase:firebase-annotations:17.0.0) with IdentityTransform
[        ] Transforming core-for-system-modules.jar with JdkImageTransform
[        ] Transforming core-for-system-modules.jar with JdkImageTransform
[        ] Transforming core-for-system-modules.jar with JdkImageTransform
[        ] Transforming core-for-system-modules.jar with JdkImageTransform
[        ] Transforming core-for-system-modules.jar with JdkImageTransform
[        ] Transforming core-for-system-modules.jar with JdkImageTransform
[        ] Custom actions are attached to task ':firebase_core:compileDebugJavaWithJavac'.
[        ] Caching disabled for task ':firebase_core:compileDebugJavaWithJavac' because:
[        ]   Build cache is disabled
[        ] Skipping task ':firebase_core:compileDebugJavaWithJavac' as it is up-to-date.
[        ] No compile result for :firebase_core:compileDebugJavaWithJavac
[        ] No compile result for :firebase_core:compileDebugJavaWithJavac
[        ] Resolve mutations for :firebase_core:bundleLibCompileToJarDebug (Thread[#566,Execution worker Thread 15,5,main]) started.
[        ] :firebase_core:bundleLibCompileToJarDebug (Thread[#566,Execution worker Thread 15,5,main]) started.
[        ] > Task :firebase_core:bundleLibCompileToJarDebug UP-TO-DATE
[        ] Caching disabled for task ':firebase_core:bundleLibCompileToJarDebug' because:
[        ]   Build cache is disabled
[        ]   Simple merging task
[        ] Skipping task ':firebase_core:bundleLibCompileToJarDebug' as it is up-to-date.
[        ] work action resolve classes.jar (project :firebase_core) (Thread[#566,Execution worker Thread 15,5,main]) started.
[        ] Resolve mutations for :cloud_firestore:compileDebugJavaWithJavac (Thread[#566,Execution worker Thread 15,5,main]) started.
[        ] :cloud_firestore:compileDebugJavaWithJavac (Thread[#566,Execution worker Thread 15,5,main]) started.
[        ] > Task :cloud_firestore:compileDebugJavaWithJavac UP-TO-DATE
[        ] Transforming flutter_embedding_debug-1.0.0-6c0baaebf70e0148f485f27d5616b3d3382da7bf.jar (io.flutter:flutter_embedding_debug:1.0.0-6c0baaebf70e0148f485f27d5616b3d3382da7bf) with JetifyTransform
[        ] Transforming flutter_embedding_debug-1.0.0-6c0baaebf70e0148f485f27d5616b3d3382da7bf.jar (io.flutter:flutter_embedding_debug:1.0.0-6c0baaebf70e0148f485f27d5616b3d3382da7bf) with IdentityTransform
[        ] Transforming firebase-firestore-26.1.0.aar (com.google.firebase:firebase-firestore:26.1.0) with JetifyTransform
[        ] Transforming firebase-firestore-26.1.0.aar (com.google.firebase:firebase-firestore:26.1.0) with AarToClassTransform
[        ] Transforming firebase-appcheck-interop-17.0.0.aar (com.google.firebase:firebase-appcheck-interop:17.0.0) with JetifyTransform
[        ] Transforming firebase-appcheck-interop-17.0.0.aar (com.google.firebase:firebase-appcheck-interop:17.0.0) with AarToClassTransform
[        ] Transforming firebase-common-22.0.1.aar (com.google.firebase:firebase-common:22.0.1) with JetifyTransform
[        ] Transforming firebase-common-22.0.1.aar (com.google.firebase:firebase-common:22.0.1) with AarToClassTransform
[        ] Transforming activity-1.8.1.aar (androidx.activity:activity:1.8.1) with JetifyTransform
[        ] Transforming activity-1.8.1.aar (androidx.activity:activity:1.8.1) with AarToClassTransform
[        ] Transforming loader-1.0.0.aar (androidx.loader:loader:1.0.0) with JetifyTransform
[        ] Transforming loader-1.0.0.aar (androidx.loader:loader:1.0.0) with AarToClassTransform
[        ] Transforming lifecycle-livedata-core-ktx-2.7.0.aar (androidx.lifecycle:lifecycle-livedata-core-ktx:2.7.0) with JetifyTransform
[        ] Transforming lifecycle-livedata-core-ktx-2.7.0.aar (androidx.lifecycle:lifecycle-livedata-core-ktx:2.7.0) with AarToClassTransform
[        ] Transforming lifecycle-livedata-2.7.0.aar (androidx.lifecycle:lifecycle-livedata:2.7.0) with JetifyTransform
[        ] Transforming lifecycle-livedata-2.7.0.aar (androidx.lifecycle:lifecycle-livedata:2.7.0) with AarToClassTransform
[        ] Transforming lifecycle-viewmodel-2.7.0.aar (androidx.lifecycle:lifecycle-viewmodel:2.7.0) with JetifyTransform
[        ] Transforming lifecycle-viewmodel-2.7.0.aar (androidx.lifecycle:lifecycle-viewmodel:2.7.0) with AarToClassTransform
[        ] Transforming lifecycle-viewmodel-2.7.0.aar (androidx.lifecycle:lifecycle-viewmodel:2.7.0) with JetifyTransform
[        ] Transforming lifecycle-viewmodel-2.7.0.aar (androidx.lifecycle:lifecycle-viewmodel:2.7.0) with AarToClassTransform
[        ] Transforming lifecycle-livedata-core-2.7.0.aar (androidx.lifecycle:lifecycle-livedata-core:2.7.0) with JetifyTransform
[        ] Transforming firebase-auth-interop-19.0.2.aar (com.google.firebase:firebase-auth-interop:19.0.2) with JetifyTransform
[        ] Transforming lifecycle-livedata-core-2.7.0.aar (androidx.lifecycle:lifecycle-livedata-core:2.7.0) with AarToClassTransform
[        ] Transforming firebase-auth-interop-19.0.2.aar (com.google.firebase:firebase-auth-interop:19.0.2) with AarToClassTransform
[        ] Transforming lifecycle-viewmodel-savedstate-2.7.0.aar (androidx.lifecycle:lifecycle-viewmodel-savedstate:2.7.0) with JetifyTransform
[        ] Transforming lifecycle-viewmodel-savedstate-2.7.0.aar (androidx.lifecycle:lifecycle-viewmodel-savedstate:2.7.0) with AarToClassTransform
[        ] Transforming window-java-1.2.0.aar (androidx.window:window-java:1.2.0) with JetifyTransform
[        ] Transforming window-java-1.2.0.aar (androidx.window:window-java:1.2.0) with AarToClassTransform
[        ] Transforming window-1.2.0.aar (androidx.window:window:1.2.0) with JetifyTransform
[        ] Transforming window-1.2.0.aar (androidx.window:window:1.2.0) with AarToClassTransform
[        ] Transforming kotlinx-coroutines-android-1.9.0.jar (org.jetbrains.kotlinx:kotlinx-coroutines-android:1.9.0) with JetifyTransform
[        ] Transforming kotlinx-coroutines-android-1.9.0.jar (org.jetbrains.kotlinx:kotlinx-coroutines-android:1.9.0) with IdentityTransform
[        ] Transforming kotlinx-coroutines-core-jvm-1.9.0.jar (org.jetbrains.kotlinx:kotlinx-coroutines-core-jvm:1.9.0) with JetifyTransform
[        ] Transforming kotlinx-coroutines-core-jvm-1.9.0.jar (org.jetbrains.kotlinx:kotlinx-coroutines-core-jvm:1.9.0) with IdentityTransform
[        ] Transforming kotlinx-coroutines-play-services-1.9.0.jar (org.jetbrains.kotlinx:kotlinx-coroutines-play-services:1.9.0) with JetifyTransform
[        ] Transforming kotlinx-coroutines-play-services-1.9.0.jar (org.jetbrains.kotlinx:kotlinx-coroutines-play-services:1.9.0) with IdentityTransform
[        ] Transforming firebase-database-collection-18.0.1.aar (com.google.firebase:firebase-database-collection:18.0.1) with JetifyTransform
[        ] Transforming firebase-database-collection-18.0.1.aar (com.google.firebase:firebase-database-collection:18.0.1) with AarToClassTransform
[        ] Transforming play-services-base-18.9.0.aar (com.google.android.gms:play-services-base:18.9.0) with JetifyTransform
[        ] Transforming play-services-base-18.9.0.aar (com.google.android.gms:play-services-base:18.9.0) with AarToClassTransform
[        ] Transforming play-services-tasks-18.4.0.aar (com.google.android.gms:play-services-tasks:18.4.0) with JetifyTransform
[        ] Transforming play-services-tasks-18.4.0.aar (com.google.android.gms:play-services-tasks:18.4.0) with AarToClassTransform
[        ] Transforming play-services-tasks-18.4.0.aar (com.google.android.gms:play-services-tasks:18.4.0) with JetifyTransform
[        ] Transforming play-services-tasks-18.4.0.aar (com.google.android.gms:play-services-tasks:18.4.0) with AarToClassTransform
[        ] Transforming play-services-basement-18.9.0.aar (com.google.android.gms:play-services-basement:18.9.0) with JetifyTransform
[        ] Transforming play-services-basement-18.9.0.aar (com.google.android.gms:play-services-basement:18.9.0) with AarToClassTransform
[        ] Transforming fragment-1.7.1.aar (androidx.fragment:fragment:1.7.1) with JetifyTransform
[        ] Transforming fragment-1.7.1.aar (androidx.fragment:fragment:1.7.1) with AarToClassTransform
[        ] Transforming fragment-1.7.1.aar (androidx.fragment:fragment:1.7.1) with JetifyTransform
[        ] Transforming fragment-1.7.1.aar (androidx.fragment:fragment:1.7.1) with AarToClassTransform
[        ] Transforming core-ktx-1.13.1.aar (androidx.core:core-ktx:1.13.1) with JetifyTransform
[        ] Transforming core-ktx-1.13.1.aar (androidx.core:core-ktx:1.13.1) with AarToClassTransform
[        ] Transforming viewpager-1.0.0.aar (androidx.viewpager:viewpager:1.0.0) with JetifyTransform
[        ] Transforming viewpager-1.0.0.aar (androidx.viewpager:viewpager:1.0.0) with AarToClassTransform
[        ] Transforming customview-1.0.0.aar (androidx.customview:customview:1.0.0) with JetifyTransform
[        ] Transforming customview-1.0.0.aar (androidx.customview:customview:1.0.0) with AarToClassTransform
[        ] Transforming core-1.13.1.aar (androidx.core:core:1.13.1) with JetifyTransform
[        ] Transforming core-1.13.1.aar (androidx.core:core:1.13.1) with AarToClassTransform
[        ] Transforming core-1.13.1.aar (androidx.core:core:1.13.1) with JetifyTransform
[        ] Transforming core-1.13.1.aar (androidx.core:core:1.13.1) with AarToClassTransform
[        ] Transforming lifecycle-runtime-2.7.0.aar (androidx.lifecycle:lifecycle-runtime:2.7.0) with JetifyTransform
[        ] Transforming lifecycle-runtime-2.7.0.aar (androidx.lifecycle:lifecycle-runtime:2.7.0) with AarToClassTransform
[        ] Transforming lifecycle-process-2.7.0.aar (androidx.lifecycle:lifecycle-process:2.7.0) with JetifyTransform
[        ] Transforming lifecycle-process-2.7.0.aar (androidx.lifecycle:lifecycle-process:2.7.0) with AarToClassTransform
[        ] Transforming lifecycle-common-java8-2.7.0.jar (androidx.lifecycle:lifecycle-common-java8:2.7.0) with JetifyTransform
[        ] Transforming lifecycle-common-java8-2.7.0.jar (androidx.lifecycle:lifecycle-common-java8:2.7.0) with IdentityTransform
[        ] Transforming lifecycle-common-2.7.0.jar (androidx.lifecycle:lifecycle-common:2.7.0) with JetifyTransform
[        ] Transforming lifecycle-common-2.7.0.jar (androidx.lifecycle:lifecycle-common:2.7.0) with IdentityTransform
[        ] Transforming core-runtime-2.2.0.aar (androidx.arch.core:core-runtime:2.2.0) with JetifyTransform
[        ] Transforming core-runtime-2.2.0.aar (androidx.arch.core:core-runtime:2.2.0) with AarToClassTransform
[        ] Transforming core-common-2.2.0.jar (androidx.arch.core:core-common:2.2.0) with JetifyTransform
[        ] Transforming core-common-2.2.0.jar (androidx.arch.core:core-common:2.2.0) with IdentityTransform
[        ] Transforming versionedparcelable-1.1.1.aar (androidx.versionedparcelable:versionedparcelable:1.1.1) with JetifyTransform
[        ] Transforming versionedparcelable-1.1.1.aar (androidx.versionedparcelable:versionedparcelable:1.1.1) with AarToClassTransform
[        ] Transforming collection-1.1.0.jar (androidx.collection:collection:1.1.0) with JetifyTransform
[        ] Transforming collection-1.1.0.jar (androidx.collection:collection:1.1.0) with IdentityTransform
[        ] Transforming savedstate-1.2.1.aar (androidx.savedstate:savedstate:1.2.1) with JetifyTransform
[        ] Transforming savedstate-1.2.1.aar (androidx.savedstate:savedstate:1.2.1) with AarToClassTransform
[        ] Transforming annotation-jvm-1.8.1.jar (androidx.annotation:annotation-jvm:1.8.1) with JetifyTransform
[        ] Transforming annotation-jvm-1.8.1.jar (androidx.annotation:annotation-jvm:1.8.1) with IdentityTransform
[        ] Transforming annotation-experimental-1.4.0.aar (androidx.annotation:annotation-experimental:1.4.0) with JetifyTransform
[        ] Transforming annotation-experimental-1.4.0.aar (androidx.annotation:annotation-experimental:1.4.0) with AarToClassTransform
[        ] Transforming kotlin-stdlib-2.1.0.jar (org.jetbrains.kotlin:kotlin-stdlib:2.1.0) with JetifyTransform
[        ] Transforming kotlin-stdlib-2.1.0.jar (org.jetbrains.kotlin:kotlin-stdlib:2.1.0) with IdentityTransform
[        ] Transforming annotations-23.0.0.jar (org.jetbrains:annotations:23.0.0) with JetifyTransform
[        ] Transforming annotations-23.0.0.jar (org.jetbrains:annotations:23.0.0) with IdentityTransform
[        ] Transforming startup-runtime-1.1.1.aar (androidx.startup:startup-runtime:1.1.1) with JetifyTransform
[        ] Transforming startup-runtime-1.1.1.aar (androidx.startup:startup-runtime:1.1.1) with AarToClassTransform
[        ] Transforming tracing-1.2.0.aar (androidx.tracing:tracing:1.2.0) with JetifyTransform
[        ] Transforming tracing-1.2.0.aar (androidx.tracing:tracing:1.2.0) with AarToClassTransform
[        ] Transforming relinker-1.4.5.aar (com.getkeepsafe.relinker:relinker:1.4.5) with JetifyTransform
[        ] Transforming relinker-1.4.5.aar (com.getkeepsafe.relinker:relinker:1.4.5) with AarToClassTransform
[        ] Transforming exifinterface-1.4.1.aar (androidx.exifinterface:exifinterface:1.4.1) with JetifyTransform
[        ] Transforming exifinterface-1.4.1.aar (androidx.exifinterface:exifinterface:1.4.1) with AarToClassTransform
[        ] Transforming jspecify-1.0.0.jar (org.jspecify:jspecify:1.0.0) with JetifyTransform
[        ] Transforming jspecify-1.0.0.jar (org.jspecify:jspecify:1.0.0) with IdentityTransform
[        ] Transforming protolite-well-known-types-18.0.1.aar (com.google.firebase:protolite-well-known-types:18.0.1) with JetifyTransform
[        ] Transforming protolite-well-known-types-18.0.1.aar (com.google.firebase:protolite-well-known-types:18.0.1) with AarToClassTransform
[        ] Transforming firebase-components-19.0.0.aar (com.google.firebase:firebase-components:19.0.0) with JetifyTransform
[        ] Transforming firebase-components-19.0.0.aar (com.google.firebase:firebase-components:19.0.0) with AarToClassTransform
[        ] Transforming firebase-annotations-17.0.0.jar (com.google.firebase:firebase-annotations:17.0.0) with JetifyTransform
[        ] Transforming firebase-annotations-17.0.0.jar (com.google.firebase:firebase-annotations:17.0.0) with IdentityTransform
[        ] Transforming core-for-system-modules.jar with JdkImageTransform
[        ] Transforming core-for-system-modules.jar with JdkImageTransform
[        ] Transforming core-for-system-modules.jar with JdkImageTransform
[        ] Transforming core-for-system-modules.jar with JdkImageTransform
[        ] Transforming core-for-system-modules.jar with JdkImageTransform
[        ] Transforming core-for-system-modules.jar with JdkImageTransform
[        ] Custom actions are attached to task ':cloud_firestore:compileDebugJavaWithJavac'.
[        ] Caching disabled for task ':cloud_firestore:compileDebugJavaWithJavac' because:
[        ]   Build cache is disabled
[        ] Skipping task ':cloud_firestore:compileDebugJavaWithJavac' as it is up-to-date.
[        ] No compile result for :cloud_firestore:compileDebugJavaWithJavac
[        ] No compile result for :cloud_firestore:compileDebugJavaWithJavac
[        ] Resolve mutations for :cloud_firestore:bundleLibCompileToJarDebug (Thread[#566,Execution worker Thread 15,5,main]) started.
[        ] :cloud_firestore:bundleLibCompileToJarDebug (Thread[#566,Execution worker Thread 15,5,main]) started.
[        ] > Task :cloud_firestore:bundleLibCompileToJarDebug UP-TO-DATE
[        ] Caching disabled for task ':cloud_firestore:bundleLibCompileToJarDebug' because:
[        ]   Build cache is disabled
[        ]   Simple merging task
[        ] Skipping task ':cloud_firestore:bundleLibCompileToJarDebug' as it is up-to-date.
[        ] work action resolve classes.jar (project :cloud_firestore) (Thread[#566,Execution worker Thread 15,5,main]) started.
[        ] Resolve mutations for :desktop_webview_auth:checkKotlinGradlePluginConfigurationErrors (Thread[#566,Execution worker Thread 15,5,main]) started.
[        ] :desktop_webview_auth:checkKotlinGradlePluginConfigurationErrors (Thread[#566,Execution worker Thread 15,5,main]) started.
[        ] > Task :desktop_webview_auth:checkKotlinGradlePluginConfigurationErrors SKIPPED
[        ] Skipping task ':desktop_webview_auth:checkKotlinGradlePluginConfigurationErrors' as task onlyIf 'errorDiagnostics are present' is false.
[        ] Resolve mutations for :desktop_webview_auth:compileDebugKotlin (Thread[#566,Execution worker Thread 15,5,main]) started.
[        ] :desktop_webview_auth:compileDebugKotlin (Thread[#566,Execution worker Thread 15,5,main]) started.
[  +75 ms] > Task :desktop_webview_auth:compileDebugKotlin UP-TO-DATE
[        ] Transforming flutter_embedding_debug-1.0.0-6c0baaebf70e0148f485f27d5616b3d3382da7bf.jar (io.flutter:flutter_embedding_debug:1.0.0-6c0baaebf70e0148f485f27d5616b3d3382da7bf) with JetifyTransform
[        ] Transforming flutter_embedding_debug-1.0.0-6c0baaebf70e0148f485f27d5616b3d3382da7bf.jar (io.flutter:flutter_embedding_debug:1.0.0-6c0baaebf70e0148f485f27d5616b3d3382da7bf) with IdentityTransform
[        ] Transforming fragment-1.7.1.aar (androidx.fragment:fragment:1.7.1) with JetifyTransform
[        ] Transforming fragment-1.7.1.aar (androidx.fragment:fragment:1.7.1) with AarToClassTransform
[        ] Transforming activity-1.8.1.aar (androidx.activity:activity:1.8.1) with JetifyTransform
[        ] Transforming activity-1.8.1.aar (androidx.activity:activity:1.8.1) with AarToClassTransform
[        ] Transforming loader-1.0.0.aar (androidx.loader:loader:1.0.0) with JetifyTransform
[        ] Transforming loader-1.0.0.aar (androidx.loader:loader:1.0.0) with AarToClassTransform
[        ] Transforming lifecycle-livedata-core-ktx-2.7.0.aar (androidx.lifecycle:lifecycle-livedata-core-ktx:2.7.0) with JetifyTransform
[        ] Transforming lifecycle-livedata-core-ktx-2.7.0.aar (androidx.lifecycle:lifecycle-livedata-core-ktx:2.7.0) with AarToClassTransform
[        ] Transforming lifecycle-livedata-2.7.0.aar (androidx.lifecycle:lifecycle-livedata:2.7.0) with JetifyTransform
[        ] Transforming lifecycle-livedata-2.7.0.aar (androidx.lifecycle:lifecycle-livedata:2.7.0) with AarToClassTransform
[        ] Transforming lifecycle-viewmodel-2.7.0.aar (androidx.lifecycle:lifecycle-viewmodel:2.7.0) with JetifyTransform
[        ] Transforming lifecycle-viewmodel-2.7.0.aar (androidx.lifecycle:lifecycle-viewmodel:2.7.0) with AarToClassTransform
[        ] Transforming lifecycle-viewmodel-2.7.0.aar (androidx.lifecycle:lifecycle-viewmodel:2.7.0) with JetifyTransform
[        ] Transforming lifecycle-viewmodel-2.7.0.aar (androidx.lifecycle:lifecycle-viewmodel:2.7.0) with AarToClassTransform
[        ] Transforming lifecycle-livedata-core-2.7.0.aar (androidx.lifecycle:lifecycle-livedata-core:2.7.0) with JetifyTransform
[        ] Transforming lifecycle-livedata-core-2.7.0.aar (androidx.lifecycle:lifecycle-livedata-core:2.7.0) with AarToClassTransform
[        ] Transforming lifecycle-viewmodel-savedstate-2.7.0.aar (androidx.lifecycle:lifecycle-viewmodel-savedstate:2.7.0) with JetifyTransform
[        ] Transforming lifecycle-viewmodel-savedstate-2.7.0.aar (androidx.lifecycle:lifecycle-viewmodel-savedstate:2.7.0) with AarToClassTransform
[        ] Transforming core-ktx-1.13.1.aar (androidx.core:core-ktx:1.13.1) with JetifyTransform
[        ] Transforming core-ktx-1.13.1.aar (androidx.core:core-ktx:1.13.1) with AarToClassTransform
[        ] Transforming viewpager-1.0.0.aar (androidx.viewpager:viewpager:1.0.0) with JetifyTransform
[        ] Transforming viewpager-1.0.0.aar (androidx.viewpager:viewpager:1.0.0) with AarToClassTransform
[        ] Transforming customview-1.0.0.aar (androidx.customview:customview:1.0.0) with JetifyTransform
[        ] Transforming customview-1.0.0.aar (androidx.customview:customview:1.0.0) with AarToClassTransform
[        ] Transforming core-1.13.1.aar (androidx.core:core:1.13.1) with JetifyTransform
[        ] Transforming core-1.13.1.aar (androidx.core:core:1.13.1) with AarToClassTransform
[        ] Transforming core-1.13.1.aar (androidx.core:core:1.13.1) with JetifyTransform
[        ] Transforming core-1.13.1.aar (androidx.core:core:1.13.1) with AarToClassTransform
[        ] Transforming lifecycle-runtime-2.7.0.aar (androidx.lifecycle:lifecycle-runtime:2.7.0) with JetifyTransform
[        ] Transforming lifecycle-runtime-2.7.0.aar (androidx.lifecycle:lifecycle-runtime:2.7.0) with AarToClassTransform
[        ] Transforming lifecycle-process-2.7.0.aar (androidx.lifecycle:lifecycle-process:2.7.0) with JetifyTransform
[        ] Transforming lifecycle-process-2.7.0.aar (androidx.lifecycle:lifecycle-process:2.7.0) with AarToClassTransform
[        ] Transforming lifecycle-common-java8-2.7.0.jar (androidx.lifecycle:lifecycle-common-java8:2.7.0) with JetifyTransform
[        ] Transforming lifecycle-common-java8-2.7.0.jar (androidx.lifecycle:lifecycle-common-java8:2.7.0) with IdentityTransform
[        ] Transforming lifecycle-common-2.7.0.jar (androidx.lifecycle:lifecycle-common:2.7.0) with JetifyTransform
[        ] Transforming lifecycle-common-2.7.0.jar (androidx.lifecycle:lifecycle-common:2.7.0) with IdentityTransform
[        ] Transforming window-1.2.0.aar (androidx.window:window:1.2.0) with JetifyTransform
[        ] Transforming window-1.2.0.aar (androidx.window:window:1.2.0) with AarToClassTransform
[        ] Transforming window-java-1.2.0.aar (androidx.window:window-java:1.2.0) with JetifyTransform
[        ] Transforming window-java-1.2.0.aar (androidx.window:window-java:1.2.0) with AarToClassTransform
[        ] Transforming annotation-experimental-1.4.0.aar (androidx.annotation:annotation-experimental:1.4.0) with JetifyTransform
[        ] Transforming annotation-experimental-1.4.0.aar (androidx.annotation:annotation-experimental:1.4.0) with AarToClassTransform
[        ] Transforming savedstate-1.2.1.aar (androidx.savedstate:savedstate:1.2.1) with JetifyTransform
[        ] Transforming savedstate-1.2.1.aar (androidx.savedstate:savedstate:1.2.1) with AarToClassTransform
[        ] Transforming core-runtime-2.2.0.aar (androidx.arch.core:core-runtime:2.2.0) with JetifyTransform
[        ] Transforming core-runtime-2.2.0.aar (androidx.arch.core:core-runtime:2.2.0) with AarToClassTransform
[        ] Transforming core-common-2.2.0.jar (androidx.arch.core:core-common:2.2.0) with JetifyTransform
[        ] Transforming core-common-2.2.0.jar (androidx.arch.core:core-common:2.2.0) with IdentityTransform
[        ] Transforming versionedparcelable-1.1.1.aar (androidx.versionedparcelable:versionedparcelable:1.1.1) with JetifyTransform
[        ] Transforming versionedparcelable-1.1.1.aar (androidx.versionedparcelable:versionedparcelable:1.1.1) with AarToClassTransform
[        ] Transforming collection-1.1.0.jar (androidx.collection:collection:1.1.0) with JetifyTransform
[        ] Transforming collection-1.1.0.jar (androidx.collection:collection:1.1.0) with IdentityTransform
[        ] Transforming annotation-jvm-1.8.1.jar (androidx.annotation:annotation-jvm:1.8.1) with JetifyTransform
[        ] Transforming annotation-jvm-1.8.1.jar (androidx.annotation:annotation-jvm:1.8.1) with IdentityTransform
[        ] Transforming kotlinx-coroutines-android-1.7.1.jar (org.jetbrains.kotlinx:kotlinx-coroutines-android:1.7.1) with JetifyTransform
[        ] Transforming kotlinx-coroutines-android-1.7.1.jar (org.jetbrains.kotlinx:kotlinx-coroutines-android:1.7.1) with IdentityTransform
[        ] Transforming kotlinx-coroutines-core-jvm-1.7.1.jar (org.jetbrains.kotlinx:kotlinx-coroutines-core-jvm:1.7.1) with JetifyTransform
[        ] Transforming kotlinx-coroutines-core-jvm-1.7.1.jar (org.jetbrains.kotlinx:kotlinx-coroutines-core-jvm:1.7.1) with IdentityTransform
[        ] Transforming kotlin-stdlib-jdk8-2.1.0.jar (org.jetbrains.kotlin:kotlin-stdlib-jdk8:2.1.0) with JetifyTransform
[        ] Transforming kotlin-stdlib-jdk8-2.1.0.jar (org.jetbrains.kotlin:kotlin-stdlib-jdk8:2.1.0) with IdentityTransform
[        ] Transforming kotlin-stdlib-jdk7-2.1.0.jar (org.jetbrains.kotlin:kotlin-stdlib-jdk7:2.1.0) with JetifyTransform
[        ] Transforming kotlin-stdlib-jdk7-2.1.0.jar (org.jetbrains.kotlin:kotlin-stdlib-jdk7:2.1.0) with IdentityTransform
[        ] Transforming kotlin-stdlib-2.1.0.jar (org.jetbrains.kotlin:kotlin-stdlib:2.1.0) with JetifyTransform
[        ] Transforming kotlin-stdlib-2.1.0.jar (org.jetbrains.kotlin:kotlin-stdlib:2.1.0) with IdentityTransform
[        ] Transforming annotations-23.0.0.jar (org.jetbrains:annotations:23.0.0) with JetifyTransform
[        ] Transforming annotations-23.0.0.jar (org.jetbrains:annotations:23.0.0) with IdentityTransform
[        ] Transforming startup-runtime-1.1.1.aar (androidx.startup:startup-runtime:1.1.1) with JetifyTransform
[        ] Transforming startup-runtime-1.1.1.aar (androidx.startup:startup-runtime:1.1.1) with AarToClassTransform
[        ] Transforming tracing-1.2.0.aar (androidx.tracing:tracing:1.2.0) with JetifyTransform
[        ] Transforming tracing-1.2.0.aar (androidx.tracing:tracing:1.2.0) with AarToClassTransform
[        ] Transforming relinker-1.4.5.aar (com.getkeepsafe.relinker:relinker:1.4.5) with JetifyTransform
[        ] Transforming relinker-1.4.5.aar (com.getkeepsafe.relinker:relinker:1.4.5) with AarToClassTransform
[        ] Transforming exifinterface-1.4.1.aar (androidx.exifinterface:exifinterface:1.4.1) with JetifyTransform
[        ] Transforming exifinterface-1.4.1.aar (androidx.exifinterface:exifinterface:1.4.1) with AarToClassTransform
[        ] Transforming jspecify-1.0.0.jar (org.jspecify:jspecify:1.0.0) with JetifyTransform
[        ] Transforming jspecify-1.0.0.jar (org.jspecify:jspecify:1.0.0) with IdentityTransform
[        ] Adding -Xuse-inline-scopes-numbers Kotlin compiler flag for task :desktop_webview_auth:compileDebugAndroidTestKotlin
[        ] Transforming R.jar with BuildToolsApiClasspathEntrySnapshotTransform
[        ] Transforming jetified-flutter_embedding_debug-1.0.0-6c0baaebf70e0148f485f27d5616b3d3382da7bf.jar with BuildToolsApiClasspathEntrySnapshotTransform
[        ] Transforming fragment-1.7.1-api.jar with BuildToolsApiClasspathEntrySnapshotTransform
[        ] Transforming jetified-activity-1.8.1-api.jar with BuildToolsApiClasspathEntrySnapshotTransform
[        ] Transforming loader-1.0.0-api.jar with BuildToolsApiClasspathEntrySnapshotTransform
[        ] Transforming jetified-lifecycle-livedata-core-ktx-2.7.0-api.jar with BuildToolsApiClasspathEntrySnapshotTransform
[        ] Transforming lifecycle-livedata-2.7.0-api.jar with BuildToolsApiClasspathEntrySnapshotTransform
[        ] Transforming lifecycle-viewmodel-2.7.0-api.jar with BuildToolsApiClasspathEntrySnapshotTransform
[        ] Transforming lifecycle-livedata-core-2.7.0-api.jar with BuildToolsApiClasspathEntrySnapshotTransform
[        ] Transforming jetified-lifecycle-viewmodel-savedstate-2.7.0-api.jar with BuildToolsApiClasspathEntrySnapshotTransform
[        ] Transforming jetified-core-ktx-1.13.1-api.jar with BuildToolsApiClasspathEntrySnapshotTransform
[        ] Transforming viewpager-1.0.0-api.jar with BuildToolsApiClasspathEntrySnapshotTransform
[        ] Transforming customview-1.0.0-api.jar with BuildToolsApiClasspathEntrySnapshotTransform
[        ] Transforming core-1.13.1-api.jar with BuildToolsApiClasspathEntrySnapshotTransform
[        ] Transforming lifecycle-runtime-2.7.0-api.jar with BuildToolsApiClasspathEntrySnapshotTransform
[        ] Transforming jetified-lifecycle-process-2.7.0-api.jar with BuildToolsApiClasspathEntrySnapshotTransform
[        ] Transforming lifecycle-common-java8-2.7.0.jar with BuildToolsApiClasspathEntrySnapshotTransform
[        ] Transforming lifecycle-common-2.7.0.jar with BuildToolsApiClasspathEntrySnapshotTransform
[        ] Transforming jetified-window-1.2.0-api.jar with BuildToolsApiClasspathEntrySnapshotTransform
[        ] Transforming jetified-window-java-1.2.0-api.jar with BuildToolsApiClasspathEntrySnapshotTransform
[        ] Transforming jetified-annotation-experimental-1.4.0-api.jar with BuildToolsApiClasspathEntrySnapshotTransform
[        ] Transforming jetified-savedstate-1.2.1-api.jar with BuildToolsApiClasspathEntrySnapshotTransform
[        ] Transforming core-runtime-2.2.0-api.jar with BuildToolsApiClasspathEntrySnapshotTransform
[        ] Transforming core-common-2.2.0.jar with BuildToolsApiClasspathEntrySnapshotTransform
[        ] Transforming versionedparcelable-1.1.1-api.jar with BuildToolsApiClasspathEntrySnapshotTransform
[        ] Transforming collection-1.1.0.jar with BuildToolsApiClasspathEntrySnapshotTransform
[        ] Transforming jetified-annotation-jvm-1.8.1.jar with BuildToolsApiClasspathEntrySnapshotTransform
[        ] Transforming jetified-kotlinx-coroutines-android-1.7.1.jar with BuildToolsApiClasspathEntrySnapshotTransform
[        ] Transforming jetified-kotlinx-coroutines-core-jvm-1.7.1.jar with BuildToolsApiClasspathEntrySnapshotTransform
[        ] Transforming jetified-kotlin-stdlib-jdk8-2.1.0.jar with BuildToolsApiClasspathEntrySnapshotTransform
[        ] Transforming jetified-kotlin-stdlib-jdk7-2.1.0.jar with BuildToolsApiClasspathEntrySnapshotTransform
[        ] Transforming jetified-kotlin-stdlib-2.1.0.jar with BuildToolsApiClasspathEntrySnapshotTransform
[        ] Transforming jetified-annotations-23.0.0.jar with BuildToolsApiClasspathEntrySnapshotTransform
[        ] Transforming jetified-startup-runtime-1.1.1-api.jar with BuildToolsApiClasspathEntrySnapshotTransform
[        ] Transforming jetified-tracing-1.2.0-api.jar with BuildToolsApiClasspathEntrySnapshotTransform
[        ] Transforming jetified-relinker-1.4.5-api.jar with BuildToolsApiClasspathEntrySnapshotTransform
[        ] Transforming exifinterface-1.4.1-api.jar with BuildToolsApiClasspathEntrySnapshotTransform
[        ] Transforming jetified-jspecify-1.0.0.jar with BuildToolsApiClasspathEntrySnapshotTransform
[        ] Transforming android.jar with BuildToolsApiClasspathEntrySnapshotTransform
[        ] Transforming core-lambda-stubs.jar with BuildToolsApiClasspathEntrySnapshotTransform
[        ] Caching disabled for task ':desktop_webview_auth:compileDebugKotlin' because:
[        ]   Build cache is disabled
[        ] Skipping task ':desktop_webview_auth:compileDebugKotlin' as it is up-to-date.
[        ] Resolve mutations for :desktop_webview_auth:javaPreCompileDebug (Thread[#566,Execution worker Thread 15,5,main]) started.
[        ] :desktop_webview_auth:javaPreCompileDebug (Thread[#557,Execution worker Thread 6,5,main]) started.
[        ] > Task :desktop_webview_auth:javaPreCompileDebug UP-TO-DATE
[        ] Caching disabled for task ':desktop_webview_auth:javaPreCompileDebug' because:
[        ]   Build cache is disabled
[        ] Skipping task ':desktop_webview_auth:javaPreCompileDebug' as it is up-to-date.
[        ] Resolve mutations for :desktop_webview_auth:compileDebugJavaWithJavac (Thread[#557,Execution worker Thread 6,5,main]) started.
[        ] :desktop_webview_auth:compileDebugJavaWithJavac (Thread[#557,Execution worker Thread 6,5,main]) started.
[        ] > Task :desktop_webview_auth:compileDebugJavaWithJavac NO-SOURCE
[        ] Skipping task ':desktop_webview_auth:compileDebugJavaWithJavac' as it has no source files and no previous output files.
[        ] Resolve mutations for :desktop_webview_auth:bundleLibCompileToJarDebug (Thread[#557,Execution worker Thread 6,5,main]) started.
[        ] :desktop_webview_auth:bundleLibCompileToJarDebug (Thread[#557,Execution worker Thread 6,5,main]) started.
[        ] > Task :desktop_webview_auth:bundleLibCompileToJarDebug UP-TO-DATE
[        ] Caching disabled for task ':desktop_webview_auth:bundleLibCompileToJarDebug' because:
[        ]   Build cache is disabled
[        ]   Simple merging task
[        ] Skipping task ':desktop_webview_auth:bundleLibCompileToJarDebug' as it is up-to-date.
[        ] work action resolve classes.jar (project :desktop_webview_auth) (Thread[#557,Execution worker Thread 6,5,main]) started.
[        ] Resolve mutations for :firebase_auth:generateDebugBuildConfig (Thread[#554,Execution worker Thread 3,5,main]) started.
[        ] :firebase_auth:generateDebugBuildConfig (Thread[#554,Execution worker Thread 3,5,main]) started.
[        ] > Task :firebase_auth:generateDebugBuildConfig UP-TO-DATE
[        ] Caching disabled for task ':firebase_auth:generateDebugBuildConfig' because:
[        ]   Build cache is disabled
[        ] Skipping task ':firebase_auth:generateDebugBuildConfig' as it is up-to-date.
[        ] Resolve mutations for :firebase_auth:javaPreCompileDebug (Thread[#554,Execution worker Thread 3,5,main]) started.
[        ] :firebase_auth:javaPreCompileDebug (Thread[#554,Execution worker Thread 3,5,main]) started.
[        ] > Task :firebase_auth:javaPreCompileDebug UP-TO-DATE
[        ] Caching disabled for task ':firebase_auth:javaPreCompileDebug' because:
[        ]   Build cache is disabled
[        ] Skipping task ':firebase_auth:javaPreCompileDebug' as it is up-to-date.
[        ] Resolve mutations for :firebase_auth:compileDebugJavaWithJavac (Thread[#554,Execution worker Thread 3,5,main]) started.
[        ] :firebase_auth:compileDebugJavaWithJavac (Thread[#554,Execution worker Thread 3,5,main]) started.
[        ] > Task :firebase_auth:compileDebugJavaWithJavac UP-TO-DATE
[        ] Transforming flutter_embedding_debug-1.0.0-6c0baaebf70e0148f485f27d5616b3d3382da7bf.jar (io.flutter:flutter_embedding_debug:1.0.0-6c0baaebf70e0148f485f27d5616b3d3382da7bf) with JetifyTransform
[        ] Transforming flutter_embedding_debug-1.0.0-6c0baaebf70e0148f485f27d5616b3d3382da7bf.jar (io.flutter:flutter_embedding_debug:1.0.0-6c0baaebf70e0148f485f27d5616b3d3382da7bf) with IdentityTransform
[        ] Transforming firebase-auth-24.0.1.aar (com.google.firebase:firebase-auth:24.0.1) with JetifyTransform
[        ] Transforming firebase-auth-24.0.1.aar (com.google.firebase:firebase-auth:24.0.1) with AarToClassTransform
[        ] Transforming play-services-auth-api-phone-18.0.2.aar (com.google.android.gms:play-services-auth-api-phone:18.0.2) with JetifyTransform
[        ] Transforming play-services-auth-api-phone-18.0.2.aar (com.google.android.gms:play-services-auth-api-phone:18.0.2) with AarToClassTransform
[        ] Transforming recaptcha-18.6.1.aar (com.google.android.recaptcha:recaptcha:18.6.1) with JetifyTransform
[        ] Transforming recaptcha-18.6.1.aar (com.google.android.recaptcha:recaptcha:18.6.1) with AarToClassTransform
[        ] Transforming integrity-1.3.0.aar (com.google.android.play:integrity:1.3.0) with JetifyTransform
[        ] Transforming integrity-1.3.0.aar (com.google.android.play:integrity:1.3.0) with AarToClassTransform
[        ] Transforming firebase-appcheck-interop-17.0.0.aar (com.google.firebase:firebase-appcheck-interop:17.0.0) with JetifyTransform
[        ] Transforming firebase-appcheck-interop-17.0.0.aar (com.google.firebase:firebase-appcheck-interop:17.0.0) with AarToClassTransform
[        ] Transforming firebase-auth-interop-20.0.0.aar (com.google.firebase:firebase-auth-interop:20.0.0) with JetifyTransform
[        ] Transforming firebase-auth-interop-20.0.0.aar (com.google.firebase:firebase-auth-interop:20.0.0) with AarToClassTransform
[        ] Transforming firebase-common-22.0.1.aar (com.google.firebase:firebase-common:22.0.1) with JetifyTransform
[        ] Transforming firebase-common-22.0.1.aar (com.google.firebase:firebase-common:22.0.1) with AarToClassTransform
[        ] Transforming activity-1.8.1.aar (androidx.activity:activity:1.8.1) with JetifyTransform
[        ] Transforming activity-1.8.1.aar (androidx.activity:activity:1.8.1) with AarToClassTransform
[        ] Transforming loader-1.0.0.aar (androidx.loader:loader:1.0.0) with JetifyTransform
[        ] Transforming loader-1.0.0.aar (androidx.loader:loader:1.0.0) with AarToClassTransform
[        ] Transforming lifecycle-livedata-core-ktx-2.7.0.aar (androidx.lifecycle:lifecycle-livedata-core-ktx:2.7.0) with JetifyTransform
[        ] Transforming lifecycle-livedata-core-ktx-2.7.0.aar (androidx.lifecycle:lifecycle-livedata-core-ktx:2.7.0) with AarToClassTransform
[        ] Transforming lifecycle-livedata-2.7.0.aar (androidx.lifecycle:lifecycle-livedata:2.7.0) with JetifyTransform
[        ] Transforming lifecycle-livedata-2.7.0.aar (androidx.lifecycle:lifecycle-livedata:2.7.0) with AarToClassTransform
[        ] Transforming lifecycle-viewmodel-2.7.0.aar (androidx.lifecycle:lifecycle-viewmodel:2.7.0) with JetifyTransform
[        ] Transforming lifecycle-viewmodel-2.7.0.aar (androidx.lifecycle:lifecycle-viewmodel:2.7.0) with AarToClassTransform
[        ] Transforming lifecycle-viewmodel-2.7.0.aar (androidx.lifecycle:lifecycle-viewmodel:2.7.0) with JetifyTransform
[        ] Transforming lifecycle-viewmodel-2.7.0.aar (androidx.lifecycle:lifecycle-viewmodel:2.7.0) with AarToClassTransform
[        ] Transforming lifecycle-livedata-core-2.7.0.aar (androidx.lifecycle:lifecycle-livedata-core:2.7.0) with JetifyTransform
[        ] Transforming lifecycle-livedata-core-2.7.0.aar (androidx.lifecycle:lifecycle-livedata-core:2.7.0) with AarToClassTransform
[        ] Transforming lifecycle-viewmodel-savedstate-2.7.0.aar (androidx.lifecycle:lifecycle-viewmodel-savedstate:2.7.0) with JetifyTransform
[        ] Transforming lifecycle-viewmodel-savedstate-2.7.0.aar (androidx.lifecycle:lifecycle-viewmodel-savedstate:2.7.0) with AarToClassTransform
[        ] Transforming window-java-1.2.0.aar (androidx.window:window-java:1.2.0) with JetifyTransform
[        ] Transforming window-java-1.2.0.aar (androidx.window:window-java:1.2.0) with AarToClassTransform
[        ] Transforming window-1.2.0.aar (androidx.window:window:1.2.0) with JetifyTransform
[        ] Transforming window-1.2.0.aar (androidx.window:window:1.2.0) with AarToClassTransform
[        ] Transforming kotlinx-coroutines-android-1.9.0.jar (org.jetbrains.kotlinx:kotlinx-coroutines-android:1.9.0) with JetifyTransform
[        ] Transforming kotlinx-coroutines-android-1.9.0.jar (org.jetbrains.kotlinx:kotlinx-coroutines-android:1.9.0) with IdentityTransform
[        ] Transforming kotlinx-coroutines-core-jvm-1.9.0.jar (org.jetbrains.kotlinx:kotlinx-coroutines-core-jvm:1.9.0) with JetifyTransform
[        ] Transforming kotlinx-coroutines-core-jvm-1.9.0.jar (org.jetbrains.kotlinx:kotlinx-coroutines-core-jvm:1.9.0) with IdentityTransform
[        ] Transforming kotlinx-coroutines-play-services-1.9.0.jar (org.jetbrains.kotlinx:kotlinx-coroutines-play-services:1.9.0) with JetifyTransform
[        ] Transforming kotlinx-coroutines-play-services-1.9.0.jar (org.jetbrains.kotlinx:kotlinx-coroutines-play-services:1.9.0) with IdentityTransform
[        ] Transforming fragment-1.7.1.aar (androidx.fragment:fragment:1.7.1) with JetifyTransform
[        ] Transforming fragment-1.7.1.aar (androidx.fragment:fragment:1.7.1) with AarToClassTransform
[        ] Transforming fragment-1.7.1.aar (androidx.fragment:fragment:1.7.1) with JetifyTransform
[        ] Transforming fragment-1.7.1.aar (androidx.fragment:fragment:1.7.1) with AarToClassTransform
[        ] Transforming core-ktx-1.13.1.aar (androidx.core:core-ktx:1.13.1) with JetifyTransform
[        ] Transforming core-ktx-1.13.1.aar (androidx.core:core-ktx:1.13.1) with AarToClassTransform
[        ] Transforming viewpager-1.0.0.aar (androidx.viewpager:viewpager:1.0.0) with JetifyTransform
[        ] Transforming viewpager-1.0.0.aar (androidx.viewpager:viewpager:1.0.0) with AarToClassTransform
[        ] Transforming play-services-base-18.0.1.aar (com.google.android.gms:play-services-base:18.0.1) with JetifyTransform
[        ] Transforming customview-1.0.0.aar (androidx.customview:customview:1.0.0) with JetifyTransform
[        ] Transforming play-services-base-18.0.1.aar (com.google.android.gms:play-services-base:18.0.1) with JetifyTransform
[        ] Transforming customview-1.0.0.aar (androidx.customview:customview:1.0.0) with AarToClassTransform
[        ] Transforming play-services-base-18.0.1.aar (com.google.android.gms:play-services-base:18.0.1) with AarToClassTransform
[        ] Transforming core-1.13.1.aar (androidx.core:core:1.13.1) with JetifyTransform
[        ] Transforming play-services-base-18.0.1.aar (com.google.android.gms:play-services-base:18.0.1) with AarToClassTransform
[        ] Transforming core-1.13.1.aar (androidx.core:core:1.13.1) with AarToClassTransform
[        ] Transforming play-services-tasks-18.2.0.aar (com.google.android.gms:play-services-tasks:18.2.0) with JetifyTransform
[        ] Transforming core-1.13.1.aar (androidx.core:core:1.13.1) with JetifyTransform
[        ] Transforming play-services-tasks-18.2.0.aar (com.google.android.gms:play-services-tasks:18.2.0) with JetifyTransform
[        ] Transforming core-1.13.1.aar (androidx.core:core:1.13.1) with AarToClassTransform
[        ] Transforming play-services-tasks-18.2.0.aar (com.google.android.gms:play-services-tasks:18.2.0) with JetifyTransform
[        ] Transforming play-services-tasks-18.2.0.aar (com.google.android.gms:play-services-tasks:18.2.0) with JetifyTransform
[        ] Transforming play-services-tasks-18.2.0.aar (com.google.android.gms:play-services-tasks:18.2.0) with AarToClassTransform
[        ] Transforming play-services-tasks-18.2.0.aar (com.google.android.gms:play-services-tasks:18.2.0) with AarToClassTransform
[        ] Transforming browser-1.4.0.aar (androidx.browser:browser:1.4.0) with JetifyTransform
[        ] Transforming browser-1.4.0.aar (androidx.browser:browser:1.4.0) with AarToClassTransform
[        ] Transforming play-services-tasks-18.2.0.aar (com.google.android.gms:play-services-tasks:18.2.0) with JetifyTransform
[        ] Transforming play-services-tasks-18.2.0.aar (com.google.android.gms:play-services-tasks:18.2.0) with AarToClassTransform
[        ] Transforming play-services-tasks-18.2.0.aar (com.google.android.gms:play-services-tasks:18.2.0) with AarToClassTransform
[        ] Transforming lifecycle-runtime-2.7.0.aar (androidx.lifecycle:lifecycle-runtime:2.7.0) with JetifyTransform
[        ] Transforming play-services-tasks-18.2.0.aar (com.google.android.gms:play-services-tasks:18.2.0) with AarToClassTransform
[        ] Transforming play-services-basement-18.4.0.aar (com.google.android.gms:play-services-basement:18.4.0) with JetifyTransform
[        ] Transforming play-services-tasks-18.2.0.aar (com.google.android.gms:play-services-tasks:18.2.0) with JetifyTransform
[        ] Transforming play-services-tasks-18.2.0.aar (com.google.android.gms:play-services-tasks:18.2.0) with AarToClassTransform
[        ] Transforming play-services-tasks-18.2.0.aar (com.google.android.gms:play-services-tasks:18.2.0) with JetifyTransform
[        ] Transforming play-services-basement-18.4.0.aar (com.google.android.gms:play-services-basement:18.4.0) with JetifyTransform
[        ] Transforming play-services-basement-18.4.0.aar (com.google.android.gms:play-services-basement:18.4.0) with JetifyTransform
[        ] Transforming play-services-basement-18.4.0.aar (com.google.android.gms:play-services-basement:18.4.0) with JetifyTransform
[        ] Transforming play-services-basement-18.4.0.aar (com.google.android.gms:play-services-basement:18.4.0) with JetifyTransform
[        ] Transforming play-services-basement-18.4.0.aar (com.google.android.gms:play-services-basement:18.4.0) with AarToClassTransform
[        ] Transforming play-services-basement-18.4.0.aar (com.google.android.gms:play-services-basement:18.4.0) with AarToClassTransform
[        ] Transforming play-services-basement-18.4.0.aar (com.google.android.gms:play-services-basement:18.4.0) with JetifyTransform
[        ] Transforming play-services-basement-18.4.0.aar (com.google.android.gms:play-services-basement:18.4.0) with AarToClassTransform
[        ] Transforming play-services-basement-18.4.0.aar (com.google.android.gms:play-services-basement:18.4.0) with JetifyTransform
[        ] Transforming play-services-tasks-18.2.0.aar (com.google.android.gms:play-services-tasks:18.2.0) with JetifyTransform
[        ] Transforming play-services-basement-18.4.0.aar (com.google.android.gms:play-services-basement:18.4.0) with AarToClassTransform
[        ] Transforming play-services-basement-18.4.0.aar (com.google.android.gms:play-services-basement:18.4.0) with AarToClassTransform
[        ] Transforming play-services-basement-18.4.0.aar (com.google.android.gms:play-services-basement:18.4.0) with AarToClassTransform
[        ] Transforming play-services-basement-18.4.0.aar (com.google.android.gms:play-services-basement:18.4.0) with AarToClassTransform
[        ] Transforming play-services-tasks-18.2.0.aar (com.google.android.gms:play-services-tasks:18.2.0) with AarToClassTransform
[        ] Transforming lifecycle-runtime-2.7.0.aar (androidx.lifecycle:lifecycle-runtime:2.7.0) with AarToClassTransform
[        ] Transforming play-services-tasks-18.2.0.aar (com.google.android.gms:play-services-tasks:18.2.0) with AarToClassTransform
[        ] Transforming lifecycle-process-2.7.0.aar (androidx.lifecycle:lifecycle-process:2.7.0) with JetifyTransform
[        ] Transforming lifecycle-process-2.7.0.aar (androidx.lifecycle:lifecycle-process:2.7.0) with AarToClassTransform
[        ] Transforming lifecycle-common-java8-2.7.0.jar (androidx.lifecycle:lifecycle-common-java8:2.7.0) with JetifyTransform
[        ] Transforming lifecycle-common-java8-2.7.0.jar (androidx.lifecycle:lifecycle-common-java8:2.7.0) with IdentityTransform
[        ] Transforming lifecycle-common-2.7.0.jar (androidx.lifecycle:lifecycle-common:2.7.0) with JetifyTransform
[        ] Transforming lifecycle-common-2.7.0.jar (androidx.lifecycle:lifecycle-common:2.7.0) with IdentityTransform
[        ] Transforming versionedparcelable-1.1.1.aar (androidx.versionedparcelable:versionedparcelable:1.1.1) with JetifyTransform
[        ] Transforming versionedparcelable-1.1.1.aar (androidx.versionedparcelable:versionedparcelable:1.1.1) with AarToClassTransform
[        ] Transforming collection-1.1.0.jar (androidx.collection:collection:1.1.0) with JetifyTransform
[        ] Transforming collection-1.1.0.jar (androidx.collection:collection:1.1.0) with IdentityTransform
[        ] Transforming credentials-play-services-auth-1.2.0-rc01.aar (androidx.credentials:credentials-play-services-auth:1.2.0-rc01) with JetifyTransform
[        ] Transforming credentials-play-services-auth-1.2.0-rc01.aar (androidx.credentials:credentials-play-services-auth:1.2.0-rc01) with AarToClassTransform
[        ] Transforming credentials-1.2.0-rc01.aar (androidx.credentials:credentials:1.2.0-rc01) with JetifyTransform
[        ] Transforming credentials-1.2.0-rc01.aar (androidx.credentials:credentials:1.2.0-rc01) with AarToClassTransform
[        ] Transforming credentials-1.2.0-rc01.aar (androidx.credentials:credentials:1.2.0-rc01) with JetifyTransform
[        ] Transforming credentials-1.2.0-rc01.aar (androidx.credentials:credentials:1.2.0-rc01) with AarToClassTransform
[        ] Transforming core-runtime-2.2.0.aar (androidx.arch.core:core-runtime:2.2.0) with JetifyTransform
[        ] Transforming core-runtime-2.2.0.aar (androidx.arch.core:core-runtime:2.2.0) with AarToClassTransform
[        ] Transforming core-common-2.2.0.jar (androidx.arch.core:core-common:2.2.0) with JetifyTransform
[        ] Transforming core-common-2.2.0.jar (androidx.arch.core:core-common:2.2.0) with IdentityTransform
[        ] Transforming savedstate-1.2.1.aar (androidx.savedstate:savedstate:1.2.1) with JetifyTransform
[        ] Transforming savedstate-1.2.1.aar (androidx.savedstate:savedstate:1.2.1) with AarToClassTransform
[        ] Transforming localbroadcastmanager-1.0.0.aar (androidx.localbroadcastmanager:localbroadcastmanager:1.0.0) with JetifyTransform
[        ] Transforming annotation-jvm-1.8.1.jar (androidx.annotation:annotation-jvm:1.8.1) with JetifyTransform
[        ] Transforming localbroadcastmanager-1.0.0.aar (androidx.localbroadcastmanager:localbroadcastmanager:1.0.0) with AarToClassTransform
[        ] Transforming annotation-jvm-1.8.1.jar (androidx.annotation:annotation-jvm:1.8.1) with IdentityTransform
[        ] Transforming annotation-experimental-1.4.0.aar (androidx.annotation:annotation-experimental:1.4.0) with JetifyTransform
[        ] Transforming annotation-experimental-1.4.0.aar (androidx.annotation:annotation-experimental:1.4.0) with AarToClassTransform
[        ] Transforming kotlin-stdlib-2.1.0.jar (org.jetbrains.kotlin:kotlin-stdlib:2.1.0) with JetifyTransform
[        ] Transforming kotlin-stdlib-2.1.0.jar (org.jetbrains.kotlin:kotlin-stdlib:2.1.0) with IdentityTransform
[        ] Transforming annotations-23.0.0.jar (org.jetbrains:annotations:23.0.0) with JetifyTransform
[        ] Transforming annotations-23.0.0.jar (org.jetbrains:annotations:23.0.0) with IdentityTransform
[        ] Transforming startup-runtime-1.1.1.aar (androidx.startup:startup-runtime:1.1.1) with JetifyTransform
[        ] Transforming startup-runtime-1.1.1.aar (androidx.startup:startup-runtime:1.1.1) with AarToClassTransform
[        ] Transforming tracing-1.2.0.aar (androidx.tracing:tracing:1.2.0) with JetifyTransform
[        ] Transforming tracing-1.2.0.aar (androidx.tracing:tracing:1.2.0) with AarToClassTransform
[        ] Transforming relinker-1.4.5.aar (com.getkeepsafe.relinker:relinker:1.4.5) with JetifyTransform
[        ] Transforming listenablefuture-1.0.jar (com.google.guava:listenablefuture:1.0) with JetifyTransform
[        ] Transforming relinker-1.4.5.aar (com.getkeepsafe.relinker:relinker:1.4.5) with AarToClassTransform
[        ] Transforming listenablefuture-1.0.jar (com.google.guava:listenablefuture:1.0) with IdentityTransform
[        ] Transforming exifinterface-1.4.1.aar (androidx.exifinterface:exifinterface:1.4.1) with JetifyTransform
[        ] Transforming exifinterface-1.4.1.aar (androidx.exifinterface:exifinterface:1.4.1) with AarToClassTransform
[        ] Transforming jspecify-1.0.0.jar (org.jspecify:jspecify:1.0.0) with JetifyTransform
[        ] Transforming jspecify-1.0.0.jar (org.jspecify:jspecify:1.0.0) with IdentityTransform
[        ] Transforming core-common-2.0.3.aar (com.google.android.play:core-common:2.0.3) with JetifyTransform
[        ] Transforming core-common-2.0.3.aar (com.google.android.play:core-common:2.0.3) with AarToClassTransform
[        ] Transforming firebase-components-19.0.0.aar (com.google.firebase:firebase-components:19.0.0) with JetifyTransform
[        ] Transforming firebase-components-19.0.0.aar (com.google.firebase:firebase-components:19.0.0) with AarToClassTransform
[        ] Transforming firebase-annotations-17.0.0.jar (com.google.firebase:firebase-annotations:17.0.0) with JetifyTransform
[        ] Transforming firebase-annotations-17.0.0.jar (com.google.firebase:firebase-annotations:17.0.0) with IdentityTransform
[        ] Transforming core-for-system-modules.jar with JdkImageTransform
[        ] Transforming core-for-system-modules.jar with JdkImageTransform
[        ] Transforming core-for-system-modules.jar with JdkImageTransform
[        ] Transforming core-for-system-modules.jar with JdkImageTransform
[        ] Transforming core-for-system-modules.jar with JdkImageTransform
[        ] Transforming core-for-system-modules.jar with JdkImageTransform
[        ] Custom actions are attached to task ':firebase_auth:compileDebugJavaWithJavac'.
[        ] Caching disabled for task ':firebase_auth:compileDebugJavaWithJavac' because:
[        ]   Build cache is disabled
[        ] Skipping task ':firebase_auth:compileDebugJavaWithJavac' as it is up-to-date.
[        ] No compile result for :firebase_auth:compileDebugJavaWithJavac
[        ] No compile result for :firebase_auth:compileDebugJavaWithJavac
[        ] Resolve mutations for :firebase_auth:bundleLibCompileToJarDebug (Thread[#554,Execution worker Thread 3,5,main]) started.
[        ] :firebase_auth:bundleLibCompileToJarDebug (Thread[#557,Execution worker Thread 6,5,main]) started.
[        ] > Task :firebase_auth:bundleLibCompileToJarDebug UP-TO-DATE
[        ] Caching disabled for task ':firebase_auth:bundleLibCompileToJarDebug' because:
[        ]   Build cache is disabled
[        ]   Simple merging task
[        ] Skipping task ':firebase_auth:bundleLibCompileToJarDebug' as it is up-to-date.
[        ] work action resolve classes.jar (project :firebase_auth) (Thread[#557,Execution worker Thread 6,5,main]) started.
[        ] Resolve mutations for :firebase_messaging:generateDebugBuildConfig (Thread[#560,Execution worker Thread 9,5,main]) started.
[        ] :firebase_messaging:generateDebugBuildConfig (Thread[#560,Execution worker Thread 9,5,main]) started.
[  +67 ms] > Task :firebase_messaging:generateDebugBuildConfig UP-TO-DATE
[        ] Caching disabled for task ':firebase_messaging:generateDebugBuildConfig' because:
[        ]   Build cache is disabled
[        ] Skipping task ':firebase_messaging:generateDebugBuildConfig' as it is up-to-date.
[        ] Resolve mutations for :firebase_messaging:javaPreCompileDebug (Thread[#560,Execution worker Thread 9,5,main]) started.
[        ] :firebase_messaging:javaPreCompileDebug (Thread[#560,Execution worker Thread 9,5,main]) started.
[        ] > Task :firebase_messaging:javaPreCompileDebug UP-TO-DATE
[        ] Caching disabled for task ':firebase_messaging:javaPreCompileDebug' because:
[        ]   Build cache is disabled
[        ] Skipping task ':firebase_messaging:javaPreCompileDebug' as it is up-to-date.
[        ] Resolve mutations for :firebase_messaging:compileDebugJavaWithJavac (Thread[#560,Execution worker Thread 9,5,main]) started.
[        ] :firebase_messaging:compileDebugJavaWithJavac (Thread[#560,Execution worker Thread 9,5,main]) started.
[        ] > Task :firebase_messaging:compileDebugJavaWithJavac UP-TO-DATE
[        ] Transforming flutter_embedding_debug-1.0.0-6c0baaebf70e0148f485f27d5616b3d3382da7bf.jar (io.flutter:flutter_embedding_debug:1.0.0-6c0baaebf70e0148f485f27d5616b3d3382da7bf) with JetifyTransform
[        ] Transforming flutter_embedding_debug-1.0.0-6c0baaebf70e0148f485f27d5616b3d3382da7bf.jar (io.flutter:flutter_embedding_debug:1.0.0-6c0baaebf70e0148f485f27d5616b3d3382da7bf) with IdentityTransform
[        ] Transforming firebase-messaging-25.0.1.aar (com.google.firebase:firebase-messaging:25.0.1) with JetifyTransform
[        ] Transforming firebase-messaging-25.0.1.aar (com.google.firebase:firebase-messaging:25.0.1) with AarToClassTransform
[        ] Transforming localbroadcastmanager-1.1.0.aar (androidx.localbroadcastmanager:localbroadcastmanager:1.1.0) with JetifyTransform
[        ] Transforming localbroadcastmanager-1.1.0.aar (androidx.localbroadcastmanager:localbroadcastmanager:1.1.0) with AarToClassTransform
[        ] Transforming firebase-iid-interop-17.1.0.aar (com.google.firebase:firebase-iid-interop:17.1.0) with JetifyTransform
[        ] Transforming firebase-iid-interop-17.1.0.aar (com.google.firebase:firebase-iid-interop:17.1.0) with AarToClassTransform
[        ] Transforming firebase-measurement-connector-19.0.0.aar (com.google.firebase:firebase-measurement-connector:19.0.0) with JetifyTransform
[        ] Transforming firebase-measurement-connector-19.0.0.aar (com.google.firebase:firebase-measurement-connector:19.0.0) with AarToClassTransform
[        ] Transforming firebase-installations-19.0.1.aar (com.google.firebase:firebase-installations:19.0.1) with JetifyTransform
[        ] Transforming firebase-installations-19.0.1.aar (com.google.firebase:firebase-installations:19.0.1) with AarToClassTransform
[        ] Transforming firebase-installations-interop-17.1.1.aar (com.google.firebase:firebase-installations-interop:17.1.1) with JetifyTransform
[        ] Transforming firebase-installations-interop-17.1.1.aar (com.google.firebase:firebase-installations-interop:17.1.1) with AarToClassTransform
[        ] Transforming firebase-common-22.0.1.aar (com.google.firebase:firebase-common:22.0.1) with JetifyTransform
[        ] Transforming firebase-common-22.0.1.aar (com.google.firebase:firebase-common:22.0.1) with AarToClassTransform
[        ] Transforming activity-1.8.1.aar (androidx.activity:activity:1.8.1) with JetifyTransform
[        ] Transforming activity-1.8.1.aar (androidx.activity:activity:1.8.1) with AarToClassTransform
[        ] Transforming loader-1.0.0.aar (androidx.loader:loader:1.0.0) with JetifyTransform
[        ] Transforming loader-1.0.0.aar (androidx.loader:loader:1.0.0) with AarToClassTransform
[        ] Transforming lifecycle-livedata-core-ktx-2.7.0.aar (androidx.lifecycle:lifecycle-livedata-core-ktx:2.7.0) with JetifyTransform
[        ] Transforming lifecycle-livedata-core-ktx-2.7.0.aar (androidx.lifecycle:lifecycle-livedata-core-ktx:2.7.0) with AarToClassTransform
[        ] Transforming lifecycle-livedata-2.7.0.aar (androidx.lifecycle:lifecycle-livedata:2.7.0) with JetifyTransform
[        ] Transforming lifecycle-livedata-2.7.0.aar (androidx.lifecycle:lifecycle-livedata:2.7.0) with AarToClassTransform
[        ] Transforming lifecycle-viewmodel-2.7.0.aar (androidx.lifecycle:lifecycle-viewmodel:2.7.0) with JetifyTransform
[        ] Transforming lifecycle-viewmodel-2.7.0.aar (androidx.lifecycle:lifecycle-viewmodel:2.7.0) with AarToClassTransform
[        ] Transforming lifecycle-viewmodel-2.7.0.aar (androidx.lifecycle:lifecycle-viewmodel:2.7.0) with JetifyTransform
[        ] Transforming lifecycle-viewmodel-2.7.0.aar (androidx.lifecycle:lifecycle-viewmodel:2.7.0) with AarToClassTransform
[        ] Transforming lifecycle-livedata-core-2.7.0.aar (androidx.lifecycle:lifecycle-livedata-core:2.7.0) with JetifyTransform
[        ] Transforming lifecycle-livedata-core-2.7.0.aar (androidx.lifecycle:lifecycle-livedata-core:2.7.0) with AarToClassTransform
[        ] Transforming lifecycle-viewmodel-savedstate-2.7.0.aar (androidx.lifecycle:lifecycle-viewmodel-savedstate:2.7.0) with JetifyTransform
[        ] Transforming lifecycle-viewmodel-savedstate-2.7.0.aar (androidx.lifecycle:lifecycle-viewmodel-savedstate:2.7.0) with AarToClassTransform
[        ] Transforming window-java-1.2.0.aar (androidx.window:window-java:1.2.0) with JetifyTransform
[        ] Transforming window-java-1.2.0.aar (androidx.window:window-java:1.2.0) with AarToClassTransform
[        ] Transforming window-1.2.0.aar (androidx.window:window:1.2.0) with JetifyTransform
[        ] Transforming window-1.2.0.aar (androidx.window:window:1.2.0) with AarToClassTransform
[        ] Transforming kotlinx-coroutines-android-1.9.0.jar (org.jetbrains.kotlinx:kotlinx-coroutines-android:1.9.0) with JetifyTransform
[        ] Transforming kotlinx-coroutines-android-1.9.0.jar (org.jetbrains.kotlinx:kotlinx-coroutines-android:1.9.0) with IdentityTransform
[        ] Transforming kotlinx-coroutines-core-jvm-1.9.0.jar (org.jetbrains.kotlinx:kotlinx-coroutines-core-jvm:1.9.0) with JetifyTransform
[        ] Transforming kotlinx-coroutines-core-jvm-1.9.0.jar (org.jetbrains.kotlinx:kotlinx-coroutines-core-jvm:1.9.0) with IdentityTransform
[        ] Transforming kotlinx-coroutines-play-services-1.9.0.jar (org.jetbrains.kotlinx:kotlinx-coroutines-play-services:1.9.0) with JetifyTransform
[        ] Transforming kotlinx-coroutines-play-services-1.9.0.jar (org.jetbrains.kotlinx:kotlinx-coroutines-play-services:1.9.0) with IdentityTransform
[        ] Transforming play-services-tasks-18.1.0.aar (com.google.android.gms:play-services-tasks:18.1.0) with JetifyTransform
[        ] Transforming play-services-tasks-18.1.0.aar (com.google.android.gms:play-services-tasks:18.1.0) with AarToClassTransform
[        ] Transforming play-services-tasks-18.1.0.aar (com.google.android.gms:play-services-tasks:18.1.0) with JetifyTransform
[        ] Transforming play-services-tasks-18.1.0.aar (com.google.android.gms:play-services-tasks:18.1.0) with AarToClassTransform
[        ] Transforming play-services-basement-18.3.0.aar (com.google.android.gms:play-services-basement:18.3.0) with JetifyTransform
[        ] Transforming play-services-basement-18.3.0.aar (com.google.android.gms:play-services-basement:18.3.0) with AarToClassTransform
[        ] Transforming fragment-1.7.1.aar (androidx.fragment:fragment:1.7.1) with JetifyTransform
[        ] Transforming fragment-1.7.1.aar (androidx.fragment:fragment:1.7.1) with AarToClassTransform
[        ] Transforming fragment-1.7.1.aar (androidx.fragment:fragment:1.7.1) with JetifyTransform
[        ] Transforming fragment-1.7.1.aar (androidx.fragment:fragment:1.7.1) with AarToClassTransform
[        ] Transforming core-ktx-1.13.1.aar (androidx.core:core-ktx:1.13.1) with JetifyTransform
[        ] Transforming core-ktx-1.13.1.aar (androidx.core:core-ktx:1.13.1) with AarToClassTransform
[        ] Transforming viewpager-1.0.0.aar (androidx.viewpager:viewpager:1.0.0) with JetifyTransform
[        ] Transforming viewpager-1.0.0.aar (androidx.viewpager:viewpager:1.0.0) with AarToClassTransform
[        ] Transforming customview-1.0.0.aar (androidx.customview:customview:1.0.0) with JetifyTransform
[        ] Transforming customview-1.0.0.aar (androidx.customview:customview:1.0.0) with AarToClassTransform
[        ] Transforming core-1.13.1.aar (androidx.core:core:1.13.1) with JetifyTransform
[        ] Transforming core-1.13.1.aar (androidx.core:core:1.13.1) with AarToClassTransform
[        ] Transforming core-1.13.1.aar (androidx.core:core:1.13.1) with JetifyTransform
[        ] Transforming core-1.13.1.aar (androidx.core:core:1.13.1) with AarToClassTransform
[        ] Transforming lifecycle-runtime-2.7.0.aar (androidx.lifecycle:lifecycle-runtime:2.7.0) with JetifyTransform
[        ] Transforming lifecycle-runtime-2.7.0.aar (androidx.lifecycle:lifecycle-runtime:2.7.0) with AarToClassTransform
[        ] Transforming lifecycle-process-2.7.0.aar (androidx.lifecycle:lifecycle-process:2.7.0) with JetifyTransform
[        ] Transforming lifecycle-process-2.7.0.aar (androidx.lifecycle:lifecycle-process:2.7.0) with AarToClassTransform
[        ] Transforming lifecycle-common-java8-2.7.0.jar (androidx.lifecycle:lifecycle-common-java8:2.7.0) with JetifyTransform
[        ] Transforming lifecycle-common-java8-2.7.0.jar (androidx.lifecycle:lifecycle-common-java8:2.7.0) with IdentityTransform
[        ] Transforming lifecycle-common-2.7.0.jar (androidx.lifecycle:lifecycle-common:2.7.0) with JetifyTransform
[        ] Transforming lifecycle-common-2.7.0.jar (androidx.lifecycle:lifecycle-common:2.7.0) with IdentityTransform
[        ] Transforming firebase-datatransport-18.2.0.aar (com.google.firebase:firebase-datatransport:18.2.0) with JetifyTransform
[        ] Transforming firebase-datatransport-18.2.0.aar (com.google.firebase:firebase-datatransport:18.2.0) with AarToClassTransform
[        ] Transforming transport-backend-cct-3.1.9.aar (com.google.android.datatransport:transport-backend-cct:3.1.9) with JetifyTransform
[        ] Transforming transport-backend-cct-3.1.9.aar (com.google.android.datatransport:transport-backend-cct:3.1.9) with AarToClassTransform
[        ] Transforming firebase-encoders-json-18.0.0.aar (com.google.firebase:firebase-encoders-json:18.0.0) with JetifyTransform
[        ] Transforming firebase-encoders-json-18.0.0.aar (com.google.firebase:firebase-encoders-json:18.0.0) with AarToClassTransform
[        ] Transforming transport-runtime-3.1.9.aar (com.google.android.datatransport:transport-runtime:3.1.9) with JetifyTransform
[        ] Transforming transport-runtime-3.1.9.aar (com.google.android.datatransport:transport-runtime:3.1.9) with AarToClassTransform
[        ] Transforming core-runtime-2.2.0.aar (androidx.arch.core:core-runtime:2.2.0) with JetifyTransform
[        ] Transforming core-runtime-2.2.0.aar (androidx.arch.core:core-runtime:2.2.0) with AarToClassTransform
[        ] Transforming core-common-2.2.0.jar (androidx.arch.core:core-common:2.2.0) with JetifyTransform
[        ] Transforming core-common-2.2.0.jar (androidx.arch.core:core-common:2.2.0) with IdentityTransform
[        ] Transforming versionedparcelable-1.1.1.aar (androidx.versionedparcelable:versionedparcelable:1.1.1) with JetifyTransform
[        ] Transforming versionedparcelable-1.1.1.aar (androidx.versionedparcelable:versionedparcelable:1.1.1) with AarToClassTransform
[        ] Transforming collection-1.1.0.jar (androidx.collection:collection:1.1.0) with JetifyTransform
[        ] Transforming collection-1.1.0.jar (androidx.collection:collection:1.1.0) with IdentityTransform
[        ] Transforming savedstate-1.2.1.aar (androidx.savedstate:savedstate:1.2.1) with JetifyTransform
[        ] Transforming savedstate-1.2.1.aar (androidx.savedstate:savedstate:1.2.1) with AarToClassTransform
[        ] Transforming transport-api-3.1.0.aar (com.google.android.datatransport:transport-api:3.1.0) with JetifyTransform
[        ] Transforming transport-api-3.1.0.aar (com.google.android.datatransport:transport-api:3.1.0) with AarToClassTransform
[        ] Transforming firebase-encoders-17.0.0.jar (com.google.firebase:firebase-encoders:17.0.0) with JetifyTransform
[        ] Transforming annotation-jvm-1.8.1.jar (androidx.annotation:annotation-jvm:1.8.1) with JetifyTransform
[        ] Transforming firebase-encoders-17.0.0.jar (com.google.firebase:firebase-encoders:17.0.0) with IdentityTransform
[        ] Transforming firebase-encoders-proto-16.0.0.jar (com.google.firebase:firebase-encoders-proto:16.0.0) with JetifyTransform
[        ] Transforming annotation-jvm-1.8.1.jar (androidx.annotation:annotation-jvm:1.8.1) with IdentityTransform
[        ] Transforming firebase-encoders-proto-16.0.0.jar (com.google.firebase:firebase-encoders-proto:16.0.0) with IdentityTransform
[        ] Transforming annotation-experimental-1.4.0.aar (androidx.annotation:annotation-experimental:1.4.0) with JetifyTransform
[        ] Transforming annotation-experimental-1.4.0.aar (androidx.annotation:annotation-experimental:1.4.0) with AarToClassTransform
[        ] Transforming kotlin-stdlib-2.1.0.jar (org.jetbrains.kotlin:kotlin-stdlib:2.1.0) with JetifyTransform
[        ] Transforming kotlin-stdlib-2.1.0.jar (org.jetbrains.kotlin:kotlin-stdlib:2.1.0) with IdentityTransform
[        ] Transforming annotations-23.0.0.jar (org.jetbrains:annotations:23.0.0) with JetifyTransform
[        ] Transforming annotations-23.0.0.jar (org.jetbrains:annotations:23.0.0) with IdentityTransform
[        ] Transforming startup-runtime-1.1.1.aar (androidx.startup:startup-runtime:1.1.1) with JetifyTransform
[        ] Transforming startup-runtime-1.1.1.aar (androidx.startup:startup-runtime:1.1.1) with AarToClassTransform
[        ] Transforming tracing-1.2.0.aar (androidx.tracing:tracing:1.2.0) with JetifyTransform
[        ] Transforming tracing-1.2.0.aar (androidx.tracing:tracing:1.2.0) with AarToClassTransform
[        ] Transforming relinker-1.4.5.aar (com.getkeepsafe.relinker:relinker:1.4.5) with JetifyTransform
[        ] Transforming relinker-1.4.5.aar (com.getkeepsafe.relinker:relinker:1.4.5) with AarToClassTransform
[        ] Transforming exifinterface-1.4.1.aar (androidx.exifinterface:exifinterface:1.4.1) with JetifyTransform
[        ] Transforming exifinterface-1.4.1.aar (androidx.exifinterface:exifinterface:1.4.1) with AarToClassTransform
[        ] Transforming jspecify-1.0.0.jar (org.jspecify:jspecify:1.0.0) with JetifyTransform
[        ] Transforming jspecify-1.0.0.jar (org.jspecify:jspecify:1.0.0) with IdentityTransform
[        ] Transforming firebase-components-19.0.0.aar (com.google.firebase:firebase-components:19.0.0) with JetifyTransform
[        ] Transforming firebase-components-19.0.0.aar (com.google.firebase:firebase-components:19.0.0) with AarToClassTransform
[        ] Transforming firebase-annotations-17.0.0.jar (com.google.firebase:firebase-annotations:17.0.0) with JetifyTransform
[        ] Transforming firebase-annotations-17.0.0.jar (com.google.firebase:firebase-annotations:17.0.0) with IdentityTransform
[        ] Transforming javax.inject-1.jar (javax.inject:javax.inject:1) with JetifyTransform
[        ] Transforming javax.inject-1.jar (javax.inject:javax.inject:1) with IdentityTransform
[        ] Transforming core-for-system-modules.jar with JdkImageTransform
[        ] Transforming core-for-system-modules.jar with JdkImageTransform
[        ] Transforming core-for-system-modules.jar with JdkImageTransform
[        ] Transforming core-for-system-modules.jar with JdkImageTransform
[        ] Transforming core-for-system-modules.jar with JdkImageTransform
[        ] Transforming core-for-system-modules.jar with JdkImageTransform
[        ] Custom actions are attached to task ':firebase_messaging:compileDebugJavaWithJavac'.
[        ] Caching disabled for task ':firebase_messaging:compileDebugJavaWithJavac' because:
[        ]   Build cache is disabled
[        ] Skipping task ':firebase_messaging:compileDebugJavaWithJavac' as it is up-to-date.
[        ] No compile result for :firebase_messaging:compileDebugJavaWithJavac
[        ] No compile result for :firebase_messaging:compileDebugJavaWithJavac
[        ] Resolve mutations for :firebase_messaging:bundleLibCompileToJarDebug (Thread[#560,Execution worker Thread 9,5,main]) started.
[        ] :firebase_messaging:bundleLibCompileToJarDebug (Thread[#560,Execution worker Thread 9,5,main]) started.
[        ] > Task :firebase_messaging:bundleLibCompileToJarDebug UP-TO-DATE
[        ] Caching disabled for task ':firebase_messaging:bundleLibCompileToJarDebug' because:
[        ]   Build cache is disabled
[        ]   Simple merging task
[        ] Skipping task ':firebase_messaging:bundleLibCompileToJarDebug' as it is up-to-date.
[        ] work action resolve classes.jar (project :firebase_messaging) (Thread[#560,Execution worker Thread 9,5,main]) started.
[        ] Resolve mutations for :flutter_local_notifications:javaPreCompileDebug (Thread[#566,Execution worker Thread 15,5,main]) started.
[        ] :flutter_local_notifications:javaPreCompileDebug (Thread[#566,Execution worker Thread 15,5,main]) started.
[        ] > Task :flutter_local_notifications:javaPreCompileDebug UP-TO-DATE
[        ] Caching disabled for task ':flutter_local_notifications:javaPreCompileDebug' because:
[        ]   Build cache is disabled
[        ] Skipping task ':flutter_local_notifications:javaPreCompileDebug' as it is up-to-date.
[        ] Resolve mutations for :flutter_local_notifications:compileDebugJavaWithJavac (Thread[#566,Execution worker Thread 15,5,main]) started.
[        ] :flutter_local_notifications:compileDebugJavaWithJavac (Thread[#566,Execution worker Thread 15,5,main]) started.
[        ] > Task :flutter_local_notifications:compileDebugJavaWithJavac UP-TO-DATE
[        ] Transforming flutter_embedding_debug-1.0.0-6c0baaebf70e0148f485f27d5616b3d3382da7bf.jar (io.flutter:flutter_embedding_debug:1.0.0-6c0baaebf70e0148f485f27d5616b3d3382da7bf) with JetifyTransform
[        ] Transforming flutter_embedding_debug-1.0.0-6c0baaebf70e0148f485f27d5616b3d3382da7bf.jar (io.flutter:flutter_embedding_debug:1.0.0-6c0baaebf70e0148f485f27d5616b3d3382da7bf) with IdentityTransform
[        ] Transforming media-1.1.0.aar (androidx.media:media:1.1.0) with JetifyTransform
[        ] Transforming media-1.1.0.aar (androidx.media:media:1.1.0) with AarToClassTransform
[        ] Transforming fragment-1.7.1.aar (androidx.fragment:fragment:1.7.1) with JetifyTransform
[        ] Transforming fragment-1.7.1.aar (androidx.fragment:fragment:1.7.1) with AarToClassTransform
[        ] Transforming activity-1.8.1.aar (androidx.activity:activity:1.8.1) with JetifyTransform
[        ] Transforming activity-1.8.1.aar (androidx.activity:activity:1.8.1) with AarToClassTransform
[        ] Transforming loader-1.0.0.aar (androidx.loader:loader:1.0.0) with JetifyTransform
[        ] Transforming loader-1.0.0.aar (androidx.loader:loader:1.0.0) with AarToClassTransform
[        ] Transforming lifecycle-livedata-core-ktx-2.7.0.aar (androidx.lifecycle:lifecycle-livedata-core-ktx:2.7.0) with JetifyTransform
[        ] Transforming lifecycle-livedata-core-ktx-2.7.0.aar (androidx.lifecycle:lifecycle-livedata-core-ktx:2.7.0) with AarToClassTransform
[        ] Transforming lifecycle-livedata-2.7.0.aar (androidx.lifecycle:lifecycle-livedata:2.7.0) with JetifyTransform
[        ] Transforming lifecycle-livedata-2.7.0.aar (androidx.lifecycle:lifecycle-livedata:2.7.0) with AarToClassTransform
[        ] Transforming lifecycle-viewmodel-2.7.0.aar (androidx.lifecycle:lifecycle-viewmodel:2.7.0) with JetifyTransform
[        ] Transforming lifecycle-viewmodel-2.7.0.aar (androidx.lifecycle:lifecycle-viewmodel:2.7.0) with AarToClassTransform
[        ] Transforming lifecycle-viewmodel-2.7.0.aar (androidx.lifecycle:lifecycle-viewmodel:2.7.0) with JetifyTransform
[        ] Transforming lifecycle-viewmodel-2.7.0.aar (androidx.lifecycle:lifecycle-viewmodel:2.7.0) with AarToClassTransform
[        ] Transforming lifecycle-livedata-core-2.7.0.aar (androidx.lifecycle:lifecycle-livedata-core:2.7.0) with JetifyTransform
[        ] Transforming lifecycle-livedata-core-2.7.0.aar (androidx.lifecycle:lifecycle-livedata-core:2.7.0) with AarToClassTransform
[        ] Transforming lifecycle-process-2.7.0.aar (androidx.lifecycle:lifecycle-process:2.7.0) with JetifyTransform
[        ] Transforming lifecycle-process-2.7.0.aar (androidx.lifecycle:lifecycle-process:2.7.0) with AarToClassTransform
[        ] Transforming lifecycle-common-java8-2.7.0.jar (androidx.lifecycle:lifecycle-common-java8:2.7.0) with JetifyTransform
[        ] Transforming lifecycle-common-java8-2.7.0.jar (androidx.lifecycle:lifecycle-common-java8:2.7.0) with IdentityTransform
[        ] Transforming lifecycle-common-2.7.0.jar (androidx.lifecycle:lifecycle-common:2.7.0) with JetifyTransform
[        ] Transforming lifecycle-common-2.7.0.jar (androidx.lifecycle:lifecycle-common:2.7.0) with IdentityTransform
[        ] Transforming lifecycle-runtime-2.7.0.aar (androidx.lifecycle:lifecycle-runtime:2.7.0) with JetifyTransform
[        ] Transforming lifecycle-runtime-2.7.0.aar (androidx.lifecycle:lifecycle-runtime:2.7.0) with AarToClassTransform
[        ] Transforming lifecycle-viewmodel-savedstate-2.7.0.aar (androidx.lifecycle:lifecycle-viewmodel-savedstate:2.7.0) with JetifyTransform
[        ] Transforming lifecycle-viewmodel-savedstate-2.7.0.aar (androidx.lifecycle:lifecycle-viewmodel-savedstate:2.7.0) with AarToClassTransform
[        ] Transforming core-ktx-1.13.1.aar (androidx.core:core-ktx:1.13.1) with JetifyTransform
[        ] Transforming core-ktx-1.13.1.aar (androidx.core:core-ktx:1.13.1) with AarToClassTransform
[        ] Transforming viewpager-1.0.0.aar (androidx.viewpager:viewpager:1.0.0) with JetifyTransform
[        ] Transforming viewpager-1.0.0.aar (androidx.viewpager:viewpager:1.0.0) with AarToClassTransform
[        ] Transforming customview-1.0.0.aar (androidx.customview:customview:1.0.0) with JetifyTransform
[        ] Transforming customview-1.0.0.aar (androidx.customview:customview:1.0.0) with AarToClassTransform
[        ] Transforming core-1.13.1.aar (androidx.core:core:1.13.1) with JetifyTransform
[        ] Transforming core-1.13.1.aar (androidx.core:core:1.13.1) with AarToClassTransform
[        ] Transforming core-1.13.1.aar (androidx.core:core:1.13.1) with JetifyTransform
[        ] Transforming core-1.13.1.aar (androidx.core:core:1.13.1) with AarToClassTransform
[        ] Transforming gson-2.8.9.jar (com.google.code.gson:gson:2.8.9) with JetifyTransform
[        ] Transforming gson-2.8.9.jar (com.google.code.gson:gson:2.8.9) with IdentityTransform
[        ] Transforming versionedparcelable-1.1.1.aar (androidx.versionedparcelable:versionedparcelable:1.1.1) with JetifyTransform
[        ] Transforming versionedparcelable-1.1.1.aar (androidx.versionedparcelable:versionedparcelable:1.1.1) with AarToClassTransform
[        ] Transforming collection-1.1.0.jar (androidx.collection:collection:1.1.0) with JetifyTransform
[        ] Transforming collection-1.1.0.jar (androidx.collection:collection:1.1.0) with IdentityTransform
[        ] Transforming core-runtime-2.2.0.aar (androidx.arch.core:core-runtime:2.2.0) with JetifyTransform
[        ] Transforming core-runtime-2.2.0.aar (androidx.arch.core:core-runtime:2.2.0) with AarToClassTransform
[        ] Transforming core-common-2.2.0.jar (androidx.arch.core:core-common:2.2.0) with JetifyTransform
[        ] Transforming core-common-2.2.0.jar (androidx.arch.core:core-common:2.2.0) with IdentityTransform
[        ] Transforming savedstate-1.2.1.aar (androidx.savedstate:savedstate:1.2.1) with JetifyTransform
[        ] Transforming savedstate-1.2.1.aar (androidx.savedstate:savedstate:1.2.1) with AarToClassTransform
[        ] Transforming annotation-jvm-1.8.1.jar (androidx.annotation:annotation-jvm:1.8.1) with JetifyTransform
[        ] Transforming annotation-jvm-1.8.1.jar (androidx.annotation:annotation-jvm:1.8.1) with IdentityTransform
[        ] Transforming window-1.2.0.aar (androidx.window:window:1.2.0) with JetifyTransform
[        ] Transforming window-1.2.0.aar (androidx.window:window:1.2.0) with AarToClassTransform
[        ] Transforming window-java-1.2.0.aar (androidx.window:window-java:1.2.0) with JetifyTransform
[        ] Transforming window-java-1.2.0.aar (androidx.window:window-java:1.2.0) with AarToClassTransform
[        ] Transforming annotation-experimental-1.4.0.aar (androidx.annotation:annotation-experimental:1.4.0) with JetifyTransform
[        ] Transforming annotation-experimental-1.4.0.aar (androidx.annotation:annotation-experimental:1.4.0) with AarToClassTransform
[        ] Transforming kotlinx-coroutines-android-1.7.1.jar (org.jetbrains.kotlinx:kotlinx-coroutines-android:1.7.1) with JetifyTransform
[        ] Transforming kotlinx-coroutines-android-1.7.1.jar (org.jetbrains.kotlinx:kotlinx-coroutines-android:1.7.1) with IdentityTransform
[        ] Transforming kotlinx-coroutines-core-jvm-1.7.1.jar (org.jetbrains.kotlinx:kotlinx-coroutines-core-jvm:1.7.1) with JetifyTransform
[        ] Transforming kotlinx-coroutines-core-jvm-1.7.1.jar (org.jetbrains.kotlinx:kotlinx-coroutines-core-jvm:1.7.1) with IdentityTransform
[        ] Transforming kotlin-stdlib-jdk8-2.1.0.jar (org.jetbrains.kotlin:kotlin-stdlib-jdk8:2.1.0) with JetifyTransform
[        ] Transforming kotlin-stdlib-jdk8-2.1.0.jar (org.jetbrains.kotlin:kotlin-stdlib-jdk8:2.1.0) with IdentityTransform
[        ] Transforming kotlin-stdlib-jdk7-2.1.0.jar (org.jetbrains.kotlin:kotlin-stdlib-jdk7:2.1.0) with JetifyTransform
[        ] Transforming kotlin-stdlib-jdk7-2.1.0.jar (org.jetbrains.kotlin:kotlin-stdlib-jdk7:2.1.0) with IdentityTransform
[        ] Transforming kotlin-stdlib-2.1.0.jar (org.jetbrains.kotlin:kotlin-stdlib:2.1.0) with JetifyTransform
[        ] Transforming kotlin-stdlib-2.1.0.jar (org.jetbrains.kotlin:kotlin-stdlib:2.1.0) with IdentityTransform
[        ] Transforming annotations-23.0.0.jar (org.jetbrains:annotations:23.0.0) with JetifyTransform
[        ] Transforming annotations-23.0.0.jar (org.jetbrains:annotations:23.0.0) with IdentityTransform
[        ] Transforming startup-runtime-1.1.1.aar (androidx.startup:startup-runtime:1.1.1) with JetifyTransform
[        ] Transforming startup-runtime-1.1.1.aar (androidx.startup:startup-runtime:1.1.1) with AarToClassTransform
[        ] Transforming tracing-1.2.0.aar (androidx.tracing:tracing:1.2.0) with JetifyTransform
[        ] Transforming tracing-1.2.0.aar (androidx.tracing:tracing:1.2.0) with AarToClassTransform
[        ] Transforming relinker-1.4.5.aar (com.getkeepsafe.relinker:relinker:1.4.5) with JetifyTransform
[        ] Transforming relinker-1.4.5.aar (com.getkeepsafe.relinker:relinker:1.4.5) with AarToClassTransform
[        ] Transforming exifinterface-1.4.1.aar (androidx.exifinterface:exifinterface:1.4.1) with JetifyTransform
[        ] Transforming exifinterface-1.4.1.aar (androidx.exifinterface:exifinterface:1.4.1) with AarToClassTransform
[        ] Transforming jspecify-1.0.0.jar (org.jspecify:jspecify:1.0.0) with JetifyTransform
[        ] Transforming jspecify-1.0.0.jar (org.jspecify:jspecify:1.0.0) with IdentityTransform
[        ] Custom actions are attached to task ':flutter_local_notifications:compileDebugJavaWithJavac'.
[        ] Caching disabled for task ':flutter_local_notifications:compileDebugJavaWithJavac' because:
[        ]   Build cache is disabled
[        ] Skipping task ':flutter_local_notifications:compileDebugJavaWithJavac' as it is up-to-date.
[        ] No compile result for :flutter_local_notifications:compileDebugJavaWithJavac
[        ] No compile result for :flutter_local_notifications:compileDebugJavaWithJavac
[        ] Resolve mutations for :flutter_local_notifications:bundleLibCompileToJarDebug (Thread[#566,Execution worker Thread 15,5,main]) started.
[        ] :flutter_local_notifications:bundleLibCompileToJarDebug (Thread[#566,Execution worker Thread 15,5,main]) started.
[  +92 ms] > Task :flutter_local_notifications:bundleLibCompileToJarDebug UP-TO-DATE
[        ] Caching disabled for task ':flutter_local_notifications:bundleLibCompileToJarDebug' because:
[        ]   Build cache is disabled
[        ]   Simple merging task
[        ] Skipping task ':flutter_local_notifications:bundleLibCompileToJarDebug' as it is up-to-date.
[        ] work action resolve classes.jar (project :flutter_local_notifications) (Thread[#566,Execution worker Thread 15,5,main]) started.
[        ] Resolve mutations for :flutter_tts:checkKotlinGradlePluginConfigurationErrors (Thread[#557,Execution worker Thread 6,5,main]) started.
[        ] :flutter_tts:checkKotlinGradlePluginConfigurationErrors (Thread[#557,Execution worker Thread 6,5,main]) started.
[        ] > Task :flutter_tts:checkKotlinGradlePluginConfigurationErrors SKIPPED
[        ] Skipping task ':flutter_tts:checkKotlinGradlePluginConfigurationErrors' as task onlyIf 'errorDiagnostics are present' is false.
[        ] Resolve mutations for :flutter_tts:compileDebugKotlin (Thread[#557,Execution worker Thread 6,5,main]) started.
[        ] :flutter_tts:compileDebugKotlin (Thread[#557,Execution worker Thread 6,5,main]) started.
[        ] > Task :flutter_tts:compileDebugKotlin UP-TO-DATE
[        ] Transforming flutter_embedding_debug-1.0.0-6c0baaebf70e0148f485f27d5616b3d3382da7bf.jar (io.flutter:flutter_embedding_debug:1.0.0-6c0baaebf70e0148f485f27d5616b3d3382da7bf) with JetifyTransform
[        ] Transforming flutter_embedding_debug-1.0.0-6c0baaebf70e0148f485f27d5616b3d3382da7bf.jar (io.flutter:flutter_embedding_debug:1.0.0-6c0baaebf70e0148f485f27d5616b3d3382da7bf) with IdentityTransform
[        ] Transforming fragment-1.7.1.aar (androidx.fragment:fragment:1.7.1) with JetifyTransform
[        ] Transforming fragment-1.7.1.aar (androidx.fragment:fragment:1.7.1) with AarToClassTransform
[        ] Transforming activity-1.8.1.aar (androidx.activity:activity:1.8.1) with JetifyTransform
[        ] Transforming activity-1.8.1.aar (androidx.activity:activity:1.8.1) with AarToClassTransform
[        ] Transforming loader-1.0.0.aar (androidx.loader:loader:1.0.0) with JetifyTransform
[        ] Transforming loader-1.0.0.aar (androidx.loader:loader:1.0.0) with AarToClassTransform
[        ] Transforming lifecycle-livedata-core-ktx-2.7.0.aar (androidx.lifecycle:lifecycle-livedata-core-ktx:2.7.0) with JetifyTransform
[        ] Transforming lifecycle-livedata-core-ktx-2.7.0.aar (androidx.lifecycle:lifecycle-livedata-core-ktx:2.7.0) with AarToClassTransform
[        ] Transforming lifecycle-livedata-2.7.0.aar (androidx.lifecycle:lifecycle-livedata:2.7.0) with JetifyTransform
[        ] Transforming lifecycle-livedata-2.7.0.aar (androidx.lifecycle:lifecycle-livedata:2.7.0) with AarToClassTransform
[        ] Transforming lifecycle-viewmodel-2.7.0.aar (androidx.lifecycle:lifecycle-viewmodel:2.7.0) with JetifyTransform
[        ] Transforming lifecycle-viewmodel-2.7.0.aar (androidx.lifecycle:lifecycle-viewmodel:2.7.0) with AarToClassTransform
[        ] Transforming lifecycle-viewmodel-2.7.0.aar (androidx.lifecycle:lifecycle-viewmodel:2.7.0) with JetifyTransform
[        ] Transforming lifecycle-viewmodel-2.7.0.aar (androidx.lifecycle:lifecycle-viewmodel:2.7.0) with AarToClassTransform
[        ] Transforming lifecycle-livedata-core-2.7.0.aar (androidx.lifecycle:lifecycle-livedata-core:2.7.0) with JetifyTransform
[        ] Transforming lifecycle-livedata-core-2.7.0.aar (androidx.lifecycle:lifecycle-livedata-core:2.7.0) with AarToClassTransform
[        ] Transforming lifecycle-viewmodel-savedstate-2.7.0.aar (androidx.lifecycle:lifecycle-viewmodel-savedstate:2.7.0) with JetifyTransform
[        ] Transforming lifecycle-viewmodel-savedstate-2.7.0.aar (androidx.lifecycle:lifecycle-viewmodel-savedstate:2.7.0) with AarToClassTransform
[        ] Transforming core-ktx-1.13.1.aar (androidx.core:core-ktx:1.13.1) with JetifyTransform
[        ] Transforming core-ktx-1.13.1.aar (androidx.core:core-ktx:1.13.1) with AarToClassTransform
[        ] Transforming viewpager-1.0.0.aar (androidx.viewpager:viewpager:1.0.0) with JetifyTransform
[        ] Transforming viewpager-1.0.0.aar (androidx.viewpager:viewpager:1.0.0) with AarToClassTransform
[        ] Transforming customview-1.0.0.aar (androidx.customview:customview:1.0.0) with JetifyTransform
[        ] Transforming customview-1.0.0.aar (androidx.customview:customview:1.0.0) with AarToClassTransform
[        ] Transforming core-1.13.1.aar (androidx.core:core:1.13.1) with JetifyTransform
[        ] Transforming core-1.13.1.aar (androidx.core:core:1.13.1) with AarToClassTransform
[        ] Transforming core-1.13.1.aar (androidx.core:core:1.13.1) with JetifyTransform
[        ] Transforming core-1.13.1.aar (androidx.core:core:1.13.1) with AarToClassTransform
[        ] Transforming lifecycle-runtime-2.7.0.aar (androidx.lifecycle:lifecycle-runtime:2.7.0) with JetifyTransform
[        ] Transforming lifecycle-runtime-2.7.0.aar (androidx.lifecycle:lifecycle-runtime:2.7.0) with AarToClassTransform
[        ] Transforming lifecycle-process-2.7.0.aar (androidx.lifecycle:lifecycle-process:2.7.0) with JetifyTransform
[        ] Transforming lifecycle-process-2.7.0.aar (androidx.lifecycle:lifecycle-process:2.7.0) with AarToClassTransform
[        ] Transforming lifecycle-common-java8-2.7.0.jar (androidx.lifecycle:lifecycle-common-java8:2.7.0) with JetifyTransform
[        ] Transforming lifecycle-common-java8-2.7.0.jar (androidx.lifecycle:lifecycle-common-java8:2.7.0) with IdentityTransform
[        ] Transforming lifecycle-common-2.7.0.jar (androidx.lifecycle:lifecycle-common:2.7.0) with JetifyTransform
[        ] Transforming lifecycle-common-2.7.0.jar (androidx.lifecycle:lifecycle-common:2.7.0) with IdentityTransform
[        ] Transforming window-1.2.0.aar (androidx.window:window:1.2.0) with JetifyTransform
[        ] Transforming window-1.2.0.aar (androidx.window:window:1.2.0) with AarToClassTransform
[        ] Transforming window-java-1.2.0.aar (androidx.window:window-java:1.2.0) with JetifyTransform
[        ] Transforming window-java-1.2.0.aar (androidx.window:window-java:1.2.0) with AarToClassTransform
[        ] Transforming annotation-experimental-1.4.0.aar (androidx.annotation:annotation-experimental:1.4.0) with JetifyTransform
[        ] Transforming annotation-experimental-1.4.0.aar (androidx.annotation:annotation-experimental:1.4.0) with AarToClassTransform
[        ] Transforming savedstate-1.2.1.aar (androidx.savedstate:savedstate:1.2.1) with JetifyTransform
[        ] Transforming savedstate-1.2.1.aar (androidx.savedstate:savedstate:1.2.1) with AarToClassTransform
[        ] Transforming core-runtime-2.2.0.aar (androidx.arch.core:core-runtime:2.2.0) with JetifyTransform
[        ] Transforming core-runtime-2.2.0.aar (androidx.arch.core:core-runtime:2.2.0) with AarToClassTransform
[        ] Transforming core-common-2.2.0.jar (androidx.arch.core:core-common:2.2.0) with JetifyTransform
[        ] Transforming core-common-2.2.0.jar (androidx.arch.core:core-common:2.2.0) with IdentityTransform
[        ] Transforming versionedparcelable-1.1.1.aar (androidx.versionedparcelable:versionedparcelable:1.1.1) with JetifyTransform
[        ] Transforming versionedparcelable-1.1.1.aar (androidx.versionedparcelable:versionedparcelable:1.1.1) with AarToClassTransform
[        ] Transforming collection-1.1.0.jar (androidx.collection:collection:1.1.0) with JetifyTransform
[        ] Transforming collection-1.1.0.jar (androidx.collection:collection:1.1.0) with IdentityTransform
[        ] Transforming annotation-jvm-1.8.1.jar (androidx.annotation:annotation-jvm:1.8.1) with JetifyTransform
[        ] Transforming annotation-jvm-1.8.1.jar (androidx.annotation:annotation-jvm:1.8.1) with IdentityTransform
[        ] Transforming kotlinx-coroutines-android-1.7.1.jar (org.jetbrains.kotlinx:kotlinx-coroutines-android:1.7.1) with JetifyTransform
[        ] Transforming kotlinx-coroutines-android-1.7.1.jar (org.jetbrains.kotlinx:kotlinx-coroutines-android:1.7.1) with IdentityTransform
[        ] Transforming kotlinx-coroutines-core-jvm-1.7.1.jar (org.jetbrains.kotlinx:kotlinx-coroutines-core-jvm:1.7.1) with JetifyTransform
[        ] Transforming kotlinx-coroutines-core-jvm-1.7.1.jar (org.jetbrains.kotlinx:kotlinx-coroutines-core-jvm:1.7.1) with IdentityTransform
[        ] Transforming kotlin-stdlib-jdk8-2.1.0.jar (org.jetbrains.kotlin:kotlin-stdlib-jdk8:2.1.0) with JetifyTransform
[        ] Transforming kotlin-stdlib-jdk8-2.1.0.jar (org.jetbrains.kotlin:kotlin-stdlib-jdk8:2.1.0) with IdentityTransform
[        ] Transforming kotlin-stdlib-jdk7-2.1.0.jar (org.jetbrains.kotlin:kotlin-stdlib-jdk7:2.1.0) with JetifyTransform
[        ] Transforming kotlin-stdlib-jdk7-2.1.0.jar (org.jetbrains.kotlin:kotlin-stdlib-jdk7:2.1.0) with IdentityTransform
[        ] Transforming kotlin-stdlib-2.1.0.jar (org.jetbrains.kotlin:kotlin-stdlib:2.1.0) with JetifyTransform
[        ] Transforming kotlin-stdlib-2.1.0.jar (org.jetbrains.kotlin:kotlin-stdlib:2.1.0) with IdentityTransform
[        ] Transforming annotations-23.0.0.jar (org.jetbrains:annotations:23.0.0) with JetifyTransform
[        ] Transforming annotations-23.0.0.jar (org.jetbrains:annotations:23.0.0) with IdentityTransform
[        ] Transforming startup-runtime-1.1.1.aar (androidx.startup:startup-runtime:1.1.1) with JetifyTransform
[        ] Transforming startup-runtime-1.1.1.aar (androidx.startup:startup-runtime:1.1.1) with AarToClassTransform
[        ] Transforming tracing-1.2.0.aar (androidx.tracing:tracing:1.2.0) with JetifyTransform
[        ] Transforming tracing-1.2.0.aar (androidx.tracing:tracing:1.2.0) with AarToClassTransform
[        ] Transforming relinker-1.4.5.aar (com.getkeepsafe.relinker:relinker:1.4.5) with JetifyTransform
[        ] Transforming relinker-1.4.5.aar (com.getkeepsafe.relinker:relinker:1.4.5) with AarToClassTransform
[        ] Transforming exifinterface-1.4.1.aar (androidx.exifinterface:exifinterface:1.4.1) with JetifyTransform
[        ] Transforming exifinterface-1.4.1.aar (androidx.exifinterface:exifinterface:1.4.1) with AarToClassTransform
[        ] Transforming jspecify-1.0.0.jar (org.jspecify:jspecify:1.0.0) with JetifyTransform
[        ] Transforming jspecify-1.0.0.jar (org.jspecify:jspecify:1.0.0) with IdentityTransform
[        ] Adding -Xuse-inline-scopes-numbers Kotlin compiler flag for task :flutter_tts:compileDebugAndroidTestKotlin
[        ] Transforming R.jar with BuildToolsApiClasspathEntrySnapshotTransform
[        ] Transforming jetified-flutter_embedding_debug-1.0.0-6c0baaebf70e0148f485f27d5616b3d3382da7bf.jar with BuildToolsApiClasspathEntrySnapshotTransform
[        ] Transforming fragment-1.7.1-api.jar with BuildToolsApiClasspathEntrySnapshotTransform
[        ] Transforming jetified-activity-1.8.1-api.jar with BuildToolsApiClasspathEntrySnapshotTransform
[        ] Transforming loader-1.0.0-api.jar with BuildToolsApiClasspathEntrySnapshotTransform
[        ] Transforming jetified-lifecycle-livedata-core-ktx-2.7.0-api.jar with BuildToolsApiClasspathEntrySnapshotTransform
[        ] Transforming lifecycle-livedata-2.7.0-api.jar with BuildToolsApiClasspathEntrySnapshotTransform
[        ] Transforming lifecycle-viewmodel-2.7.0-api.jar with BuildToolsApiClasspathEntrySnapshotTransform
[        ] Transforming lifecycle-livedata-core-2.7.0-api.jar with BuildToolsApiClasspathEntrySnapshotTransform
[        ] Transforming jetified-lifecycle-viewmodel-savedstate-2.7.0-api.jar with BuildToolsApiClasspathEntrySnapshotTransform
[        ] Transforming jetified-core-ktx-1.13.1-api.jar with BuildToolsApiClasspathEntrySnapshotTransform
[        ] Transforming viewpager-1.0.0-api.jar with BuildToolsApiClasspathEntrySnapshotTransform
[        ] Transforming customview-1.0.0-api.jar with BuildToolsApiClasspathEntrySnapshotTransform
[        ] Transforming core-1.13.1-api.jar with BuildToolsApiClasspathEntrySnapshotTransform
[        ] Transforming lifecycle-runtime-2.7.0-api.jar with BuildToolsApiClasspathEntrySnapshotTransform
[        ] Transforming jetified-lifecycle-process-2.7.0-api.jar with BuildToolsApiClasspathEntrySnapshotTransform
[        ] Transforming lifecycle-common-java8-2.7.0.jar with BuildToolsApiClasspathEntrySnapshotTransform
[        ] Transforming lifecycle-common-2.7.0.jar with BuildToolsApiClasspathEntrySnapshotTransform
[        ] Transforming jetified-window-1.2.0-api.jar with BuildToolsApiClasspathEntrySnapshotTransform
[        ] Transforming jetified-window-java-1.2.0-api.jar with BuildToolsApiClasspathEntrySnapshotTransform
[        ] Transforming jetified-annotation-experimental-1.4.0-api.jar with BuildToolsApiClasspathEntrySnapshotTransform
[        ] Transforming jetified-savedstate-1.2.1-api.jar with BuildToolsApiClasspathEntrySnapshotTransform
[        ] Transforming core-runtime-2.2.0-api.jar with BuildToolsApiClasspathEntrySnapshotTransform
[        ] Transforming core-common-2.2.0.jar with BuildToolsApiClasspathEntrySnapshotTransform
[        ] Transforming versionedparcelable-1.1.1-api.jar with BuildToolsApiClasspathEntrySnapshotTransform
[        ] Transforming collection-1.1.0.jar with BuildToolsApiClasspathEntrySnapshotTransform
[        ] Transforming jetified-annotation-jvm-1.8.1.jar with BuildToolsApiClasspathEntrySnapshotTransform
[        ] Transforming jetified-kotlinx-coroutines-android-1.7.1.jar with BuildToolsApiClasspathEntrySnapshotTransform
[        ] Transforming jetified-kotlinx-coroutines-core-jvm-1.7.1.jar with BuildToolsApiClasspathEntrySnapshotTransform
[        ] Transforming jetified-kotlin-stdlib-jdk8-2.1.0.jar with BuildToolsApiClasspathEntrySnapshotTransform
[        ] Transforming jetified-kotlin-stdlib-jdk7-2.1.0.jar with BuildToolsApiClasspathEntrySnapshotTransform
[        ] Transforming jetified-kotlin-stdlib-2.1.0.jar with BuildToolsApiClasspathEntrySnapshotTransform
[        ] Transforming jetified-annotations-23.0.0.jar with BuildToolsApiClasspathEntrySnapshotTransform
[        ] Transforming jetified-startup-runtime-1.1.1-api.jar with BuildToolsApiClasspathEntrySnapshotTransform
[        ] Transforming jetified-tracing-1.2.0-api.jar with BuildToolsApiClasspathEntrySnapshotTransform
[        ] Transforming jetified-relinker-1.4.5-api.jar with BuildToolsApiClasspathEntrySnapshotTransform
[        ] Transforming exifinterface-1.4.1-api.jar with BuildToolsApiClasspathEntrySnapshotTransform
[        ] Transforming jetified-jspecify-1.0.0.jar with BuildToolsApiClasspathEntrySnapshotTransform
[        ] Transforming android.jar with BuildToolsApiClasspathEntrySnapshotTransform
[        ] Transforming core-lambda-stubs.jar with BuildToolsApiClasspathEntrySnapshotTransform
[        ] Caching disabled for task ':flutter_tts:compileDebugKotlin' because:
[        ]   Build cache is disabled
[        ] Skipping task ':flutter_tts:compileDebugKotlin' as it is up-to-date.
[        ] Resolve mutations for :flutter_tts:javaPreCompileDebug (Thread[#557,Execution worker Thread 6,5,main]) started.
[        ] :flutter_tts:javaPreCompileDebug (Thread[#557,Execution worker Thread 6,5,main]) started.
[        ] > Task :flutter_tts:javaPreCompileDebug UP-TO-DATE
[        ] Caching disabled for task ':flutter_tts:javaPreCompileDebug' because:
[        ]   Build cache is disabled
[        ] Skipping task ':flutter_tts:javaPreCompileDebug' as it is up-to-date.
[        ] Resolve mutations for :flutter_tts:compileDebugJavaWithJavac (Thread[#557,Execution worker Thread 6,5,main]) started.
[        ] :flutter_tts:compileDebugJavaWithJavac (Thread[#557,Execution worker Thread 6,5,main]) started.
[        ] > Task :flutter_tts:compileDebugJavaWithJavac NO-SOURCE
[        ] Skipping task ':flutter_tts:compileDebugJavaWithJavac' as it has no source files and no previous output files.
[        ] Resolve mutations for :flutter_tts:bundleLibCompileToJarDebug (Thread[#557,Execution worker Thread 6,5,main]) started.
[        ] :flutter_tts:bundleLibCompileToJarDebug (Thread[#557,Execution worker Thread 6,5,main]) started.
[        ] > Task :flutter_tts:bundleLibCompileToJarDebug UP-TO-DATE
[        ] Caching disabled for task ':flutter_tts:bundleLibCompileToJarDebug' because:
[        ]   Build cache is disabled
[        ]   Simple merging task
[        ] Skipping task ':flutter_tts:bundleLibCompileToJarDebug' as it is up-to-date.
[        ] work action resolve classes.jar (project :flutter_tts) (Thread[#557,Execution worker Thread 6,5,main]) started.
[        ] Resolve mutations for :google_sign_in_android:javaPreCompileDebug (Thread[#557,Execution worker Thread 6,5,main]) started.
[        ] :google_sign_in_android:javaPreCompileDebug (Thread[#560,Execution worker Thread 9,5,main]) started.
[        ] > Task :google_sign_in_android:javaPreCompileDebug UP-TO-DATE
[        ] Caching disabled for task ':google_sign_in_android:javaPreCompileDebug' because:
[        ]   Build cache is disabled
[        ] Skipping task ':google_sign_in_android:javaPreCompileDebug' as it is up-to-date.
[        ] Resolve mutations for :google_sign_in_android:compileDebugJavaWithJavac (Thread[#560,Execution worker Thread 9,5,main]) started.
[        ] :google_sign_in_android:compileDebugJavaWithJavac (Thread[#560,Execution worker Thread 9,5,main]) started.
[        ] > Task :google_sign_in_android:compileDebugJavaWithJavac UP-TO-DATE
[        ] Transforming flutter_embedding_debug-1.0.0-6c0baaebf70e0148f485f27d5616b3d3382da7bf.jar (io.flutter:flutter_embedding_debug:1.0.0-6c0baaebf70e0148f485f27d5616b3d3382da7bf) with JetifyTransform
[        ] Transforming flutter_embedding_debug-1.0.0-6c0baaebf70e0148f485f27d5616b3d3382da7bf.jar (io.flutter:flutter_embedding_debug:1.0.0-6c0baaebf70e0148f485f27d5616b3d3382da7bf) with IdentityTransform
[        ] Transforming play-services-auth-21.0.0.aar (com.google.android.gms:play-services-auth:21.0.0) with JetifyTransform
[        ] Transforming play-services-auth-21.0.0.aar (com.google.android.gms:play-services-auth:21.0.0) with AarToClassTransform
[        ] Transforming play-services-auth-api-phone-18.0.2.aar (com.google.android.gms:play-services-auth-api-phone:18.0.2) with JetifyTransform
[        ] Transforming play-services-auth-api-phone-18.0.2.aar (com.google.android.gms:play-services-auth-api-phone:18.0.2) with AarToClassTransform
[        ] Transforming play-services-auth-base-18.0.10.aar (com.google.android.gms:play-services-auth-base:18.0.10) with JetifyTransform
[        ] Transforming play-services-auth-base-18.0.10.aar (com.google.android.gms:play-services-auth-base:18.0.10) with AarToClassTransform
[        ] Transforming play-services-base-18.0.1.aar (com.google.android.gms:play-services-base:18.0.1) with JetifyTransform
[        ] Transforming play-services-base-18.0.1.aar (com.google.android.gms:play-services-base:18.0.1) with AarToClassTransform
[        ] Transforming fragment-1.7.1.aar (androidx.fragment:fragment:1.7.1) with JetifyTransform
[        ] Transforming fragment-1.7.1.aar (androidx.fragment:fragment:1.7.1) with AarToClassTransform
[        ] Transforming fragment-1.7.1.aar (androidx.fragment:fragment:1.7.1) with JetifyTransform
[        ] Transforming fragment-1.7.1.aar (androidx.fragment:fragment:1.7.1) with AarToClassTransform
[        ] Transforming play-services-fido-20.0.1.aar (com.google.android.gms:play-services-fido:20.0.1) with JetifyTransform
[        ] Transforming loader-1.1.0.aar (androidx.loader:loader:1.1.0) with JetifyTransform
[        ] Transforming play-services-fido-20.0.1.aar (com.google.android.gms:play-services-fido:20.0.1) with AarToClassTransform
[        ] Transforming loader-1.1.0.aar (androidx.loader:loader:1.1.0) with AarToClassTransform
[        ] Transforming play-services-basement-18.2.0.aar (com.google.android.gms:play-services-basement:18.2.0) with JetifyTransform
[        ] Transforming play-services-basement-18.2.0.aar (com.google.android.gms:play-services-basement:18.2.0) with JetifyTransform
[        ] Transforming play-services-basement-18.2.0.aar (com.google.android.gms:play-services-basement:18.2.0) with JetifyTransform
[        ] Transforming play-services-basement-18.2.0.aar (com.google.android.gms:play-services-basement:18.2.0) with AarToClassTransform
[        ] Transforming play-services-tasks-18.0.1.aar (com.google.android.gms:play-services-tasks:18.0.1) with JetifyTransform
[        ] Transforming play-services-tasks-18.0.1.aar (com.google.android.gms:play-services-tasks:18.0.1) with JetifyTransform
[        ] Transforming play-services-basement-18.2.0.aar (com.google.android.gms:play-services-basement:18.2.0) with AarToClassTransform
[        ] Transforming loader-1.1.0.aar (androidx.loader:loader:1.1.0) with JetifyTransform
[        ] Transforming play-services-basement-18.2.0.aar (com.google.android.gms:play-services-basement:18.2.0) with JetifyTransform
[        ] Transforming loader-1.1.0.aar (androidx.loader:loader:1.1.0) with AarToClassTransform
[        ] Transforming play-services-basement-18.2.0.aar (com.google.android.gms:play-services-basement:18.2.0) with AarToClassTransform
[        ] Transforming play-services-basement-18.2.0.aar (com.google.android.gms:play-services-basement:18.2.0) with JetifyTransform
[        ] Transforming activity-1.8.1.aar (androidx.activity:activity:1.8.1) with JetifyTransform
[        ] Transforming play-services-tasks-18.0.1.aar (com.google.android.gms:play-services-tasks:18.0.1) with AarToClassTransform
[        ] Transforming play-services-tasks-18.0.1.aar (com.google.android.gms:play-services-tasks:18.0.1) with AarToClassTransform
[        ] Transforming play-services-tasks-18.0.1.aar (com.google.android.gms:play-services-tasks:18.0.1) with JetifyTransform
[        ] Transforming play-services-basement-18.2.0.aar (com.google.android.gms:play-services-basement:18.2.0) with JetifyTransform
[        ] Transforming play-services-tasks-18.0.1.aar (com.google.android.gms:play-services-tasks:18.0.1) with AarToClassTransform
[        ] Transforming play-services-tasks-18.0.1.aar (com.google.android.gms:play-services-tasks:18.0.1) with JetifyTransform
[        ] Transforming play-services-tasks-18.0.1.aar (com.google.android.gms:play-services-tasks:18.0.1) with JetifyTransform
[        ] Transforming play-services-basement-18.2.0.aar (com.google.android.gms:play-services-basement:18.2.0) with AarToClassTransform
[        ] Transforming play-services-tasks-18.0.1.aar (com.google.android.gms:play-services-tasks:18.0.1) with AarToClassTransform
[        ] Transforming play-services-tasks-18.0.1.aar (com.google.android.gms:play-services-tasks:18.0.1) with AarToClassTransform
[        ] Transforming play-services-basement-18.2.0.aar (com.google.android.gms:play-services-basement:18.2.0) with AarToClassTransform
[        ] Transforming activity-1.8.1.aar (androidx.activity:activity:1.8.1) with AarToClassTransform
[        ] Transforming play-services-basement-18.2.0.aar (com.google.android.gms:play-services-basement:18.2.0) with AarToClassTransform
[        ] Transforming lifecycle-viewmodel-2.7.0.aar (androidx.lifecycle:lifecycle-viewmodel:2.7.0) with JetifyTransform
[        ] Transforming lifecycle-viewmodel-2.7.0.aar (androidx.lifecycle:lifecycle-viewmodel:2.7.0) with AarToClassTransform
[        ] Transforming lifecycle-viewmodel-2.7.0.aar (androidx.lifecycle:lifecycle-viewmodel:2.7.0) with JetifyTransform
[        ] Transforming lifecycle-viewmodel-2.7.0.aar (androidx.lifecycle:lifecycle-viewmodel:2.7.0) with AarToClassTransform
[        ] Transforming lifecycle-livedata-core-2.7.0.aar (androidx.lifecycle:lifecycle-livedata-core:2.7.0) with JetifyTransform
[        ] Transforming lifecycle-livedata-core-2.7.0.aar (androidx.lifecycle:lifecycle-livedata-core:2.7.0) with AarToClassTransform
[        ] Transforming lifecycle-livedata-core-2.7.0.aar (androidx.lifecycle:lifecycle-livedata-core:2.7.0) with JetifyTransform
[        ] Transforming lifecycle-livedata-core-2.7.0.aar (androidx.lifecycle:lifecycle-livedata-core:2.7.0) with AarToClassTransform
[        ] Transforming lifecycle-viewmodel-savedstate-2.7.0.aar (androidx.lifecycle:lifecycle-viewmodel-savedstate:2.7.0) with JetifyTransform
[        ] Transforming lifecycle-viewmodel-savedstate-2.7.0.aar (androidx.lifecycle:lifecycle-viewmodel-savedstate:2.7.0) with AarToClassTransform
[        ] Transforming core-ktx-1.13.1.aar (androidx.core:core-ktx:1.13.1) with JetifyTransform
[        ] Transforming core-ktx-1.13.1.aar (androidx.core:core-ktx:1.13.1) with AarToClassTransform
[        ] Transforming viewpager-1.0.0.aar (androidx.viewpager:viewpager:1.0.0) with JetifyTransform
[        ] Transforming viewpager-1.0.0.aar (androidx.viewpager:viewpager:1.0.0) with AarToClassTransform
[        ] Transforming customview-1.0.0.aar (androidx.customview:customview:1.0.0) with JetifyTransform
[        ] Transforming customview-1.0.0.aar (androidx.customview:customview:1.0.0) with AarToClassTransform
[        ] Transforming core-1.13.1.aar (androidx.core:core:1.13.1) with JetifyTransform
[        ] Transforming core-1.13.1.aar (androidx.core:core:1.13.1) with AarToClassTransform
[        ] Transforming core-1.13.1.aar (androidx.core:core:1.13.1) with JetifyTransform
[        ] Transforming core-1.13.1.aar (androidx.core:core:1.13.1) with AarToClassTransform
[        ] Transforming lifecycle-runtime-2.7.0.aar (androidx.lifecycle:lifecycle-runtime:2.7.0) with JetifyTransform
[        ] Transforming lifecycle-runtime-2.7.0.aar (androidx.lifecycle:lifecycle-runtime:2.7.0) with AarToClassTransform
[        ] Transforming lifecycle-process-2.7.0.aar (androidx.lifecycle:lifecycle-process:2.7.0) with JetifyTransform
[        ] Transforming lifecycle-process-2.7.0.aar (androidx.lifecycle:lifecycle-process:2.7.0) with AarToClassTransform
[        ] Transforming lifecycle-common-java8-2.7.0.jar (androidx.lifecycle:lifecycle-common-java8:2.7.0) with JetifyTransform
[        ] Transforming lifecycle-common-java8-2.7.0.jar (androidx.lifecycle:lifecycle-common-java8:2.7.0) with IdentityTransform
[        ] Transforming lifecycle-common-2.7.0.jar (androidx.lifecycle:lifecycle-common:2.7.0) with JetifyTransform
[        ] Transforming lifecycle-common-2.7.0.jar (androidx.lifecycle:lifecycle-common:2.7.0) with IdentityTransform
[        ] Transforming core-common-2.2.0.jar (androidx.arch.core:core-common:2.2.0) with JetifyTransform
[        ] Transforming core-common-2.2.0.jar (androidx.arch.core:core-common:2.2.0) with IdentityTransform
[        ] Transforming versionedparcelable-1.1.1.aar (androidx.versionedparcelable:versionedparcelable:1.1.1) with JetifyTransform
[        ] Transforming versionedparcelable-1.1.1.aar (androidx.versionedparcelable:versionedparcelable:1.1.1) with AarToClassTransform
[        ] Transforming collection-1.1.0.jar (androidx.collection:collection:1.1.0) with JetifyTransform
[        ] Transforming collection-1.1.0.jar (androidx.collection:collection:1.1.0) with IdentityTransform
[        ] Transforming savedstate-1.2.1.aar (androidx.savedstate:savedstate:1.2.1) with JetifyTransform
[        ] Transforming savedstate-1.2.1.aar (androidx.savedstate:savedstate:1.2.1) with AarToClassTransform
[        ] Transforming annotation-jvm-1.8.1.jar (androidx.annotation:annotation-jvm:1.8.1) with JetifyTransform
[        ] Transforming annotation-jvm-1.8.1.jar (androidx.annotation:annotation-jvm:1.8.1) with IdentityTransform
[        ] Transforming window-1.2.0.aar (androidx.window:window:1.2.0) with JetifyTransform
[        ] Transforming window-1.2.0.aar (androidx.window:window:1.2.0) with AarToClassTransform
[        ] Transforming window-java-1.2.0.aar (androidx.window:window-java:1.2.0) with JetifyTransform
[        ] Transforming window-java-1.2.0.aar (androidx.window:window-java:1.2.0) with AarToClassTransform
[        ] Transforming annotation-experimental-1.4.0.aar (androidx.annotation:annotation-experimental:1.4.0) with JetifyTransform
[        ] Transforming annotation-experimental-1.4.0.aar (androidx.annotation:annotation-experimental:1.4.0) with AarToClassTransform
[        ] Transforming kotlinx-coroutines-android-1.7.1.jar (org.jetbrains.kotlinx:kotlinx-coroutines-android:1.7.1) with JetifyTransform
[        ] Transforming kotlinx-coroutines-android-1.7.1.jar (org.jetbrains.kotlinx:kotlinx-coroutines-android:1.7.1) with IdentityTransform
[        ] Transforming kotlinx-coroutines-core-jvm-1.7.1.jar (org.jetbrains.kotlinx:kotlinx-coroutines-core-jvm:1.7.1) with JetifyTransform
[        ] Transforming kotlinx-coroutines-core-jvm-1.7.1.jar (org.jetbrains.kotlinx:kotlinx-coroutines-core-jvm:1.7.1) with IdentityTransform
[        ] Transforming kotlin-stdlib-jdk8-2.1.0.jar (org.jetbrains.kotlin:kotlin-stdlib-jdk8:2.1.0) with JetifyTransform
[        ] Transforming kotlin-stdlib-jdk8-2.1.0.jar (org.jetbrains.kotlin:kotlin-stdlib-jdk8:2.1.0) with IdentityTransform
[        ] Transforming kotlin-stdlib-jdk7-2.1.0.jar (org.jetbrains.kotlin:kotlin-stdlib-jdk7:2.1.0) with JetifyTransform
[        ] Transforming kotlin-stdlib-jdk7-2.1.0.jar (org.jetbrains.kotlin:kotlin-stdlib-jdk7:2.1.0) with IdentityTransform
[        ] Transforming kotlin-stdlib-2.1.0.jar (org.jetbrains.kotlin:kotlin-stdlib:2.1.0) with JetifyTransform
[        ] Transforming kotlin-stdlib-2.1.0.jar (org.jetbrains.kotlin:kotlin-stdlib:2.1.0) with IdentityTransform
[        ] Transforming annotations-23.0.0.jar (org.jetbrains:annotations:23.0.0) with JetifyTransform
[        ] Transforming annotations-23.0.0.jar (org.jetbrains:annotations:23.0.0) with IdentityTransform
[        ] Transforming startup-runtime-1.1.1.aar (androidx.startup:startup-runtime:1.1.1) with JetifyTransform
[        ] Transforming startup-runtime-1.1.1.aar (androidx.startup:startup-runtime:1.1.1) with AarToClassTransform
[        ] Transforming tracing-1.2.0.aar (androidx.tracing:tracing:1.2.0) with JetifyTransform
[        ] Transforming tracing-1.2.0.aar (androidx.tracing:tracing:1.2.0) with AarToClassTransform
[        ] Transforming relinker-1.4.5.aar (com.getkeepsafe.relinker:relinker:1.4.5) with JetifyTransform
[        ] Transforming relinker-1.4.5.aar (com.getkeepsafe.relinker:relinker:1.4.5) with AarToClassTransform
[        ] Transforming exifinterface-1.4.1.aar (androidx.exifinterface:exifinterface:1.4.1) with JetifyTransform
[        ] Transforming exifinterface-1.4.1.aar (androidx.exifinterface:exifinterface:1.4.1) with AarToClassTransform
[        ] Transforming jspecify-1.0.0.jar (org.jspecify:jspecify:1.0.0) with JetifyTransform
[        ] Transforming jspecify-1.0.0.jar (org.jspecify:jspecify:1.0.0) with IdentityTransform
[        ] Transforming core-for-system-modules.jar with JdkImageTransform
[        ] Transforming core-for-system-modules.jar with JdkImageTransform
[        ] Transforming core-for-system-modules.jar with JdkImageTransform
[        ] Transforming core-for-system-modules.jar with JdkImageTransform
[        ] Transforming core-for-system-modules.jar with JdkImageTransform
[        ] Transforming core-for-system-modules.jar with JdkImageTransform
[        ] Custom actions are attached to task ':google_sign_in_android:compileDebugJavaWithJavac'.
[        ] Caching disabled for task ':google_sign_in_android:compileDebugJavaWithJavac' because:
[        ]   Build cache is disabled
[        ] Skipping task ':google_sign_in_android:compileDebugJavaWithJavac' as it is up-to-date.
[        ] No compile result for :google_sign_in_android:compileDebugJavaWithJavac
[        ] No compile result for :google_sign_in_android:compileDebugJavaWithJavac
[        ] Resolve mutations for :google_sign_in_android:bundleLibCompileToJarDebug (Thread[#560,Execution worker Thread 9,5,main]) started.
[        ] :google_sign_in_android:bundleLibCompileToJarDebug (Thread[#555,Execution worker Thread 4,5,main]) started.
[        ] > Task :google_sign_in_android:bundleLibCompileToJarDebug UP-TO-DATE
[        ] Caching disabled for task ':google_sign_in_android:bundleLibCompileToJarDebug' because:
[        ]   Build cache is disabled
[        ]   Simple merging task
[        ] Skipping task ':google_sign_in_android:bundleLibCompileToJarDebug' as it is up-to-date.
[        ] work action resolve classes.jar (project :google_sign_in_android) (Thread[#555,Execution worker Thread 4,5,main]) started.
[        ] Resolve mutations for :path_provider_android:javaPreCompileDebug (Thread[#555,Execution worker Thread 4,5,main]) started.
[        ] :path_provider_android:javaPreCompileDebug (Thread[#557,Execution worker Thread 6,5,main]) started.
[        ] > Task :path_provider_android:javaPreCompileDebug UP-TO-DATE
[        ] Caching disabled for task ':path_provider_android:javaPreCompileDebug' because:
[        ]   Build cache is disabled
[        ] Skipping task ':path_provider_android:javaPreCompileDebug' as it is up-to-date.
[        ] Resolve mutations for :path_provider_android:compileDebugJavaWithJavac (Thread[#557,Execution worker Thread 6,5,main]) started.
[        ] :path_provider_android:compileDebugJavaWithJavac (Thread[#557,Execution worker Thread 6,5,main]) started.
[  +74 ms] > Task :path_provider_android:compileDebugJavaWithJavac UP-TO-DATE
[        ] Transforming flutter_embedding_debug-1.0.0-6c0baaebf70e0148f485f27d5616b3d3382da7bf.jar (io.flutter:flutter_embedding_debug:1.0.0-6c0baaebf70e0148f485f27d5616b3d3382da7bf) with JetifyTransform
[        ] Transforming flutter_embedding_debug-1.0.0-6c0baaebf70e0148f485f27d5616b3d3382da7bf.jar (io.flutter:flutter_embedding_debug:1.0.0-6c0baaebf70e0148f485f27d5616b3d3382da7bf) with IdentityTransform
[        ] Transforming fragment-1.7.1.aar (androidx.fragment:fragment:1.7.1) with JetifyTransform
[        ] Transforming fragment-1.7.1.aar (androidx.fragment:fragment:1.7.1) with AarToClassTransform
[        ] Transforming activity-1.8.1.aar (androidx.activity:activity:1.8.1) with JetifyTransform
[        ] Transforming activity-1.8.1.aar (androidx.activity:activity:1.8.1) with AarToClassTransform
[        ] Transforming loader-1.0.0.aar (androidx.loader:loader:1.0.0) with JetifyTransform
[        ] Transforming loader-1.0.0.aar (androidx.loader:loader:1.0.0) with AarToClassTransform
[        ] Transforming lifecycle-livedata-core-ktx-2.7.0.aar (androidx.lifecycle:lifecycle-livedata-core-ktx:2.7.0) with JetifyTransform
[        ] Transforming lifecycle-livedata-core-ktx-2.7.0.aar (androidx.lifecycle:lifecycle-livedata-core-ktx:2.7.0) with AarToClassTransform
[        ] Transforming lifecycle-livedata-2.7.0.aar (androidx.lifecycle:lifecycle-livedata:2.7.0) with JetifyTransform
[        ] Transforming lifecycle-livedata-2.7.0.aar (androidx.lifecycle:lifecycle-livedata:2.7.0) with AarToClassTransform
[        ] Transforming lifecycle-viewmodel-2.7.0.aar (androidx.lifecycle:lifecycle-viewmodel:2.7.0) with JetifyTransform
[        ] Transforming lifecycle-viewmodel-2.7.0.aar (androidx.lifecycle:lifecycle-viewmodel:2.7.0) with AarToClassTransform
[        ] Transforming lifecycle-viewmodel-2.7.0.aar (androidx.lifecycle:lifecycle-viewmodel:2.7.0) with JetifyTransform
[        ] Transforming lifecycle-viewmodel-2.7.0.aar (androidx.lifecycle:lifecycle-viewmodel:2.7.0) with AarToClassTransform
[        ] Transforming lifecycle-livedata-core-2.7.0.aar (androidx.lifecycle:lifecycle-livedata-core:2.7.0) with JetifyTransform
[        ] Transforming lifecycle-livedata-core-2.7.0.aar (androidx.lifecycle:lifecycle-livedata-core:2.7.0) with AarToClassTransform
[        ] Transforming lifecycle-viewmodel-savedstate-2.7.0.aar (androidx.lifecycle:lifecycle-viewmodel-savedstate:2.7.0) with JetifyTransform
[        ] Transforming lifecycle-viewmodel-savedstate-2.7.0.aar (androidx.lifecycle:lifecycle-viewmodel-savedstate:2.7.0) with AarToClassTransform
[        ] Transforming core-ktx-1.13.1.aar (androidx.core:core-ktx:1.13.1) with JetifyTransform
[        ] Transforming core-ktx-1.13.1.aar (androidx.core:core-ktx:1.13.1) with AarToClassTransform
[        ] Transforming viewpager-1.0.0.aar (androidx.viewpager:viewpager:1.0.0) with JetifyTransform
[        ] Transforming viewpager-1.0.0.aar (androidx.viewpager:viewpager:1.0.0) with AarToClassTransform
[        ] Transforming customview-1.0.0.aar (androidx.customview:customview:1.0.0) with JetifyTransform
[        ] Transforming customview-1.0.0.aar (androidx.customview:customview:1.0.0) with AarToClassTransform
[        ] Transforming core-1.13.1.aar (androidx.core:core:1.13.1) with JetifyTransform
[        ] Transforming core-1.13.1.aar (androidx.core:core:1.13.1) with AarToClassTransform
[        ] Transforming core-1.13.1.aar (androidx.core:core:1.13.1) with JetifyTransform
[        ] Transforming core-1.13.1.aar (androidx.core:core:1.13.1) with AarToClassTransform
[        ] Transforming lifecycle-runtime-2.7.0.aar (androidx.lifecycle:lifecycle-runtime:2.7.0) with JetifyTransform
[        ] Transforming lifecycle-runtime-2.7.0.aar (androidx.lifecycle:lifecycle-runtime:2.7.0) with AarToClassTransform
[        ] Transforming lifecycle-process-2.7.0.aar (androidx.lifecycle:lifecycle-process:2.7.0) with JetifyTransform
[        ] Transforming lifecycle-process-2.7.0.aar (androidx.lifecycle:lifecycle-process:2.7.0) with AarToClassTransform
[        ] Transforming lifecycle-common-java8-2.7.0.jar (androidx.lifecycle:lifecycle-common-java8:2.7.0) with JetifyTransform
[        ] Transforming lifecycle-common-java8-2.7.0.jar (androidx.lifecycle:lifecycle-common-java8:2.7.0) with IdentityTransform
[        ] Transforming lifecycle-common-2.7.0.jar (androidx.lifecycle:lifecycle-common:2.7.0) with JetifyTransform
[        ] Transforming lifecycle-common-2.7.0.jar (androidx.lifecycle:lifecycle-common:2.7.0) with IdentityTransform
[        ] Transforming core-runtime-2.2.0.aar (androidx.arch.core:core-runtime:2.2.0) with JetifyTransform
[        ] Transforming core-runtime-2.2.0.aar (androidx.arch.core:core-runtime:2.2.0) with AarToClassTransform
[        ] Transforming core-common-2.2.0.jar (androidx.arch.core:core-common:2.2.0) with JetifyTransform
[        ] Transforming core-common-2.2.0.jar (androidx.arch.core:core-common:2.2.0) with IdentityTransform
[        ] Transforming versionedparcelable-1.1.1.aar (androidx.versionedparcelable:versionedparcelable:1.1.1) with JetifyTransform
[        ] Transforming versionedparcelable-1.1.1.aar (androidx.versionedparcelable:versionedparcelable:1.1.1) with AarToClassTransform
[        ] Transforming collection-1.1.0.jar (androidx.collection:collection:1.1.0) with JetifyTransform
[        ] Transforming collection-1.1.0.jar (androidx.collection:collection:1.1.0) with IdentityTransform
[        ] Transforming savedstate-1.2.1.aar (androidx.savedstate:savedstate:1.2.1) with JetifyTransform
[        ] Transforming savedstate-1.2.1.aar (androidx.savedstate:savedstate:1.2.1) with AarToClassTransform
[        ] Transforming annotation-jvm-1.9.1.jar (androidx.annotation:annotation-jvm:1.9.1) with JetifyTransform
[        ] Transforming annotation-jvm-1.9.1.jar (androidx.annotation:annotation-jvm:1.9.1) with IdentityTransform
[        ] Transforming window-1.2.0.aar (androidx.window:window:1.2.0) with JetifyTransform
[        ] Transforming window-1.2.0.aar (androidx.window:window:1.2.0) with AarToClassTransform
[        ] Transforming window-java-1.2.0.aar (androidx.window:window-java:1.2.0) with JetifyTransform
[        ] Transforming window-java-1.2.0.aar (androidx.window:window-java:1.2.0) with AarToClassTransform
[        ] Transforming annotation-experimental-1.4.0.aar (androidx.annotation:annotation-experimental:1.4.0) with JetifyTransform
[        ] Transforming annotation-experimental-1.4.0.aar (androidx.annotation:annotation-experimental:1.4.0) with AarToClassTransform
[        ] Transforming kotlinx-coroutines-android-1.7.1.jar (org.jetbrains.kotlinx:kotlinx-coroutines-android:1.7.1) with JetifyTransform
[        ] Transforming kotlinx-coroutines-android-1.7.1.jar (org.jetbrains.kotlinx:kotlinx-coroutines-android:1.7.1) with IdentityTransform
[        ] Transforming kotlinx-coroutines-core-jvm-1.7.1.jar (org.jetbrains.kotlinx:kotlinx-coroutines-core-jvm:1.7.1) with JetifyTransform
[        ] Transforming kotlinx-coroutines-core-jvm-1.7.1.jar (org.jetbrains.kotlinx:kotlinx-coroutines-core-jvm:1.7.1) with IdentityTransform
[        ] Transforming kotlin-stdlib-jdk8-2.1.0.jar (org.jetbrains.kotlin:kotlin-stdlib-jdk8:2.1.0) with JetifyTransform
[        ] Transforming kotlin-stdlib-jdk8-2.1.0.jar (org.jetbrains.kotlin:kotlin-stdlib-jdk8:2.1.0) with IdentityTransform
[        ] Transforming kotlin-stdlib-jdk7-2.1.0.jar (org.jetbrains.kotlin:kotlin-stdlib-jdk7:2.1.0) with JetifyTransform
[        ] Transforming kotlin-stdlib-jdk7-2.1.0.jar (org.jetbrains.kotlin:kotlin-stdlib-jdk7:2.1.0) with IdentityTransform
[        ] Transforming kotlin-stdlib-2.1.0.jar (org.jetbrains.kotlin:kotlin-stdlib:2.1.0) with JetifyTransform
[        ] Transforming kotlin-stdlib-2.1.0.jar (org.jetbrains.kotlin:kotlin-stdlib:2.1.0) with IdentityTransform
[        ] Transforming annotations-23.0.0.jar (org.jetbrains:annotations:23.0.0) with JetifyTransform
[        ] Transforming annotations-23.0.0.jar (org.jetbrains:annotations:23.0.0) with IdentityTransform
[        ] Transforming startup-runtime-1.1.1.aar (androidx.startup:startup-runtime:1.1.1) with JetifyTransform
[        ] Transforming startup-runtime-1.1.1.aar (androidx.startup:startup-runtime:1.1.1) with AarToClassTransform
[        ] Transforming tracing-1.2.0.aar (androidx.tracing:tracing:1.2.0) with JetifyTransform
[        ] Transforming tracing-1.2.0.aar (androidx.tracing:tracing:1.2.0) with AarToClassTransform
[        ] Transforming relinker-1.4.5.aar (com.getkeepsafe.relinker:relinker:1.4.5) with JetifyTransform
[        ] Transforming relinker-1.4.5.aar (com.getkeepsafe.relinker:relinker:1.4.5) with AarToClassTransform
[        ] Transforming exifinterface-1.4.1.aar (androidx.exifinterface:exifinterface:1.4.1) with JetifyTransform
[        ] Transforming exifinterface-1.4.1.aar (androidx.exifinterface:exifinterface:1.4.1) with AarToClassTransform
[        ] Transforming jspecify-1.0.0.jar (org.jspecify:jspecify:1.0.0) with JetifyTransform
[        ] Transforming jspecify-1.0.0.jar (org.jspecify:jspecify:1.0.0) with IdentityTransform
[        ] Transforming core-for-system-modules.jar with JdkImageTransform
[        ] Transforming core-for-system-modules.jar with JdkImageTransform
[        ] Transforming core-for-system-modules.jar with JdkImageTransform
[        ] Transforming core-for-system-modules.jar with JdkImageTransform
[        ] Transforming core-for-system-modules.jar with JdkImageTransform
[        ] Transforming core-for-system-modules.jar with JdkImageTransform
[        ] Custom actions are attached to task ':path_provider_android:compileDebugJavaWithJavac'.
[        ] Caching disabled for task ':path_provider_android:compileDebugJavaWithJavac' because:
[        ]   Build cache is disabled
[        ] Skipping task ':path_provider_android:compileDebugJavaWithJavac' as it is up-to-date.
[        ] No compile result for :path_provider_android:compileDebugJavaWithJavac
[        ] No compile result for :path_provider_android:compileDebugJavaWithJavac
[        ] Resolve mutations for :path_provider_android:bundleLibCompileToJarDebug (Thread[#557,Execution worker Thread 6,5,main]) started.
[        ] :path_provider_android:bundleLibCompileToJarDebug (Thread[#557,Execution worker Thread 6,5,main]) started.
[        ] > Task :path_provider_android:bundleLibCompileToJarDebug UP-TO-DATE
[        ] Caching disabled for task ':path_provider_android:bundleLibCompileToJarDebug' because:
[        ]   Build cache is disabled
[        ]   Simple merging task
[        ] Skipping task ':path_provider_android:bundleLibCompileToJarDebug' as it is up-to-date.
[        ] work action resolve classes.jar (project :path_provider_android) (Thread[#557,Execution worker Thread 6,5,main]) started.
[        ] Resolve mutations for :shared_preferences_android:checkKotlinGradlePluginConfigurationErrors (Thread[#557,Execution worker Thread 6,5,main]) started.
[        ] :shared_preferences_android:checkKotlinGradlePluginConfigurationErrors (Thread[#557,Execution worker Thread 6,5,main]) started.
[        ] > Task :shared_preferences_android:checkKotlinGradlePluginConfigurationErrors SKIPPED
[        ] Skipping task ':shared_preferences_android:checkKotlinGradlePluginConfigurationErrors' as task onlyIf 'errorDiagnostics are present' is false.
[        ] Resolve mutations for :shared_preferences_android:compileDebugKotlin (Thread[#557,Execution worker Thread 6,5,main]) started.
[        ] :shared_preferences_android:compileDebugKotlin (Thread[#557,Execution worker Thread 6,5,main]) started.
[  +97 ms] > Task :shared_preferences_android:compileDebugKotlin UP-TO-DATE
[        ] Transforming flutter_embedding_debug-1.0.0-6c0baaebf70e0148f485f27d5616b3d3382da7bf.jar (io.flutter:flutter_embedding_debug:1.0.0-6c0baaebf70e0148f485f27d5616b3d3382da7bf) with JetifyTransform
[        ] Transforming flutter_embedding_debug-1.0.0-6c0baaebf70e0148f485f27d5616b3d3382da7bf.jar (io.flutter:flutter_embedding_debug:1.0.0-6c0baaebf70e0148f485f27d5616b3d3382da7bf) with IdentityTransform
[        ] Transforming preference-1.2.1.aar (androidx.preference:preference:1.2.1) with JetifyTransform
[        ] Transforming preference-1.2.1.aar (androidx.preference:preference:1.2.1) with AarToClassTransform
[        ] Transforming appcompat-1.1.0.aar (androidx.appcompat:appcompat:1.1.0) with JetifyTransform
[        ] Transforming appcompat-1.1.0.aar (androidx.appcompat:appcompat:1.1.0) with AarToClassTransform
[        ] Transforming fragment-ktx-1.7.1.aar (androidx.fragment:fragment-ktx:1.7.1) with JetifyTransform
[        ] Transforming fragment-ktx-1.7.1.aar (androidx.fragment:fragment-ktx:1.7.1) with AarToClassTransform
[        ] Transforming fragment-1.7.1.aar (androidx.fragment:fragment:1.7.1) with JetifyTransform
[        ] Transforming fragment-1.7.1.aar (androidx.fragment:fragment:1.7.1) with AarToClassTransform
[        ] Transforming fragment-1.7.1.aar (androidx.fragment:fragment:1.7.1) with JetifyTransform
[        ] Transforming fragment-1.7.1.aar (androidx.fragment:fragment:1.7.1) with AarToClassTransform
[        ] Transforming recyclerview-1.0.0.aar (androidx.recyclerview:recyclerview:1.0.0) with JetifyTransform
[        ] Transforming recyclerview-1.0.0.aar (androidx.recyclerview:recyclerview:1.0.0) with AarToClassTransform
[        ] Transforming activity-1.8.1.aar (androidx.activity:activity:1.8.1) with JetifyTransform
[        ] Transforming activity-1.8.1.aar (androidx.activity:activity:1.8.1) with AarToClassTransform
[        ] Transforming legacy-support-core-ui-1.0.0.aar (androidx.legacy:legacy-support-core-ui:1.0.0) with JetifyTransform
[        ] Transforming legacy-support-core-ui-1.0.0.aar (androidx.legacy:legacy-support-core-ui:1.0.0) with AarToClassTransform
[        ] Transforming legacy-support-core-utils-1.0.0.aar (androidx.legacy:legacy-support-core-utils:1.0.0) with JetifyTransform
[        ] Transforming legacy-support-core-utils-1.0.0.aar (androidx.legacy:legacy-support-core-utils:1.0.0) with AarToClassTransform
[        ] Transforming loader-1.0.0.aar (androidx.loader:loader:1.0.0) with JetifyTransform
[        ] Transforming loader-1.0.0.aar (androidx.loader:loader:1.0.0) with AarToClassTransform
[        ] Transforming loader-1.0.0.aar (androidx.loader:loader:1.0.0) with JetifyTransform
[        ] Transforming activity-ktx-1.8.1.aar (androidx.activity:activity-ktx:1.8.1) with JetifyTransform
[        ] Transforming loader-1.0.0.aar (androidx.loader:loader:1.0.0) with AarToClassTransform
[        ] Transforming activity-ktx-1.8.1.aar (androidx.activity:activity-ktx:1.8.1) with AarToClassTransform
[        ] Transforming lifecycle-livedata-2.7.0.aar (androidx.lifecycle:lifecycle-livedata:2.7.0) with JetifyTransform
[        ] Transforming lifecycle-livedata-2.7.0.aar (androidx.lifecycle:lifecycle-livedata:2.7.0) with AarToClassTransform
[        ] Transforming lifecycle-livedata-core-ktx-2.7.0.aar (androidx.lifecycle:lifecycle-livedata-core-ktx:2.7.0) with JetifyTransform
[        ] Transforming lifecycle-livedata-core-ktx-2.7.0.aar (androidx.lifecycle:lifecycle-livedata-core-ktx:2.7.0) with AarToClassTransform
[        ] Transforming lifecycle-viewmodel-ktx-2.7.0.aar (androidx.lifecycle:lifecycle-viewmodel-ktx:2.7.0) with JetifyTransform
[        ] Transforming lifecycle-viewmodel-ktx-2.7.0.aar (androidx.lifecycle:lifecycle-viewmodel-ktx:2.7.0) with AarToClassTransform
[        ] Transforming lifecycle-runtime-ktx-2.7.0.aar (androidx.lifecycle:lifecycle-runtime-ktx:2.7.0) with JetifyTransform
[        ] Transforming lifecycle-runtime-ktx-2.7.0.aar (androidx.lifecycle:lifecycle-runtime-ktx:2.7.0) with AarToClassTransform
[        ] Transforming lifecycle-viewmodel-2.7.0.aar (androidx.lifecycle:lifecycle-viewmodel:2.7.0) with JetifyTransform
[        ] Transforming lifecycle-viewmodel-2.7.0.aar (androidx.lifecycle:lifecycle-viewmodel:2.7.0) with AarToClassTransform
[        ] Transforming lifecycle-viewmodel-2.7.0.aar (androidx.lifecycle:lifecycle-viewmodel:2.7.0) with JetifyTransform
[        ] Transforming lifecycle-viewmodel-2.7.0.aar (androidx.lifecycle:lifecycle-viewmodel:2.7.0) with AarToClassTransform
[        ] Transforming lifecycle-livedata-core-2.7.0.aar (androidx.lifecycle:lifecycle-livedata-core:2.7.0) with JetifyTransform
[        ] Transforming lifecycle-livedata-core-2.7.0.aar (androidx.lifecycle:lifecycle-livedata-core:2.7.0) with AarToClassTransform
[        ] Transforming lifecycle-viewmodel-savedstate-2.7.0.aar (androidx.lifecycle:lifecycle-viewmodel-savedstate:2.7.0) with JetifyTransform
[        ] Transforming lifecycle-viewmodel-savedstate-2.7.0.aar (androidx.lifecycle:lifecycle-viewmodel-savedstate:2.7.0) with AarToClassTransform
[        ] Transforming core-ktx-1.13.1.aar (androidx.core:core-ktx:1.13.1) with JetifyTransform
[        ] Transforming core-ktx-1.13.1.aar (androidx.core:core-ktx:1.13.1) with AarToClassTransform
[        ] Transforming viewpager-1.0.0.aar (androidx.viewpager:viewpager:1.0.0) with JetifyTransform
[        ] Transforming viewpager-1.0.0.aar (androidx.viewpager:viewpager:1.0.0) with AarToClassTransform
[        ] Transforming viewpager-1.0.0.aar (androidx.viewpager:viewpager:1.0.0) with JetifyTransform
[        ] Transforming viewpager-1.0.0.aar (androidx.viewpager:viewpager:1.0.0) with AarToClassTransform
[        ] Transforming appcompat-resources-1.1.0.aar (androidx.appcompat:appcompat-resources:1.1.0) with JetifyTransform
[        ] Transforming appcompat-resources-1.1.0.aar (androidx.appcompat:appcompat-resources:1.1.0) with AarToClassTransform
[        ] Transforming drawerlayout-1.0.0.aar (androidx.drawerlayout:drawerlayout:1.0.0) with JetifyTransform
[        ] Transforming drawerlayout-1.0.0.aar (androidx.drawerlayout:drawerlayout:1.0.0) with AarToClassTransform
[        ] Transforming slidingpanelayout-1.2.0.aar (androidx.slidingpanelayout:slidingpanelayout:1.2.0) with JetifyTransform
[        ] Transforming slidingpanelayout-1.2.0.aar (androidx.slidingpanelayout:slidingpanelayout:1.2.0) with AarToClassTransform
[        ] Transforming slidingpanelayout-1.2.0.aar (androidx.slidingpanelayout:slidingpanelayout:1.2.0) with JetifyTransform
[        ] Transforming slidingpanelayout-1.2.0.aar (androidx.slidingpanelayout:slidingpanelayout:1.2.0) with AarToClassTransform
[        ] Transforming coordinatorlayout-1.0.0.aar (androidx.coordinatorlayout:coordinatorlayout:1.0.0) with JetifyTransform
[        ] Transforming coordinatorlayout-1.0.0.aar (androidx.coordinatorlayout:coordinatorlayout:1.0.0) with AarToClassTransform
[        ] Transforming customview-1.1.0.aar (androidx.customview:customview:1.1.0) with JetifyTransform
[        ] Transforming customview-1.1.0.aar (androidx.customview:customview:1.1.0) with AarToClassTransform
[        ] Transforming customview-1.1.0.aar (androidx.customview:customview:1.1.0) with JetifyTransform
[        ] Transforming customview-1.1.0.aar (androidx.customview:customview:1.1.0) with AarToClassTransform
[        ] Transforming vectordrawable-animated-1.1.0.aar (androidx.vectordrawable:vectordrawable-animated:1.1.0) with JetifyTransform
[        ] Transforming vectordrawable-animated-1.1.0.aar (androidx.vectordrawable:vectordrawable-animated:1.1.0) with AarToClassTransform
[        ] Transforming vectordrawable-1.1.0.aar (androidx.vectordrawable:vectordrawable:1.1.0) with JetifyTransform
[        ] Transforming vectordrawable-1.1.0.aar (androidx.vectordrawable:vectordrawable:1.1.0) with AarToClassTransform
[        ] Transforming swiperefreshlayout-1.0.0.aar (androidx.swiperefreshlayout:swiperefreshlayout:1.0.0) with JetifyTransform
[        ] Transforming swiperefreshlayout-1.0.0.aar (androidx.swiperefreshlayout:swiperefreshlayout:1.0.0) with AarToClassTransform
[        ] Transforming asynclayoutinflater-1.0.0.aar (androidx.asynclayoutinflater:asynclayoutinflater:1.0.0) with JetifyTransform
[        ] Transforming asynclayoutinflater-1.0.0.aar (androidx.asynclayoutinflater:asynclayoutinflater:1.0.0) with AarToClassTransform
[        ] Transforming core-1.13.1.aar (androidx.core:core:1.13.1) with JetifyTransform
[        ] Transforming core-1.13.1.aar (androidx.core:core:1.13.1) with AarToClassTransform
[        ] Transforming core-1.13.1.aar (androidx.core:core:1.13.1) with JetifyTransform
[        ] Transforming core-1.13.1.aar (androidx.core:core:1.13.1) with AarToClassTransform
[        ] Transforming lifecycle-runtime-2.7.0.aar (androidx.lifecycle:lifecycle-runtime:2.7.0) with JetifyTransform
[        ] Transforming lifecycle-runtime-2.7.0.aar (androidx.lifecycle:lifecycle-runtime:2.7.0) with AarToClassTransform
[        ] Transforming lifecycle-process-2.7.0.aar (androidx.lifecycle:lifecycle-process:2.7.0) with JetifyTransform
[        ] Transforming lifecycle-process-2.7.0.aar (androidx.lifecycle:lifecycle-process:2.7.0) with AarToClassTransform
[        ] Transforming lifecycle-common-java8-2.7.0.jar (androidx.lifecycle:lifecycle-common-java8:2.7.0) with JetifyTransform
[        ] Transforming lifecycle-common-java8-2.7.0.jar (androidx.lifecycle:lifecycle-common-java8:2.7.0) with IdentityTransform
[        ] Transforming lifecycle-common-2.7.0.jar (androidx.lifecycle:lifecycle-common:2.7.0) with JetifyTransform
[        ] Transforming lifecycle-common-2.7.0.jar (androidx.lifecycle:lifecycle-common:2.7.0) with IdentityTransform
[        ] Transforming window-1.2.0.aar (androidx.window:window:1.2.0) with JetifyTransform
[        ] Transforming window-1.2.0.aar (androidx.window:window:1.2.0) with AarToClassTransform
[        ] Transforming window-java-1.2.0.aar (androidx.window:window-java:1.2.0) with JetifyTransform
[        ] Transforming window-java-1.2.0.aar (androidx.window:window-java:1.2.0) with AarToClassTransform
[        ] Transforming datastore-preferences-core.aar (androidx.datastore:datastore-preferences-core-android:1.2.0) with JetifyTransform
[        ] Transforming datastore-preferences-core.aar (androidx.datastore:datastore-preferences-core-android:1.2.0) with AarToClassTransform
[        ] Transforming datastore-core.aar (androidx.datastore:datastore-core-android:1.2.0) with JetifyTransform
[        ] Transforming datastore-core.aar (androidx.datastore:datastore-core-android:1.2.0) with AarToClassTransform
[        ] Transforming datastore-preferences.aar (androidx.datastore:datastore-preferences-android:1.2.0) with JetifyTransform
[        ] Transforming datastore-preferences.aar (androidx.datastore:datastore-preferences-android:1.2.0) with AarToClassTransform
[        ] Transforming datastore.aar (androidx.datastore:datastore-android:1.2.0) with JetifyTransform
[        ] Transforming datastore.aar (androidx.datastore:datastore-android:1.2.0) with AarToClassTransform
[        ] Transforming kotlinx-coroutines-core-jvm-1.9.0.jar (org.jetbrains.kotlinx:kotlinx-coroutines-core-jvm:1.9.0) with JetifyTransform
[        ] Transforming kotlinx-coroutines-core-jvm-1.9.0.jar (org.jetbrains.kotlinx:kotlinx-coroutines-core-jvm:1.9.0) with IdentityTransform
[        ] Transforming kotlinx-coroutines-android-1.9.0.jar (org.jetbrains.kotlinx:kotlinx-coroutines-android:1.9.0) with JetifyTransform
[        ] Transforming kotlinx-coroutines-android-1.9.0.jar (org.jetbrains.kotlinx:kotlinx-coroutines-android:1.9.0) with IdentityTransform
[        ] Transforming datastore-core-okio-jvm-1.2.0.jar (androidx.datastore:datastore-core-okio-jvm:1.2.0) with JetifyTransform
[        ] Transforming annotation-experimental-1.4.0.aar (androidx.annotation:annotation-experimental:1.4.0) with JetifyTransform
[        ] Transforming datastore-core-okio-jvm-1.2.0.jar (androidx.datastore:datastore-core-okio-jvm:1.2.0) with IdentityTransform
[        ] Transforming annotation-experimental-1.4.0.aar (androidx.annotation:annotation-experimental:1.4.0) with AarToClassTransform
[        ] Transforming savedstate-ktx-1.2.1.aar (androidx.savedstate:savedstate-ktx:1.2.1) with JetifyTransform
[        ] Transforming savedstate-ktx-1.2.1.aar (androidx.savedstate:savedstate-ktx:1.2.1) with AarToClassTransform
[        ] Transforming savedstate-1.2.1.aar (androidx.savedstate:savedstate:1.2.1) with JetifyTransform
[        ] Transforming savedstate-1.2.1.aar (androidx.savedstate:savedstate:1.2.1) with AarToClassTransform
[        ] Transforming core-runtime-2.2.0.aar (androidx.arch.core:core-runtime:2.2.0) with JetifyTransform
[        ] Transforming core-runtime-2.2.0.aar (androidx.arch.core:core-runtime:2.2.0) with AarToClassTransform
[        ] Transforming core-common-2.2.0.jar (androidx.arch.core:core-common:2.2.0) with JetifyTransform
[        ] Transforming core-common-2.2.0.jar (androidx.arch.core:core-common:2.2.0) with IdentityTransform
[        ] Transforming versionedparcelable-1.1.1.aar (androidx.versionedparcelable:versionedparcelable:1.1.1) with JetifyTransform
[        ] Transforming versionedparcelable-1.1.1.aar (androidx.versionedparcelable:versionedparcelable:1.1.1) with AarToClassTransform
[        ] Transforming collection-1.1.0.jar (androidx.collection:collection:1.1.0) with JetifyTransform
[        ] Transforming collection-1.1.0.jar (androidx.collection:collection:1.1.0) with IdentityTransform
[        ] Transforming cursoradapter-1.0.0.aar (androidx.cursoradapter:cursoradapter:1.0.0) with JetifyTransform
[        ] Transforming cursoradapter-1.0.0.aar (androidx.cursoradapter:cursoradapter:1.0.0) with AarToClassTransform
[        ] Transforming interpolator-1.0.0.aar (androidx.interpolator:interpolator:1.0.0) with JetifyTransform
[        ] Transforming collection-ktx-1.1.0.jar (androidx.collection:collection-ktx:1.1.0) with JetifyTransform
[        ] Transforming interpolator-1.0.0.aar (androidx.interpolator:interpolator:1.0.0) with AarToClassTransform
[        ] Transforming collection-ktx-1.1.0.jar (androidx.collection:collection-ktx:1.1.0) with IdentityTransform
[        ] Transforming documentfile-1.0.0.aar (androidx.documentfile:documentfile:1.0.0) with JetifyTransform
[        ] Transforming documentfile-1.0.0.aar (androidx.documentfile:documentfile:1.0.0) with AarToClassTransform
[        ] Transforming localbroadcastmanager-1.0.0.aar (androidx.localbroadcastmanager:localbroadcastmanager:1.0.0) with JetifyTransform
[        ] Transforming localbroadcastmanager-1.0.0.aar (androidx.localbroadcastmanager:localbroadcastmanager:1.0.0) with AarToClassTransform
[        ] Transforming print-1.0.0.aar (androidx.print:print:1.0.0) with JetifyTransform
[        ] Transforming print-1.0.0.aar (androidx.print:print:1.0.0) with AarToClassTransform
[        ] Transforming annotation-jvm-1.9.1.jar (androidx.annotation:annotation-jvm:1.9.1) with JetifyTransform
[        ] Transforming annotation-jvm-1.9.1.jar (androidx.annotation:annotation-jvm:1.9.1) with IdentityTransform
[        ] Transforming kotlin-stdlib-2.1.0.jar (org.jetbrains.kotlin:kotlin-stdlib:2.1.0) with JetifyTransform
[        ] Transforming kotlin-stdlib-2.1.0.jar (org.jetbrains.kotlin:kotlin-stdlib:2.1.0) with IdentityTransform
[        ] Transforming annotations-23.0.0.jar (org.jetbrains:annotations:23.0.0) with JetifyTransform
[        ] Transforming annotations-23.0.0.jar (org.jetbrains:annotations:23.0.0) with IdentityTransform
[        ] Transforming startup-runtime-1.1.1.aar (androidx.startup:startup-runtime:1.1.1) with JetifyTransform
[        ] Transforming okio-jvm-3.9.1.jar (com.squareup.okio:okio-jvm:3.9.1) with JetifyTransform
[        ] Transforming startup-runtime-1.1.1.aar (androidx.startup:startup-runtime:1.1.1) with AarToClassTransform
[        ] Transforming okio-jvm-3.9.1.jar (com.squareup.okio:okio-jvm:3.9.1) with IdentityTransform
[        ] Transforming tracing-1.2.0.aar (androidx.tracing:tracing:1.2.0) with JetifyTransform
[        ] Transforming tracing-1.2.0.aar (androidx.tracing:tracing:1.2.0) with AarToClassTransform
[        ] Transforming relinker-1.4.5.aar (com.getkeepsafe.relinker:relinker:1.4.5) with JetifyTransform
[        ] Transforming relinker-1.4.5.aar (com.getkeepsafe.relinker:relinker:1.4.5) with AarToClassTransform
[        ] Transforming exifinterface-1.4.1.aar (androidx.exifinterface:exifinterface:1.4.1) with JetifyTransform
[        ] Transforming exifinterface-1.4.1.aar (androidx.exifinterface:exifinterface:1.4.1) with AarToClassTransform
[        ] Transforming jspecify-1.0.0.jar (org.jspecify:jspecify:1.0.0) with JetifyTransform
[        ] Transforming jspecify-1.0.0.jar (org.jspecify:jspecify:1.0.0) with IdentityTransform
[        ] Adding -Xuse-inline-scopes-numbers Kotlin compiler flag for task :shared_preferences_android:compileDebugAndroidTestKotlin
[        ] Transforming R.jar with BuildToolsApiClasspathEntrySnapshotTransform
[        ] Transforming jetified-flutter_embedding_debug-1.0.0-6c0baaebf70e0148f485f27d5616b3d3382da7bf.jar with BuildToolsApiClasspathEntrySnapshotTransform
[        ] Transforming preference-1.2.1-api.jar with BuildToolsApiClasspathEntrySnapshotTransform
[        ] Transforming appcompat-1.1.0-api.jar with BuildToolsApiClasspathEntrySnapshotTransform
[        ] Transforming jetified-fragment-ktx-1.7.1-api.jar with BuildToolsApiClasspathEntrySnapshotTransform
[        ] Transforming fragment-1.7.1-api.jar with BuildToolsApiClasspathEntrySnapshotTransform
[        ] Transforming recyclerview-1.0.0-api.jar with BuildToolsApiClasspathEntrySnapshotTransform
[        ] Transforming jetified-activity-ktx-1.8.1-api.jar with BuildToolsApiClasspathEntrySnapshotTransform
[        ] Transforming jetified-activity-1.8.1-api.jar with BuildToolsApiClasspathEntrySnapshotTransform
[        ] Transforming legacy-support-core-ui-1.0.0-api.jar with BuildToolsApiClasspathEntrySnapshotTransform
[        ] Transforming legacy-support-core-utils-1.0.0-api.jar with BuildToolsApiClasspathEntrySnapshotTransform
[        ] Transforming loader-1.0.0-api.jar with BuildToolsApiClasspathEntrySnapshotTransform
[        ] Transforming lifecycle-livedata-2.7.0-api.jar with BuildToolsApiClasspathEntrySnapshotTransform
[        ] Transforming jetified-lifecycle-livedata-core-ktx-2.7.0-api.jar with BuildToolsApiClasspathEntrySnapshotTransform
[        ] Transforming jetified-lifecycle-viewmodel-ktx-2.7.0-api.jar with BuildToolsApiClasspathEntrySnapshotTransform
[        ] Transforming jetified-lifecycle-runtime-ktx-2.7.0-api.jar with BuildToolsApiClasspathEntrySnapshotTransform
[        ] Transforming lifecycle-viewmodel-2.7.0-api.jar with BuildToolsApiClasspathEntrySnapshotTransform
[        ] Transforming lifecycle-livedata-core-2.7.0-api.jar with BuildToolsApiClasspathEntrySnapshotTransform
[        ] Transforming jetified-lifecycle-viewmodel-savedstate-2.7.0-api.jar with BuildToolsApiClasspathEntrySnapshotTransform
[        ] Transforming jetified-core-ktx-1.13.1-api.jar with BuildToolsApiClasspathEntrySnapshotTransform
[        ] Transforming viewpager-1.0.0-api.jar with BuildToolsApiClasspathEntrySnapshotTransform
[        ] Transforming jetified-appcompat-resources-1.1.0-api.jar with BuildToolsApiClasspathEntrySnapshotTransform
[        ] Transforming drawerlayout-1.0.0-api.jar with BuildToolsApiClasspathEntrySnapshotTransform
[        ] Transforming slidingpanelayout-1.2.0-api.jar with BuildToolsApiClasspathEntrySnapshotTransform
[        ] Transforming coordinatorlayout-1.0.0-api.jar with BuildToolsApiClasspathEntrySnapshotTransform
[        ] Transforming customview-1.1.0-api.jar with BuildToolsApiClasspathEntrySnapshotTransform
[        ] Transforming vectordrawable-animated-1.1.0-api.jar with BuildToolsApiClasspathEntrySnapshotTransform
[        ] Transforming vectordrawable-1.1.0-api.jar with BuildToolsApiClasspathEntrySnapshotTransform
[        ] Transforming swiperefreshlayout-1.0.0-api.jar with BuildToolsApiClasspathEntrySnapshotTransform
[        ] Transforming asynclayoutinflater-1.0.0-api.jar with BuildToolsApiClasspathEntrySnapshotTransform
[        ] Transforming core-1.13.1-api.jar with BuildToolsApiClasspathEntrySnapshotTransform
[        ] Transforming lifecycle-runtime-2.7.0-api.jar with BuildToolsApiClasspathEntrySnapshotTransform
[        ] Transforming jetified-lifecycle-process-2.7.0-api.jar with BuildToolsApiClasspathEntrySnapshotTransform
[        ] Transforming lifecycle-common-java8-2.7.0.jar with BuildToolsApiClasspathEntrySnapshotTransform
[        ] Transforming lifecycle-common-2.7.0.jar with BuildToolsApiClasspathEntrySnapshotTransform
[        ] Transforming jetified-window-1.2.0-api.jar with BuildToolsApiClasspathEntrySnapshotTransform
[        ] Transforming jetified-window-java-1.2.0-api.jar with BuildToolsApiClasspathEntrySnapshotTransform
[        ] Transforming jetified-datastore-preferences-core-api.jar with BuildToolsApiClasspathEntrySnapshotTransform
[        ] Transforming jetified-datastore-core-okio-jvm-1.2.0.jar with BuildToolsApiClasspathEntrySnapshotTransform
[        ] Transforming jetified-datastore-core-api.jar with BuildToolsApiClasspathEntrySnapshotTransform
[        ] Transforming jetified-datastore-preferences-api.jar with BuildToolsApiClasspathEntrySnapshotTransform
[        ] Transforming jetified-datastore-api.jar with BuildToolsApiClasspathEntrySnapshotTransform
[        ] Transforming jetified-kotlinx-coroutines-core-jvm-1.9.0.jar with BuildToolsApiClasspathEntrySnapshotTransform
[        ] Transforming jetified-kotlinx-coroutines-android-1.9.0.jar with BuildToolsApiClasspathEntrySnapshotTransform
[        ] Transforming jetified-annotation-experimental-1.4.0-api.jar with BuildToolsApiClasspathEntrySnapshotTransform
[        ] Transforming jetified-savedstate-ktx-1.2.1-api.jar with BuildToolsApiClasspathEntrySnapshotTransform
[        ] Transforming jetified-savedstate-1.2.1-api.jar with BuildToolsApiClasspathEntrySnapshotTransform
[        ] Transforming core-runtime-2.2.0-api.jar with BuildToolsApiClasspathEntrySnapshotTransform
[        ] Transforming core-common-2.2.0.jar with BuildToolsApiClasspathEntrySnapshotTransform
[        ] Transforming versionedparcelable-1.1.1-api.jar with BuildToolsApiClasspathEntrySnapshotTransform
[        ] Transforming jetified-collection-ktx-1.1.0.jar with BuildToolsApiClasspathEntrySnapshotTransform
[        ] Transforming collection-1.1.0.jar with BuildToolsApiClasspathEntrySnapshotTransform
[        ] Transforming cursoradapter-1.0.0-api.jar with BuildToolsApiClasspathEntrySnapshotTransform
[        ] Transforming interpolator-1.0.0-api.jar with BuildToolsApiClasspathEntrySnapshotTransform
[        ] Transforming documentfile-1.0.0-api.jar with BuildToolsApiClasspathEntrySnapshotTransform
[        ] Transforming localbroadcastmanager-1.0.0-api.jar with BuildToolsApiClasspathEntrySnapshotTransform
[        ] Transforming print-1.0.0-api.jar with BuildToolsApiClasspathEntrySnapshotTransform
[        ] Transforming jetified-annotation-jvm-1.9.1.jar with BuildToolsApiClasspathEntrySnapshotTransform
[        ] Transforming jetified-okio-jvm-3.9.1.jar with BuildToolsApiClasspathEntrySnapshotTransform
[        ] Transforming jetified-kotlin-stdlib-2.1.0.jar with BuildToolsApiClasspathEntrySnapshotTransform
[        ] Transforming jetified-annotations-23.0.0.jar with BuildToolsApiClasspathEntrySnapshotTransform
[        ] Transforming jetified-startup-runtime-1.1.1-api.jar with BuildToolsApiClasspathEntrySnapshotTransform
[        ] Transforming jetified-tracing-1.2.0-api.jar with BuildToolsApiClasspathEntrySnapshotTransform
[        ] Transforming jetified-relinker-1.4.5-api.jar with BuildToolsApiClasspathEntrySnapshotTransform
[        ] Transforming exifinterface-1.4.1-api.jar with BuildToolsApiClasspathEntrySnapshotTransform
[        ] Transforming jetified-jspecify-1.0.0.jar with BuildToolsApiClasspathEntrySnapshotTransform
[        ] Transforming android.jar with BuildToolsApiClasspathEntrySnapshotTransform
[        ] Transforming core-lambda-stubs.jar with BuildToolsApiClasspathEntrySnapshotTransform
[        ] Caching disabled for task ':shared_preferences_android:compileDebugKotlin' because:
[        ]   Build cache is disabled
[        ] Skipping task ':shared_preferences_android:compileDebugKotlin' as it is up-to-date.
[        ] Resolve mutations for :shared_preferences_android:javaPreCompileDebug (Thread[#557,Execution worker Thread 6,5,main]) started.
[        ] :shared_preferences_android:javaPreCompileDebug (Thread[#557,Execution worker Thread 6,5,main]) started.
[        ] > Task :shared_preferences_android:javaPreCompileDebug UP-TO-DATE
[        ] Caching disabled for task ':shared_preferences_android:javaPreCompileDebug' because:
[        ]   Build cache is disabled
[        ] Skipping task ':shared_preferences_android:javaPreCompileDebug' as it is up-to-date.
[        ] Resolve mutations for :shared_preferences_android:compileDebugJavaWithJavac (Thread[#557,Execution worker Thread 6,5,main]) started.
[        ] :shared_preferences_android:compileDebugJavaWithJavac (Thread[#557,Execution worker Thread 6,5,main]) started.
[        ] > Task :shared_preferences_android:compileDebugJavaWithJavac UP-TO-DATE
[        ] Transforming core-for-system-modules.jar with JdkImageTransform
[        ] Transforming core-for-system-modules.jar with JdkImageTransform
[        ] Transforming core-for-system-modules.jar with JdkImageTransform
[        ] Transforming core-for-system-modules.jar with JdkImageTransform
[        ] Transforming core-for-system-modules.jar with JdkImageTransform
[        ] Transforming core-for-system-modules.jar with JdkImageTransform
[        ] Custom actions are attached to task ':shared_preferences_android:compileDebugJavaWithJavac'.
[        ] Caching disabled for task ':shared_preferences_android:compileDebugJavaWithJavac' because:
[        ]   Build cache is disabled
[        ] Skipping task ':shared_preferences_android:compileDebugJavaWithJavac' as it is up-to-date.
[        ] No compile result for :shared_preferences_android:compileDebugJavaWithJavac
[        ] No compile result for :shared_preferences_android:compileDebugJavaWithJavac
[        ] Resolve mutations for :shared_preferences_android:bundleLibCompileToJarDebug (Thread[#557,Execution worker Thread 6,5,main]) started.
[        ] :shared_preferences_android:bundleLibCompileToJarDebug (Thread[#557,Execution worker Thread 6,5,main]) started.
[        ] > Task :shared_preferences_android:bundleLibCompileToJarDebug UP-TO-DATE
[        ] Caching disabled for task ':shared_preferences_android:bundleLibCompileToJarDebug' because:
[        ]   Build cache is disabled
[        ]   Simple merging task
[        ] Skipping task ':shared_preferences_android:bundleLibCompileToJarDebug' as it is up-to-date.
[        ] work action resolve classes.jar (project :shared_preferences_android) (Thread[#557,Execution worker Thread 6,5,main]) started.
[        ] Resolve mutations for :twitter_login:checkKotlinGradlePluginConfigurationErrors (Thread[#557,Execution worker Thread 6,5,main]) started.
[        ] :twitter_login:checkKotlinGradlePluginConfigurationErrors (Thread[#557,Execution worker Thread 6,5,main]) started.
[        ] > Task :twitter_login:checkKotlinGradlePluginConfigurationErrors SKIPPED
[        ] Skipping task ':twitter_login:checkKotlinGradlePluginConfigurationErrors' as task onlyIf 'errorDiagnostics are present' is false.
[        ] Resolve mutations for :twitter_login:compileDebugKotlin (Thread[#551,included builds,5,main]) started.
[        ] :twitter_login:compileDebugKotlin (Thread[#551,included builds,5,main]) started.
[        ] > Task :twitter_login:compileDebugKotlin UP-TO-DATE
[        ] Transforming flutter_embedding_debug-1.0.0-6c0baaebf70e0148f485f27d5616b3d3382da7bf.jar (io.flutter:flutter_embedding_debug:1.0.0-6c0baaebf70e0148f485f27d5616b3d3382da7bf) with JetifyTransform
[        ] Transforming flutter_embedding_debug-1.0.0-6c0baaebf70e0148f485f27d5616b3d3382da7bf.jar (io.flutter:flutter_embedding_debug:1.0.0-6c0baaebf70e0148f485f27d5616b3d3382da7bf) with IdentityTransform
[        ] Transforming fragment-1.7.1.aar (androidx.fragment:fragment:1.7.1) with JetifyTransform
[        ] Transforming fragment-1.7.1.aar (androidx.fragment:fragment:1.7.1) with AarToClassTransform
[        ] Transforming activity-1.8.1.aar (androidx.activity:activity:1.8.1) with JetifyTransform
[        ] Transforming activity-1.8.1.aar (androidx.activity:activity:1.8.1) with AarToClassTransform
[        ] Transforming loader-1.0.0.aar (androidx.loader:loader:1.0.0) with JetifyTransform
[        ] Transforming browser-1.3.0.aar (androidx.browser:browser:1.3.0) with JetifyTransform
[        ] Transforming loader-1.0.0.aar (androidx.loader:loader:1.0.0) with AarToClassTransform
[        ] Transforming browser-1.3.0.aar (androidx.browser:browser:1.3.0) with AarToClassTransform
[        ] Transforming lifecycle-livedata-core-ktx-2.7.0.aar (androidx.lifecycle:lifecycle-livedata-core-ktx:2.7.0) with JetifyTransform
[        ] Transforming lifecycle-livedata-core-ktx-2.7.0.aar (androidx.lifecycle:lifecycle-livedata-core-ktx:2.7.0) with AarToClassTransform
[        ] Transforming lifecycle-livedata-2.7.0.aar (androidx.lifecycle:lifecycle-livedata:2.7.0) with JetifyTransform
[        ] Transforming lifecycle-livedata-2.7.0.aar (androidx.lifecycle:lifecycle-livedata:2.7.0) with AarToClassTransform
[        ] Transforming lifecycle-viewmodel-2.7.0.aar (androidx.lifecycle:lifecycle-viewmodel:2.7.0) with JetifyTransform
[        ] Transforming lifecycle-viewmodel-2.7.0.aar (androidx.lifecycle:lifecycle-viewmodel:2.7.0) with AarToClassTransform
[        ] Transforming lifecycle-viewmodel-2.7.0.aar (androidx.lifecycle:lifecycle-viewmodel:2.7.0) with JetifyTransform
[        ] Transforming lifecycle-viewmodel-2.7.0.aar (androidx.lifecycle:lifecycle-viewmodel:2.7.0) with AarToClassTransform
[        ] Transforming lifecycle-livedata-core-2.7.0.aar (androidx.lifecycle:lifecycle-livedata-core:2.7.0) with JetifyTransform
[        ] Transforming lifecycle-livedata-core-2.7.0.aar (androidx.lifecycle:lifecycle-livedata-core:2.7.0) with AarToClassTransform
[        ] Transforming lifecycle-viewmodel-savedstate-2.7.0.aar (androidx.lifecycle:lifecycle-viewmodel-savedstate:2.7.0) with JetifyTransform
[        ] Transforming lifecycle-viewmodel-savedstate-2.7.0.aar (androidx.lifecycle:lifecycle-viewmodel-savedstate:2.7.0) with AarToClassTransform
[        ] Transforming core-ktx-1.13.1.aar (androidx.core:core-ktx:1.13.1) with JetifyTransform
[        ] Transforming core-ktx-1.13.1.aar (androidx.core:core-ktx:1.13.1) with AarToClassTransform
[        ] Transforming viewpager-1.0.0.aar (androidx.viewpager:viewpager:1.0.0) with JetifyTransform
[        ] Transforming viewpager-1.0.0.aar (androidx.viewpager:viewpager:1.0.0) with AarToClassTransform
[        ] Transforming customview-1.0.0.aar (androidx.customview:customview:1.0.0) with JetifyTransform
[        ] Transforming customview-1.0.0.aar (androidx.customview:customview:1.0.0) with AarToClassTransform
[        ] Transforming core-1.13.1.aar (androidx.core:core:1.13.1) with JetifyTransform
[        ] Transforming core-1.13.1.aar (androidx.core:core:1.13.1) with AarToClassTransform
[        ] Transforming core-1.13.1.aar (androidx.core:core:1.13.1) with JetifyTransform
[        ] Transforming core-1.13.1.aar (androidx.core:core:1.13.1) with AarToClassTransform
[        ] Transforming lifecycle-runtime-2.7.0.aar (androidx.lifecycle:lifecycle-runtime:2.7.0) with JetifyTransform
[        ] Transforming lifecycle-runtime-2.7.0.aar (androidx.lifecycle:lifecycle-runtime:2.7.0) with AarToClassTransform
[        ] Transforming lifecycle-process-2.7.0.aar (androidx.lifecycle:lifecycle-process:2.7.0) with JetifyTransform
[        ] Transforming lifecycle-process-2.7.0.aar (androidx.lifecycle:lifecycle-process:2.7.0) with AarToClassTransform
[        ] Transforming lifecycle-common-java8-2.7.0.jar (androidx.lifecycle:lifecycle-common-java8:2.7.0) with JetifyTransform
[        ] Transforming lifecycle-common-java8-2.7.0.jar (androidx.lifecycle:lifecycle-common-java8:2.7.0) with IdentityTransform
[        ] Transforming lifecycle-common-2.7.0.jar (androidx.lifecycle:lifecycle-common:2.7.0) with JetifyTransform
[        ] Transforming lifecycle-common-2.7.0.jar (androidx.lifecycle:lifecycle-common:2.7.0) with IdentityTransform
[        ] Transforming window-1.2.0.aar (androidx.window:window:1.2.0) with JetifyTransform
[        ] Transforming window-1.2.0.aar (androidx.window:window:1.2.0) with AarToClassTransform
[        ] Transforming window-java-1.2.0.aar (androidx.window:window-java:1.2.0) with JetifyTransform
[        ] Transforming window-java-1.2.0.aar (androidx.window:window-java:1.2.0) with AarToClassTransform
[        ] Transforming annotation-experimental-1.4.0.aar (androidx.annotation:annotation-experimental:1.4.0) with JetifyTransform
[        ] Transforming annotation-experimental-1.4.0.aar (androidx.annotation:annotation-experimental:1.4.0) with AarToClassTransform
[        ] Transforming savedstate-1.2.1.aar (androidx.savedstate:savedstate:1.2.1) with JetifyTransform
[        ] Transforming savedstate-1.2.1.aar (androidx.savedstate:savedstate:1.2.1) with AarToClassTransform
[        ] Transforming core-runtime-2.2.0.aar (androidx.arch.core:core-runtime:2.2.0) with JetifyTransform
[        ] Transforming core-runtime-2.2.0.aar (androidx.arch.core:core-runtime:2.2.0) with AarToClassTransform
[        ] Transforming core-common-2.2.0.jar (androidx.arch.core:core-common:2.2.0) with JetifyTransform
[        ] Transforming core-common-2.2.0.jar (androidx.arch.core:core-common:2.2.0) with IdentityTransform
[        ] Transforming versionedparcelable-1.1.1.aar (androidx.versionedparcelable:versionedparcelable:1.1.1) with JetifyTransform
[        ] Transforming versionedparcelable-1.1.1.aar (androidx.versionedparcelable:versionedparcelable:1.1.1) with AarToClassTransform
[        ] Transforming collection-1.1.0.jar (androidx.collection:collection:1.1.0) with JetifyTransform
[        ] Transforming collection-1.1.0.jar (androidx.collection:collection:1.1.0) with IdentityTransform
[        ] Transforming annotation-jvm-1.8.1.jar (androidx.annotation:annotation-jvm:1.8.1) with JetifyTransform
[        ] Transforming annotation-jvm-1.8.1.jar (androidx.annotation:annotation-jvm:1.8.1) with IdentityTransform
[        ] Transforming kotlinx-coroutines-android-1.7.1.jar (org.jetbrains.kotlinx:kotlinx-coroutines-android:1.7.1) with JetifyTransform
[        ] Transforming kotlinx-coroutines-android-1.7.1.jar (org.jetbrains.kotlinx:kotlinx-coroutines-android:1.7.1) with IdentityTransform
[        ] Transforming kotlinx-coroutines-core-jvm-1.7.1.jar (org.jetbrains.kotlinx:kotlinx-coroutines-core-jvm:1.7.1) with JetifyTransform
[        ] Transforming kotlinx-coroutines-core-jvm-1.7.1.jar (org.jetbrains.kotlinx:kotlinx-coroutines-core-jvm:1.7.1) with IdentityTransform
[        ] Transforming kotlin-stdlib-jdk8-2.1.0.jar (org.jetbrains.kotlin:kotlin-stdlib-jdk8:2.1.0) with JetifyTransform
[        ] Transforming kotlin-stdlib-jdk8-2.1.0.jar (org.jetbrains.kotlin:kotlin-stdlib-jdk8:2.1.0) with IdentityTransform
[        ] Transforming kotlin-stdlib-2.1.0.jar (org.jetbrains.kotlin:kotlin-stdlib:2.1.0) with JetifyTransform
[        ] Transforming kotlin-stdlib-2.1.0.jar (org.jetbrains.kotlin:kotlin-stdlib:2.1.0) with IdentityTransform
[        ] Transforming kotlin-stdlib-jdk7-2.1.0.jar (org.jetbrains.kotlin:kotlin-stdlib-jdk7:2.1.0) with JetifyTransform
[        ] Transforming kotlin-stdlib-jdk7-2.1.0.jar (org.jetbrains.kotlin:kotlin-stdlib-jdk7:2.1.0) with IdentityTransform
[        ] Transforming annotations-23.0.0.jar (org.jetbrains:annotations:23.0.0) with JetifyTransform
[        ] Transforming annotations-23.0.0.jar (org.jetbrains:annotations:23.0.0) with IdentityTransform
[        ] Transforming listenablefuture-1.0.jar (com.google.guava:listenablefuture:1.0) with JetifyTransform
[        ] Transforming listenablefuture-1.0.jar (com.google.guava:listenablefuture:1.0) with IdentityTransform
[        ] Transforming startup-runtime-1.1.1.aar (androidx.startup:startup-runtime:1.1.1) with JetifyTransform
[        ] Transforming startup-runtime-1.1.1.aar (androidx.startup:startup-runtime:1.1.1) with AarToClassTransform
[        ] Transforming tracing-1.2.0.aar (androidx.tracing:tracing:1.2.0) with JetifyTransform
[        ] Transforming tracing-1.2.0.aar (androidx.tracing:tracing:1.2.0) with AarToClassTransform
[        ] Transforming relinker-1.4.5.aar (com.getkeepsafe.relinker:relinker:1.4.5) with JetifyTransform
[        ] Transforming relinker-1.4.5.aar (com.getkeepsafe.relinker:relinker:1.4.5) with AarToClassTransform
[        ] Transforming exifinterface-1.4.1.aar (androidx.exifinterface:exifinterface:1.4.1) with JetifyTransform
[        ] Transforming exifinterface-1.4.1.aar (androidx.exifinterface:exifinterface:1.4.1) with AarToClassTransform
[        ] Transforming jspecify-1.0.0.jar (org.jspecify:jspecify:1.0.0) with JetifyTransform
[        ] Transforming jspecify-1.0.0.jar (org.jspecify:jspecify:1.0.0) with IdentityTransform
[        ] Adding -Xuse-inline-scopes-numbers Kotlin compiler flag for task :twitter_login:compileDebugAndroidTestKotlin
[        ] Transforming R.jar with BuildToolsApiClasspathEntrySnapshotTransform
[        ] Transforming jetified-flutter_embedding_debug-1.0.0-6c0baaebf70e0148f485f27d5616b3d3382da7bf.jar with BuildToolsApiClasspathEntrySnapshotTransform
[        ] Transforming browser-1.3.0-api.jar with BuildToolsApiClasspathEntrySnapshotTransform
[        ] Transforming fragment-1.7.1-api.jar with BuildToolsApiClasspathEntrySnapshotTransform
[        ] Transforming jetified-activity-1.8.1-api.jar with BuildToolsApiClasspathEntrySnapshotTransform
[        ] Transforming loader-1.0.0-api.jar with BuildToolsApiClasspathEntrySnapshotTransform
[        ] Transforming jetified-lifecycle-livedata-core-ktx-2.7.0-api.jar with BuildToolsApiClasspathEntrySnapshotTransform
[        ] Transforming lifecycle-livedata-2.7.0-api.jar with BuildToolsApiClasspathEntrySnapshotTransform
[        ] Transforming lifecycle-viewmodel-2.7.0-api.jar with BuildToolsApiClasspathEntrySnapshotTransform
[        ] Transforming lifecycle-livedata-core-2.7.0-api.jar with BuildToolsApiClasspathEntrySnapshotTransform
[        ] Transforming jetified-lifecycle-viewmodel-savedstate-2.7.0-api.jar with BuildToolsApiClasspathEntrySnapshotTransform
[        ] Transforming jetified-core-ktx-1.13.1-api.jar with BuildToolsApiClasspathEntrySnapshotTransform
[        ] Transforming viewpager-1.0.0-api.jar with BuildToolsApiClasspathEntrySnapshotTransform
[        ] Transforming customview-1.0.0-api.jar with BuildToolsApiClasspathEntrySnapshotTransform
[        ] Transforming core-1.13.1-api.jar with BuildToolsApiClasspathEntrySnapshotTransform
[        ] Transforming lifecycle-runtime-2.7.0-api.jar with BuildToolsApiClasspathEntrySnapshotTransform
[        ] Transforming jetified-lifecycle-process-2.7.0-api.jar with BuildToolsApiClasspathEntrySnapshotTransform
[        ] Transforming lifecycle-common-java8-2.7.0.jar with BuildToolsApiClasspathEntrySnapshotTransform
[        ] Transforming lifecycle-common-2.7.0.jar with BuildToolsApiClasspathEntrySnapshotTransform
[        ] Transforming jetified-window-1.2.0-api.jar with BuildToolsApiClasspathEntrySnapshotTransform
[        ] Transforming jetified-window-java-1.2.0-api.jar with BuildToolsApiClasspathEntrySnapshotTransform
[        ] Transforming jetified-annotation-experimental-1.4.0-api.jar with BuildToolsApiClasspathEntrySnapshotTransform
[        ] Transforming jetified-savedstate-1.2.1-api.jar with BuildToolsApiClasspathEntrySnapshotTransform
[        ] Transforming core-runtime-2.2.0-api.jar with BuildToolsApiClasspathEntrySnapshotTransform
[        ] Transforming core-common-2.2.0.jar with BuildToolsApiClasspathEntrySnapshotTransform
[        ] Transforming versionedparcelable-1.1.1-api.jar with BuildToolsApiClasspathEntrySnapshotTransform
[        ] Transforming collection-1.1.0.jar with BuildToolsApiClasspathEntrySnapshotTransform
[        ] Transforming jetified-annotation-jvm-1.8.1.jar with BuildToolsApiClasspathEntrySnapshotTransform
[        ] Transforming jetified-kotlinx-coroutines-android-1.7.1.jar with BuildToolsApiClasspathEntrySnapshotTransform
[        ] Transforming jetified-kotlinx-coroutines-core-jvm-1.7.1.jar with BuildToolsApiClasspathEntrySnapshotTransform
[        ] Transforming jetified-kotlin-stdlib-jdk8-2.1.0.jar with BuildToolsApiClasspathEntrySnapshotTransform
[        ] Transforming jetified-kotlin-stdlib-2.1.0.jar with BuildToolsApiClasspathEntrySnapshotTransform
[        ] Transforming jetified-kotlin-stdlib-jdk7-2.1.0.jar with BuildToolsApiClasspathEntrySnapshotTransform
[        ] Transforming jetified-annotations-23.0.0.jar with BuildToolsApiClasspathEntrySnapshotTransform
[        ] Transforming jetified-listenablefuture-1.0.jar with BuildToolsApiClasspathEntrySnapshotTransform
[        ] Transforming jetified-startup-runtime-1.1.1-api.jar with BuildToolsApiClasspathEntrySnapshotTransform
[        ] Transforming jetified-tracing-1.2.0-api.jar with BuildToolsApiClasspathEntrySnapshotTransform
[        ] Transforming jetified-relinker-1.4.5-api.jar with BuildToolsApiClasspathEntrySnapshotTransform
[        ] Transforming exifinterface-1.4.1-api.jar with BuildToolsApiClasspathEntrySnapshotTransform
[        ] Transforming jetified-jspecify-1.0.0.jar with BuildToolsApiClasspathEntrySnapshotTransform
[        ] Transforming android.jar with BuildToolsApiClasspathEntrySnapshotTransform
[        ] Transforming core-lambda-stubs.jar with BuildToolsApiClasspathEntrySnapshotTransform
[        ] Caching disabled for task ':twitter_login:compileDebugKotlin' because:
[        ]   Build cache is disabled
[        ] Skipping task ':twitter_login:compileDebugKotlin' as it is up-to-date.
[        ] Resolve mutations for :twitter_login:javaPreCompileDebug (Thread[#551,included builds,5,main]) started.
[        ] :twitter_login:javaPreCompileDebug (Thread[#559,Execution worker Thread 8,5,main]) started.
[  +64 ms] > Task :twitter_login:javaPreCompileDebug UP-TO-DATE
[        ] Caching disabled for task ':twitter_login:javaPreCompileDebug' because:
[        ]   Build cache is disabled
[        ] Skipping task ':twitter_login:javaPreCompileDebug' as it is up-to-date.
[        ] Resolve mutations for :twitter_login:compileDebugJavaWithJavac (Thread[#559,Execution worker Thread 8,5,main]) started.
[        ] :twitter_login:compileDebugJavaWithJavac (Thread[#559,Execution worker Thread 8,5,main]) started.
[        ] > Task :twitter_login:compileDebugJavaWithJavac UP-TO-DATE
[        ] Custom actions are attached to task ':twitter_login:compileDebugJavaWithJavac'.
[        ] Caching disabled for task ':twitter_login:compileDebugJavaWithJavac' because:
[        ]   Build cache is disabled
[        ] Skipping task ':twitter_login:compileDebugJavaWithJavac' as it is up-to-date.
[        ] No compile result for :twitter_login:compileDebugJavaWithJavac
[        ] No compile result for :twitter_login:compileDebugJavaWithJavac
[        ] Resolve mutations for :twitter_login:bundleLibCompileToJarDebug (Thread[#551,included builds,5,main]) started.
[        ] :twitter_login:bundleLibCompileToJarDebug (Thread[#551,included builds,5,main]) started.
[        ] > Task :twitter_login:bundleLibCompileToJarDebug UP-TO-DATE
[        ] Caching disabled for task ':twitter_login:bundleLibCompileToJarDebug' because:
[        ]   Build cache is disabled
[        ]   Simple merging task
[        ] Skipping task ':twitter_login:bundleLibCompileToJarDebug' as it is up-to-date.
[        ] work action resolve classes.jar (project :twitter_login) (Thread[#551,included builds,5,main]) started.
[        ] Resolve mutations for :url_launcher_android:generateDebugBuildConfig (Thread[#558,Execution worker Thread 7,5,main]) started.
[        ] :url_launcher_android:generateDebugBuildConfig (Thread[#558,Execution worker Thread 7,5,main]) started.
[        ] > Task :url_launcher_android:generateDebugBuildConfig UP-TO-DATE
[        ] Caching disabled for task ':url_launcher_android:generateDebugBuildConfig' because:
[        ]   Build cache is disabled
[        ] Skipping task ':url_launcher_android:generateDebugBuildConfig' as it is up-to-date.
[        ] Resolve mutations for :url_launcher_android:javaPreCompileDebug (Thread[#558,Execution worker Thread 7,5,main]) started.
[        ] :url_launcher_android:javaPreCompileDebug (Thread[#558,Execution worker Thread 7,5,main]) started.
[        ] > Task :url_launcher_android:javaPreCompileDebug UP-TO-DATE
[        ] Caching disabled for task ':url_launcher_android:javaPreCompileDebug' because:
[        ]   Build cache is disabled
[        ] Skipping task ':url_launcher_android:javaPreCompileDebug' as it is up-to-date.
[        ] Resolve mutations for :url_launcher_android:compileDebugJavaWithJavac (Thread[#558,Execution worker Thread 7,5,main]) started.
[        ] :url_launcher_android:compileDebugJavaWithJavac (Thread[#558,Execution worker Thread 7,5,main]) started.
[        ] > Task :url_launcher_android:compileDebugJavaWithJavac UP-TO-DATE
[        ] Transforming flutter_embedding_debug-1.0.0-6c0baaebf70e0148f485f27d5616b3d3382da7bf.jar (io.flutter:flutter_embedding_debug:1.0.0-6c0baaebf70e0148f485f27d5616b3d3382da7bf) with JetifyTransform
[        ] Transforming flutter_embedding_debug-1.0.0-6c0baaebf70e0148f485f27d5616b3d3382da7bf.jar (io.flutter:flutter_embedding_debug:1.0.0-6c0baaebf70e0148f485f27d5616b3d3382da7bf) with IdentityTransform
[        ] Transforming browser-1.9.0.aar (androidx.browser:browser:1.9.0) with JetifyTransform
[        ] Transforming browser-1.9.0.aar (androidx.browser:browser:1.9.0) with AarToClassTransform
[        ] Transforming fragment-1.7.1.aar (androidx.fragment:fragment:1.7.1) with JetifyTransform
[        ] Transforming fragment-1.7.1.aar (androidx.fragment:fragment:1.7.1) with AarToClassTransform
[        ] Transforming activity-1.9.0.aar (androidx.activity:activity:1.9.0) with JetifyTransform
[        ] Transforming activity-1.9.0.aar (androidx.activity:activity:1.9.0) with AarToClassTransform
[        ] Transforming loader-1.0.0.aar (androidx.loader:loader:1.0.0) with JetifyTransform
[        ] Transforming loader-1.0.0.aar (androidx.loader:loader:1.0.0) with AarToClassTransform
[        ] Transforming lifecycle-livedata-core-ktx-2.7.0.aar (androidx.lifecycle:lifecycle-livedata-core-ktx:2.7.0) with JetifyTransform
[        ] Transforming lifecycle-livedata-core-ktx-2.7.0.aar (androidx.lifecycle:lifecycle-livedata-core-ktx:2.7.0) with AarToClassTransform
[        ] Transforming lifecycle-livedata-2.7.0.aar (androidx.lifecycle:lifecycle-livedata:2.7.0) with JetifyTransform
[        ] Transforming lifecycle-livedata-2.7.0.aar (androidx.lifecycle:lifecycle-livedata:2.7.0) with AarToClassTransform
[        ] Transforming lifecycle-viewmodel-2.7.0.aar (androidx.lifecycle:lifecycle-viewmodel:2.7.0) with JetifyTransform
[        ] Transforming lifecycle-viewmodel-2.7.0.aar (androidx.lifecycle:lifecycle-viewmodel:2.7.0) with AarToClassTransform
[        ] Transforming lifecycle-viewmodel-2.7.0.aar (androidx.lifecycle:lifecycle-viewmodel:2.7.0) with JetifyTransform
[        ] Transforming lifecycle-viewmodel-2.7.0.aar (androidx.lifecycle:lifecycle-viewmodel:2.7.0) with AarToClassTransform
[        ] Transforming lifecycle-livedata-core-2.7.0.aar (androidx.lifecycle:lifecycle-livedata-core:2.7.0) with JetifyTransform
[        ] Transforming lifecycle-livedata-core-2.7.0.aar (androidx.lifecycle:lifecycle-livedata-core:2.7.0) with AarToClassTransform
[        ] Transforming lifecycle-process-2.7.0.aar (androidx.lifecycle:lifecycle-process:2.7.0) with JetifyTransform
[        ] Transforming lifecycle-process-2.7.0.aar (androidx.lifecycle:lifecycle-process:2.7.0) with AarToClassTransform
[        ] Transforming lifecycle-common-java8-2.7.0.jar (androidx.lifecycle:lifecycle-common-java8:2.7.0) with JetifyTransform
[        ] Transforming lifecycle-common-java8-2.7.0.jar (androidx.lifecycle:lifecycle-common-java8:2.7.0) with IdentityTransform
[        ] Transforming lifecycle-common-2.7.0.jar (androidx.lifecycle:lifecycle-common:2.7.0) with JetifyTransform
[        ] Transforming lifecycle-common-2.7.0.jar (androidx.lifecycle:lifecycle-common:2.7.0) with IdentityTransform
[        ] Transforming lifecycle-runtime-2.7.0.aar (androidx.lifecycle:lifecycle-runtime:2.7.0) with JetifyTransform
[        ] Transforming lifecycle-runtime-2.7.0.aar (androidx.lifecycle:lifecycle-runtime:2.7.0) with AarToClassTransform
[        ] Transforming lifecycle-viewmodel-savedstate-2.7.0.aar (androidx.lifecycle:lifecycle-viewmodel-savedstate:2.7.0) with JetifyTransform
[        ] Transforming lifecycle-viewmodel-savedstate-2.7.0.aar (androidx.lifecycle:lifecycle-viewmodel-savedstate:2.7.0) with AarToClassTransform
[        ] Transforming core-ktx-1.17.0.aar (androidx.core:core-ktx:1.17.0) with JetifyTransform
[        ] Transforming core-ktx-1.17.0.aar (androidx.core:core-ktx:1.17.0) with AarToClassTransform
[        ] Transforming viewpager-1.0.0.aar (androidx.viewpager:viewpager:1.0.0) with JetifyTransform
[        ] Transforming viewpager-1.0.0.aar (androidx.viewpager:viewpager:1.0.0) with AarToClassTransform
[        ] Transforming customview-1.0.0.aar (androidx.customview:customview:1.0.0) with JetifyTransform
[        ] Transforming customview-1.0.0.aar (androidx.customview:customview:1.0.0) with AarToClassTransform
[        ] Transforming core-1.17.0.aar (androidx.core:core:1.17.0) with JetifyTransform
[        ] Transforming core-1.17.0.aar (androidx.core:core:1.17.0) with AarToClassTransform
[        ] Transforming core-1.17.0.aar (androidx.core:core:1.17.0) with JetifyTransform
[        ] Transforming core-1.17.0.aar (androidx.core:core:1.17.0) with AarToClassTransform
[        ] Transforming versionedparcelable-1.1.1.aar (androidx.versionedparcelable:versionedparcelable:1.1.1) with JetifyTransform
[        ] Transforming versionedparcelable-1.1.1.aar (androidx.versionedparcelable:versionedparcelable:1.1.1) with AarToClassTransform
[        ] Transforming core-runtime-2.2.0.aar (androidx.arch.core:core-runtime:2.2.0) with JetifyTransform
[        ] Transforming core-runtime-2.2.0.aar (androidx.arch.core:core-runtime:2.2.0) with AarToClassTransform
[        ] Transforming core-common-2.2.0.jar (androidx.arch.core:core-common:2.2.0) with JetifyTransform
[        ] Transforming core-common-2.2.0.jar (androidx.arch.core:core-common:2.2.0) with IdentityTransform
[        ] Transforming savedstate-1.2.1.aar (androidx.savedstate:savedstate:1.2.1) with JetifyTransform
[        ] Transforming savedstate-1.2.1.aar (androidx.savedstate:savedstate:1.2.1) with AarToClassTransform
[        ] Transforming annotation-jvm-1.9.1.jar (androidx.annotation:annotation-jvm:1.9.1) with JetifyTransform
[        ] Transforming annotation-jvm-1.9.1.jar (androidx.annotation:annotation-jvm:1.9.1) with IdentityTransform
[        ] Transforming window-1.2.0.aar (androidx.window:window:1.2.0) with JetifyTransform
[        ] Transforming window-1.2.0.aar (androidx.window:window:1.2.0) with AarToClassTransform
[        ] Transforming window-java-1.2.0.aar (androidx.window:window-java:1.2.0) with JetifyTransform
[        ] Transforming window-java-1.2.0.aar (androidx.window:window-java:1.2.0) with AarToClassTransform
[        ] Transforming annotation-experimental-1.4.1.aar (androidx.annotation:annotation-experimental:1.4.1) with JetifyTransform
[        ] Transforming annotation-experimental-1.4.1.aar (androidx.annotation:annotation-experimental:1.4.1) with AarToClassTransform
[        ] Transforming collection-jvm-1.4.2.jar (androidx.collection:collection-jvm:1.4.2) with JetifyTransform
[        ] Transforming core-viewtree-1.0.0.aar (androidx.core:core-viewtree:1.0.0) with JetifyTransform
[        ] Transforming collection-jvm-1.4.2.jar (androidx.collection:collection-jvm:1.4.2) with IdentityTransform
[        ] Transforming core-viewtree-1.0.0.aar (androidx.core:core-viewtree:1.0.0) with AarToClassTransform
[        ] Transforming kotlin-stdlib-2.1.0.jar (org.jetbrains.kotlin:kotlin-stdlib:2.1.0) with JetifyTransform
[        ] Transforming kotlin-stdlib-2.1.0.jar (org.jetbrains.kotlin:kotlin-stdlib:2.1.0) with IdentityTransform
[        ] Transforming annotations-23.0.0.jar (org.jetbrains:annotations:23.0.0) with JetifyTransform
[        ] Transforming annotations-23.0.0.jar (org.jetbrains:annotations:23.0.0) with IdentityTransform
[        ] Transforming listenablefuture-1.0.jar (com.google.guava:listenablefuture:1.0) with JetifyTransform
[        ] Transforming kotlinx-coroutines-core-jvm-1.8.1.jar (org.jetbrains.kotlinx:kotlinx-coroutines-core-jvm:1.8.1) with JetifyTransform
[        ] Transforming listenablefuture-1.0.jar (com.google.guava:listenablefuture:1.0) with IdentityTransform
[        ] Transforming kotlinx-coroutines-core-jvm-1.8.1.jar (org.jetbrains.kotlinx:kotlinx-coroutines-core-jvm:1.8.1) with IdentityTransform
[        ] Transforming kotlinx-coroutines-android-1.8.1.jar (org.jetbrains.kotlinx:kotlinx-coroutines-android:1.8.1) with JetifyTransform
[        ] Transforming startup-runtime-1.1.1.aar (androidx.startup:startup-runtime:1.1.1) with JetifyTransform
[        ] Transforming kotlinx-coroutines-android-1.8.1.jar (org.jetbrains.kotlinx:kotlinx-coroutines-android:1.8.1) with IdentityTransform
[        ] Transforming startup-runtime-1.1.1.aar (androidx.startup:startup-runtime:1.1.1) with AarToClassTransform
[        ] Transforming tracing-1.2.0.aar (androidx.tracing:tracing:1.2.0) with JetifyTransform
[        ] Transforming tracing-1.2.0.aar (androidx.tracing:tracing:1.2.0) with AarToClassTransform
[        ] Transforming exifinterface-1.4.1.aar (androidx.exifinterface:exifinterface:1.4.1) with JetifyTransform
[        ] Transforming exifinterface-1.4.1.aar (androidx.exifinterface:exifinterface:1.4.1) with AarToClassTransform
[        ] Transforming jspecify-1.0.0.jar (org.jspecify:jspecify:1.0.0) with JetifyTransform
[        ] Transforming jspecify-1.0.0.jar (org.jspecify:jspecify:1.0.0) with IdentityTransform
[        ] Transforming relinker-1.4.5.aar (com.getkeepsafe.relinker:relinker:1.4.5) with JetifyTransform
[        ] Transforming relinker-1.4.5.aar (com.getkeepsafe.relinker:relinker:1.4.5) with AarToClassTransform
[        ] Transforming core-for-system-modules.jar with JdkImageTransform
[        ] Transforming core-for-system-modules.jar with JdkImageTransform
[        ] Transforming core-for-system-modules.jar with JdkImageTransform
[        ] Transforming core-for-system-modules.jar with JdkImageTransform
[        ] Transforming core-for-system-modules.jar with JdkImageTransform
[        ] Transforming core-for-system-modules.jar with JdkImageTransform
[        ] Custom actions are attached to task ':url_launcher_android:compileDebugJavaWithJavac'.
[        ] Caching disabled for task ':url_launcher_android:compileDebugJavaWithJavac' because:
[        ]   Build cache is disabled
[        ] Skipping task ':url_launcher_android:compileDebugJavaWithJavac' as it is up-to-date.
[        ] No compile result for :url_launcher_android:compileDebugJavaWithJavac
[        ] No compile result for :url_launcher_android:compileDebugJavaWithJavac
[        ] Resolve mutations for :url_launcher_android:bundleLibCompileToJarDebug (Thread[#558,Execution worker Thread 7,5,main]) started.
[        ] :url_launcher_android:bundleLibCompileToJarDebug (Thread[#558,Execution worker Thread 7,5,main]) started.
[        ] > Task :url_launcher_android:bundleLibCompileToJarDebug UP-TO-DATE
[        ] Caching disabled for task ':url_launcher_android:bundleLibCompileToJarDebug' because:
[        ]   Build cache is disabled
[        ]   Simple merging task
[        ] Skipping task ':url_launcher_android:bundleLibCompileToJarDebug' as it is up-to-date.
[        ] work action resolve classes.jar (project :url_launcher_android) (Thread[#558,Execution worker Thread 7,5,main]) started.
[        ] Resolve mutations for :app:compileDebugKotlin (Thread[#565,Execution worker Thread 14,5,main]) started.
[        ] :app:compileDebugKotlin (Thread[#565,Execution worker Thread 14,5,main]) started.
[  +80 ms] > Task :app:compileDebugKotlin FAILED
[        ] Transforming libs.jar with JetifyTransform
[        ] Transforming libs.jar with IdentityTransform
[        ] Transforming flutter_embedding_debug-1.0.0-6c0baaebf70e0148f485f27d5616b3d3382da7bf.jar (io.flutter:flutter_embedding_debug:1.0.0-6c0baaebf70e0148f485f27d5616b3d3382da7bf) with JetifyTransform
[        ] Transforming flutter_embedding_debug-1.0.0-6c0baaebf70e0148f485f27d5616b3d3382da7bf.jar (io.flutter:flutter_embedding_debug:1.0.0-6c0baaebf70e0148f485f27d5616b3d3382da7bf) with IdentityTransform
[        ] Transforming fragment-1.7.1.aar (androidx.fragment:fragment:1.7.1) with JetifyTransform
[        ] Transforming fragment-1.7.1.aar (androidx.fragment:fragment:1.7.1) with AarToClassTransform
[        ] Transforming activity-1.9.0.aar (androidx.activity:activity:1.9.0) with JetifyTransform
[        ] Transforming activity-1.9.0.aar (androidx.activity:activity:1.9.0) with AarToClassTransform
[        ] Transforming loader-1.1.0.aar (androidx.loader:loader:1.1.0) with JetifyTransform
[        ] Transforming loader-1.1.0.aar (androidx.loader:loader:1.1.0) with AarToClassTransform
[        ] Transforming lifecycle-viewmodel-2.7.0.aar (androidx.lifecycle:lifecycle-viewmodel:2.7.0) with JetifyTransform
[        ] Transforming lifecycle-viewmodel-2.7.0.aar (androidx.lifecycle:lifecycle-viewmodel:2.7.0) with AarToClassTransform
[        ] Transforming lifecycle-viewmodel-2.7.0.aar (androidx.lifecycle:lifecycle-viewmodel:2.7.0) with JetifyTransform
[        ] Transforming lifecycle-viewmodel-2.7.0.aar (androidx.lifecycle:lifecycle-viewmodel:2.7.0) with AarToClassTransform
[        ] Transforming lifecycle-livedata-core-2.7.0.aar (androidx.lifecycle:lifecycle-livedata-core:2.7.0) with JetifyTransform
[        ] Transforming lifecycle-livedata-core-2.7.0.aar (androidx.lifecycle:lifecycle-livedata-core:2.7.0) with AarToClassTransform
[        ] Transforming lifecycle-livedata-core-2.7.0.aar (androidx.lifecycle:lifecycle-livedata-core:2.7.0) with JetifyTransform
[        ] Transforming lifecycle-livedata-core-2.7.0.aar (androidx.lifecycle:lifecycle-livedata-core:2.7.0) with AarToClassTransform
[        ] Transforming lifecycle-viewmodel-savedstate-2.7.0.aar (androidx.lifecycle:lifecycle-viewmodel-savedstate:2.7.0) with JetifyTransform
[        ] Transforming lifecycle-viewmodel-savedstate-2.7.0.aar (androidx.lifecycle:lifecycle-viewmodel-savedstate:2.7.0) with AarToClassTransform
[        ] Transforming core-ktx-1.17.0.aar (androidx.core:core-ktx:1.17.0) with JetifyTransform
[        ] Transforming core-ktx-1.17.0.aar (androidx.core:core-ktx:1.17.0) with AarToClassTransform
[        ] Transforming viewpager-1.0.0.aar (androidx.viewpager:viewpager:1.0.0) with JetifyTransform
[        ] Transforming viewpager-1.0.0.aar (androidx.viewpager:viewpager:1.0.0) with AarToClassTransform
[        ] Transforming customview-1.1.0.aar (androidx.customview:customview:1.1.0) with JetifyTransform
[        ] Transforming customview-1.1.0.aar (androidx.customview:customview:1.1.0) with AarToClassTransform
[        ] Transforming core-1.17.0.aar (androidx.core:core:1.17.0) with JetifyTransform
[        ] Transforming core-1.17.0.aar (androidx.core:core:1.17.0) with AarToClassTransform
[        ] Transforming core-1.17.0.aar (androidx.core:core:1.17.0) with JetifyTransform
[        ] Transforming core-1.17.0.aar (androidx.core:core:1.17.0) with AarToClassTransform
[        ] Transforming lifecycle-runtime-2.7.0.aar (androidx.lifecycle:lifecycle-runtime:2.7.0) with JetifyTransform
[        ] Transforming lifecycle-runtime-2.7.0.aar (androidx.lifecycle:lifecycle-runtime:2.7.0) with AarToClassTransform
[        ] Transforming lifecycle-process-2.7.0.aar (androidx.lifecycle:lifecycle-process:2.7.0) with JetifyTransform
[        ] Transforming lifecycle-process-2.7.0.aar (androidx.lifecycle:lifecycle-process:2.7.0) with AarToClassTransform
[        ] Transforming lifecycle-common-java8-2.7.0.jar (androidx.lifecycle:lifecycle-common-java8:2.7.0) with JetifyTransform
[        ] Transforming lifecycle-common-java8-2.7.0.jar (androidx.lifecycle:lifecycle-common-java8:2.7.0) with IdentityTransform
[        ] Transforming lifecycle-common-2.7.0.jar (androidx.lifecycle:lifecycle-common:2.7.0) with JetifyTransform
[        ] Transforming lifecycle-common-2.7.0.jar (androidx.lifecycle:lifecycle-common:2.7.0) with IdentityTransform
[        ] Transforming core-common-2.2.0.jar (androidx.arch.core:core-common:2.2.0) with JetifyTransform
[        ] Transforming core-common-2.2.0.jar (androidx.arch.core:core-common:2.2.0) with IdentityTransform
[        ] Transforming savedstate-1.2.1.aar (androidx.savedstate:savedstate:1.2.1) with JetifyTransform
[        ] Transforming savedstate-1.2.1.aar (androidx.savedstate:savedstate:1.2.1) with AarToClassTransform
[        ] Transforming versionedparcelable-1.1.1.aar (androidx.versionedparcelable:versionedparcelable:1.1.1) with JetifyTransform
[        ] Transforming versionedparcelable-1.1.1.aar (androidx.versionedparcelable:versionedparcelable:1.1.1) with AarToClassTransform
[        ] Transforming collection-jvm-1.4.2.jar (androidx.collection:collection-jvm:1.4.2) with JetifyTransform
[        ] Transforming collection-jvm-1.4.2.jar (androidx.collection:collection-jvm:1.4.2) with IdentityTransform
[        ] Transforming annotation-jvm-1.9.1.jar (androidx.annotation:annotation-jvm:1.9.1) with JetifyTransform
[        ] Transforming annotation-jvm-1.9.1.jar (androidx.annotation:annotation-jvm:1.9.1) with IdentityTransform
[        ] Transforming window-1.2.0.aar (androidx.window:window:1.2.0) with JetifyTransform
[        ] Transforming window-1.2.0.aar (androidx.window:window:1.2.0) with AarToClassTransform
[        ] Transforming window-java-1.2.0.aar (androidx.window:window-java:1.2.0) with JetifyTransform
[        ] Transforming window-java-1.2.0.aar (androidx.window:window-java:1.2.0) with AarToClassTransform
[        ] Transforming kotlinx-coroutines-core-jvm-1.9.0.jar (org.jetbrains.kotlinx:kotlinx-coroutines-core-jvm:1.9.0) with JetifyTransform
[        ] Transforming kotlinx-coroutines-core-jvm-1.9.0.jar (org.jetbrains.kotlinx:kotlinx-coroutines-core-jvm:1.9.0) with IdentityTransform
[        ] Transforming kotlinx-coroutines-android-1.9.0.jar (org.jetbrains.kotlinx:kotlinx-coroutines-android:1.9.0) with JetifyTransform
[        ] Transforming kotlinx-coroutines-android-1.9.0.jar (org.jetbrains.kotlinx:kotlinx-coroutines-android:1.9.0) with IdentityTransform
[        ] Transforming annotation-experimental-1.4.1.aar (androidx.annotation:annotation-experimental:1.4.1) with JetifyTransform
[        ] Transforming annotation-experimental-1.4.1.aar (androidx.annotation:annotation-experimental:1.4.1) with AarToClassTransform
[        ] Transforming core-viewtree-1.0.0.aar (androidx.core:core-viewtree:1.0.0) with JetifyTransform
[        ] Transforming core-viewtree-1.0.0.aar (androidx.core:core-viewtree:1.0.0) with AarToClassTransform
[        ] Transforming kotlin-stdlib-2.1.0.jar (org.jetbrains.kotlin:kotlin-stdlib:2.1.0) with JetifyTransform
[        ] Transforming kotlin-stdlib-2.1.0.jar (org.jetbrains.kotlin:kotlin-stdlib:2.1.0) with IdentityTransform
[        ] Transforming annotations-23.0.0.jar (org.jetbrains:annotations:23.0.0) with JetifyTransform
[        ] Transforming annotations-23.0.0.jar (org.jetbrains:annotations:23.0.0) with IdentityTransform
[        ] Transforming listenablefuture-9999.0-empty-to-avoid-conflict-with-guava.jar (com.google.guava:listenablefuture:9999.0-empty-to-avoid-conflict-with-guava) with JetifyTransform
[        ] Transforming listenablefuture-9999.0-empty-to-avoid-conflict-with-guava.jar (com.google.guava:listenablefuture:9999.0-empty-to-avoid-conflict-with-guava) with IdentityTransform
[        ] Transforming startup-runtime-1.1.1.aar (androidx.startup:startup-runtime:1.1.1) with JetifyTransform
[        ] Transforming arm64_v8a_debug-1.0.0-6c0baaebf70e0148f485f27d5616b3d3382da7bf.jar (io.flutter:arm64_v8a_debug:1.0.0-6c0baaebf70e0148f485f27d5616b3d3382da7bf) with JetifyTransform
[        ] Transforming startup-runtime-1.1.1.aar (androidx.startup:startup-runtime:1.1.1) with AarToClassTransform
[        ] Transforming arm64_v8a_debug-1.0.0-6c0baaebf70e0148f485f27d5616b3d3382da7bf.jar (io.flutter:arm64_v8a_debug:1.0.0-6c0baaebf70e0148f485f27d5616b3d3382da7bf) with IdentityTransform
[        ] Transforming tracing-1.2.0.aar (androidx.tracing:tracing:1.2.0) with JetifyTransform
[        ] Transforming armeabi_v7a_debug-1.0.0-6c0baaebf70e0148f485f27d5616b3d3382da7bf.jar (io.flutter:armeabi_v7a_debug:1.0.0-6c0baaebf70e0148f485f27d5616b3d3382da7bf) with JetifyTransform
[        ] Transforming tracing-1.2.0.aar (androidx.tracing:tracing:1.2.0) with AarToClassTransform
[        ] Transforming armeabi_v7a_debug-1.0.0-6c0baaebf70e0148f485f27d5616b3d3382da7bf.jar (io.flutter:armeabi_v7a_debug:1.0.0-6c0baaebf70e0148f485f27d5616b3d3382da7bf) with IdentityTransform
[        ] Transforming exifinterface-1.4.1.aar (androidx.exifinterface:exifinterface:1.4.1) with JetifyTransform
[        ] Transforming x86_64_debug-1.0.0-6c0baaebf70e0148f485f27d5616b3d3382da7bf.jar (io.flutter:x86_64_debug:1.0.0-6c0baaebf70e0148f485f27d5616b3d3382da7bf) with JetifyTransform
[        ] Transforming exifinterface-1.4.1.aar (androidx.exifinterface:exifinterface:1.4.1) with AarToClassTransform
[        ] Transforming x86_64_debug-1.0.0-6c0baaebf70e0148f485f27d5616b3d3382da7bf.jar (io.flutter:x86_64_debug:1.0.0-6c0baaebf70e0148f485f27d5616b3d3382da7bf) with IdentityTransform
[        ] Transforming jspecify-1.0.0.jar (org.jspecify:jspecify:1.0.0) with JetifyTransform
[        ] Transforming jspecify-1.0.0.jar (org.jspecify:jspecify:1.0.0) with IdentityTransform
[        ] Transforming relinker-1.4.5.aar (com.getkeepsafe.relinker:relinker:1.4.5) with JetifyTransform
[        ] Transforming relinker-1.4.5.aar (com.getkeepsafe.relinker:relinker:1.4.5) with AarToClassTransform
[        ] Transforming libs.jar with JetifyTransform
[        ] Transforming libs.jar with IdentityTransform
[        ] Transforming libs.jar with JetifyTransform
[        ] Transforming libs.jar with IdentityTransform
[        ] Adding -Xuse-inline-scopes-numbers Kotlin compiler flag for task :app:compileDebugAndroidTestKotlin
[        ] Transforming R.jar with BuildToolsApiClasspathEntrySnapshotTransform
[        ] Transforming jetified-libs.jar with BuildToolsApiClasspathEntrySnapshotTransform
[        ] Transforming classes.jar with BuildToolsApiClasspathEntrySnapshotTransform
[        ] Transforming classes.jar with BuildToolsApiClasspathEntrySnapshotTransform
[        ] Transforming classes.jar with BuildToolsApiClasspathEntrySnapshotTransform
[        ] Transforming classes.jar with BuildToolsApiClasspathEntrySnapshotTransform
[        ] Transforming classes.jar with BuildToolsApiClasspathEntrySnapshotTransform
[        ] Transforming classes.jar with BuildToolsApiClasspathEntrySnapshotTransform
[        ] Transforming classes.jar with BuildToolsApiClasspathEntrySnapshotTransform
[        ] Transforming classes.jar with BuildToolsApiClasspathEntrySnapshotTransform
[        ] Transforming classes.jar with BuildToolsApiClasspathEntrySnapshotTransform
[        ] Transforming classes.jar with BuildToolsApiClasspathEntrySnapshotTransform
[        ] Transforming classes.jar with BuildToolsApiClasspathEntrySnapshotTransform
[        ] Transforming classes.jar with BuildToolsApiClasspathEntrySnapshotTransform
[        ] Transforming classes.jar with BuildToolsApiClasspathEntrySnapshotTransform
[        ] Transforming jetified-flutter_embedding_debug-1.0.0-6c0baaebf70e0148f485f27d5616b3d3382da7bf.jar with BuildToolsApiClasspathEntrySnapshotTransform
[        ] Transforming fragment-1.7.1-api.jar with BuildToolsApiClasspathEntrySnapshotTransform
[        ] Transforming jetified-activity-1.9.0-api.jar with BuildToolsApiClasspathEntrySnapshotTransform
[        ] Transforming loader-1.1.0-api.jar with BuildToolsApiClasspathEntrySnapshotTransform
[        ] Transforming lifecycle-viewmodel-2.7.0-api.jar with BuildToolsApiClasspathEntrySnapshotTransform
[        ] Transforming lifecycle-livedata-core-2.7.0-api.jar with BuildToolsApiClasspathEntrySnapshotTransform
[        ] Transforming jetified-lifecycle-viewmodel-savedstate-2.7.0-api.jar with BuildToolsApiClasspathEntrySnapshotTransform
[        ] Transforming jetified-core-ktx-1.17.0-api.jar with BuildToolsApiClasspathEntrySnapshotTransform
[        ] Transforming viewpager-1.0.0-api.jar with BuildToolsApiClasspathEntrySnapshotTransform
[        ] Transforming customview-1.1.0-api.jar with BuildToolsApiClasspathEntrySnapshotTransform
[        ] Transforming core-1.17.0-api.jar with BuildToolsApiClasspathEntrySnapshotTransform
[        ] Transforming lifecycle-runtime-2.7.0-api.jar with BuildToolsApiClasspathEntrySnapshotTransform
[        ] Transforming jetified-lifecycle-process-2.7.0-api.jar with BuildToolsApiClasspathEntrySnapshotTransform
[        ] Transforming lifecycle-common-java8-2.7.0.jar with BuildToolsApiClasspathEntrySnapshotTransform
[        ] Transforming lifecycle-common-2.7.0.jar with BuildToolsApiClasspathEntrySnapshotTransform
[        ] Transforming core-common-2.2.0.jar with BuildToolsApiClasspathEntrySnapshotTransform
[        ] Transforming jetified-savedstate-1.2.1-api.jar with BuildToolsApiClasspathEntrySnapshotTransform
[        ] Transforming versionedparcelable-1.1.1-api.jar with BuildToolsApiClasspathEntrySnapshotTransform
[        ] Transforming jetified-collection-jvm-1.4.2.jar with BuildToolsApiClasspathEntrySnapshotTransform
[        ] Transforming jetified-annotation-jvm-1.9.1.jar with BuildToolsApiClasspathEntrySnapshotTransform
[        ] Transforming jetified-window-1.2.0-api.jar with BuildToolsApiClasspathEntrySnapshotTransform
[        ] Transforming jetified-window-java-1.2.0-api.jar with BuildToolsApiClasspathEntrySnapshotTransform
[        ] Transforming jetified-kotlinx-coroutines-core-jvm-1.9.0.jar with BuildToolsApiClasspathEntrySnapshotTransform
[        ] Transforming jetified-kotlinx-coroutines-android-1.9.0.jar with BuildToolsApiClasspathEntrySnapshotTransform
[        ] Transforming jetified-annotation-experimental-1.4.1-api.jar with BuildToolsApiClasspathEntrySnapshotTransform
[        ] Transforming jetified-core-viewtree-1.0.0-api.jar with BuildToolsApiClasspathEntrySnapshotTransform
[        ] Transforming jetified-kotlin-stdlib-2.1.0.jar with BuildToolsApiClasspathEntrySnapshotTransform
[        ] Transforming jetified-armeabi_v7a_debug-1.0.0-6c0baaebf70e0148f485f27d5616b3d3382da7bf.jar with BuildToolsApiClasspathEntrySnapshotTransform
[        ] Transforming jetified-arm64_v8a_debug-1.0.0-6c0baaebf70e0148f485f27d5616b3d3382da7bf.jar with BuildToolsApiClasspathEntrySnapshotTransform
[        ] Transforming jetified-x86_64_debug-1.0.0-6c0baaebf70e0148f485f27d5616b3d3382da7bf.jar with BuildToolsApiClasspathEntrySnapshotTransform
[        ] Transforming jetified-annotations-23.0.0.jar with BuildToolsApiClasspathEntrySnapshotTransform
[        ] Transforming jetified-listenablefuture-9999.0-empty-to-avoid-conflict-with-guava.jar with BuildToolsApiClasspathEntrySnapshotTransform
[        ] Transforming jetified-startup-runtime-1.1.1-api.jar with BuildToolsApiClasspathEntrySnapshotTransform
[        ] Transforming jetified-tracing-1.2.0-api.jar with BuildToolsApiClasspathEntrySnapshotTransform
[        ] Transforming exifinterface-1.4.1-api.jar with BuildToolsApiClasspathEntrySnapshotTransform
[        ] Transforming jetified-jspecify-1.0.0.jar with BuildToolsApiClasspathEntrySnapshotTransform
[        ] Transforming jetified-relinker-1.4.5-api.jar with BuildToolsApiClasspathEntrySnapshotTransform
[        ] Transforming android.jar with BuildToolsApiClasspathEntrySnapshotTransform
[        ] Transforming core-lambda-stubs.jar with BuildToolsApiClasspathEntrySnapshotTransform
[        ] Registered task dependencies: app:kotlinCompilerClasspath
[        ] Starting dependency analysis
[        ] Registered task dependencies: app:kotlinCompilerPluginClasspathDebug
[        ] Starting dependency analysis
[        ] Transforming libs.jar with JetifyTransform
[        ] Transforming libs.jar with IdentityTransform
[        ] Caching disabled for task ':app:compileDebugKotlin' because:
[        ]   Build cache is disabled
[        ] Task ':app:compileDebugKotlin' is not up-to-date because:
[        ]   Input property 'classpathSnapshotProperties.classpathSnapshot' file C:\Users\bhavy\.gradle\caches\8.11.1\transforms\83dbe0466c1994a4a37b6a3664e020c3\transformed\R_jar-snapshot.bin has been removed.
[        ]   Input property 'classpathSnapshotProperties.classpathSnapshot' file C:\Users\bhavy\.gradle\caches\8.11.1\transforms\8cf6845711a4a22a2615b2c157650536\transformed\jetified-libs_jar-snapshot.bin has been removed.
[        ]   Input property 'classpathSnapshotProperties.classpathSnapshot' file C:\Users\bhavy\.gradle\caches\8.11.1\transforms\dd437574d3ca601a2e371464d397847b\transformed\R_jar-snapshot.bin has been added.
[        ]   and more...
[        ] file or directory 'D:\Projects\govunity_connect3-master\android\app\src\debug\kotlin', not found
[        ] file or directory 'D:\Projects\govunity_connect3-master\android\app\src\debug\java', not found
[        ] file or directory 'D:\Projects\govunity_connect3-master\android\app\src\debug\kotlin', not found
[        ] file or directory 'D:\Projects\govunity_connect3-master\android\app\src\debug\kotlin', not found
[        ] file or directory 'D:\Projects\govunity_connect3-master\android\app\src\debug\java', not found
[        ] file or directory 'D:\Projects\govunity_connect3-master\android\app\src\debug\java', not found
[        ] Transforming libs.jar with JetifyTransform
[        ] Transforming libs.jar with IdentityTransform
[        ] Transforming libs.jar with JetifyTransform
[        ] Transforming libs.jar with IdentityTransform
[        ] file or directory 'D:\Projects\govunity_connect3-master\android\app\src\debug\kotlin', not found
[        ] file or directory 'D:\Projects\govunity_connect3-master\android\app\src\debug\java', not found
[        ] file or directory 'D:\Projects\govunity_connect3-master\android\app\src\debug\kotlin', not found
[        ] file or directory 'D:\Projects\govunity_connect3-master\android\app\src\debug\kotlin', not found
[        ] file or directory 'D:\Projects\govunity_connect3-master\android\app\src\debug\java', not found
[        ] file or directory 'D:\Projects\govunity_connect3-master\android\app\src\debug\java', not found
[        ] file or directory 'D:\Projects\govunity_connect3-master\android\app\src\debug\kotlin', not found
[        ] file or directory 'D:\Projects\govunity_connect3-master\android\app\src\debug\java', not found
[        ] file or directory 'D:\Projects\govunity_connect3-master\android\app\src\debug\kotlin', not found
[        ] file or directory 'D:\Projects\govunity_connect3-master\android\app\src\debug\kotlin', not found
[        ] file or directory 'D:\Projects\govunity_connect3-master\android\app\src\debug\java', not found
[        ] file or directory 'D:\Projects\govunity_connect3-master\android\app\src\debug\java', not found
[        ] file or directory 'D:\Projects\govunity_connect3-master\android\app\src\debug\kotlin', not found
[        ] file or directory 'D:\Projects\govunity_connect3-master\android\app\src\debug\java', not found
[        ] file or directory 'D:\Projects\govunity_connect3-master\android\app\src\debug\kotlin', not found
[        ] file or directory 'D:\Projects\govunity_connect3-master\android\app\src\debug\kotlin', not found
[        ] file or directory 'D:\Projects\govunity_connect3-master\android\app\src\debug\java', not found
[        ] file or directory 'D:\Projects\govunity_connect3-master\android\app\src\debug\java', not found
[        ] Kotlin source files: D:\Projects\govunity_connect3-master\android\app\src\main\kotlin\com\example\govunity_connect\MainActivity.kt
[        ] Java source files: D:\Projects\govunity_connect3-master\android\app\src\main\java\io\flutter\plugins\GeneratedPluginRegistrant.java
[        ] Script source files: 
[        ] Script file extensions: 
flutter : [        ] 
FAILURE: Build failed 
with an exception.
At line:1 char:1
+ flutter build apk 
--debug -v > 
build_output.txt 2>&1
+ ~~~~~~~~~~~~~~~~~~~~~~~~
~~~~~~~~~~~~~~~~~~~~~~~~~~
~~
    + CategoryInfo        
      : NotSpecified: ([  
          ] FAIL...h an   
  exception.:String) [    
], RemoteException
    + FullyQualifiedError 
   Id : NativeCommandErr  
  or
 
[   +1 ms] * What went 
wrong:
[        ] Execution 
failed for task 
':app:compileDebugKotlin'.
[        ] > Inconsistent 
JVM-target compatibility 
detected for tasks 'compil
eDebugJavaWithJavac' 
(1.8) and 
'compileDebugKotlin' (11).
[        ]   Consider 
using JVM Toolchain: https
://kotl.in/gradle/jvm/tool
chain
[        ]   Learn more 
about JVM-target 
validation: https://kotl.i
n/gradle/jvm/target-valida
tion 
[        ] * Try:
[        ] > Run with 
--debug option to get 
more log output.
[        ] > Run with 
--scan to get full 
insights.
[        ] > Get more 
help at 
https://help.gradle.org.
[        ] * Exception is:
[        ] org.gradle.api.
tasks.TaskExecutionExcepti
on: Execution failed for 
task 
':app:compileDebugKotlin'.
[        ] 	at org.gradle.
api.internal.tasks.executi
on.ExecuteActionsTaskExecu
ter.lambda$executeIfValid$
1(ExecuteActionsTaskExecut
er.java:130)
[        ] 	at org.gradle.
internal.Try$Failure.ifSuc
cessfulOrElse(Try.java:293
)
[        ] 	at org.gradle.
api.internal.tasks.executi
on.ExecuteActionsTaskExecu
ter.executeIfValid(Execute
ActionsTaskExecuter.java:1
28)
[        ] 	at org.gradle.
api.internal.tasks.executi
on.ExecuteActionsTaskExecu
ter.execute(ExecuteActions
TaskExecuter.java:116)
[        ] 	at org.gradle.
api.internal.tasks.executi
on.FinalizePropertiesTaskE
xecuter.execute(FinalizePr
opertiesTaskExecuter.java:
46)
[        ] 	at org.gradle.
api.internal.tasks.executi
on.ResolveTaskExecutionMod
eExecuter.execute(ResolveT
askExecutionModeExecuter.j
ava:51)
[        ] 	at org.gradle.
api.internal.tasks.executi
on.SkipTaskWithNoActionsEx
ecuter.execute(SkipTaskWit
hNoActionsExecuter.java:57
)
[        ] 	at org.gradle.
api.internal.tasks.executi
on.SkipOnlyIfTaskExecuter.
execute(SkipOnlyIfTaskExec
uter.java:74)
[        ] 	at org.gradle.
api.internal.tasks.executi
on.CatchExceptionTaskExecu
ter.execute(CatchException
TaskExecuter.java:36)
[        ] 	at org.gradle.
api.internal.tasks.executi
on.EventFiringTaskExecuter
$1.executeTask(EventFiring
TaskExecuter.java:77)
[        ] 	at org.gradle.
api.internal.tasks.executi
on.EventFiringTaskExecuter
$1.call(EventFiringTaskExe
cuter.java:55)
[        ] 	at org.gradle.
api.internal.tasks.executi
on.EventFiringTaskExecuter
$1.call(EventFiringTaskExe
cuter.java:52)
[        ] 	at org.gradle.
internal.operations.Defaul
tBuildOperationRunner$Call
ableBuildOperationWorker.e
xecute(DefaultBuildOperati
onRunner.java:209)
[        ] 	at org.gradle.
internal.operations.Defaul
tBuildOperationRunner$Call
ableBuildOperationWorker.e
xecute(DefaultBuildOperati
onRunner.java:204)
[        ] 	at org.gradle.
internal.operations.Defaul
tBuildOperationRunner$2.ex
ecute(DefaultBuildOperatio
nRunner.java:66)
[        ] 	at org.gradle.
internal.operations.Defaul
tBuildOperationRunner$2.ex
ecute(DefaultBuildOperatio
nRunner.java:59)
[        ] 	at org.gradle.
internal.operations.Defaul
tBuildOperationRunner.exec
ute(DefaultBuildOperationR
unner.java:166)
[        ] 	at org.gradle.
internal.operations.Defaul
tBuildOperationRunner.exec
ute(DefaultBuildOperationR
unner.java:59)
[        ] 	at org.gradle.
internal.operations.Defaul
tBuildOperationRunner.call
(DefaultBuildOperationRunn
er.java:53)
[        ] 	at org.gradle.
api.internal.tasks.executi
on.EventFiringTaskExecuter
.execute(EventFiringTaskEx
ecuter.java:52)
[        ] 	at org.gradle.
execution.plan.LocalTaskNo
deExecutor.execute(LocalTa
skNodeExecutor.java:42)
[        ] 	at org.gradle.
execution.taskgraph.Defaul
tTaskExecutionGraph$Invoke
NodeExecutorsAction.execut
e(DefaultTaskExecutionGrap
h.java:331)
[        ] 	at org.gradle.
execution.taskgraph.Defaul
tTaskExecutionGraph$Invoke
NodeExecutorsAction.execut
e(DefaultTaskExecutionGrap
h.java:318)
[        ] 	at org.gradle.
execution.taskgraph.Defaul
tTaskExecutionGraph$BuildO
perationAwareExecutionActi
on.lambda$execute$0(Defaul
tTaskExecutionGraph.java:3
14)
[        ] 	at org.gradle.
internal.operations.Curren
tBuildOperationRef.with(Cu
rrentBuildOperationRef.jav
a:85)
[        ] 	at org.gradle.
execution.taskgraph.Defaul
tTaskExecutionGraph$BuildO
perationAwareExecutionActi
on.execute(DefaultTaskExec
utionGraph.java:314)
[        ] 	at org.gradle.
execution.taskgraph.Defaul
tTaskExecutionGraph$BuildO
perationAwareExecutionActi
on.execute(DefaultTaskExec
utionGraph.java:303)
[        ] 	at org.gradle.
execution.plan.DefaultPlan
Executor$ExecutorWorker.ex
ecute(DefaultPlanExecutor.
java:459)
[        ] 	at org.gradle.
execution.plan.DefaultPlan
Executor$ExecutorWorker.ru
n(DefaultPlanExecutor.java
:376)
[        ] 	at org.gradle.
internal.concurrent.Execut
orPolicy$CatchAndRecordFai
lures.onExecute(ExecutorPo
licy.java:64)
[        ] 	at org.gradle.
internal.concurrent.Abstra
ctManagedExecutor$1.run(Ab
stractManagedExecutor.java
:48)
[        ] 	at java.base/j
ava.util.concurrent.Thread
PoolExecutor.runWorker(Unk
nown Source)
[        ] 	at java.base/j
ava.util.concurrent.Thread
PoolExecutor$Worker.run(Un
known Source)
[        ] 	at java.base/j
ava.lang.Thread.run(Unknow
n Source)
[        ] Caused by: org.
gradle.api.InvalidUserCode
Exception: Inconsistent 
JVM-target compatibility 
detected for tasks 'compil
eDebugJavaWithJavac' 
(1.8) and 
'compileDebugKotlin' (11).
[        ] Consider using 
JVM Toolchain: https://kot
l.in/gradle/jvm/toolchain
[        ] Learn more 
about JVM-target 
validation: https://kotl.i
n/gradle/jvm/target-valida
tion 
[        ] 	at org.jetbrai
ns.kotlin.gradle.plugin.di
agnostics.RenderReportedDi
agnosticsKt.createAnExcept
ionForFatalDiagnostic(rend
erReportedDiagnostics.kt:4
4)
[        ] 	at org.jetbrai
ns.kotlin.gradle.plugin.di
agnostics.RenderReportedDi
agnosticsKt.renderReported
Diagnostic(renderReportedD
iagnostics.kt:32)
[        ] 	at org.jetbrai
ns.kotlin.gradle.plugin.di
agnostics.KotlinToolingDia
gnosticsCollector.report(K
otlinToolingDiagnosticsCol
lector.kt:65)
[        ] 	at org.jetbrai
ns.kotlin.gradle.plugin.di
agnostics.KotlinToolingDia
gnosticsCollector.report(K
otlinToolingDiagnosticsCol
lector.kt:52)
[        ] 	at org.jetbrai
ns.kotlin.gradle.plugin.di
agnostics.KotlinToolingDia
gnosticsCollector.report$d
efault(KotlinToolingDiagno
sticsCollector.kt:46)
[        ] 	at org.jetbrai
ns.kotlin.gradle.plugin.di
agnostics.UsesKotlinToolin
gDiagnostics$DefaultImpls.
reportDiagnostic(UsesKotli
nToolingDiagnostics.kt:29)
[        ] 	at org.jetbrai
ns.kotlin.gradle.tasks.Abs
tractKotlinCompile.reportD
iagnostic(AbstractKotlinCo
mpile.kt:48)
[        ] 	at org.jetbrai
ns.kotlin.gradle.tasks.Kot
linCompile.validateKotlinA
ndJavaHasSameTargetCompati
bility(KotlinCompile.kt:38
0)
[        ] 	at org.jetbrai
ns.kotlin.gradle.tasks.Kot
linCompile.callCompilerAsy
nc$kotlin_gradle_plugin_co
mmon(KotlinCompile.kt:313)
[        ] 	at org.jetbrai
ns.kotlin.gradle.tasks.Kot
linCompile.callCompilerAsy
nc$kotlin_gradle_plugin_co
mmon(KotlinCompile.kt:55)
[        ] 	at org.jetbrai
ns.kotlin.gradle.tasks.Abs
tractKotlinCompile.execute
Impl(AbstractKotlinCompile
.kt:309)
[        ] 	at org.jetbrai
ns.kotlin.gradle.tasks.Abs
tractKotlinCompile.execute
(AbstractKotlinCompile.kt:
259)
[        ] 	at java.base/j
dk.internal.reflect.Direct
MethodHandleAccessor.invok
e(Unknown Source)
[        ] 	at java.base/j
ava.lang.reflect.Method.in
voke(Unknown Source)
[        ] 	at org.gradle.
internal.reflect.JavaMetho
d.invoke(JavaMethod.java:1
25)
[        ] 	at org.gradle.
api.internal.project.taskf
actory.IncrementalTaskActi
on.doExecute(IncrementalTa
skAction.java:45)
[        ] 	at org.gradle.
api.internal.project.taskf
actory.StandardTaskAction.
execute(StandardTaskAction
.java:51)
[        ] 	at org.gradle.
api.internal.project.taskf
actory.IncrementalTaskActi
on.execute(IncrementalTask
Action.java:26)
[        ] 	at org.gradle.
api.internal.project.taskf
actory.StandardTaskAction.
execute(StandardTaskAction
.java:29)
[        ] 	at org.gradle.
api.internal.tasks.executi
on.TaskExecution$3.run(Tas
kExecution.java:244)
[        ] 	at org.gradle.
internal.operations.Defaul
tBuildOperationRunner$1.ex
ecute(DefaultBuildOperatio
nRunner.java:29)
[        ] 	at org.gradle.
internal.operations.Defaul
tBuildOperationRunner$1.ex
ecute(DefaultBuildOperatio
nRunner.java:26)
[        ] 	at org.gradle.
internal.operations.Defaul
tBuildOperationRunner$2.ex
ecute(DefaultBuildOperatio
nRunner.java:66)
[        ] 	at org.gradle.
internal.operations.Defaul
tBuildOperationRunner$2.ex
ecute(DefaultBuildOperatio
nRunner.java:59)
[        ] 	at org.gradle.
internal.operations.Defaul
tBuildOperationRunner.exec
ute(DefaultBuildOperationR
unner.java:166)
[        ] 	at org.gradle.
internal.operations.Defaul
tBuildOperationRunner.exec
ute(DefaultBuildOperationR
unner.java:59)
[        ] 	at org.gradle.
internal.operations.Defaul
tBuildOperationRunner.run(
DefaultBuildOperationRunne
r.java:47)
[        ] 	at org.gradle.
api.internal.tasks.executi
on.TaskExecution.executeAc
tion(TaskExecution.java:22
9)
[        ] 	at org.gradle.
api.internal.tasks.executi
on.TaskExecution.executeAc
tions(TaskExecution.java:2
12)
[        ] 	at org.gradle.
api.internal.tasks.executi
on.TaskExecution.executeWi
thPreviousOutputFiles(Task
Execution.java:195)
[        ] 	at org.gradle.
api.internal.tasks.executi
on.TaskExecution.execute(T
askExecution.java:162)
[        ] 	at org.gradle.
internal.execution.steps.E
xecuteStep.executeInternal
(ExecuteStep.java:105)
[        ] 	at org.gradle.
internal.execution.steps.E
xecuteStep.access$000(Exec
uteStep.java:44)
[        ] 	at org.gradle.
internal.execution.steps.E
xecuteStep$1.call(ExecuteS
tep.java:59)
[        ] 	at org.gradle.
internal.execution.steps.E
xecuteStep$1.call(ExecuteS
tep.java:56)
[        ] 	at org.gradle.
internal.operations.Defaul
tBuildOperationRunner$Call
ableBuildOperationWorker.e
xecute(DefaultBuildOperati
onRunner.java:209)
[        ] 	at org.gradle.
internal.operations.Defaul
tBuildOperationRunner$Call
ableBuildOperationWorker.e
xecute(DefaultBuildOperati
onRunner.java:204)
[        ] 	at org.gradle.
internal.operations.Defaul
tBuildOperationRunner$2.ex
ecute(DefaultBuildOperatio
nRunner.java:66)
[        ] 	at org.gradle.
internal.operations.Defaul
tBuildOperationRunner$2.ex
ecute(DefaultBuildOperatio
nRunner.java:59)
[        ] 	at org.gradle.
internal.operations.Defaul
tBuildOperationRunner.exec
ute(DefaultBuildOperationR
unner.java:166)
[        ] 	at org.gradle.
internal.operations.Defaul
tBuildOperationRunner.exec
ute(DefaultBuildOperationR
unner.java:59)
[        ] 	at org.gradle.
internal.operations.Defaul
tBuildOperationRunner.call
(DefaultBuildOperationRunn
er.java:53)
[        ] 	at org.gradle.
internal.execution.steps.E
xecuteStep.execute(Execute
Step.java:56)
[        ] 	at org.gradle.
internal.execution.steps.E
xecuteStep.execute(Execute
Step.java:44)
[        ] 	at org.gradle.
internal.execution.steps.C
ancelExecutionStep.execute
(CancelExecutionStep.java:
42)
[        ] 	at org.gradle.
internal.execution.steps.T
imeoutStep.executeWithoutT
imeout(TimeoutStep.java:75
)
[        ] 	at org.gradle.
internal.execution.steps.T
imeoutStep.execute(Timeout
Step.java:55)
[        ] 	at org.gradle.
internal.execution.steps.P
reCreateOutputParentsStep.
execute(PreCreateOutputPar
entsStep.java:50)
[        ] 	at org.gradle.
internal.execution.steps.P
reCreateOutputParentsStep.
execute(PreCreateOutputPar
entsStep.java:28)
[        ] 	at org.gradle.
internal.execution.steps.R
emovePreviousOutputsStep.e
xecute(RemovePreviousOutpu
tsStep.java:67)
[        ] 	at org.gradle.
internal.execution.steps.R
emovePreviousOutputsStep.e
xecute(RemovePreviousOutpu
tsStep.java:37)
[        ] 	at org.gradle.
internal.execution.steps.B
roadcastChangingOutputsSte
p.execute(BroadcastChangin
gOutputsStep.java:61)
[        ] 	at org.gradle.
internal.execution.steps.B
roadcastChangingOutputsSte
p.execute(BroadcastChangin
gOutputsStep.java:26)
[        ] 	at org.gradle.
internal.execution.steps.C
aptureOutputsAfterExecutio
nStep.execute(CaptureOutpu
tsAfterExecutionStep.java:
69)
[        ] 	at org.gradle.
internal.execution.steps.C
aptureOutputsAfterExecutio
nStep.execute(CaptureOutpu
tsAfterExecutionStep.java:
46)
[        ] 	at org.gradle.
internal.execution.steps.R
esolveInputChangesStep.exe
cute(ResolveInputChangesSt
ep.java:40)
[        ] 	at org.gradle.
internal.execution.steps.R
esolveInputChangesStep.exe
cute(ResolveInputChangesSt
ep.java:29)
[        ] 	at org.gradle.
internal.execution.steps.B
uildCacheStep.executeWitho
utCache(BuildCacheStep.jav
a:189)
[        ] 	at org.gradle.
internal.execution.steps.B
uildCacheStep.lambda$execu
te$1(BuildCacheStep.java:7
5)
[        ] 	at org.gradle.
internal.Either$Right.fold
(Either.java:175)
[        ] 	at org.gradle.
internal.execution.caching
.CachingState.fold(Caching
State.java:62)
[        ] 	at org.gradle.
internal.execution.steps.B
uildCacheStep.execute(Buil
dCacheStep.java:73)
[        ] 	at org.gradle.
internal.execution.steps.B
uildCacheStep.execute(Buil
dCacheStep.java:48)
[        ] 	at org.gradle.
internal.execution.steps.S
toreExecutionStateStep.exe
cute(StoreExecutionStateSt
ep.java:46)
[        ] 	at org.gradle.
internal.execution.steps.S
toreExecutionStateStep.exe
cute(StoreExecutionStateSt
ep.java:35)
[        ] 	at org.gradle.
internal.execution.steps.S
kipUpToDateStep.executeBec
ause(SkipUpToDateStep.java
:75)
[        ] 	at org.gradle.
internal.execution.steps.S
kipUpToDateStep.lambda$exe
cute$2(SkipUpToDateStep.ja
va:53)
[        ] 	at java.base/j
ava.util.Optional.orElseGe
t(Unknown Source)
[        ] 	at org.gradle.
internal.execution.steps.S
kipUpToDateStep.execute(Sk
ipUpToDateStep.java:53)
[        ] 	at org.gradle.
internal.execution.steps.S
kipUpToDateStep.execute(Sk
ipUpToDateStep.java:35)
[        ] 	at org.gradle.
internal.execution.steps.l
egacy.MarkSnapshottingInpu
tsFinishedStep.execute(Mar
kSnapshottingInputsFinishe
dStep.java:37)
[        ] 	at org.gradle.
internal.execution.steps.l
egacy.MarkSnapshottingInpu
tsFinishedStep.execute(Mar
kSnapshottingInputsFinishe
dStep.java:27)
[        ] 	at org.gradle.
internal.execution.steps.R
esolveIncrementalCachingSt
ateStep.executeDelegate(Re
solveIncrementalCachingSta
teStep.java:49)
[        ] 	at org.gradle.
internal.execution.steps.R
esolveIncrementalCachingSt
ateStep.executeDelegate(Re
solveIncrementalCachingSta
teStep.java:27)
[        ] 	at org.gradle.
internal.execution.steps.A
bstractResolveCachingState
Step.execute(AbstractResol
veCachingStateStep.java:71
)
[        ] 	at org.gradle.
internal.execution.steps.A
bstractResolveCachingState
Step.execute(AbstractResol
veCachingStateStep.java:39
)
[        ] 	at org.gradle.
internal.execution.steps.R
esolveChangesStep.execute(
ResolveChangesStep.java:65
)
[        ] 	at org.gradle.
internal.execution.steps.R
esolveChangesStep.execute(
ResolveChangesStep.java:36
)
[        ] 	at org.gradle.
internal.execution.steps.V
alidateStep.execute(Valida
teStep.java:107)
[        ] 	at org.gradle.
internal.execution.steps.V
alidateStep.execute(Valida
teStep.java:56)
[        ] 	at org.gradle.
internal.execution.steps.A
bstractCaptureStateBeforeE
xecutionStep.execute(Abstr
actCaptureStateBeforeExecu
tionStep.java:64)
[        ] 	at org.gradle.
internal.execution.steps.A
bstractCaptureStateBeforeE
xecutionStep.execute(Abstr
actCaptureStateBeforeExecu
tionStep.java:43)
[        ] 	at org.gradle.
internal.execution.steps.A
bstractSkipEmptyWorkStep.e
xecuteWithNonEmptySources(
AbstractSkipEmptyWorkStep.
java:125)
[        ] 	at org.gradle.
internal.execution.steps.A
bstractSkipEmptyWorkStep.e
xecute(AbstractSkipEmptyWo
rkStep.java:61)
[        ] 	at org.gradle.
internal.execution.steps.A
bstractSkipEmptyWorkStep.e
xecute(AbstractSkipEmptyWo
rkStep.java:36)
[        ] 	at org.gradle.
internal.execution.steps.l
egacy.MarkSnapshottingInpu
tsStartedStep.execute(Mark
SnapshottingInputsStartedS
tep.java:38)
[        ] 	at org.gradle.
internal.execution.steps.L
oadPreviousExecutionStateS
tep.execute(LoadPreviousEx
ecutionStateStep.java:36)
[        ] 	at org.gradle.
internal.execution.steps.L
oadPreviousExecutionStateS
tep.execute(LoadPreviousEx
ecutionStateStep.java:23)
[        ] 	at org.gradle.
internal.execution.steps.H
andleStaleOutputsStep.exec
ute(HandleStaleOutputsStep
.java:75)
[        ] 	at org.gradle.
internal.execution.steps.H
andleStaleOutputsStep.exec
ute(HandleStaleOutputsStep
.java:41)
[        ] 	at org.gradle.
internal.execution.steps.A
ssignMutableWorkspaceStep.
lambda$execute$0(AssignMut
ableWorkspaceStep.java:35)
[        ] 	at org.gradle.
api.internal.tasks.executi
on.TaskExecution$4.withWor
kspace(TaskExecution.java:
289)
[        ] 	at org.gradle.
internal.execution.steps.A
ssignMutableWorkspaceStep.
execute(AssignMutableWorks
paceStep.java:31)
[        ] 	at org.gradle.
internal.execution.steps.A
ssignMutableWorkspaceStep.
execute(AssignMutableWorks
paceStep.java:22)
[        ] 	at org.gradle.
internal.execution.steps.C
hoosePipelineStep.execute(
ChoosePipelineStep.java:40
)
[        ] 	at org.gradle.
internal.execution.steps.C
hoosePipelineStep.execute(
ChoosePipelineStep.java:23
)
[        ] 	at org.gradle.
internal.execution.steps.E
xecuteWorkBuildOperationFi
ringStep.lambda$execute$2(
ExecuteWorkBuildOperationF
iringStep.java:67)
[        ] 	at java.base/j
ava.util.Optional.orElseGe
t(Unknown Source)
[        ] 	at org.gradle.
internal.execution.steps.E
xecuteWorkBuildOperationFi
ringStep.execute(ExecuteWo
rkBuildOperationFiringStep
.java:67)
[        ] 	at org.gradle.
internal.execution.steps.E
xecuteWorkBuildOperationFi
ringStep.execute(ExecuteWo
rkBuildOperationFiringStep
.java:39)
[        ] 	at org.gradle.
internal.execution.steps.I
dentityCacheStep.execute(I
dentityCacheStep.java:46)
[        ] 	at org.gradle.
internal.execution.steps.I
dentityCacheStep.execute(I
dentityCacheStep.java:34)
[        ] 	at org.gradle.
internal.execution.steps.I
dentifyStep.execute(Identi
fyStep.java:48)
[        ] 	at org.gradle.
internal.execution.steps.I
dentifyStep.execute(Identi
fyStep.java:35)
[        ] 	at org.gradle.
internal.execution.impl.De
faultExecutionEngine$1.exe
cute(DefaultExecutionEngin
e.java:61)
[        ] 	at org.gradle.
api.internal.tasks.executi
on.ExecuteActionsTaskExecu
ter.executeIfValid(Execute
ActionsTaskExecuter.java:1
27)
[        ] 	at org.gradle.
api.internal.tasks.executi
on.ExecuteActionsTaskExecu
ter.execute(ExecuteActions
TaskExecuter.java:116)
[        ] 	at org.gradle.
api.internal.tasks.executi
on.FinalizePropertiesTaskE
xecuter.execute(FinalizePr
opertiesTaskExecuter.java:
46)
[        ] 	at org.gradle.
api.internal.tasks.executi
on.ResolveTaskExecutionMod
eExecuter.execute(ResolveT
askExecutionModeExecuter.j
ava:51)
[        ] 	at org.gradle.
api.internal.tasks.executi
on.SkipTaskWithNoActionsEx
ecuter.execute(SkipTaskWit
hNoActionsExecuter.java:57
)
[        ] 216 actionable tasks: 6 executed, 210 up-to-date
[        ] 	at org.gradle.
api.internal.tasks.executi
on.SkipOnlyIfTaskExecuter.
execute(SkipOnlyIfTaskExec
uter.java:74)
[        ] 	at org.gradle.
api.internal.tasks.executi
on.CatchExceptionTaskExecu
ter.execute(CatchException
TaskExecuter.java:36)
[        ] 	at org.gradle.
api.internal.tasks.executi
on.EventFiringTaskExecuter
$1.executeTask(EventFiring
TaskExecuter.java:77)
[        ] 	at org.gradle.
api.internal.tasks.executi
on.EventFiringTaskExecuter
$1.call(EventFiringTaskExe
cuter.java:55)
[        ] 	at org.gradle.
api.internal.tasks.executi
on.EventFiringTaskExecuter
$1.call(EventFiringTaskExe
cuter.java:52)
[        ] 	at org.gradle.
internal.operations.Defaul
tBuildOperationRunner$Call
ableBuildOperationWorker.e
xecute(DefaultBuildOperati
onRunner.java:209)
[        ] 	at org.gradle.
internal.operations.Defaul
tBuildOperationRunner$Call
ableBuildOperationWorker.e
xecute(DefaultBuildOperati
onRunner.java:204)
[        ] 	at org.gradle.
internal.operations.Defaul
tBuildOperationRunner$2.ex
ecute(DefaultBuildOperatio
nRunner.java:66)
[        ] 	at org.gradle.
internal.operations.Defaul
tBuildOperationRunner$2.ex
ecute(DefaultBuildOperatio
nRunner.java:59)
[        ] 	at org.gradle.
internal.operations.Defaul
tBuildOperationRunner.exec
ute(DefaultBuildOperationR
unner.java:166)
[        ] 	at org.gradle.
internal.operations.Defaul
tBuildOperationRunner.exec
ute(DefaultBuildOperationR
unner.java:59)
[        ] 	at org.gradle.
internal.operations.Defaul
tBuildOperationRunner.call
(DefaultBuildOperationRunn
er.java:53)
[        ] 	at org.gradle.
api.internal.tasks.executi
on.EventFiringTaskExecuter
.execute(EventFiringTaskEx
ecuter.java:52)
[        ] 	at org.gradle.
execution.plan.LocalTaskNo
deExecutor.execute(LocalTa
skNodeExecutor.java:42)
[        ] 	at org.gradle.
execution.taskgraph.Defaul
tTaskExecutionGraph$Invoke
NodeExecutorsAction.execut
e(DefaultTaskExecutionGrap
h.java:331)
[        ] 	at org.gradle.
execution.taskgraph.Defaul
tTaskExecutionGraph$Invoke
NodeExecutorsAction.execut
e(DefaultTaskExecutionGrap
h.java:318)
[        ] 	at org.gradle.
execution.taskgraph.Defaul
tTaskExecutionGraph$BuildO
perationAwareExecutionActi
on.lambda$execute$0(Defaul
tTaskExecutionGraph.java:3
14)
[        ] 	at org.gradle.
internal.operations.Curren
tBuildOperationRef.with(Cu
rrentBuildOperationRef.jav
a:85)
[        ] 	at org.gradle.
execution.taskgraph.Defaul
tTaskExecutionGraph$BuildO
perationAwareExecutionActi
on.execute(DefaultTaskExec
utionGraph.java:314)
[        ] 	at org.gradle.
execution.taskgraph.Defaul
tTaskExecutionGraph$BuildO
perationAwareExecutionActi
on.execute(DefaultTaskExec
utionGraph.java:303)
[        ] 	at org.gradle.
execution.plan.DefaultPlan
Executor$ExecutorWorker.ex
ecute(DefaultPlanExecutor.
java:459)
[        ] 	at org.gradle.
execution.plan.DefaultPlan
Executor$ExecutorWorker.ru
n(DefaultPlanExecutor.java
:376)
[        ] 	at org.gradle.
internal.concurrent.Execut
orPolicy$CatchAndRecordFai
lures.onExecute(ExecutorPo
licy.java:64)
[        ] 	at org.gradle.
internal.concurrent.Abstra
ctManagedExecutor$1.run(Ab
stractManagedExecutor.java
:48)
[        ] 	at java.base/j
ava.util.concurrent.Thread
PoolExecutor.runWorker(Unk
nown Source)
[        ] 	at java.base/j
ava.util.concurrent.Thread
PoolExecutor$Worker.run(Un
known Source)
[        ] 	at java.base/j
ava.lang.Thread.run(Unknow
n Source)
[        ] BUILD FAILED 
in 12s
[  +81 ms] Watched directory hierarchies: [C:\Users\bhavy\develop\flutter\packages\flutter_tools\gradle, D:\Projects\govunity_connect3-master\android]
[  +58 ms] Running Gradle task 'assembleDebug'... (completed in 12.7s)
[  +53 ms] "flutter apk" took 14,469ms.
[  +89 ms] Gradle task 
assembleDebug failed with 
exit code 1
[        ] 
           #0      
throwToolExit (package:flu
tter_tools/src/base/common
.dart:34:3)
           #1      Android
GradleBuilder.buildGradleA
pp (package:flutter_tools/
src/android/gradle.dart:59
2:7)
           <asynchronous 
suspension>
           #2      Android
GradleBuilder.buildApk (pa
ckage:flutter_tools/src/an
droid/gradle.dart:234:5)
           <asynchronous 
suspension>
           #3      BuildAp
kCommand.runCommand (packa
ge:flutter_tools/src/comma
nds/build_apk.dart:131:5)
           <asynchronous 
suspension>
           #4      Flutter
Command.run.<anonymous 
closure> (package:flutter_
tools/src/runner/flutter_c
ommand.dart:1590:27)
           <asynchronous 
suspension>
           #5      
AppContext.run.<anonymous 
closure> (package:flutter_
tools/src/base/context.dar
t:154:19)
           <asynchronous 
suspension>
           #6      
CommandRunner.runCommand (
package:args/command_runne
r.dart:212:13)
           <asynchronous 
suspension>
           #7      Flutter
CommandRunner.runCommand.<
anonymous closure> (packag
e:flutter_tools/src/runner
/flutter_command_runner.da
rt:496:9)
           <asynchronous 
suspension>
           #8      
AppContext.run.<anonymous 
closure> (package:flutter_
tools/src/base/context.dar
t:154:19)
           <asynchronous 
suspension>
           #9      Flutter
CommandRunner.runCommand (
package:flutter_tools/src/
runner/flutter_command_run
ner.dart:431:5)
           <asynchronous 
suspension>
           #10     Flutter
CommandRunner.run.<anonymo
us closure> (package:flutt
er_tools/src/runner/flutte
r_command_runner.dart:307:
33)
           <asynchronous 
suspension>
           #11     
run.<anonymous 
closure>.<anonymous 
closure> (package:flutter_
tools/runner.dart:104:11)
           <asynchronous 
suspension>
           #12     
AppContext.run.<anonymous 
closure> (package:flutter_
tools/src/base/context.dar
t:154:19)
           <asynchronous 
suspension>
           #13     main (p
ackage:flutter_tools/execu
table.dart:103:3)
           <asynchronous 
suspension>


[        ] Running 1 shutdown hook
[   +2 ms] Shutdown hooks complete
[ +173 ms] exiting with code 1
